=== 2026-05-31T23:13:40.562831+00:00Z  Module: glob ===
  Baseline: L1=0 L2=4 L3=0 L4=0 L5=0
  Targets: 4 functions to promote
  CPython source: 15 functions with docstrings
  ── Promoting: translate ──
    spliced 5 line(s) at glob.py:22-23
    wrote 2 reference test(s)
  ── Promoting: escape ──
    spliced 3 line(s) at glob.py:16-17
    wrote 2 reference test(s)
  ── Promoting: iglob ──
    spliced 4 line(s) at glob.py:10-11
    wrote 2 reference test(s)
  ── Promoting: glob ──
    spliced 4 line(s) at glob.py:4-5
    wrote 2 reference test(s)
  ── Gate: compile ── PASS
  ── Gate: stdlib-coverage --module glob ──
      baseline: L1=0 L2=4 L3=0 L4=0 L5=0
      final:    L1=1 L2=0 L3=0 L4=0 L5=3   (Δ L4+ = +3)
      VERDICT: PASS
  ── Gate: self-annotate-verify ── PASS (26/26)
  Outcome: COMMIT-READY
