[*] Parsing and Semantic Analysis for 'src/self-annotate/src/frontend/exec_splice.py'...
[*] Memory model: hoare
[*] Imported class from 'errors': PyCSLParseError (record + 0 method stub(s) + 2 helper(s))
[*] Running Proof Engine (provers: Alt-Ergo,2.6.3, → Z3,4.13.3,)...

--- Verification Results ---
File "/tmp/.pycsl_0e2cp5ep.mlw", line 77, characters 18-37:
Sub-goal variant decrease of goal size_pos'vc.
Prover result is: Valid (0.00s, 16714 steps).

File "/tmp/.pycsl_0e2cp5ep.mlw", line 78, characters 18-36:
Sub-goal variant decrease of goal size_pos'vc.
Prover result is: Valid (0.01s, 16770 steps).

File "/tmp/.pycsl_0e2cp5ep.mlw", line 75, characters 14-27:
Sub-goal postcondition of goal size_pos'vc.
Prover result is: Valid (0.06s, 335996 steps).

File "/tmp/.pycsl_0e2cp5ep.mlw", line 82, characters 41-51:
Sub-goal variant decrease of goal size_list_nonneg'vc.
Prover result is: Valid (0.00s, 4362 steps).

File "/tmp/.pycsl_0e2cp5ep.mlw", line 82, characters 53-71:
Sub-goal variant decrease of goal size_list_nonneg'vc.
Prover result is: Valid (0.00s, 5069 steps).

File "/tmp/.pycsl_0e2cp5ep.mlw", line 81, characters 14-30:
Sub-goal postcondition of goal size_list_nonneg'vc.
Prover result is: Valid (0.01s, 16453 steps).

File "/tmp/.pycsl_0e2cp5ep.mlw", line 85, characters 48-58:
Sub-goal variant decrease of goal size_dict_nonneg'vc.
Prover result is: Valid (0.00s, 4366 steps).

File "/tmp/.pycsl_0e2cp5ep.mlw", line 85, characters 60-81:
Sub-goal variant decrease of goal size_dict_nonneg'vc.
Prover result is: Valid (0.00s, 5430 steps).

File "/tmp/.pycsl_0e2cp5ep.mlw", line 84, characters 14-30:
Sub-goal postcondition of goal size_dict_nonneg'vc.
Prover result is: Valid (0.01s, 17688 steps).

File "/tmp/.pycsl_0e2cp5ep.mlw", line 92, characters 48-68:
Sub-goal variant decrease of goal size_dict_mem'vc.
Prover result is: Valid (0.00s, 5512 steps).

File "/tmp/.pycsl_0e2cp5ep.mlw", line 88, characters 29-49:
Sub-goal postcondition of goal size_dict_mem'vc.
Prover result is: Valid (0.01s, 24584 steps).

File "/tmp/.pycsl_0e2cp5ep.mlw", line 119, characters 24-42:
Sub-goal variant decrease of goal wf_ir_binds'vc.
Prover result is: Valid (0.00s, 7926 steps).

File "/tmp/.pycsl_0e2cp5ep.mlw", line 119, characters 24-42:
Sub-goal precondition of goal wf_ir_binds'vc.
Prover result is: Valid (0.01s, 30059 steps).

File "/tmp/.pycsl_0e2cp5ep.mlw", line 115, characters 52-62:
Sub-goal postcondition of goal wf_ir_binds'vc.
Prover result is: Valid (0.26s, 701921 steps).

File "/tmp/.pycsl_0e2cp5ep.mlw", line 160, characters 59-73:
Sub-goal variant decrease of goal slookup'vc.
Prover result is: Valid (0.00s, 8084 steps).

File "/tmp/.pycsl_0e2cp5ep.mlw", line 171, characters 34-50:
Sub-goal variant decrease of goal sappend'vc.
Prover result is: Valid (0.00s, 8058 steps).

File "/tmp/.pycsl_0e2cp5ep.mlw", line 181, characters 68-86:
Sub-goal variant decrease of goal pget_dyn'vc.
Prover result is: Valid (0.00s, 8104 steps).

File "/tmp/.pycsl_0e2cp5ep.mlw", line 182, characters 24-42:
Sub-goal variant decrease of goal pget_dyn'vc.
Prover result is: Valid (0.00s, 8376 steps).

File "/tmp/.pycsl_0e2cp5ep.mlw", line 178, characters 14-85:
Sub-goal postcondition of goal pget_dyn'vc.
Prover result is: Valid (0.01s, 30308 steps).

File "/tmp/.pycsl_0e2cp5ep.mlw", line 186, characters 14-45:
Sub-goal postcondition of goal pget_list'vc.
Prover result is: Valid (0.01s, 28310 steps).

File "/tmp/.pycsl_0e2cp5ep.mlw", line 186, characters 14-45:
Sub-goal postcondition of goal pget_list'vc.
Prover result is: Valid (0.07s, 372464 steps).

File "/tmp/.pycsl_0e2cp5ep.mlw", line 186, characters 14-45:
Sub-goal postcondition of goal pget_list'vc.
Prover result is: Valid (0.06s, 332285 steps).

File "/tmp/.pycsl_0e2cp5ep.mlw", line 205, characters 52-73:
Sub-goal variant decrease of goal pdict_to_sdict'vc.
Prover result is: Valid (0.00s, 8058 steps).

File "/tmp/.pycsl_0e2cp5ep.mlw", line 244, characters 32-36:
Sub-goal postcondition of goal _contains_exec__node'vc.
Prover result is: Valid (0.00s, 2898 steps).

File "/tmp/.pycsl_0e2cp5ep.mlw", line 265, characters 7-30:
Sub-goal precondition of goal _contains_exec__walk'vc.
Prover result is: Valid (0.00s, 2898 steps).

File "/tmp/.pycsl_0e2cp5ep.mlw", line 267, characters 18-41:
Sub-goal variant decrease of goal _contains_exec__walk'vc.
Prover result is: Valid (0.01s, 29440 steps).

File "/tmp/.pycsl_0e2cp5ep.mlw", line 267, characters 18-41:
Sub-goal precondition of goal _contains_exec__walk'vc.
Prover result is: Valid (0.00s, 2916 steps).

File "/tmp/.pycsl_0e2cp5ep.mlw", line 268, characters 19-43:
Sub-goal variant decrease of goal _contains_exec__walk'vc.
Prover result is: Valid (0.01s, 29440 steps).

File "/tmp/.pycsl_0e2cp5ep.mlw", line 268, characters 19-43:
Sub-goal precondition of goal _contains_exec__walk'vc.
Prover result is: Valid (0.00s, 2916 steps).

File "/tmp/.pycsl_0e2cp5ep.mlw", line 264, characters 32-36:
Sub-goal postcondition of goal _contains_exec__walk'vc.
Prover result is: Valid (0.00s, 2898 steps).

File "/tmp/.pycsl_0e2cp5ep.mlw", line 275, characters 27-49:
Sub-goal variant decrease of goal _contains_exec__walkd'vc.
Prover result is: Valid (0.01s, 32158 steps).

File "/tmp/.pycsl_0e2cp5ep.mlw", line 275, characters 27-49:
Sub-goal precondition of goal _contains_exec__walkd'vc.
Prover result is: Valid (0.00s, 2907 steps).

File "/tmp/.pycsl_0e2cp5ep.mlw", line 275, characters 65-91:
Sub-goal variant decrease of goal _contains_exec__walkd'vc.
Prover result is: Valid (0.01s, 32227 steps).

File "/tmp/.pycsl_0e2cp5ep.mlw", line 275, characters 65-91:
Sub-goal precondition of goal _contains_exec__walkd'vc.
Prover result is: Valid (0.00s, 2916 steps).

File "/tmp/.pycsl_0e2cp5ep.mlw", line 272, characters 32-36:
Sub-goal postcondition of goal _contains_exec__walkd'vc.
Prover result is: Valid (0.00s, 2898 steps).

File "/tmp/.pycsl_0e2cp5ep.mlw", line 281, characters 21-43:
Sub-goal variant decrease of goal _contains_exec__walkl'vc.
Prover result is: Valid (0.01s, 30364 steps).

File "/tmp/.pycsl_0e2cp5ep.mlw", line 281, characters 21-43:
Sub-goal precondition of goal _contains_exec__walkl'vc.
Prover result is: Valid (0.00s, 2850 steps).

File "/tmp/.pycsl_0e2cp5ep.mlw", line 281, characters 59-82:
Sub-goal variant decrease of goal _contains_exec__walkl'vc.
Prover result is: Valid (0.01s, 30433 steps).

File "/tmp/.pycsl_0e2cp5ep.mlw", line 281, characters 59-82:
Sub-goal precondition of goal _contains_exec__walkl'vc.
Prover result is: Valid (0.01s, 2859 steps).

File "/tmp/.pycsl_0e2cp5ep.mlw", line 278, characters 32-36:
Sub-goal postcondition of goal _contains_exec__walkl'vc.
Prover result is: Valid (0.00s, 2898 steps).

File "/tmp/.pycsl_0e2cp5ep.mlw", line 285, characters 4-29:
Sub-goal precondition of goal _contains_exec'vc.
Prover result is: Valid (0.00s, 2898 steps).

File "/tmp/.pycsl_0e2cp5ep.mlw", line 284, characters 32-36:
Sub-goal postcondition of goal _contains_exec'vc.
Prover result is: Valid (0.00s, 2898 steps).

File "/tmp/.pycsl_0e2cp5ep.mlw", line 293, characters 15-19:
Sub-goal postcondition of goal _is_constant_exec'vc.
Prover result is: Valid (0.00s, 3029 steps).

File "/tmp/.pycsl_0e2cp5ep.mlw", line 293, characters 15-19:
Sub-goal postcondition of goal _is_constant_exec'vc.
Prover result is: Valid (0.00s, 3018 steps).

File "/tmp/.pycsl_0e2cp5ep.mlw", line 303, characters 15-19:
Sub-goal postcondition of goal splice_constant_exec'vc.
Prover result is: Valid (0.00s, 2898 steps).

Warnings/Errors from Why3:
Warning, file "/tmp/.pycsl_0e2cp5ep.mlw", line 244, characters 32-36: unused variable result
Warning, file "/tmp/.pycsl_0e2cp5ep.mlw", line 278, characters 32-36: unused variable result
Warning, file "/tmp/.pycsl_0e2cp5ep.mlw", line 272, characters 32-36: unused variable result
Warning, file "/tmp/.pycsl_0e2cp5ep.mlw", line 264, characters 32-36: unused variable result
Warning, file "/tmp/.pycsl_0e2cp5ep.mlw", line 284, characters 32-36: unused variable result
Warning, file "/tmp/.pycsl_0e2cp5ep.mlw", line 286, characters 32-36: unused variable self
Warning, file "/tmp/.pycsl_0e2cp5ep.mlw", line 286, characters 53-57: unused variable node
Warning, file "/tmp/.pycsl_0e2cp5ep.mlw", line 293, characters 15-19: unused variable result
Warning, file "/tmp/.pycsl_0e2cp5ep.mlw", line 303, characters 15-19: unused variable result

[+] Verification SUCCESS! All contracts formally proven.
