[*] Parsing and Semantic Analysis for 'src/self-annotate/src/frontend/import_classifier.py'...
[*] Memory model: hoare
[*] Imported class from 'errors': PyCSLSemanticError (record + 0 method stub(s) + 2 helper(s))
[*] Running Proof Engine (provers: Alt-Ergo,2.6.3, → Z3,4.13.3,)...

--- Verification Results ---
File "/tmp/.pycsl_bzvo_yic.mlw", line 80, characters 18-37:
Sub-goal variant decrease of goal size_pos'vc.
Prover result is: Valid (0.01s, 17247 steps).

File "/tmp/.pycsl_bzvo_yic.mlw", line 81, characters 18-36:
Sub-goal variant decrease of goal size_pos'vc.
Prover result is: Valid (0.01s, 17166 steps).

File "/tmp/.pycsl_bzvo_yic.mlw", line 78, characters 14-27:
Sub-goal postcondition of goal size_pos'vc.
Prover result is: Valid (0.13s, 629260 steps).

File "/tmp/.pycsl_bzvo_yic.mlw", line 85, characters 41-51:
Sub-goal variant decrease of goal size_list_nonneg'vc.
Prover result is: Valid (0.00s, 4510 steps).

File "/tmp/.pycsl_bzvo_yic.mlw", line 85, characters 53-71:
Sub-goal variant decrease of goal size_list_nonneg'vc.
Prover result is: Valid (0.00s, 5217 steps).

File "/tmp/.pycsl_bzvo_yic.mlw", line 84, characters 14-30:
Sub-goal postcondition of goal size_list_nonneg'vc.
Prover result is: Valid (0.01s, 16925 steps).

File "/tmp/.pycsl_bzvo_yic.mlw", line 88, characters 48-58:
Sub-goal variant decrease of goal size_dict_nonneg'vc.
Prover result is: Valid (0.00s, 4514 steps).

File "/tmp/.pycsl_bzvo_yic.mlw", line 88, characters 60-81:
Sub-goal variant decrease of goal size_dict_nonneg'vc.
Prover result is: Valid (0.00s, 5578 steps).

File "/tmp/.pycsl_bzvo_yic.mlw", line 87, characters 14-30:
Sub-goal postcondition of goal size_dict_nonneg'vc.
Prover result is: Valid (0.01s, 18160 steps).

File "/tmp/.pycsl_bzvo_yic.mlw", line 95, characters 48-68:
Sub-goal variant decrease of goal size_dict_mem'vc.
Prover result is: Valid (0.00s, 5660 steps).

File "/tmp/.pycsl_bzvo_yic.mlw", line 91, characters 29-49:
Sub-goal postcondition of goal size_dict_mem'vc.
Prover result is: Valid (0.01s, 25056 steps).

File "/tmp/.pycsl_bzvo_yic.mlw", line 122, characters 24-42:
Sub-goal variant decrease of goal wf_ir_binds'vc.
Prover result is: Valid (0.00s, 8074 steps).

File "/tmp/.pycsl_bzvo_yic.mlw", line 122, characters 24-42:
Sub-goal precondition of goal wf_ir_binds'vc.
Prover result is: Valid (0.01s, 30628 steps).

File "/tmp/.pycsl_bzvo_yic.mlw", line 118, characters 52-62:
Sub-goal postcondition of goal wf_ir_binds'vc.
Prover result is: Valid (0.30s, 700666 steps).

File "/tmp/.pycsl_bzvo_yic.mlw", line 163, characters 59-73:
Sub-goal variant decrease of goal slookup'vc.
Prover result is: Valid (0.00s, 8232 steps).

File "/tmp/.pycsl_bzvo_yic.mlw", line 174, characters 34-50:
Sub-goal variant decrease of goal sappend'vc.
Prover result is: Valid (0.01s, 8206 steps).

File "/tmp/.pycsl_bzvo_yic.mlw", line 184, characters 68-86:
Sub-goal variant decrease of goal pget_dyn'vc.
Prover result is: Valid (0.01s, 8252 steps).

File "/tmp/.pycsl_bzvo_yic.mlw", line 185, characters 24-42:
Sub-goal variant decrease of goal pget_dyn'vc.
Prover result is: Valid (0.00s, 8524 steps).

File "/tmp/.pycsl_bzvo_yic.mlw", line 181, characters 14-85:
Sub-goal postcondition of goal pget_dyn'vc.
Prover result is: Valid (0.01s, 30846 steps).

File "/tmp/.pycsl_bzvo_yic.mlw", line 189, characters 14-45:
Sub-goal postcondition of goal pget_list'vc.
Prover result is: Valid (0.01s, 28826 steps).

File "/tmp/.pycsl_bzvo_yic.mlw", line 189, characters 14-45:
Sub-goal postcondition of goal pget_list'vc.
Prover result is: Valid (0.08s, 433134 steps).

File "/tmp/.pycsl_bzvo_yic.mlw", line 189, characters 14-45:
Sub-goal postcondition of goal pget_list'vc.
Prover result is: Valid (0.05s, 281686 steps).

File "/tmp/.pycsl_bzvo_yic.mlw", line 208, characters 52-73:
Sub-goal variant decrease of goal pdict_to_sdict'vc.
Prover result is: Valid (0.00s, 8206 steps).

File "/tmp/.pycsl_bzvo_yic.mlw", line 222, characters 32-36:
Sub-goal postcondition of goal any_function_trusted__node'vc.
Prover result is: Valid (0.00s, 2949 steps).

File "/tmp/.pycsl_bzvo_yic.mlw", line 234, characters 7-36:
Sub-goal precondition of goal any_function_trusted__walk'vc.
Prover result is: Valid (0.00s, 2949 steps).

File "/tmp/.pycsl_bzvo_yic.mlw", line 236, characters 18-47:
Sub-goal variant decrease of goal any_function_trusted__walk'vc.
Prover result is: Valid (0.01s, 29965 steps).

File "/tmp/.pycsl_bzvo_yic.mlw", line 236, characters 18-47:
Sub-goal precondition of goal any_function_trusted__walk'vc.
Prover result is: Valid (0.00s, 2967 steps).

File "/tmp/.pycsl_bzvo_yic.mlw", line 237, characters 19-49:
Sub-goal variant decrease of goal any_function_trusted__walk'vc.
Prover result is: Valid (0.01s, 29965 steps).

File "/tmp/.pycsl_bzvo_yic.mlw", line 237, characters 19-49:
Sub-goal precondition of goal any_function_trusted__walk'vc.
Prover result is: Valid (0.00s, 2967 steps).

File "/tmp/.pycsl_bzvo_yic.mlw", line 233, characters 32-36:
Sub-goal postcondition of goal any_function_trusted__walk'vc.
Prover result is: Valid (0.00s, 2949 steps).

File "/tmp/.pycsl_bzvo_yic.mlw", line 244, characters 27-55:
Sub-goal variant decrease of goal any_function_trusted__walkd'vc.
Prover result is: Valid (0.01s, 32727 steps).

File "/tmp/.pycsl_bzvo_yic.mlw", line 244, characters 27-55:
Sub-goal precondition of goal any_function_trusted__walkd'vc.
Prover result is: Valid (0.00s, 2958 steps).

File "/tmp/.pycsl_bzvo_yic.mlw", line 244, characters 71-103:
Sub-goal variant decrease of goal any_function_trusted__walkd'vc.
Prover result is: Valid (0.01s, 32796 steps).

File "/tmp/.pycsl_bzvo_yic.mlw", line 244, characters 71-103:
Sub-goal precondition of goal any_function_trusted__walkd'vc.
Prover result is: Valid (0.00s, 2967 steps).

File "/tmp/.pycsl_bzvo_yic.mlw", line 241, characters 32-36:
Sub-goal postcondition of goal any_function_trusted__walkd'vc.
Prover result is: Valid (0.00s, 2949 steps).

File "/tmp/.pycsl_bzvo_yic.mlw", line 250, characters 21-49:
Sub-goal variant decrease of goal any_function_trusted__walkl'vc.
Prover result is: Valid (0.00s, 30933 steps).

File "/tmp/.pycsl_bzvo_yic.mlw", line 250, characters 21-49:
Sub-goal precondition of goal any_function_trusted__walkl'vc.
Prover result is: Valid (0.00s, 2901 steps).

File "/tmp/.pycsl_bzvo_yic.mlw", line 250, characters 65-94:
Sub-goal variant decrease of goal any_function_trusted__walkl'vc.
Prover result is: Valid (0.01s, 31002 steps).

File "/tmp/.pycsl_bzvo_yic.mlw", line 250, characters 65-94:
Sub-goal precondition of goal any_function_trusted__walkl'vc.
Prover result is: Valid (0.00s, 2910 steps).

File "/tmp/.pycsl_bzvo_yic.mlw", line 247, characters 32-36:
Sub-goal postcondition of goal any_function_trusted__walkl'vc.
Prover result is: Valid (0.00s, 2949 steps).

File "/tmp/.pycsl_bzvo_yic.mlw", line 254, characters 4-35:
Sub-goal precondition of goal any_function_trusted'vc.
Prover result is: Valid (0.00s, 2949 steps).

File "/tmp/.pycsl_bzvo_yic.mlw", line 253, characters 32-36:
Sub-goal postcondition of goal any_function_trusted'vc.
Prover result is: Valid (0.01s, 2949 steps).

File "/tmp/.pycsl_bzvo_yic.mlw", line 265, characters 32-36:
Sub-goal postcondition of goal classify'vc.
Prover result is: Valid (0.00s, 2958 steps).

File "/tmp/.pycsl_bzvo_yic.mlw", line 265, characters 32-36:
Sub-goal postcondition of goal classify'vc.
Prover result is: Valid (0.00s, 2963 steps).

File "/tmp/.pycsl_bzvo_yic.mlw", line 280, characters 8-42:
Sub-goal variant decrease of goal collect_imports__names'vc.
Prover result is: Valid (0.00s, 8315 steps).

File "/tmp/.pycsl_bzvo_yic.mlw", line 280, characters 8-42:
Sub-goal precondition of goal collect_imports__names'vc.
Prover result is: Valid (0.00s, 3009 steps).

File "/tmp/.pycsl_bzvo_yic.mlw", line 271, characters 32-36:
Sub-goal postcondition of goal collect_imports__names'vc.
Prover result is: Valid (0.01s, 3112 steps).

File "/tmp/.pycsl_bzvo_yic.mlw", line 291, characters 45-82:
Sub-goal precondition of goal collect_imports__node'vc.
Prover result is: Valid (0.00s, 3166 steps).

File "/tmp/.pycsl_bzvo_yic.mlw", line 283, characters 32-36:
Sub-goal postcondition of goal collect_imports__node'vc.
Prover result is: Valid (0.01s, 3112 steps).

File "/tmp/.pycsl_bzvo_yic.mlw", line 308, characters 14-42:
Sub-goal precondition of goal collect_imports__walk'vc.
Prover result is: Valid (0.00s, 2949 steps).

File "/tmp/.pycsl_bzvo_yic.mlw", line 310, characters 17-45:
Sub-goal variant decrease of goal collect_imports__walk'vc.
Prover result is: Valid (0.01s, 35635 steps).

File "/tmp/.pycsl_bzvo_yic.mlw", line 310, characters 17-45:
Sub-goal precondition of goal collect_imports__walk'vc.
Prover result is: Valid (0.00s, 3121 steps).

File "/tmp/.pycsl_bzvo_yic.mlw", line 311, characters 18-47:
Sub-goal variant decrease of goal collect_imports__walk'vc.
Prover result is: Valid (0.01s, 35635 steps).

File "/tmp/.pycsl_bzvo_yic.mlw", line 311, characters 18-47:
Sub-goal precondition of goal collect_imports__walk'vc.
Prover result is: Valid (0.00s, 3121 steps).

File "/tmp/.pycsl_bzvo_yic.mlw", line 307, characters 32-36:
Sub-goal postcondition of goal collect_imports__walk'vc.
Prover result is: Valid (0.01s, 3112 steps).

File "/tmp/.pycsl_bzvo_yic.mlw", line 318, characters 52-81:
Sub-goal variant decrease of goal collect_imports__walkd'vc.
Prover result is: Valid (0.01s, 32727 steps).

File "/tmp/.pycsl_bzvo_yic.mlw", line 318, characters 52-81:
Sub-goal precondition of goal collect_imports__walkd'vc.
Prover result is: Valid (0.00s, 2958 steps).

File "/tmp/.pycsl_bzvo_yic.mlw", line 318, characters 24-81:
Sub-goal variant decrease of goal collect_imports__walkd'vc.
Prover result is: Valid (0.01s, 35990 steps).

File "/tmp/.pycsl_bzvo_yic.mlw", line 318, characters 24-81:
Sub-goal precondition of goal collect_imports__walkd'vc.
Prover result is: Valid (0.01s, 3121 steps).

File "/tmp/.pycsl_bzvo_yic.mlw", line 315, characters 32-36:
Sub-goal postcondition of goal collect_imports__walkd'vc.
Prover result is: Valid (0.00s, 2949 steps).

File "/tmp/.pycsl_bzvo_yic.mlw", line 324, characters 43-72:
Sub-goal variant decrease of goal collect_imports__walkl'vc.
Prover result is: Valid (0.01s, 30933 steps).

File "/tmp/.pycsl_bzvo_yic.mlw", line 324, characters 43-72:
Sub-goal precondition of goal collect_imports__walkl'vc.
Prover result is: Valid (0.00s, 2901 steps).

File "/tmp/.pycsl_bzvo_yic.mlw", line 324, characters 18-72:
Sub-goal variant decrease of goal collect_imports__walkl'vc.
Prover result is: Valid (0.01s, 34220 steps).

File "/tmp/.pycsl_bzvo_yic.mlw", line 324, characters 18-72:
Sub-goal precondition of goal collect_imports__walkl'vc.
Prover result is: Valid (0.00s, 3064 steps).

File "/tmp/.pycsl_bzvo_yic.mlw", line 321, characters 32-36:
Sub-goal postcondition of goal collect_imports__walkl'vc.
Prover result is: Valid (0.00s, 2949 steps).

File "/tmp/.pycsl_bzvo_yic.mlw", line 328, characters 4-34:
Sub-goal precondition of goal collect_imports'vc.
Prover result is: Valid (0.00s, 2949 steps).

File "/tmp/.pycsl_bzvo_yic.mlw", line 327, characters 32-36:
Sub-goal postcondition of goal collect_imports'vc.
Prover result is: Valid (0.00s, 3112 steps).

Warnings/Errors from Why3:
Warning, file "/tmp/.pycsl_bzvo_yic.mlw", line 217, characters 17-25: unused variable stub_dir
Warning, file "/tmp/.pycsl_bzvo_yic.mlw", line 219, characters 15-19: unused variable result
Warning, file "/tmp/.pycsl_bzvo_yic.mlw", line 222, characters 32-36: unused variable result
Warning, file "/tmp/.pycsl_bzvo_yic.mlw", line 247, characters 32-36: unused variable result
Warning, file "/tmp/.pycsl_bzvo_yic.mlw", line 241, characters 32-36: unused variable result
Warning, file "/tmp/.pycsl_bzvo_yic.mlw", line 233, characters 32-36: unused variable result
Warning, file "/tmp/.pycsl_bzvo_yic.mlw", line 253, characters 32-36: unused variable result
Warning, file "/tmp/.pycsl_bzvo_yic.mlw", line 255, characters 21-25: unused variable tree
Warning, file "/tmp/.pycsl_bzvo_yic.mlw", line 257, characters 15-19: unused variable result
Warning, file "/tmp/.pycsl_bzvo_yic.mlw", line 265, characters 32-36: unused variable result
Warning, file "/tmp/.pycsl_bzvo_yic.mlw", line 271, characters 32-36: unused variable result
Warning, file "/tmp/.pycsl_bzvo_yic.mlw", line 283, characters 32-36: unused variable result
Warning, file "/tmp/.pycsl_bzvo_yic.mlw", line 321, characters 32-36: unused variable result
Warning, file "/tmp/.pycsl_bzvo_yic.mlw", line 315, characters 32-36: unused variable result
Warning, file "/tmp/.pycsl_bzvo_yic.mlw", line 307, characters 32-36: unused variable result
Warning, file "/tmp/.pycsl_bzvo_yic.mlw", line 327, characters 32-36: unused variable result

[+] Verification SUCCESS! All contracts formally proven.
ELAPSED 136.99 s
