[*] Parsing and Semantic Analysis for 'src/self-annotate/src/module6_whyml/statements.py'...
[*] Memory model: hoare
/home/fabrice/git/pycsl/src/pycsl/core_ir_semantic.py:1604: UserWarning: Function 'statementemissionmixin___dv_store_value': path condition narrows a Union-typed variable without a recognized guard (is None / isinstance / TypeIs / TypeGuard). The variable retains its Union type on both branches (C8).
  _union_c8_walk(func.get("body", []) or [], union_vars, func.get("name", "?"))
[*] Imported class from 'ir_schema': AssignStmt (record + 0 method stub(s) + 18 helper(s))
[*] Imported class from 'ir_schema': AugAssignStmt (record + 0 method stub(s) + 0 helper(s))
[*] Imported class from 'ir_schema': ArraySetStmt (record + 0 method stub(s) + 0 helper(s))
[*] Imported class from 'ir_schema': ArraySliceSetStmt (record + 0 method stub(s) + 0 helper(s))
[*] Imported class from 'ir_schema': GhostAssignStmt (record + 0 method stub(s) + 0 helper(s))
[*] Imported class from 'ir_schema': GhostArraySetStmt (record + 0 method stub(s) + 0 helper(s))
[*] Imported class from 'ir_schema': TupleUnpackStmt (record + 0 method stub(s) + 0 helper(s))
[*] Imported class from 'ir_schema': FieldAssignStmt (record + 0 method stub(s) + 0 helper(s))
[*] Imported class from 'ir_schema': FieldAugAssignStmt (record + 0 method stub(s) + 0 helper(s))
[*] Imported class from 'ir_schema': ExprStmt (record + 0 method stub(s) + 0 helper(s))
[*] Imported class from 'ir_schema': CriticalSectionStmt (record + 0 method stub(s) + 0 helper(s))
[*] Imported class from 'ir_schema': ReturnStmt (record + 0 method stub(s) + 0 helper(s))
[*] Imported class from 'ir_schema': IfStmt (record + 0 method stub(s) + 0 helper(s))
[*] Imported class from 'ir_schema': WhileStmt (record + 0 method stub(s) + 0 helper(s))
[*] Imported class from 'ir_schema': ForStmt (record + 0 method stub(s) + 0 helper(s))
[*] Imported class from 'ir_schema': TryStmt (record + 0 method stub(s) + 0 helper(s))
[*] Imported class from 'ir_schema': MatchStmt (record + 0 method stub(s) + 0 helper(s))
[*] Imported class from 'ir_schema': LabelStmt (record + 0 method stub(s) + 0 helper(s))
[*] Imported class from 'ir_schema': RaiseStmt (record + 0 method stub(s) + 0 helper(s))
[*] Imported class from 'ir_schema': ProofAssertStmt (record + 0 method stub(s) + 0 helper(s))
[*] Imported class from 'ir_schema': AssertStmt (record + 0 method stub(s) + 0 helper(s))
[*] Imported class from 'ir_schema': PassStmt (record + 0 method stub(s) + 0 helper(s))
[*] Imported class from 'ir_schema': BreakStmt (record + 0 method stub(s) + 0 helper(s))
[*] Imported class from 'ir_schema': ContinueStmt (record + 0 method stub(s) + 0 helper(s))
[*] Imported class from 'ir_schema': OpaqueStmt (record + 0 method stub(s) + 0 helper(s))
[*] Imported class from 'errors': PyCSLSemanticError (record + 0 method stub(s) + 2 helper(s))
[*] Imported from 'module6_whyml.identifiers': ['op_translate', 'whyml_ident', 'safe_mutex_name', 'safe_exc_name', 'stable_hash'] (trusted stubs)
[*] Imported from 'ir_schema': ['stmt_from_dict'] (trusted stubs)
[*] Running Proof Engine (provers: Alt-Ergo,2.6.3 → Z3,4.13.3,)...
