[*] Parsing and Semantic Analysis for 'src/self-annotate/src/frontend/desugar.py'...
[*] Memory model: hoare
[*] Running Proof Engine (provers: Alt-Ergo,2.6.3 → Z3,4.13.3,)...

--- Verification Results ---
File "/home/fabrice/git/pycsl/scratchpad/w49/tmp/.pycsl_6rkzwou7.mlw", line 53, characters 20-34:
Sub-goal loop invariant init of goal _chain_operand_repeatable'vc.
Prover result is: Valid (0.00s, 279 steps).

File "/home/fabrice/git/pycsl/scratchpad/w49/tmp/.pycsl_6rkzwou7.mlw", line 46, characters 15-19:
Sub-goal postcondition of goal _chain_operand_repeatable'vc.
Prover result is: Valid (0.00s, 293 steps).

File "/home/fabrice/git/pycsl/scratchpad/w49/tmp/.pycsl_6rkzwou7.mlw", line 46, characters 15-19:
Sub-goal postcondition of goal _chain_operand_repeatable'vc.
Prover result is: Valid (0.00s, 380 steps).

File "/home/fabrice/git/pycsl/scratchpad/w49/tmp/.pycsl_6rkzwou7.mlw", line 54, characters 18-42:
Sub-goal loop variant decrease of goal _chain_operand_repeatable'vc.
Prover result is: Valid (0.01s, 4429 steps).

File "/home/fabrice/git/pycsl/scratchpad/w49/tmp/.pycsl_6rkzwou7.mlw", line 53, characters 20-34:
Sub-goal loop invariant preservation of goal _chain_operand_repeatable'vc.
Prover result is: Valid (0.00s, 4545 steps).

File "/home/fabrice/git/pycsl/scratchpad/w49/tmp/.pycsl_6rkzwou7.mlw", line 54, characters 18-42:
Sub-goal loop variant decrease of goal _chain_operand_repeatable'vc.
Prover result is: Valid (0.01s, 3477 steps).

File "/home/fabrice/git/pycsl/scratchpad/w49/tmp/.pycsl_6rkzwou7.mlw", line 53, characters 20-34:
Sub-goal loop invariant preservation of goal _chain_operand_repeatable'vc.
Prover result is: Valid (0.01s, 3635 steps).

File "/home/fabrice/git/pycsl/scratchpad/w49/tmp/.pycsl_6rkzwou7.mlw", line 46, characters 15-19:
Sub-goal postcondition of goal _chain_operand_repeatable'vc.
Prover result is: Valid (0.01s, 297 steps).

File "/home/fabrice/git/pycsl/scratchpad/w49/tmp/.pycsl_6rkzwou7.mlw", line 80, characters 15-19:
Sub-goal postcondition of goal desugar_chained_comparisons'vc.
Prover result is: Valid (0.01s, 275 steps).

File "/home/fabrice/git/pycsl/scratchpad/w49/tmp/.pycsl_6rkzwou7.mlw", line 97, characters 18-33:
Sub-goal loop invariant init of goal reject_unmodelled'vc.
Prover result is: Valid (0.00s, 279 steps).

File "/home/fabrice/git/pycsl/scratchpad/w49/tmp/.pycsl_6rkzwou7.mlw", line 91, characters 32-36:
Sub-goal exceptional postcondition of goal reject_unmodelled'vc.
Prover result is: Valid (0.00s, 341 steps).

File "/home/fabrice/git/pycsl/scratchpad/w49/tmp/.pycsl_6rkzwou7.mlw", line 91, characters 32-36:
Sub-goal exceptional postcondition of goal reject_unmodelled'vc.
Prover result is: Valid (0.01s, 337 steps).

File "/home/fabrice/git/pycsl/scratchpad/w49/tmp/.pycsl_6rkzwou7.mlw", line 106, characters 101-133:
Sub-goal precondition of goal reject_unmodelled'vc.
Prover result is: Valid (0.00s, 370 steps).

File "/home/fabrice/git/pycsl/scratchpad/w49/tmp/.pycsl_6rkzwou7.mlw", line 91, characters 32-36:
Sub-goal exceptional postcondition of goal reject_unmodelled'vc.
Prover result is: Valid (0.01s, 383 steps).

File "/home/fabrice/git/pycsl/scratchpad/w49/tmp/.pycsl_6rkzwou7.mlw", line 91, characters 32-36:
Sub-goal exceptional postcondition of goal reject_unmodelled'vc.
Prover result is: Valid (0.00s, 436 steps).

File "/home/fabrice/git/pycsl/scratchpad/w49/tmp/.pycsl_6rkzwou7.mlw", line 98, characters 16-42:
Sub-goal loop variant decrease of goal reject_unmodelled'vc.
Prover result is: Valid (0.01s, 4908 steps).

File "/home/fabrice/git/pycsl/scratchpad/w49/tmp/.pycsl_6rkzwou7.mlw", line 97, characters 18-33:
Sub-goal loop invariant preservation of goal reject_unmodelled'vc.
Prover result is: Valid (0.01s, 4634 steps).

File "/home/fabrice/git/pycsl/scratchpad/w49/tmp/.pycsl_6rkzwou7.mlw", line 90, characters 15-19:
Sub-goal postcondition of goal reject_unmodelled'vc.
Prover result is: Valid (0.01s, 297 steps).

Warnings/Errors from Why3:
Warning, file "/home/fabrice/git/pycsl/scratchpad/w49/tmp/.pycsl_6rkzwou7.mlw", line 49, characters 8-11: unused variable sub
Warning, file "/home/fabrice/git/pycsl/scratchpad/w49/tmp/.pycsl_6rkzwou7.mlw", line 46, characters 15-19: unused variable result
Warning, file "/home/fabrice/git/pycsl/scratchpad/w49/tmp/.pycsl_6rkzwou7.mlw", line 70, characters 38-42: unused variable self
Warning, file "/home/fabrice/git/pycsl/scratchpad/w49/tmp/.pycsl_6rkzwou7.mlw", line 70, characters 62-66: unused variable node
Warning, file "/home/fabrice/git/pycsl/scratchpad/w49/tmp/.pycsl_6rkzwou7.mlw", line 74, characters 27-31: unused variable tree
Warning, file "/home/fabrice/git/pycsl/scratchpad/w49/tmp/.pycsl_6rkzwou7.mlw", line 74, characters 39-43: unused variable node
Warning, file "/home/fabrice/git/pycsl/scratchpad/w49/tmp/.pycsl_6rkzwou7.mlw", line 76, characters 15-19: unused variable result
Warning, file "/home/fabrice/git/pycsl/scratchpad/w49/tmp/.pycsl_6rkzwou7.mlw", line 80, characters 15-19: unused variable result
Warning, file "/home/fabrice/git/pycsl/scratchpad/w49/tmp/.pycsl_6rkzwou7.mlw", line 84, characters 24-28: unused variable tree
Warning, file "/home/fabrice/git/pycsl/scratchpad/w49/tmp/.pycsl_6rkzwou7.mlw", line 93, characters 8-12: unused variable node

[+] Verification SUCCESS! All contracts formally proven.
