[*] Parsing and Semantic Analysis for 'src/self-annotate/src/module6_whyml/auto_trust.py'...
[*] Memory model: hoare
/home/fabrice/git/pycsl/src/pycsl/core_ir_semantic.py:1711: UserWarning: Function 'autotrustmixin___has_set_op_on_map': path condition narrows a Union-typed variable without a recognized guard (is None / isinstance / TypeIs / TypeGuard). The variable retains its Union type on both branches (C8).
  _union_c8_walk(s.get("body", []) or [], union_vars, fname)
[*] Running Proof Engine (provers: Alt-Ergo,2.6.3 → Z3,4.13.3,)...

--- Verification Results ---
File "/home/fabrice/git/pycsl/scratchpad/w49/tmp/.pycsl_14_m841j.mlw", line 79, characters 18-37:
Sub-goal variant decrease of goal size_pos'vc.
Prover result is: Valid (0.01s, 17247 steps).

File "/home/fabrice/git/pycsl/scratchpad/w49/tmp/.pycsl_14_m841j.mlw", line 80, characters 18-36:
Sub-goal variant decrease of goal size_pos'vc.
Prover result is: Valid (0.01s, 17166 steps).

File "/home/fabrice/git/pycsl/scratchpad/w49/tmp/.pycsl_14_m841j.mlw", line 77, characters 14-27:
Sub-goal postcondition of goal size_pos'vc.
Prover result is: Valid (0.22s, 629260 steps).

File "/home/fabrice/git/pycsl/scratchpad/w49/tmp/.pycsl_14_m841j.mlw", line 84, characters 41-51:
Sub-goal variant decrease of goal size_list_nonneg'vc.
Prover result is: Valid (0.00s, 4510 steps).

File "/home/fabrice/git/pycsl/scratchpad/w49/tmp/.pycsl_14_m841j.mlw", line 84, characters 53-71:
Sub-goal variant decrease of goal size_list_nonneg'vc.
Prover result is: Valid (0.01s, 5217 steps).

File "/home/fabrice/git/pycsl/scratchpad/w49/tmp/.pycsl_14_m841j.mlw", line 83, characters 14-30:
Sub-goal postcondition of goal size_list_nonneg'vc.
Prover result is: Valid (0.01s, 16925 steps).

File "/home/fabrice/git/pycsl/scratchpad/w49/tmp/.pycsl_14_m841j.mlw", line 87, characters 48-58:
Sub-goal variant decrease of goal size_dict_nonneg'vc.
Prover result is: Valid (0.01s, 4514 steps).

File "/home/fabrice/git/pycsl/scratchpad/w49/tmp/.pycsl_14_m841j.mlw", line 87, characters 60-81:
Sub-goal variant decrease of goal size_dict_nonneg'vc.
Prover result is: Valid (0.01s, 5578 steps).

File "/home/fabrice/git/pycsl/scratchpad/w49/tmp/.pycsl_14_m841j.mlw", line 86, characters 14-30:
Sub-goal postcondition of goal size_dict_nonneg'vc.
Prover result is: Valid (0.01s, 18160 steps).

File "/home/fabrice/git/pycsl/scratchpad/w49/tmp/.pycsl_14_m841j.mlw", line 94, characters 48-68:
Sub-goal variant decrease of goal size_dict_mem'vc.
Prover result is: Valid (0.00s, 5660 steps).

File "/home/fabrice/git/pycsl/scratchpad/w49/tmp/.pycsl_14_m841j.mlw", line 90, characters 29-49:
Sub-goal postcondition of goal size_dict_mem'vc.
Prover result is: Valid (0.01s, 25056 steps).

File "/home/fabrice/git/pycsl/scratchpad/w49/tmp/.pycsl_14_m841j.mlw", line 121, characters 24-42:
Sub-goal variant decrease of goal wf_ir_binds'vc.
Prover result is: Valid (0.01s, 8074 steps).

File "/home/fabrice/git/pycsl/scratchpad/w49/tmp/.pycsl_14_m841j.mlw", line 121, characters 24-42:
Sub-goal precondition of goal wf_ir_binds'vc.
Prover result is: Valid (0.01s, 30628 steps).

File "/home/fabrice/git/pycsl/scratchpad/w49/tmp/.pycsl_14_m841j.mlw", line 117, characters 52-62:
Sub-goal postcondition of goal wf_ir_binds'vc.
Prover result is: Valid (0.51s, 700666 steps).

File "/home/fabrice/git/pycsl/scratchpad/w49/tmp/.pycsl_14_m841j.mlw", line 162, characters 59-73:
Sub-goal variant decrease of goal slookup'vc.
Prover result is: Valid (0.01s, 8232 steps).

File "/home/fabrice/git/pycsl/scratchpad/w49/tmp/.pycsl_14_m841j.mlw", line 173, characters 34-50:
Sub-goal variant decrease of goal sappend'vc.
Prover result is: Valid (0.00s, 8206 steps).

File "/home/fabrice/git/pycsl/scratchpad/w49/tmp/.pycsl_14_m841j.mlw", line 183, characters 68-86:
Sub-goal variant decrease of goal pget_dyn'vc.
Prover result is: Valid (0.01s, 8252 steps).

File "/home/fabrice/git/pycsl/scratchpad/w49/tmp/.pycsl_14_m841j.mlw", line 184, characters 24-42:
Sub-goal variant decrease of goal pget_dyn'vc.
Prover result is: Valid (0.01s, 8524 steps).

File "/home/fabrice/git/pycsl/scratchpad/w49/tmp/.pycsl_14_m841j.mlw", line 180, characters 14-85:
Sub-goal postcondition of goal pget_dyn'vc.
Prover result is: Valid (0.01s, 30846 steps).

File "/home/fabrice/git/pycsl/scratchpad/w49/tmp/.pycsl_14_m841j.mlw", line 188, characters 14-45:
Sub-goal postcondition of goal pget_list'vc.
Prover result is: Valid (0.02s, 28826 steps).

File "/home/fabrice/git/pycsl/scratchpad/w49/tmp/.pycsl_14_m841j.mlw", line 188, characters 14-45:
Sub-goal postcondition of goal pget_list'vc.
Prover result is: Valid (0.13s, 433134 steps).

File "/home/fabrice/git/pycsl/scratchpad/w49/tmp/.pycsl_14_m841j.mlw", line 188, characters 14-45:
Sub-goal postcondition of goal pget_list'vc.
Prover result is: Valid (0.09s, 281686 steps).

File "/home/fabrice/git/pycsl/scratchpad/w49/tmp/.pycsl_14_m841j.mlw", line 207, characters 52-73:
Sub-goal variant decrease of goal pdict_to_sdict'vc.
Prover result is: Valid (0.01s, 8206 steps).

File "/home/fabrice/.opam/framac-coq8/share/why3/stdlib/set.mlw", line 538, characters 14-30:
Sub-goal postcondition of goal eq'refn'vc.
Prover result is: Valid (0.01s, 4752 steps).

File "/home/fabrice/git/pycsl/scratchpad/w49/tmp/.pycsl_14_m841j.mlw", line 254, characters 79-132:
Sub-goal variant decrease of goal autotrustmixin___collect_map_typed_locals__gstmt'vc.
Prover result is: Valid (0.01s, 13464 steps).

File "/home/fabrice/git/pycsl/scratchpad/w49/tmp/.pycsl_14_m841j.mlw", line 255, characters 24-77:
Sub-goal variant decrease of goal autotrustmixin___collect_map_typed_locals__gstmt'vc.
Prover result is: Valid (0.01s, 13736 steps).

File "/home/fabrice/git/pycsl/scratchpad/w49/tmp/.pycsl_14_m841j.mlw", line 255, characters 24-77:
Sub-goal variant decrease of goal autotrustmixin___collect_map_typed_locals__gstmt'vc.
Prover result is: Valid (0.01s, 13600 steps).

File "/home/fabrice/git/pycsl/scratchpad/w49/tmp/.pycsl_14_m841j.mlw", line 262, characters 24-76:
Sub-goal variant decrease of goal autotrustmixin___collect_map_typed_locals__gtgt'vc.
Prover result is: Valid (0.01s, 13748 steps).

File "/home/fabrice/git/pycsl/scratchpad/w49/tmp/.pycsl_14_m841j.mlw", line 262, characters 24-76:
Sub-goal variant decrease of goal autotrustmixin___collect_map_typed_locals__gtgt'vc.
Prover result is: Valid (0.01s, 13600 steps).

File "/home/fabrice/git/pycsl/scratchpad/w49/tmp/.pycsl_14_m841j.mlw", line 269, characters 24-76:
Sub-goal variant decrease of goal autotrustmixin___collect_map_typed_locals__gval'vc.
Prover result is: Valid (0.01s, 13732 steps).

File "/home/fabrice/git/pycsl/scratchpad/w49/tmp/.pycsl_14_m841j.mlw", line 277, characters 24-79:
Sub-goal variant decrease of goal autotrustmixin___collect_map_typed_locals__Lbody_g'vc.
Prover result is: Valid (0.01s, 13732 steps).

File "/home/fabrice/git/pycsl/scratchpad/w49/tmp/.pycsl_14_m841j.mlw", line 273, characters 14-85:
Sub-goal postcondition of goal autotrustmixin___collect_map_typed_locals__Lbody_g'vc.
Prover result is: Valid (0.02s, 47786 steps).

File "/home/fabrice/git/pycsl/scratchpad/w49/tmp/.pycsl_14_m841j.mlw", line 280, characters 14-45:
Sub-goal postcondition of goal autotrustmixin___collect_map_typed_locals__Lbody'vc.
Prover result is: Valid (0.02s, 49115 steps).

File "/home/fabrice/git/pycsl/scratchpad/w49/tmp/.pycsl_14_m841j.mlw", line 280, characters 14-45:
Sub-goal postcondition of goal autotrustmixin___collect_map_typed_locals__Lbody'vc.
Prover result is: Valid (0.80s, 7980904 steps).

File "/home/fabrice/git/pycsl/scratchpad/w49/tmp/.pycsl_14_m841j.mlw", line 280, characters 14-45:
Sub-goal postcondition of goal autotrustmixin___collect_map_typed_locals__Lbody'vc.
Prover result is: Valid (0.10s, 308781 steps).

File "/home/fabrice/git/pycsl/scratchpad/w49/tmp/.pycsl_14_m841j.mlw", line 288, characters 24-81:
Sub-goal variant decrease of goal autotrustmixin___collect_map_typed_locals__Lorelse_g'vc.
Prover result is: Valid (0.01s, 13732 steps).

File "/home/fabrice/git/pycsl/scratchpad/w49/tmp/.pycsl_14_m841j.mlw", line 284, characters 14-85:
Sub-goal postcondition of goal autotrustmixin___collect_map_typed_locals__Lorelse_g'vc.
Prover result is: Valid (0.02s, 47786 steps).

File "/home/fabrice/git/pycsl/scratchpad/w49/tmp/.pycsl_14_m841j.mlw", line 291, characters 14-45:
Sub-goal postcondition of goal autotrustmixin___collect_map_typed_locals__Lorelse'vc.
Prover result is: Valid (0.01s, 49115 steps).

File "/home/fabrice/git/pycsl/scratchpad/w49/tmp/.pycsl_14_m841j.mlw", line 291, characters 14-45:
Sub-goal postcondition of goal autotrustmixin___collect_map_typed_locals__Lorelse'vc.
Prover result is: Valid (0.77s, 7980904 steps).

File "/home/fabrice/git/pycsl/scratchpad/w49/tmp/.pycsl_14_m841j.mlw", line 291, characters 14-45:
Sub-goal postcondition of goal autotrustmixin___collect_map_typed_locals__Lorelse'vc.
Prover result is: Valid (0.10s, 308781 steps).

File "/home/fabrice/git/pycsl/scratchpad/w49/tmp/.pycsl_14_m841j.mlw", line 298, characters 74-133:
Sub-goal variant decrease of goal autotrustmixin___collect_map_typed_locals__Lhandlers_g'vc.
Prover result is: Valid (0.01s, 13448 steps).

File "/home/fabrice/git/pycsl/scratchpad/w49/tmp/.pycsl_14_m841j.mlw", line 299, characters 24-83:
Sub-goal variant decrease of goal autotrustmixin___collect_map_typed_locals__Lhandlers_g'vc.
Prover result is: Valid (0.01s, 13720 steps).

File "/home/fabrice/git/pycsl/scratchpad/w49/tmp/.pycsl_14_m841j.mlw", line 295, characters 14-85:
Sub-goal postcondition of goal autotrustmixin___collect_map_typed_locals__Lhandlers_g'vc.
Prover result is: Valid (0.02s, 51941 steps).

File "/home/fabrice/git/pycsl/scratchpad/w49/tmp/.pycsl_14_m841j.mlw", line 302, characters 14-45:
Sub-goal postcondition of goal autotrustmixin___collect_map_typed_locals__Lhandlers'vc.
Prover result is: Valid (0.02s, 49115 steps).

File "/home/fabrice/git/pycsl/scratchpad/w49/tmp/.pycsl_14_m841j.mlw", line 302, characters 14-45:
Sub-goal postcondition of goal autotrustmixin___collect_map_typed_locals__Lhandlers'vc.
Prover result is: Valid (0.82s, 7980904 steps).

File "/home/fabrice/git/pycsl/scratchpad/w49/tmp/.pycsl_14_m841j.mlw", line 302, characters 14-45:
Sub-goal postcondition of goal autotrustmixin___collect_map_typed_locals__Lhandlers'vc.
Prover result is: Valid (0.10s, 308781 steps).

File "/home/fabrice/git/pycsl/scratchpad/w49/tmp/.pycsl_14_m841j.mlw", line 305, characters 32-36:
Sub-goal postcondition of goal autotrustmixin___collect_map_typed_locals__f'vc.
Prover result is: Valid (0.01s, 4709 steps).

File "/home/fabrice/git/pycsl/scratchpad/w49/tmp/.pycsl_14_m841j.mlw", line 321, characters 13-114:
Sub-goal variant decrease of goal autotrustmixin___collect_map_typed_locals__f'vc.
Prover result is: Valid (0.02s, 58572 steps).

File "/home/fabrice/git/pycsl/scratchpad/w49/tmp/.pycsl_14_m841j.mlw", line 321, characters 13-114:
Sub-goal precondition of goal autotrustmixin___collect_map_typed_locals__f'vc.
Prover result is: Valid (0.01s, 5138 steps).

File "/home/fabrice/git/pycsl/scratchpad/w49/tmp/.pycsl_14_m841j.mlw", line 322, characters 13-116:
Sub-goal variant decrease of goal autotrustmixin___collect_map_typed_locals__f'vc.
Prover result is: Valid (0.02s, 58830 steps).

File "/home/fabrice/git/pycsl/scratchpad/w49/tmp/.pycsl_14_m841j.mlw", line 322, characters 13-116:
Sub-goal precondition of goal autotrustmixin___collect_map_typed_locals__f'vc.
Prover result is: Valid (0.01s, 5149 steps).

File "/home/fabrice/git/pycsl/scratchpad/w49/tmp/.pycsl_14_m841j.mlw", line 323, characters 13-119:
Sub-goal variant decrease of goal autotrustmixin___collect_map_typed_locals__f'vc.
Prover result is: Valid (0.02s, 59086 steps).

File "/home/fabrice/git/pycsl/scratchpad/w49/tmp/.pycsl_14_m841j.mlw", line 323, characters 13-119:
Sub-goal precondition of goal autotrustmixin___collect_map_typed_locals__f'vc.
Prover result is: Valid (0.00s, 5158 steps).

File "/home/fabrice/git/pycsl/scratchpad/w49/tmp/.pycsl_14_m841j.mlw", line 325, characters 8-61:
Sub-goal variant decrease of goal autotrustmixin___collect_map_typed_locals__f'vc.
Prover result is: Valid (0.02s, 58994 steps).

File "/home/fabrice/git/pycsl/scratchpad/w49/tmp/.pycsl_14_m841j.mlw", line 325, characters 8-61:
Sub-goal precondition of goal autotrustmixin___collect_map_typed_locals__f'vc.
Prover result is: Valid (0.01s, 5158 steps).

File "/home/fabrice/git/pycsl/scratchpad/w49/tmp/.pycsl_14_m841j.mlw", line 305, characters 32-36:
Sub-goal postcondition of goal autotrustmixin___collect_map_typed_locals__f'vc.
Prover result is: Valid (0.01s, 5158 steps).

File "/home/fabrice/git/pycsl/scratchpad/w49/tmp/.pycsl_14_m841j.mlw", line 321, characters 13-114:
Sub-goal variant decrease of goal autotrustmixin___collect_map_typed_locals__f'vc.
Prover result is: Valid (0.02s, 53561 steps).

File "/home/fabrice/git/pycsl/scratchpad/w49/tmp/.pycsl_14_m841j.mlw", line 321, characters 13-114:
Sub-goal precondition of goal autotrustmixin___collect_map_typed_locals__f'vc.
Prover result is: Valid (0.01s, 4739 steps).

File "/home/fabrice/git/pycsl/scratchpad/w49/tmp/.pycsl_14_m841j.mlw", line 322, characters 13-116:
Sub-goal variant decrease of goal autotrustmixin___collect_map_typed_locals__f'vc.
Prover result is: Valid (0.02s, 53819 steps).

File "/home/fabrice/git/pycsl/scratchpad/w49/tmp/.pycsl_14_m841j.mlw", line 322, characters 13-116:
Sub-goal precondition of goal autotrustmixin___collect_map_typed_locals__f'vc.
Prover result is: Valid (0.01s, 4750 steps).

File "/home/fabrice/git/pycsl/scratchpad/w49/tmp/.pycsl_14_m841j.mlw", line 323, characters 13-119:
Sub-goal variant decrease of goal autotrustmixin___collect_map_typed_locals__f'vc.
Prover result is: Valid (0.02s, 54075 steps).

File "/home/fabrice/git/pycsl/scratchpad/w49/tmp/.pycsl_14_m841j.mlw", line 323, characters 13-119:
Sub-goal precondition of goal autotrustmixin___collect_map_typed_locals__f'vc.
Prover result is: Valid (0.01s, 4759 steps).

File "/home/fabrice/git/pycsl/scratchpad/w49/tmp/.pycsl_14_m841j.mlw", line 325, characters 8-61:
Sub-goal variant decrease of goal autotrustmixin___collect_map_typed_locals__f'vc.
Prover result is: Valid (0.02s, 53979 steps).

File "/home/fabrice/git/pycsl/scratchpad/w49/tmp/.pycsl_14_m841j.mlw", line 325, characters 8-61:
Sub-goal precondition of goal autotrustmixin___collect_map_typed_locals__f'vc.
Prover result is: Valid (0.00s, 4759 steps).

File "/home/fabrice/git/pycsl/scratchpad/w49/tmp/.pycsl_14_m841j.mlw", line 305, characters 32-36:
Sub-goal postcondition of goal autotrustmixin___collect_map_typed_locals__f'vc.
Prover result is: Valid (0.01s, 4759 steps).

File "/home/fabrice/git/pycsl/scratchpad/w49/tmp/.pycsl_14_m841j.mlw", line 321, characters 13-114:
Sub-goal variant decrease of goal autotrustmixin___collect_map_typed_locals__f'vc.
Prover result is: Valid (0.02s, 53533 steps).

File "/home/fabrice/git/pycsl/scratchpad/w49/tmp/.pycsl_14_m841j.mlw", line 321, characters 13-114:
Sub-goal precondition of goal autotrustmixin___collect_map_typed_locals__f'vc.
Prover result is: Valid (0.01s, 4730 steps).

File "/home/fabrice/git/pycsl/scratchpad/w49/tmp/.pycsl_14_m841j.mlw", line 322, characters 13-116:
Sub-goal variant decrease of goal autotrustmixin___collect_map_typed_locals__f'vc.
Prover result is: Valid (0.02s, 53791 steps).

File "/home/fabrice/git/pycsl/scratchpad/w49/tmp/.pycsl_14_m841j.mlw", line 322, characters 13-116:
Sub-goal precondition of goal autotrustmixin___collect_map_typed_locals__f'vc.
Prover result is: Valid (0.01s, 4741 steps).

File "/home/fabrice/git/pycsl/scratchpad/w49/tmp/.pycsl_14_m841j.mlw", line 323, characters 13-119:
Sub-goal variant decrease of goal autotrustmixin___collect_map_typed_locals__f'vc.
Prover result is: Valid (0.02s, 54047 steps).

File "/home/fabrice/git/pycsl/scratchpad/w49/tmp/.pycsl_14_m841j.mlw", line 323, characters 13-119:
Sub-goal precondition of goal autotrustmixin___collect_map_typed_locals__f'vc.
Prover result is: Valid (0.00s, 4750 steps).

File "/home/fabrice/git/pycsl/scratchpad/w49/tmp/.pycsl_14_m841j.mlw", line 325, characters 8-61:
Sub-goal variant decrease of goal autotrustmixin___collect_map_typed_locals__f'vc.
Prover result is: Valid (0.01s, 53951 steps).

File "/home/fabrice/git/pycsl/scratchpad/w49/tmp/.pycsl_14_m841j.mlw", line 325, characters 8-61:
Sub-goal precondition of goal autotrustmixin___collect_map_typed_locals__f'vc.
Prover result is: Valid (0.00s, 4750 steps).

File "/home/fabrice/git/pycsl/scratchpad/w49/tmp/.pycsl_14_m841j.mlw", line 305, characters 32-36:
Sub-goal postcondition of goal autotrustmixin___collect_map_typed_locals__f'vc.
Prover result is: Valid (0.01s, 4750 steps).

File "/home/fabrice/git/pycsl/scratchpad/w49/tmp/.pycsl_14_m841j.mlw", line 321, characters 13-114:
Sub-goal variant decrease of goal autotrustmixin___collect_map_typed_locals__f'vc.
Prover result is: Valid (0.02s, 53533 steps).

File "/home/fabrice/git/pycsl/scratchpad/w49/tmp/.pycsl_14_m841j.mlw", line 321, characters 13-114:
Sub-goal precondition of goal autotrustmixin___collect_map_typed_locals__f'vc.
Prover result is: Valid (0.01s, 4730 steps).

File "/home/fabrice/git/pycsl/scratchpad/w49/tmp/.pycsl_14_m841j.mlw", line 322, characters 13-116:
Sub-goal variant decrease of goal autotrustmixin___collect_map_typed_locals__f'vc.
Prover result is: Valid (0.02s, 53791 steps).

File "/home/fabrice/git/pycsl/scratchpad/w49/tmp/.pycsl_14_m841j.mlw", line 322, characters 13-116:
Sub-goal precondition of goal autotrustmixin___collect_map_typed_locals__f'vc.
Prover result is: Valid (0.01s, 4741 steps).

File "/home/fabrice/git/pycsl/scratchpad/w49/tmp/.pycsl_14_m841j.mlw", line 323, characters 13-119:
Sub-goal variant decrease of goal autotrustmixin___collect_map_typed_locals__f'vc.
Prover result is: Valid (0.02s, 54047 steps).

File "/home/fabrice/git/pycsl/scratchpad/w49/tmp/.pycsl_14_m841j.mlw", line 323, characters 13-119:
Sub-goal precondition of goal autotrustmixin___collect_map_typed_locals__f'vc.
Prover result is: Valid (0.00s, 4750 steps).

File "/home/fabrice/git/pycsl/scratchpad/w49/tmp/.pycsl_14_m841j.mlw", line 325, characters 8-61:
Sub-goal variant decrease of goal autotrustmixin___collect_map_typed_locals__f'vc.
Prover result is: Valid (0.02s, 53951 steps).

File "/home/fabrice/git/pycsl/scratchpad/w49/tmp/.pycsl_14_m841j.mlw", line 325, characters 8-61:
Sub-goal precondition of goal autotrustmixin___collect_map_typed_locals__f'vc.
Prover result is: Valid (0.01s, 4750 steps).

File "/home/fabrice/git/pycsl/scratchpad/w49/tmp/.pycsl_14_m841j.mlw", line 305, characters 32-36:
Sub-goal postcondition of goal autotrustmixin___collect_map_typed_locals__f'vc.
Prover result is: Valid (0.01s, 4750 steps).

File "/home/fabrice/git/pycsl/scratchpad/w49/tmp/.pycsl_14_m841j.mlw", line 321, characters 13-114:
Sub-goal variant decrease of goal autotrustmixin___collect_map_typed_locals__f'vc.
Prover result is: Valid (0.02s, 53561 steps).

File "/home/fabrice/git/pycsl/scratchpad/w49/tmp/.pycsl_14_m841j.mlw", line 321, characters 13-114:
Sub-goal precondition of goal autotrustmixin___collect_map_typed_locals__f'vc.
Prover result is: Valid (0.00s, 4739 steps).

File "/home/fabrice/git/pycsl/scratchpad/w49/tmp/.pycsl_14_m841j.mlw", line 322, characters 13-116:
Sub-goal variant decrease of goal autotrustmixin___collect_map_typed_locals__f'vc.
Prover result is: Valid (0.01s, 53819 steps).

File "/home/fabrice/git/pycsl/scratchpad/w49/tmp/.pycsl_14_m841j.mlw", line 322, characters 13-116:
Sub-goal precondition of goal autotrustmixin___collect_map_typed_locals__f'vc.
Prover result is: Valid (0.01s, 4750 steps).

File "/home/fabrice/git/pycsl/scratchpad/w49/tmp/.pycsl_14_m841j.mlw", line 323, characters 13-119:
Sub-goal variant decrease of goal autotrustmixin___collect_map_typed_locals__f'vc.
Prover result is: Valid (0.01s, 54075 steps).

File "/home/fabrice/git/pycsl/scratchpad/w49/tmp/.pycsl_14_m841j.mlw", line 323, characters 13-119:
Sub-goal precondition of goal autotrustmixin___collect_map_typed_locals__f'vc.
Prover result is: Valid (0.01s, 4759 steps).

File "/home/fabrice/git/pycsl/scratchpad/w49/tmp/.pycsl_14_m841j.mlw", line 325, characters 8-61:
Sub-goal variant decrease of goal autotrustmixin___collect_map_typed_locals__f'vc.
Prover result is: Valid (0.01s, 53979 steps).

File "/home/fabrice/git/pycsl/scratchpad/w49/tmp/.pycsl_14_m841j.mlw", line 325, characters 8-61:
Sub-goal precondition of goal autotrustmixin___collect_map_typed_locals__f'vc.
Prover result is: Valid (0.00s, 4759 steps).

File "/home/fabrice/git/pycsl/scratchpad/w49/tmp/.pycsl_14_m841j.mlw", line 305, characters 32-36:
Sub-goal postcondition of goal autotrustmixin___collect_map_typed_locals__f'vc.
Prover result is: Valid (0.00s, 4759 steps).

File "/home/fabrice/git/pycsl/scratchpad/w49/tmp/.pycsl_14_m841j.mlw", line 321, characters 13-114:
Sub-goal variant decrease of goal autotrustmixin___collect_map_typed_locals__f'vc.
Prover result is: Valid (0.01s, 53533 steps).

File "/home/fabrice/git/pycsl/scratchpad/w49/tmp/.pycsl_14_m841j.mlw", line 321, characters 13-114:
Sub-goal precondition of goal autotrustmixin___collect_map_typed_locals__f'vc.
Prover result is: Valid (0.00s, 4730 steps).

File "/home/fabrice/git/pycsl/scratchpad/w49/tmp/.pycsl_14_m841j.mlw", line 322, characters 13-116:
Sub-goal variant decrease of goal autotrustmixin___collect_map_typed_locals__f'vc.
Prover result is: Valid (0.01s, 53791 steps).

File "/home/fabrice/git/pycsl/scratchpad/w49/tmp/.pycsl_14_m841j.mlw", line 322, characters 13-116:
Sub-goal precondition of goal autotrustmixin___collect_map_typed_locals__f'vc.
Prover result is: Valid (0.01s, 4741 steps).

File "/home/fabrice/git/pycsl/scratchpad/w49/tmp/.pycsl_14_m841j.mlw", line 323, characters 13-119:
Sub-goal variant decrease of goal autotrustmixin___collect_map_typed_locals__f'vc.
Prover result is: Valid (0.01s, 54047 steps).

File "/home/fabrice/git/pycsl/scratchpad/w49/tmp/.pycsl_14_m841j.mlw", line 323, characters 13-119:
Sub-goal precondition of goal autotrustmixin___collect_map_typed_locals__f'vc.
Prover result is: Valid (0.01s, 4750 steps).

File "/home/fabrice/git/pycsl/scratchpad/w49/tmp/.pycsl_14_m841j.mlw", line 325, characters 8-61:
Sub-goal variant decrease of goal autotrustmixin___collect_map_typed_locals__f'vc.
Prover result is: Valid (0.01s, 53951 steps).

File "/home/fabrice/git/pycsl/scratchpad/w49/tmp/.pycsl_14_m841j.mlw", line 325, characters 8-61:
Sub-goal precondition of goal autotrustmixin___collect_map_typed_locals__f'vc.
Prover result is: Valid (0.01s, 4750 steps).

File "/home/fabrice/git/pycsl/scratchpad/w49/tmp/.pycsl_14_m841j.mlw", line 305, characters 32-36:
Sub-goal postcondition of goal autotrustmixin___collect_map_typed_locals__f'vc.
Prover result is: Valid (0.01s, 4750 steps).

File "/home/fabrice/git/pycsl/scratchpad/w49/tmp/.pycsl_14_m841j.mlw", line 325, characters 8-61:
Sub-goal variant decrease of goal autotrustmixin___collect_map_typed_locals__f'vc.
Prover result is: Valid (0.01s, 54761 steps).

File "/home/fabrice/git/pycsl/scratchpad/w49/tmp/.pycsl_14_m841j.mlw", line 325, characters 8-61:
Sub-goal precondition of goal autotrustmixin___collect_map_typed_locals__f'vc.
Prover result is: Valid (0.01s, 4782 steps).

File "/home/fabrice/git/pycsl/scratchpad/w49/tmp/.pycsl_14_m841j.mlw", line 305, characters 32-36:
Sub-goal postcondition of goal autotrustmixin___collect_map_typed_locals__f'vc.
Prover result is: Valid (0.00s, 4782 steps).

File "/home/fabrice/git/pycsl/scratchpad/w49/tmp/.pycsl_14_m841j.mlw", line 328, characters 32-36:
Sub-goal postcondition of goal autotrustmixin___collect_map_typed_locals__hf'vc.
Prover result is: Valid (0.00s, 4700 steps).

File "/home/fabrice/git/pycsl/scratchpad/w49/tmp/.pycsl_14_m841j.mlw", line 330, characters 47-149:
Sub-goal variant decrease of goal autotrustmixin___collect_map_typed_locals__hf'vc.
Prover result is: Valid (0.01s, 53307 steps).

File "/home/fabrice/git/pycsl/scratchpad/w49/tmp/.pycsl_14_m841j.mlw", line 330, characters 47-149:
Sub-goal precondition of goal autotrustmixin___collect_map_typed_locals__hf'vc.
Prover result is: Valid (0.00s, 4721 steps).

File "/home/fabrice/git/pycsl/scratchpad/w49/tmp/.pycsl_14_m841j.mlw", line 330, characters 166-220:
Sub-goal variant decrease of goal autotrustmixin___collect_map_typed_locals__hf'vc.
Prover result is: Valid (0.01s, 53215 steps).

File "/home/fabrice/git/pycsl/scratchpad/w49/tmp/.pycsl_14_m841j.mlw", line 330, characters 166-220:
Sub-goal precondition of goal autotrustmixin___collect_map_typed_locals__hf'vc.
Prover result is: Valid (0.00s, 4721 steps).

File "/home/fabrice/git/pycsl/scratchpad/w49/tmp/.pycsl_14_m841j.mlw", line 328, characters 32-36:
Sub-goal postcondition of goal autotrustmixin___collect_map_typed_locals__hf'vc.
Prover result is: Valid (0.00s, 4721 steps).

File "/home/fabrice/git/pycsl/scratchpad/w49/tmp/.pycsl_14_m841j.mlw", line 330, characters 166-220:
Sub-goal variant decrease of goal autotrustmixin___collect_map_typed_locals__hf'vc.
Prover result is: Valid (0.01s, 49535 steps).

File "/home/fabrice/git/pycsl/scratchpad/w49/tmp/.pycsl_14_m841j.mlw", line 330, characters 166-220:
Sub-goal precondition of goal autotrustmixin___collect_map_typed_locals__hf'vc.
Prover result is: Valid (0.00s, 4773 steps).

File "/home/fabrice/git/pycsl/scratchpad/w49/tmp/.pycsl_14_m841j.mlw", line 328, characters 32-36:
Sub-goal postcondition of goal autotrustmixin___collect_map_typed_locals__hf'vc.
Prover result is: Valid (0.01s, 4773 steps).

File "/home/fabrice/git/pycsl/scratchpad/w49/tmp/.pycsl_14_m841j.mlw", line 334, characters 36-87:
Sub-goal precondition of goal autotrustmixin___collect_map_typed_locals'vc.
Prover result is: Valid (0.00s, 4761 steps).

File "/home/fabrice/git/pycsl/scratchpad/w49/tmp/.pycsl_14_m841j.mlw", line 332, characters 32-36:
Sub-goal postcondition of goal autotrustmixin___collect_map_typed_locals'vc.
Prover result is: Valid (0.00s, 4770 steps).

File "/home/fabrice/git/pycsl/scratchpad/w49/tmp/.pycsl_14_m841j.mlw", line 332, characters 32-36:
Sub-goal postcondition of goal autotrustmixin___collect_map_typed_locals'vc.
Prover result is: Valid (0.01s, 4821 steps).

File "/home/fabrice/git/pycsl/scratchpad/w49/tmp/.pycsl_14_m841j.mlw", line 342, characters 24-74:
Sub-goal variant decrease of goal autotrustmixin___extract_array_lengths__gtype'vc.
Prover result is: Valid (0.01s, 13732 steps).

File "/home/fabrice/git/pycsl/scratchpad/w49/tmp/.pycsl_14_m841j.mlw", line 347, characters 24-72:
Sub-goal variant decrease of goal autotrustmixin___extract_array_lengths__gop'vc.
Prover result is: Valid (0.01s, 13732 steps).

File "/home/fabrice/git/pycsl/scratchpad/w49/tmp/.pycsl_14_m841j.mlw", line 352, characters 24-74:
Sub-goal variant decrease of goal autotrustmixin___extract_array_lengths__gleft'vc.
Prover result is: Valid (0.01s, 13732 steps).

File "/home/fabrice/git/pycsl/scratchpad/w49/tmp/.pycsl_14_m841j.mlw", line 357, characters 24-75:
Sub-goal variant decrease of goal autotrustmixin___extract_array_lengths__gright'vc.
Prover result is: Valid (0.00s, 13732 steps).

File "/home/fabrice/git/pycsl/scratchpad/w49/tmp/.pycsl_14_m841j.mlw", line 361, characters 69-118:
Sub-goal variant decrease of goal autotrustmixin___extract_array_lengths__gvar'vc.
Prover result is: Valid (0.00s, 13448 steps).

File "/home/fabrice/git/pycsl/scratchpad/w49/tmp/.pycsl_14_m841j.mlw", line 362, characters 24-73:
Sub-goal variant decrease of goal autotrustmixin___extract_array_lengths__gvar'vc.
Prover result is: Valid (0.01s, 13720 steps).

File "/home/fabrice/git/pycsl/scratchpad/w49/tmp/.pycsl_14_m841j.mlw", line 367, characters 24-75:
Sub-goal variant decrease of goal autotrustmixin___extract_array_lengths__gvalue'vc.
Prover result is: Valid (0.01s, 13732 steps).

File "/home/fabrice/git/pycsl/scratchpad/w49/tmp/.pycsl_14_m841j.mlw", line 371, characters 67-114:
Sub-goal variant decrease of goal autotrustmixin___extract_array_lengths__gn'vc.
Prover result is: Valid (0.01s, 13448 steps).

File "/home/fabrice/git/pycsl/scratchpad/w49/tmp/.pycsl_14_m841j.mlw", line 372, characters 24-71:
Sub-goal variant decrease of goal autotrustmixin___extract_array_lengths__gn'vc.
Prover result is: Valid (0.01s, 13720 steps).

File "/home/fabrice/git/pycsl/scratchpad/w49/tmp/.pycsl_14_m841j.mlw", line 399, characters 32-36:
Sub-goal postcondition of goal autotrustmixin___extract_array_lengths__f'vc.
Prover result is: Valid (0.00s, 4713 steps).

File "/home/fabrice/git/pycsl/scratchpad/w49/tmp/.pycsl_14_m841j.mlw", line 438, characters 8-58:
Sub-goal variant decrease of goal autotrustmixin___extract_array_lengths__f'vc.
Prover result is: Valid (0.01s, 16420 steps).

File "/home/fabrice/git/pycsl/scratchpad/w49/tmp/.pycsl_14_m841j.mlw", line 438, characters 8-58:
Sub-goal precondition of goal autotrustmixin___extract_array_lengths__f'vc.
Prover result is: Valid (0.00s, 5079 steps).

File "/home/fabrice/git/pycsl/scratchpad/w49/tmp/.pycsl_14_m841j.mlw", line 399, characters 32-36:
Sub-goal postcondition of goal autotrustmixin___extract_array_lengths__f'vc.
Prover result is: Valid (0.01s, 5079 steps).

File "/home/fabrice/git/pycsl/scratchpad/w49/tmp/.pycsl_14_m841j.mlw", line 438, characters 8-58:
Sub-goal variant decrease of goal autotrustmixin___extract_array_lengths__f'vc.
Prover result is: Valid (0.01s, 14909 steps).

File "/home/fabrice/git/pycsl/scratchpad/w49/tmp/.pycsl_14_m841j.mlw", line 438, characters 8-58:
Sub-goal precondition of goal autotrustmixin___extract_array_lengths__f'vc.
Prover result is: Valid (0.01s, 4649 steps).

File "/home/fabrice/git/pycsl/scratchpad/w49/tmp/.pycsl_14_m841j.mlw", line 399, characters 32-36:
Sub-goal postcondition of goal autotrustmixin___extract_array_lengths__f'vc.
Prover result is: Valid (0.01s, 4649 steps).

File "/home/fabrice/git/pycsl/scratchpad/w49/tmp/.pycsl_14_m841j.mlw", line 438, characters 8-58:
Sub-goal variant decrease of goal autotrustmixin___extract_array_lengths__f'vc.
Prover result is: Valid (0.00s, 6625 steps).

File "/home/fabrice/git/pycsl/scratchpad/w49/tmp/.pycsl_14_m841j.mlw", line 438, characters 8-58:
Sub-goal precondition of goal autotrustmixin___extract_array_lengths__f'vc.
Prover result is: Valid (0.00s, 4645 steps).

File "/home/fabrice/git/pycsl/scratchpad/w49/tmp/.pycsl_14_m841j.mlw", line 399, characters 32-36:
Sub-goal postcondition of goal autotrustmixin___extract_array_lengths__f'vc.
Prover result is: Valid (0.00s, 4645 steps).

File "/home/fabrice/git/pycsl/scratchpad/w49/tmp/.pycsl_14_m841j.mlw", line 438, characters 8-58:
Sub-goal variant decrease of goal autotrustmixin___extract_array_lengths__f'vc.
Prover result is: Valid (0.01s, 16503 steps).

File "/home/fabrice/git/pycsl/scratchpad/w49/tmp/.pycsl_14_m841j.mlw", line 438, characters 8-58:
Sub-goal precondition of goal autotrustmixin___extract_array_lengths__f'vc.
Prover result is: Valid (0.00s, 5080 steps).

File "/home/fabrice/git/pycsl/scratchpad/w49/tmp/.pycsl_14_m841j.mlw", line 399, characters 32-36:
Sub-goal postcondition of goal autotrustmixin___extract_array_lengths__f'vc.
Prover result is: Valid (0.00s, 5080 steps).

File "/home/fabrice/git/pycsl/scratchpad/w49/tmp/.pycsl_14_m841j.mlw", line 438, characters 8-58:
Sub-goal variant decrease of goal autotrustmixin___extract_array_lengths__f'vc.
Prover result is: Valid (0.01s, 14992 steps).

File "/home/fabrice/git/pycsl/scratchpad/w49/tmp/.pycsl_14_m841j.mlw", line 438, characters 8-58:
Sub-goal precondition of goal autotrustmixin___extract_array_lengths__f'vc.
Prover result is: Valid (0.01s, 4650 steps).

File "/home/fabrice/git/pycsl/scratchpad/w49/tmp/.pycsl_14_m841j.mlw", line 399, characters 32-36:
Sub-goal postcondition of goal autotrustmixin___extract_array_lengths__f'vc.
Prover result is: Valid (0.00s, 4650 steps).

File "/home/fabrice/git/pycsl/scratchpad/w49/tmp/.pycsl_14_m841j.mlw", line 438, characters 8-58:
Sub-goal variant decrease of goal autotrustmixin___extract_array_lengths__f'vc.
Prover result is: Valid (0.01s, 15087 steps).

File "/home/fabrice/git/pycsl/scratchpad/w49/tmp/.pycsl_14_m841j.mlw", line 438, characters 8-58:
Sub-goal precondition of goal autotrustmixin___extract_array_lengths__f'vc.
Prover result is: Valid (0.00s, 4675 steps).

File "/home/fabrice/git/pycsl/scratchpad/w49/tmp/.pycsl_14_m841j.mlw", line 399, characters 32-36:
Sub-goal postcondition of goal autotrustmixin___extract_array_lengths__f'vc.
Prover result is: Valid (0.01s, 4675 steps).

File "/home/fabrice/git/pycsl/scratchpad/w49/tmp/.pycsl_14_m841j.mlw", line 438, characters 8-58:
Sub-goal variant decrease of goal autotrustmixin___extract_array_lengths__f'vc.
Prover result is: Valid (0.01s, 14970 steps).

File "/home/fabrice/git/pycsl/scratchpad/w49/tmp/.pycsl_14_m841j.mlw", line 438, characters 8-58:
Sub-goal precondition of goal autotrustmixin___extract_array_lengths__f'vc.
Prover result is: Valid (0.00s, 4645 steps).

File "/home/fabrice/git/pycsl/scratchpad/w49/tmp/.pycsl_14_m841j.mlw", line 399, characters 32-36:
Sub-goal postcondition of goal autotrustmixin___extract_array_lengths__f'vc.
Prover result is: Valid (0.01s, 4645 steps).

File "/home/fabrice/git/pycsl/scratchpad/w49/tmp/.pycsl_14_m841j.mlw", line 438, characters 8-58:
Sub-goal variant decrease of goal autotrustmixin___extract_array_lengths__f'vc.
Prover result is: Valid (0.01s, 15371 steps).

File "/home/fabrice/git/pycsl/scratchpad/w49/tmp/.pycsl_14_m841j.mlw", line 438, characters 8-58:
Sub-goal precondition of goal autotrustmixin___extract_array_lengths__f'vc.
Prover result is: Valid (0.00s, 4771 steps).

File "/home/fabrice/git/pycsl/scratchpad/w49/tmp/.pycsl_14_m841j.mlw", line 399, characters 32-36:
Sub-goal postcondition of goal autotrustmixin___extract_array_lengths__f'vc.
Prover result is: Valid (0.00s, 4771 steps).

File "/home/fabrice/git/pycsl/scratchpad/w49/tmp/.pycsl_14_m841j.mlw", line 438, characters 8-58:
Sub-goal variant decrease of goal autotrustmixin___extract_array_lengths__f'vc.
Prover result is: Valid (0.00s, 13459 steps).

File "/home/fabrice/git/pycsl/scratchpad/w49/tmp/.pycsl_14_m841j.mlw", line 438, characters 8-58:
Sub-goal precondition of goal autotrustmixin___extract_array_lengths__f'vc.
Prover result is: Valid (0.01s, 4790 steps).

File "/home/fabrice/git/pycsl/scratchpad/w49/tmp/.pycsl_14_m841j.mlw", line 399, characters 32-36:
Sub-goal postcondition of goal autotrustmixin___extract_array_lengths__f'vc.
Prover result is: Valid (0.01s, 4790 steps).

File "/home/fabrice/git/pycsl/scratchpad/w49/tmp/.pycsl_14_m841j.mlw", line 438, characters 8-58:
Sub-goal variant decrease of goal autotrustmixin___extract_array_lengths__f'vc.
Prover result is: Valid (0.01s, 13261 steps).

File "/home/fabrice/git/pycsl/scratchpad/w49/tmp/.pycsl_14_m841j.mlw", line 438, characters 8-58:
Sub-goal precondition of goal autotrustmixin___extract_array_lengths__f'vc.
Prover result is: Valid (0.00s, 4721 steps).

File "/home/fabrice/git/pycsl/scratchpad/w49/tmp/.pycsl_14_m841j.mlw", line 399, characters 32-36:
Sub-goal postcondition of goal autotrustmixin___extract_array_lengths__f'vc.
Prover result is: Valid (0.01s, 4721 steps).

File "/home/fabrice/git/pycsl/scratchpad/w49/tmp/.pycsl_14_m841j.mlw", line 438, characters 8-58:
Sub-goal variant decrease of goal autotrustmixin___extract_array_lengths__f'vc.
Prover result is: Valid (0.01s, 13287 steps).

File "/home/fabrice/git/pycsl/scratchpad/w49/tmp/.pycsl_14_m841j.mlw", line 438, characters 8-58:
Sub-goal precondition of goal autotrustmixin___extract_array_lengths__f'vc.
Prover result is: Valid (0.00s, 4730 steps).

File "/home/fabrice/git/pycsl/scratchpad/w49/tmp/.pycsl_14_m841j.mlw", line 399, characters 32-36:
Sub-goal postcondition of goal autotrustmixin___extract_array_lengths__f'vc.
Prover result is: Valid (0.00s, 4730 steps).

File "/home/fabrice/git/pycsl/scratchpad/w49/tmp/.pycsl_14_m841j.mlw", line 438, characters 8-58:
Sub-goal variant decrease of goal autotrustmixin___extract_array_lengths__f'vc.
Prover result is: Valid (0.01s, 13459 steps).

File "/home/fabrice/git/pycsl/scratchpad/w49/tmp/.pycsl_14_m841j.mlw", line 438, characters 8-58:
Sub-goal precondition of goal autotrustmixin___extract_array_lengths__f'vc.
Prover result is: Valid (0.01s, 4790 steps).

File "/home/fabrice/git/pycsl/scratchpad/w49/tmp/.pycsl_14_m841j.mlw", line 399, characters 32-36:
Sub-goal postcondition of goal autotrustmixin___extract_array_lengths__f'vc.
Prover result is: Valid (0.01s, 4790 steps).

File "/home/fabrice/git/pycsl/scratchpad/w49/tmp/.pycsl_14_m841j.mlw", line 438, characters 8-58:
Sub-goal variant decrease of goal autotrustmixin___extract_array_lengths__f'vc.
Prover result is: Valid (0.01s, 13261 steps).

File "/home/fabrice/git/pycsl/scratchpad/w49/tmp/.pycsl_14_m841j.mlw", line 438, characters 8-58:
Sub-goal precondition of goal autotrustmixin___extract_array_lengths__f'vc.
Prover result is: Valid (0.01s, 4721 steps).

File "/home/fabrice/git/pycsl/scratchpad/w49/tmp/.pycsl_14_m841j.mlw", line 399, characters 32-36:
Sub-goal postcondition of goal autotrustmixin___extract_array_lengths__f'vc.
Prover result is: Valid (0.01s, 4721 steps).

File "/home/fabrice/git/pycsl/scratchpad/w49/tmp/.pycsl_14_m841j.mlw", line 438, characters 8-58:
Sub-goal variant decrease of goal autotrustmixin___extract_array_lengths__f'vc.
Prover result is: Valid (0.01s, 13443 steps).

File "/home/fabrice/git/pycsl/scratchpad/w49/tmp/.pycsl_14_m841j.mlw", line 438, characters 8-58:
Sub-goal precondition of goal autotrustmixin___extract_array_lengths__f'vc.
Prover result is: Valid (0.01s, 4786 steps).

File "/home/fabrice/git/pycsl/scratchpad/w49/tmp/.pycsl_14_m841j.mlw", line 399, characters 32-36:
Sub-goal postcondition of goal autotrustmixin___extract_array_lengths__f'vc.
Prover result is: Valid (0.00s, 4786 steps).

File "/home/fabrice/git/pycsl/scratchpad/w49/tmp/.pycsl_14_m841j.mlw", line 443, characters 35-83:
Sub-goal precondition of goal autotrustmixin___extract_array_lengths'vc.
Prover result is: Valid (0.00s, 4761 steps).

File "/home/fabrice/git/pycsl/scratchpad/w49/tmp/.pycsl_14_m841j.mlw", line 441, characters 32-36:
Sub-goal postcondition of goal autotrustmixin___extract_array_lengths'vc.
Prover result is: Valid (0.01s, 4774 steps).

File "/home/fabrice/git/pycsl/scratchpad/w49/tmp/.pycsl_14_m841j.mlw", line 441, characters 32-36:
Sub-goal postcondition of goal autotrustmixin___extract_array_lengths'vc.
Prover result is: Valid (0.00s, 4821 steps).

File "/home/fabrice/git/pycsl/scratchpad/w49/tmp/.pycsl_14_m841j.mlw", line 452, characters 24-70:
Sub-goal variant decrease of goal autotrustmixin___has_set_op_on_map__gtype'vc.
Prover result is: Valid (0.01s, 13748 steps).

File "/home/fabrice/git/pycsl/scratchpad/w49/tmp/.pycsl_14_m841j.mlw", line 452, characters 24-70:
Sub-goal variant decrease of goal autotrustmixin___has_set_op_on_map__gtype'vc.
Prover result is: Valid (0.01s, 13600 steps).

File "/home/fabrice/git/pycsl/scratchpad/w49/tmp/.pycsl_14_m841j.mlw", line 459, characters 24-70:
Sub-goal variant decrease of goal autotrustmixin___has_set_op_on_map__gname'vc.
Prover result is: Valid (0.01s, 13748 steps).

File "/home/fabrice/git/pycsl/scratchpad/w49/tmp/.pycsl_14_m841j.mlw", line 459, characters 24-70:
Sub-goal variant decrease of goal autotrustmixin___has_set_op_on_map__gname'vc.
Prover result is: Valid (0.01s, 13600 steps).

File "/home/fabrice/git/pycsl/scratchpad/w49/tmp/.pycsl_14_m841j.mlw", line 465, characters 79-125:
Sub-goal variant decrease of goal autotrustmixin___has_set_op_on_map__gstmt'vc.
Prover result is: Valid (0.01s, 13464 steps).

File "/home/fabrice/git/pycsl/scratchpad/w49/tmp/.pycsl_14_m841j.mlw", line 466, characters 24-70:
Sub-goal variant decrease of goal autotrustmixin___has_set_op_on_map__gstmt'vc.
Prover result is: Valid (0.01s, 13736 steps).

File "/home/fabrice/git/pycsl/scratchpad/w49/tmp/.pycsl_14_m841j.mlw", line 466, characters 24-70:
Sub-goal variant decrease of goal autotrustmixin___has_set_op_on_map__gstmt'vc.
Prover result is: Valid (0.01s, 13600 steps).

File "/home/fabrice/git/pycsl/scratchpad/w49/tmp/.pycsl_14_m841j.mlw", line 473, characters 24-68:
Sub-goal variant decrease of goal autotrustmixin___has_set_op_on_map__gop'vc.
Prover result is: Valid (0.01s, 13748 steps).

File "/home/fabrice/git/pycsl/scratchpad/w49/tmp/.pycsl_14_m841j.mlw", line 473, characters 24-68:
Sub-goal variant decrease of goal autotrustmixin___has_set_op_on_map__gop'vc.
Prover result is: Valid (0.01s, 13600 steps).

File "/home/fabrice/git/pycsl/scratchpad/w49/tmp/.pycsl_14_m841j.mlw", line 480, characters 24-70:
Sub-goal variant decrease of goal autotrustmixin___has_set_op_on_map__gleft'vc.
Prover result is: Valid (0.01s, 13732 steps).

File "/home/fabrice/git/pycsl/scratchpad/w49/tmp/.pycsl_14_m841j.mlw", line 487, characters 24-71:
Sub-goal variant decrease of goal autotrustmixin___has_set_op_on_map__gright'vc.
Prover result is: Valid (0.00s, 13732 steps).

File "/home/fabrice/git/pycsl/scratchpad/w49/tmp/.pycsl_14_m841j.mlw", line 493, characters 72-118:
Sub-goal variant decrease of goal autotrustmixin___has_set_op_on_map__giter'vc.
Prover result is: Valid (0.01s, 13448 steps).

File "/home/fabrice/git/pycsl/scratchpad/w49/tmp/.pycsl_14_m841j.mlw", line 494, characters 24-70:
Sub-goal variant decrease of goal autotrustmixin___has_set_op_on_map__giter'vc.
Prover result is: Valid (0.01s, 13720 steps).

File "/home/fabrice/git/pycsl/scratchpad/w49/tmp/.pycsl_14_m841j.mlw", line 500, characters 72-118:
Sub-goal variant decrease of goal autotrustmixin___has_set_op_on_map__gtest'vc.
Prover result is: Valid (0.01s, 13448 steps).

File "/home/fabrice/git/pycsl/scratchpad/w49/tmp/.pycsl_14_m841j.mlw", line 501, characters 24-70:
Sub-goal variant decrease of goal autotrustmixin___has_set_op_on_map__gtest'vc.
Prover result is: Valid (0.01s, 13720 steps).

File "/home/fabrice/git/pycsl/scratchpad/w49/tmp/.pycsl_14_m841j.mlw", line 504, characters 32-36:
Sub-goal postcondition of goal autotrustmixin___has_set_op_on_map__ym'vc.
Prover result is: Valid (0.01s, 4752 steps).

File "/home/fabrice/git/pycsl/scratchpad/w49/tmp/.pycsl_14_m841j.mlw", line 517, characters 91-147:
Sub-goal precondition of goal autotrustmixin___has_set_op_on_map'vc.
Prover result is: Valid (0.01s, 4787 steps).

File "/home/fabrice/git/pycsl/scratchpad/w49/tmp/.pycsl_14_m841j.mlw", line 518, characters 95-151:
Sub-goal precondition of goal autotrustmixin___has_set_op_on_map'vc.
Prover result is: Valid (0.01s, 4723 steps).

File "/home/fabrice/git/pycsl/scratchpad/w49/tmp/.pycsl_14_m841j.mlw", line 520, characters 90-146:
Sub-goal precondition of goal autotrustmixin___has_set_op_on_map'vc.
Prover result is: Valid (0.01s, 4815 steps).

File "/home/fabrice/git/pycsl/scratchpad/w49/tmp/.pycsl_14_m841j.mlw", line 524, characters 13-72:
Sub-goal variant decrease of goal autotrustmixin___has_set_op_on_map'vc.
Prover result is: Valid (0.02s, 58719 steps).

File "/home/fabrice/git/pycsl/scratchpad/w49/tmp/.pycsl_14_m841j.mlw", line 524, characters 13-72:
Sub-goal precondition of goal autotrustmixin___has_set_op_on_map'vc.
Prover result is: Valid (0.00s, 4901 steps).

File "/home/fabrice/git/pycsl/scratchpad/w49/tmp/.pycsl_14_m841j.mlw", line 525, characters 18-78:
Sub-goal variant decrease of goal autotrustmixin___has_set_op_on_map'vc.
Prover result is: Valid (0.01s, 50387 steps).

File "/home/fabrice/git/pycsl/scratchpad/w49/tmp/.pycsl_14_m841j.mlw", line 525, characters 18-78:
Sub-goal precondition of goal autotrustmixin___has_set_op_on_map'vc.
Prover result is: Valid (0.01s, 4761 steps).

File "/home/fabrice/git/pycsl/scratchpad/w49/tmp/.pycsl_14_m841j.mlw", line 512, characters 32-36:
Sub-goal postcondition of goal autotrustmixin___has_set_op_on_map'vc.
Prover result is: Valid (0.00s, 4752 steps).

File "/home/fabrice/git/pycsl/scratchpad/w49/tmp/.pycsl_14_m841j.mlw", line 533, characters 33-85:
Sub-goal variant decrease of goal autotrustmixin___has_set_op_on_map__dfold'vc.
Prover result is: Valid (0.01s, 54074 steps).

File "/home/fabrice/git/pycsl/scratchpad/w49/tmp/.pycsl_14_m841j.mlw", line 533, characters 33-85:
Sub-goal precondition of goal autotrustmixin___has_set_op_on_map__dfold'vc.
Prover result is: Valid (0.01s, 4784 steps).

File "/home/fabrice/git/pycsl/scratchpad/w49/tmp/.pycsl_14_m841j.mlw", line 533, characters 100-160:
Sub-goal variant decrease of goal autotrustmixin___has_set_op_on_map__dfold'vc.
Prover result is: Valid (0.01s, 54136 steps).

File "/home/fabrice/git/pycsl/scratchpad/w49/tmp/.pycsl_14_m841j.mlw", line 533, characters 100-160:
Sub-goal precondition of goal autotrustmixin___has_set_op_on_map__dfold'vc.
Prover result is: Valid (0.00s, 4784 steps).

File "/home/fabrice/git/pycsl/scratchpad/w49/tmp/.pycsl_14_m841j.mlw", line 534, characters 11-73:
Sub-goal variant decrease of goal autotrustmixin___has_set_op_on_map__dfold'vc.
Prover result is: Valid (0.02s, 58150 steps).

File "/home/fabrice/git/pycsl/scratchpad/w49/tmp/.pycsl_14_m841j.mlw", line 534, characters 11-73:
Sub-goal precondition of goal autotrustmixin___has_set_op_on_map__dfold'vc.
Prover result is: Valid (0.00s, 4866 steps).

File "/home/fabrice/git/pycsl/scratchpad/w49/tmp/.pycsl_14_m841j.mlw", line 529, characters 32-36:
Sub-goal postcondition of goal autotrustmixin___has_set_op_on_map__dfold'vc.
Prover result is: Valid (0.01s, 4752 steps).

File "/home/fabrice/git/pycsl/scratchpad/w49/tmp/.pycsl_14_m841j.mlw", line 538, characters 18-70:
Sub-goal variant decrease of goal autotrustmixin___has_set_op_on_map__lfold'vc.
Prover result is: Valid (0.01s, 53003 steps).

File "/home/fabrice/git/pycsl/scratchpad/w49/tmp/.pycsl_14_m841j.mlw", line 538, characters 18-70:
Sub-goal precondition of goal autotrustmixin___has_set_op_on_map__lfold'vc.
Prover result is: Valid (0.00s, 4704 steps).

File "/home/fabrice/git/pycsl/scratchpad/w49/tmp/.pycsl_14_m841j.mlw", line 538, characters 74-133:
Sub-goal variant decrease of goal autotrustmixin___has_set_op_on_map__lfold'vc.
Prover result is: Valid (0.02s, 53072 steps).

File "/home/fabrice/git/pycsl/scratchpad/w49/tmp/.pycsl_14_m841j.mlw", line 538, characters 74-133:
Sub-goal precondition of goal autotrustmixin___has_set_op_on_map__lfold'vc.
Prover result is: Valid (0.00s, 4713 steps).

File "/home/fabrice/git/pycsl/scratchpad/w49/tmp/.pycsl_14_m841j.mlw", line 536, characters 32-36:
Sub-goal postcondition of goal autotrustmixin___has_set_op_on_map__lfold'vc.
Prover result is: Valid (0.01s, 4752 steps).

File "/home/fabrice/git/pycsl/scratchpad/w49/tmp/.pycsl_14_m841j.mlw", line 545, characters 24-71:
Sub-goal variant decrease of goal autotrustmixin___is_linear_expr__chk_gtype'vc.
Prover result is: Valid (0.01s, 13748 steps).

File "/home/fabrice/git/pycsl/scratchpad/w49/tmp/.pycsl_14_m841j.mlw", line 545, characters 24-71:
Sub-goal variant decrease of goal autotrustmixin___is_linear_expr__chk_gtype'vc.
Prover result is: Valid (0.01s, 13930 steps).

File "/home/fabrice/git/pycsl/scratchpad/w49/tmp/.pycsl_14_m841j.mlw", line 553, characters 24-69:
Sub-goal variant decrease of goal autotrustmixin___is_linear_expr__chk_gop'vc.
Prover result is: Valid (0.01s, 13748 steps).

File "/home/fabrice/git/pycsl/scratchpad/w49/tmp/.pycsl_14_m841j.mlw", line 553, characters 24-69:
Sub-goal variant decrease of goal autotrustmixin___is_linear_expr__chk_gop'vc.
Prover result is: Valid (0.01s, 13930 steps).

File "/home/fabrice/git/pycsl/scratchpad/w49/tmp/.pycsl_14_m841j.mlw", line 561, characters 24-72:
Sub-goal variant decrease of goal autotrustmixin___is_linear_expr__chk_gvalue'vc.
Prover result is: Valid (0.01s, 13732 steps).

File "/home/fabrice/git/pycsl/scratchpad/w49/tmp/.pycsl_14_m841j.mlw", line 557, characters 14-85:
Sub-goal postcondition of goal autotrustmixin___is_linear_expr__chk_gvalue'vc.
Prover result is: Valid (0.02s, 47786 steps).

File "/home/fabrice/git/pycsl/scratchpad/w49/tmp/.pycsl_14_m841j.mlw", line 568, characters 67-111:
Sub-goal variant decrease of goal autotrustmixin___is_linear_expr__chk_gn'vc.
Prover result is: Valid (0.01s, 13448 steps).

File "/home/fabrice/git/pycsl/scratchpad/w49/tmp/.pycsl_14_m841j.mlw", line 569, characters 24-68:
Sub-goal variant decrease of goal autotrustmixin___is_linear_expr__chk_gn'vc.
Prover result is: Valid (0.01s, 13720 steps).

File "/home/fabrice/git/pycsl/scratchpad/w49/tmp/.pycsl_14_m841j.mlw", line 565, characters 14-85:
Sub-goal postcondition of goal autotrustmixin___is_linear_expr__chk_gn'vc.
Prover result is: Valid (0.02s, 51941 steps).

File "/home/fabrice/git/pycsl/scratchpad/w49/tmp/.pycsl_14_m841j.mlw", line 577, characters 24-71:
Sub-goal variant decrease of goal autotrustmixin___is_linear_expr__chk_gleft'vc.
Prover result is: Valid (0.01s, 13732 steps).

File "/home/fabrice/git/pycsl/scratchpad/w49/tmp/.pycsl_14_m841j.mlw", line 573, characters 14-85:
Sub-goal postcondition of goal autotrustmixin___is_linear_expr__chk_gleft'vc.
Prover result is: Valid (0.02s, 47786 steps).

File "/home/fabrice/git/pycsl/scratchpad/w49/tmp/.pycsl_14_m841j.mlw", line 585, characters 24-72:
Sub-goal variant decrease of goal autotrustmixin___is_linear_expr__chk_gright'vc.
Prover result is: Valid (0.01s, 13732 steps).

File "/home/fabrice/git/pycsl/scratchpad/w49/tmp/.pycsl_14_m841j.mlw", line 581, characters 14-85:
Sub-goal postcondition of goal autotrustmixin___is_linear_expr__chk_gright'vc.
Prover result is: Valid (0.02s, 47786 steps).

File "/home/fabrice/git/pycsl/scratchpad/w49/tmp/.pycsl_14_m841j.mlw", line 592, characters 70-117:
Sub-goal variant decrease of goal autotrustmixin___is_linear_expr__chk_gexpr'vc.
Prover result is: Valid (0.01s, 13448 steps).

File "/home/fabrice/git/pycsl/scratchpad/w49/tmp/.pycsl_14_m841j.mlw", line 593, characters 24-71:
Sub-goal variant decrease of goal autotrustmixin___is_linear_expr__chk_gexpr'vc.
Prover result is: Valid (0.01s, 13720 steps).

File "/home/fabrice/git/pycsl/scratchpad/w49/tmp/.pycsl_14_m841j.mlw", line 589, characters 14-85:
Sub-goal postcondition of goal autotrustmixin___is_linear_expr__chk_gexpr'vc.
Prover result is: Valid (0.02s, 51941 steps).

File "/home/fabrice/git/pycsl/scratchpad/w49/tmp/.pycsl_14_m841j.mlw", line 600, characters 73-123:
Sub-goal variant decrease of goal autotrustmixin___is_linear_expr__chk_goperand'vc.
Prover result is: Valid (0.01s, 13448 steps).

File "/home/fabrice/git/pycsl/scratchpad/w49/tmp/.pycsl_14_m841j.mlw", line 601, characters 24-74:
Sub-goal variant decrease of goal autotrustmixin___is_linear_expr__chk_goperand'vc.
Prover result is: Valid (0.01s, 13720 steps).

File "/home/fabrice/git/pycsl/scratchpad/w49/tmp/.pycsl_14_m841j.mlw", line 597, characters 14-85:
Sub-goal postcondition of goal autotrustmixin___is_linear_expr__chk_goperand'vc.
Prover result is: Valid (0.01s, 51941 steps).

File "/home/fabrice/git/pycsl/scratchpad/w49/tmp/.pycsl_14_m841j.mlw", line 616, characters 80-119:
Sub-goal variant decrease of goal autotrustmixin___is_linear_expr__chk'vc.
Prover result is: Valid (0.02s, 56198 steps).

File "/home/fabrice/git/pycsl/scratchpad/w49/tmp/.pycsl_14_m841j.mlw", line 616, characters 80-119:
Sub-goal precondition of goal autotrustmixin___is_linear_expr__chk'vc.
Prover result is: Valid (0.01s, 4920 steps).

File "/home/fabrice/git/pycsl/scratchpad/w49/tmp/.pycsl_14_m841j.mlw", line 617, characters 84-123:
Sub-goal variant decrease of goal autotrustmixin___is_linear_expr__chk'vc.
Prover result is: Valid (0.02s, 55374 steps).

File "/home/fabrice/git/pycsl/scratchpad/w49/tmp/.pycsl_14_m841j.mlw", line 617, characters 84-123:
Sub-goal precondition of goal autotrustmixin___is_linear_expr__chk'vc.
Prover result is: Valid (0.00s, 4868 steps).

File "/home/fabrice/git/pycsl/scratchpad/w49/tmp/.pycsl_14_m841j.mlw", line 621, characters 92-131:
Sub-goal variant decrease of goal autotrustmixin___is_linear_expr__chk'vc.
Prover result is: Valid (0.02s, 62505 steps).

File "/home/fabrice/git/pycsl/scratchpad/w49/tmp/.pycsl_14_m841j.mlw", line 621, characters 92-131:
Sub-goal precondition of goal autotrustmixin___is_linear_expr__chk'vc.
Prover result is: Valid (0.01s, 5529 steps).

File "/home/fabrice/git/pycsl/scratchpad/w49/tmp/.pycsl_14_m841j.mlw", line 622, characters 96-135:
Sub-goal variant decrease of goal autotrustmixin___is_linear_expr__chk'vc.
Prover result is: Valid (0.02s, 65244 steps).

File "/home/fabrice/git/pycsl/scratchpad/w49/tmp/.pycsl_14_m841j.mlw", line 622, characters 96-135:
Sub-goal precondition of goal autotrustmixin___is_linear_expr__chk'vc.
Prover result is: Valid (0.01s, 5538 steps).

File "/home/fabrice/git/pycsl/scratchpad/w49/tmp/.pycsl_14_m841j.mlw", line 628, characters 79-117:
Sub-goal variant decrease of goal autotrustmixin___is_linear_expr__chk'vc.
Prover result is: Valid (0.02s, 56228 steps).

File "/home/fabrice/git/pycsl/scratchpad/w49/tmp/.pycsl_14_m841j.mlw", line 628, characters 79-117:
Sub-goal precondition of goal autotrustmixin___is_linear_expr__chk'vc.
Prover result is: Valid (0.01s, 4929 steps).

File "/home/fabrice/git/pycsl/scratchpad/w49/tmp/.pycsl_14_m841j.mlw", line 629, characters 93-131:
Sub-goal variant decrease of goal autotrustmixin___is_linear_expr__chk'vc.
Prover result is: Valid (0.02s, 56229 steps).

File "/home/fabrice/git/pycsl/scratchpad/w49/tmp/.pycsl_14_m841j.mlw", line 629, characters 93-131:
Sub-goal precondition of goal autotrustmixin___is_linear_expr__chk'vc.
Prover result is: Valid (0.01s, 4930 steps).

File "/home/fabrice/git/pycsl/scratchpad/w49/tmp/.pycsl_14_m841j.mlw", line 632, characters 77-115:
Sub-goal variant decrease of goal autotrustmixin___is_linear_expr__chk'vc.
Prover result is: Valid (0.02s, 56248 steps).

File "/home/fabrice/git/pycsl/scratchpad/w49/tmp/.pycsl_14_m841j.mlw", line 632, characters 77-115:
Sub-goal precondition of goal autotrustmixin___is_linear_expr__chk'vc.
Prover result is: Valid (0.01s, 4928 steps).

File "/home/fabrice/git/pycsl/scratchpad/w49/tmp/.pycsl_14_m841j.mlw", line 604, characters 32-36:
Sub-goal postcondition of goal autotrustmixin___is_linear_expr__chk'vc.
Prover result is: Valid (0.01s, 4752 steps).

File "/home/fabrice/git/pycsl/scratchpad/w49/tmp/.pycsl_14_m841j.mlw", line 638, characters 4-45:
Sub-goal precondition of goal autotrustmixin___is_linear_expr'vc.
Prover result is: Valid (0.01s, 4752 steps).

File "/home/fabrice/git/pycsl/scratchpad/w49/tmp/.pycsl_14_m841j.mlw", line 637, characters 32-36:
Sub-goal postcondition of goal autotrustmixin___is_linear_expr'vc.
Prover result is: Valid (0.01s, 4752 steps).

File "/home/fabrice/git/pycsl/scratchpad/w49/tmp/.pycsl_14_m841j.mlw", line 642, characters 85-122:
Sub-goal variant decrease of goal autotrustmixin___is_linear_vc__fold'vc.
Prover result is: Valid (0.02s, 53044 steps).

File "/home/fabrice/git/pycsl/scratchpad/w49/tmp/.pycsl_14_m841j.mlw", line 642, characters 85-122:
Sub-goal precondition of goal autotrustmixin___is_linear_vc__fold'vc.
Prover result is: Valid (0.01s, 4704 steps).

File "/home/fabrice/git/pycsl/scratchpad/w49/tmp/.pycsl_14_m841j.mlw", line 641, characters 32-36:
Sub-goal postcondition of goal autotrustmixin___is_linear_vc__fold'vc.
Prover result is: Valid (0.01s, 4752 steps).

File "/home/fabrice/git/pycsl/scratchpad/w49/tmp/.pycsl_14_m841j.mlw", line 645, characters 4-53:
Sub-goal precondition of goal autotrustmixin___is_linear_vc'vc.
Prover result is: Valid (0.01s, 4752 steps).

File "/home/fabrice/git/pycsl/scratchpad/w49/tmp/.pycsl_14_m841j.mlw", line 645, characters 57-107:
Sub-goal precondition of goal autotrustmixin___is_linear_vc'vc.
Prover result is: Valid (0.01s, 4752 steps).

File "/home/fabrice/git/pycsl/scratchpad/w49/tmp/.pycsl_14_m841j.mlw", line 644, characters 32-36:
Sub-goal postcondition of goal autotrustmixin___is_linear_vc'vc.
Prover result is: Valid (0.01s, 4752 steps).

File "/home/fabrice/git/pycsl/scratchpad/w49/tmp/.pycsl_14_m841j.mlw", line 648, characters 15-19:
Sub-goal postcondition of goal autotrustmixin___should_auto_trust_array_return'vc.
Prover result is: Valid (0.01s, 4796 steps).

File "/home/fabrice/git/pycsl/scratchpad/w49/tmp/.pycsl_14_m841j.mlw", line 648, characters 15-19:
Sub-goal postcondition of goal autotrustmixin___should_auto_trust_array_return'vc.
Prover result is: Valid (0.01s, 4811 steps).

File "/home/fabrice/git/pycsl/scratchpad/w49/tmp/.pycsl_14_m841j.mlw", line 660, characters 15-19:
Sub-goal postcondition of goal autotrustmixin___should_auto_trust_map_return'vc.
Prover result is: Valid (0.01s, 4774 steps).

File "/home/fabrice/git/pycsl/scratchpad/w49/tmp/.pycsl_14_m841j.mlw", line 660, characters 15-19:
Sub-goal postcondition of goal autotrustmixin___should_auto_trust_map_return'vc.
Prover result is: Valid (0.01s, 5281 steps).

File "/home/fabrice/git/pycsl/scratchpad/w49/tmp/.pycsl_14_m841j.mlw", line 672, characters 15-19:
Sub-goal postcondition of goal autotrustmixin___should_auto_trust_set_op'vc.
Prover result is: Valid (0.01s, 4761 steps).

File "/home/fabrice/git/pycsl/scratchpad/w49/tmp/.pycsl_14_m841j.mlw", line 672, characters 15-19:
Sub-goal postcondition of goal autotrustmixin___should_auto_trust_set_op'vc.
Prover result is: Valid (0.01s, 4770 steps).

File "/home/fabrice/git/pycsl/scratchpad/w49/tmp/.pycsl_14_m841j.mlw", line 693, characters 24-70:
Sub-goal variant decrease of goal autotrustmixin___test_contains_map__gtype'vc.
Prover result is: Valid (0.01s, 13748 steps).

File "/home/fabrice/git/pycsl/scratchpad/w49/tmp/.pycsl_14_m841j.mlw", line 693, characters 24-70:
Sub-goal variant decrease of goal autotrustmixin___test_contains_map__gtype'vc.
Prover result is: Valid (0.01s, 13600 steps).

File "/home/fabrice/git/pycsl/scratchpad/w49/tmp/.pycsl_14_m841j.mlw", line 698, characters 24-70:
Sub-goal variant decrease of goal autotrustmixin___test_contains_map__gname'vc.
Prover result is: Valid (0.01s, 13748 steps).

File "/home/fabrice/git/pycsl/scratchpad/w49/tmp/.pycsl_14_m841j.mlw", line 698, characters 24-70:
Sub-goal variant decrease of goal autotrustmixin___test_contains_map__gname'vc.
Prover result is: Valid (0.01s, 13600 steps).

File "/home/fabrice/git/pycsl/scratchpad/w49/tmp/.pycsl_14_m841j.mlw", line 705, characters 77-129:
Sub-goal variant decrease of goal autotrustmixin___test_contains_map'vc.
Prover result is: Valid (0.02s, 56287 steps).

File "/home/fabrice/git/pycsl/scratchpad/w49/tmp/.pycsl_14_m841j.mlw", line 705, characters 77-129:
Sub-goal precondition of goal autotrustmixin___test_contains_map'vc.
Prover result is: Valid (0.01s, 4826 steps).

File "/home/fabrice/git/pycsl/scratchpad/w49/tmp/.pycsl_14_m841j.mlw", line 705, characters 239-291:
Sub-goal variant decrease of goal autotrustmixin___test_contains_map'vc.
Prover result is: Valid (0.02s, 55828 steps).

File "/home/fabrice/git/pycsl/scratchpad/w49/tmp/.pycsl_14_m841j.mlw", line 705, characters 239-291:
Sub-goal precondition of goal autotrustmixin___test_contains_map'vc.
Prover result is: Valid (0.01s, 4909 steps).

File "/home/fabrice/git/pycsl/scratchpad/w49/tmp/.pycsl_14_m841j.mlw", line 705, characters 401-453:
Sub-goal variant decrease of goal autotrustmixin___test_contains_map'vc.
Prover result is: Valid (0.02s, 58598 steps).

File "/home/fabrice/git/pycsl/scratchpad/w49/tmp/.pycsl_14_m841j.mlw", line 705, characters 401-453:
Sub-goal precondition of goal autotrustmixin___test_contains_map'vc.
Prover result is: Valid (0.01s, 5077 steps).

File "/home/fabrice/git/pycsl/scratchpad/w49/tmp/.pycsl_14_m841j.mlw", line 711, characters 15-74:
Sub-goal variant decrease of goal autotrustmixin___test_contains_map'vc.
Prover result is: Valid (0.02s, 64816 steps).

File "/home/fabrice/git/pycsl/scratchpad/w49/tmp/.pycsl_14_m841j.mlw", line 711, characters 15-74:
Sub-goal precondition of goal autotrustmixin___test_contains_map'vc.
Prover result is: Valid (0.00s, 5273 steps).

File "/home/fabrice/git/pycsl/scratchpad/w49/tmp/.pycsl_14_m841j.mlw", line 700, characters 32-36:
Sub-goal postcondition of goal autotrustmixin___test_contains_map'vc.
Prover result is: Valid (0.01s, 4761 steps).

File "/home/fabrice/git/pycsl/scratchpad/w49/tmp/.pycsl_14_m841j.mlw", line 719, characters 33-85:
Sub-goal variant decrease of goal autotrustmixin___test_contains_map__dfold'vc.
Prover result is: Valid (0.02s, 54074 steps).

File "/home/fabrice/git/pycsl/scratchpad/w49/tmp/.pycsl_14_m841j.mlw", line 719, characters 33-85:
Sub-goal precondition of goal autotrustmixin___test_contains_map__dfold'vc.
Prover result is: Valid (0.01s, 4784 steps).

File "/home/fabrice/git/pycsl/scratchpad/w49/tmp/.pycsl_14_m841j.mlw", line 719, characters 100-160:
Sub-goal variant decrease of goal autotrustmixin___test_contains_map__dfold'vc.
Prover result is: Valid (0.02s, 54136 steps).

File "/home/fabrice/git/pycsl/scratchpad/w49/tmp/.pycsl_14_m841j.mlw", line 719, characters 100-160:
Sub-goal precondition of goal autotrustmixin___test_contains_map__dfold'vc.
Prover result is: Valid (0.01s, 4784 steps).

File "/home/fabrice/git/pycsl/scratchpad/w49/tmp/.pycsl_14_m841j.mlw", line 720, characters 11-73:
Sub-goal variant decrease of goal autotrustmixin___test_contains_map__dfold'vc.
Prover result is: Valid (0.02s, 58150 steps).

File "/home/fabrice/git/pycsl/scratchpad/w49/tmp/.pycsl_14_m841j.mlw", line 720, characters 11-73:
Sub-goal precondition of goal autotrustmixin___test_contains_map__dfold'vc.
Prover result is: Valid (0.01s, 4866 steps).

File "/home/fabrice/git/pycsl/scratchpad/w49/tmp/.pycsl_14_m841j.mlw", line 715, characters 32-36:
Sub-goal postcondition of goal autotrustmixin___test_contains_map__dfold'vc.
Prover result is: Valid (0.01s, 4752 steps).

File "/home/fabrice/git/pycsl/scratchpad/w49/tmp/.pycsl_14_m841j.mlw", line 724, characters 18-70:
Sub-goal variant decrease of goal autotrustmixin___test_contains_map__lfold'vc.
Prover result is: Valid (0.02s, 53003 steps).

File "/home/fabrice/git/pycsl/scratchpad/w49/tmp/.pycsl_14_m841j.mlw", line 724, characters 18-70:
Sub-goal precondition of goal autotrustmixin___test_contains_map__lfold'vc.
Prover result is: Valid (0.01s, 4704 steps).

File "/home/fabrice/git/pycsl/scratchpad/w49/tmp/.pycsl_14_m841j.mlw", line 724, characters 74-133:
Sub-goal variant decrease of goal autotrustmixin___test_contains_map__lfold'vc.
Prover result is: Valid (0.01s, 53072 steps).

File "/home/fabrice/git/pycsl/scratchpad/w49/tmp/.pycsl_14_m841j.mlw", line 724, characters 74-133:
Sub-goal precondition of goal autotrustmixin___test_contains_map__lfold'vc.
Prover result is: Valid (0.01s, 4713 steps).

File "/home/fabrice/git/pycsl/scratchpad/w49/tmp/.pycsl_14_m841j.mlw", line 722, characters 32-36:
Sub-goal postcondition of goal autotrustmixin___test_contains_map__lfold'vc.
Prover result is: Valid (0.01s, 4752 steps).

Warnings/Errors from Why3:
Warning, file "/home/fabrice/git/pycsl/scratchpad/w49/tmp/.pycsl_14_m841j.mlw", line 241, characters 42-46: unused variable self
Warning, file "/home/fabrice/git/pycsl/scratchpad/w49/tmp/.pycsl_14_m841j.mlw", line 241, characters 65-76: unused variable field_names
Warning, file "/home/fabrice/git/pycsl/scratchpad/w49/tmp/.pycsl_14_m841j.mlw", line 241, characters 93-97: unused variable vals
Warning, file "/home/fabrice/git/pycsl/scratchpad/w49/tmp/.pycsl_14_m841j.mlw", line 241, characters 105-116: unused variable field_types
Warning, file "/home/fabrice/git/pycsl/scratchpad/w49/tmp/.pycsl_14_m841j.mlw", line 241, characters 124-137: unused variable array_lengths
Warning, file "/home/fabrice/git/pycsl/scratchpad/w49/tmp/.pycsl_14_m841j.mlw", line 241, characters 145-165: unused variable array_elem_witnesses
Warning, file "/home/fabrice/git/pycsl/scratchpad/w49/tmp/.pycsl_14_m841j.mlw", line 243, characters 15-19: unused variable result
Warning, file "/home/fabrice/git/pycsl/scratchpad/w49/tmp/.pycsl_14_m841j.mlw", line 245, characters 43-47: unused variable self
Warning, file "/home/fabrice/git/pycsl/scratchpad/w49/tmp/.pycsl_14_m841j.mlw", line 245, characters 66-70: unused variable vals
Warning, file "/home/fabrice/git/pycsl/scratchpad/w49/tmp/.pycsl_14_m841j.mlw", line 245, characters 78-82: unused variable invs
Warning, file "/home/fabrice/git/pycsl/scratchpad/w49/tmp/.pycsl_14_m841j.mlw", line 245, characters 96-107: unused variable field_names
Warning, file "/home/fabrice/git/pycsl/scratchpad/w49/tmp/.pycsl_14_m841j.mlw", line 247, characters 15-19: unused variable result
Warning, file "/home/fabrice/git/pycsl/scratchpad/w49/tmp/.pycsl_14_m841j.mlw", line 331, characters 49-53: unused variable self
Warning, file "/home/fabrice/git/pycsl/scratchpad/w49/tmp/.pycsl_14_m841j.mlw", line 332, characters 32-36: unused variable result
Warning, file "/home/fabrice/git/pycsl/scratchpad/w49/tmp/.pycsl_14_m841j.mlw", line 440, characters 46-50: unused variable self
Warning, file "/home/fabrice/git/pycsl/scratchpad/w49/tmp/.pycsl_14_m841j.mlw", line 441, characters 32-36: unused variable result
Warning, file "/home/fabrice/git/pycsl/scratchpad/w49/tmp/.pycsl_14_m841j.mlw", line 503, characters 46-50: unused variable self
Warning, file "/home/fabrice/git/pycsl/scratchpad/w49/tmp/.pycsl_14_m841j.mlw", line 504, characters 32-36: unused variable result
Warning, file "/home/fabrice/git/pycsl/scratchpad/w49/tmp/.pycsl_14_m841j.mlw", line 536, characters 32-36: unused variable result
Warning, file "/home/fabrice/git/pycsl/scratchpad/w49/tmp/.pycsl_14_m841j.mlw", line 529, characters 32-36: unused variable result
Warning, file "/home/fabrice/git/pycsl/scratchpad/w49/tmp/.pycsl_14_m841j.mlw", line 512, characters 32-36: unused variable result
Warning, file "/home/fabrice/git/pycsl/scratchpad/w49/tmp/.pycsl_14_m841j.mlw", line 604, characters 32-36: unused variable result
Warning, file "/home/fabrice/git/pycsl/scratchpad/w49/tmp/.pycsl_14_m841j.mlw", line 637, characters 32-36: unused variable result
Warning, file "/home/fabrice/git/pycsl/scratchpad/w49/tmp/.pycsl_14_m841j.mlw", line 641, characters 32-36: unused variable result
Warning, file "/home/fabrice/git/pycsl/scratchpad/w49/tmp/.pycsl_14_m841j.mlw", line 644, characters 32-36: unused variable result
Warning, file "/home/fabrice/git/pycsl/scratchpad/w49/tmp/.pycsl_14_m841j.mlw", line 646, characters 55-59: unused variable self
Warning, file "/home/fabrice/git/pycsl/scratchpad/w49/tmp/.pycsl_14_m841j.mlw", line 646, characters 78-82: unused variable func
Warning, file "/home/fabrice/git/pycsl/scratchpad/w49/tmp/.pycsl_14_m841j.mlw", line 648, characters 15-19: unused variable result
Warning, file "/home/fabrice/git/pycsl/scratchpad/w49/tmp/.pycsl_14_m841j.mlw", line 658, characters 53-57: unused variable self
Warning, file "/home/fabrice/git/pycsl/scratchpad/w49/tmp/.pycsl_14_m841j.mlw", line 660, characters 15-19: unused variable result
Warning, file "/home/fabrice/git/pycsl/scratchpad/w49/tmp/.pycsl_14_m841j.mlw", line 670, characters 49-53: unused variable self
Warning, file "/home/fabrice/git/pycsl/scratchpad/w49/tmp/.pycsl_14_m841j.mlw", line 672, characters 15-19: unused variable result
Warning, file "/home/fabrice/git/pycsl/scratchpad/w49/tmp/.pycsl_14_m841j.mlw", line 683, characters 55-59: unused variable self
Warning, file "/home/fabrice/git/pycsl/scratchpad/w49/tmp/.pycsl_14_m841j.mlw", line 683, characters 78-88: unused variable body_stmts
Warning, file "/home/fabrice/git/pycsl/scratchpad/w49/tmp/.pycsl_14_m841j.mlw", line 683, characters 102-113: unused variable return_type
Warning, file "/home/fabrice/git/pycsl/scratchpad/w49/tmp/.pycsl_14_m841j.mlw", line 683, characters 124-136: unused variable func_trusted
Warning, file "/home/fabrice/git/pycsl/scratchpad/w49/tmp/.pycsl_14_m841j.mlw", line 685, characters 15-19: unused variable result
Warning, file "/home/fabrice/git/pycsl/scratchpad/w49/tmp/.pycsl_14_m841j.mlw", line 722, characters 32-36: unused variable result
Warning, file "/home/fabrice/git/pycsl/scratchpad/w49/tmp/.pycsl_14_m841j.mlw", line 715, characters 32-36: unused variable result
Warning, file "/home/fabrice/git/pycsl/scratchpad/w49/tmp/.pycsl_14_m841j.mlw", line 700, characters 32-36: unused variable result

[+] Verification SUCCESS! All contracts formally proven.
