=== 2026-06-01T01:37:25.979657+00:00Z  Module: mimetypes ===
  Baseline: L1=0 L2=7 L3=0 L4=0 L5=0
  Targets: 7 functions to promote
  CPython source: 10 functions with docstrings
  ── Promoting: add_type ──
    spliced 3 line(s) at mimetypes.py:40-41
    wrote 2 reference test(s)
  ── Promoting: read_mime_types ──
    spliced 4 line(s) at mimetypes.py:34-35
    wrote 2 reference test(s)
  ── Promoting: init ──
    spliced 4 line(s) at mimetypes.py:28-29
    wrote 2 reference test(s)
  ── Promoting: guess_extension ──
    spliced 4 line(s) at mimetypes.py:22-23
    wrote 2 reference test(s)
  ── Promoting: guess_all_extensions ──
    spliced 4 line(s) at mimetypes.py:16-17
    wrote 2 reference test(s)
  ── Promoting: guess_file_type ──
    spliced 4 line(s) at mimetypes.py:10-11
    wrote 2 reference test(s)
  ── Promoting: guess_type ──
    spliced 4 line(s) at mimetypes.py:4-5
    wrote 2 reference test(s)
  ── Gate: compile ── PASS
  ── Gate: stdlib-coverage --module mimetypes ──
      baseline: L1=0 L2=7 L3=0 L4=0 L5=0
      final:    L1=4 L2=0 L3=0 L4=0 L5=3   (Δ L4+ = +3)
      VERDICT: PASS
  ── Gate: self-annotate-verify ── PASS (26/26)
  Outcome: COMMIT-READY
