=== 2026-05-31T19:29:44.493201+00:00Z  Module: binascii ===
  Baseline: L1=0 L2=16 L3=0 L4=0 L5=0
  Targets: 16 functions to promote
  CPython source: 12 functions with docstrings
  ── Promoting: a2b_hex ──
    spliced 4 line(s) at binascii.py:94-95
    wrote 2 reference test(s)
  ── Promoting: b2a_hex ──
    spliced 4 line(s) at binascii.py:88-89
    wrote 2 reference test(s)
  ── Promoting: crc32 ──
    spliced 4 line(s) at binascii.py:82-83
    wrote 2 reference test(s)
  ── Promoting: crc_hqx ──
    spliced 6 line(s) at binascii.py:76-77
    wrote 2 reference test(s)
  ── Promoting: b2a_qp ──
    spliced 4 line(s) at binascii.py:70-71
    wrote 2 reference test(s)
  ── Promoting: a2b_qp ──
    spliced 3 line(s) at binascii.py:64-65
    wrote 2 reference test(s)
  ── Promoting: b2a_base32 ──
    spliced 4 line(s) at binascii.py:58-59
    wrote 2 reference test(s)
  ── Promoting: a2b_base32 ──
    spliced 4 line(s) at binascii.py:52-53
    wrote 2 reference test(s)
  ── Promoting: b2a_base85 ──
    spliced 4 line(s) at binascii.py:46-47
    wrote 2 reference test(s)
  ── Promoting: a2b_base85 ──
    spliced 4 line(s) at binascii.py:40-41
    wrote 2 reference test(s)
  ── Promoting: b2a_ascii85 ──
    spliced 4 line(s) at binascii.py:34-35
    wrote 2 reference test(s)
  ── Promoting: a2b_ascii85 ──
    spliced 4 line(s) at binascii.py:28-29
    wrote 2 reference test(s)
  ── Promoting: b2a_base64 ──
    spliced 4 line(s) at binascii.py:22-23
    wrote 2 reference test(s)
  ── Promoting: a2b_base64 ──
    spliced 4 line(s) at binascii.py:16-17
    wrote 2 reference test(s)
  ── Promoting: b2a_uu ──
    spliced 3 line(s) at binascii.py:10-11
    wrote 2 reference test(s)
  ── Promoting: a2b_uu ──
    spliced 3 line(s) at binascii.py:4-5
    wrote 2 reference test(s)
  ── Gate: compile ── PASS
  ── Gate: stdlib-coverage --module binascii ──
      baseline: L1=0 L2=16 L3=0 L4=0 L5=0
      final:    L1=1 L2=2 L3=2 L4=0 L5=11   (Δ L4+ = +11)
      VERDICT: PASS
  ── Gate: self-annotate-verify ── PASS (26/26)
  Outcome: COMMIT-READY
