=== 2026-05-31T19:27:13.252814+00:00Z  Module: bdb ===
  Baseline: L1=0 L2=2 L3=1 L4=0 L5=0
  Targets: 3 functions to promote
  CPython source: 61 functions with docstrings
  ── Promoting: set_trace ──
    spliced 3 line(s) at bdb.py:16-17
    wrote 2 reference test(s)
  ── Promoting: effective ──
    spliced 4 line(s) at bdb.py:10-11
    wrote 2 reference test(s)
  ── Promoting: checkfuncname ──
    spliced 3 line(s) at bdb.py:4-5
    wrote 2 reference test(s)
  ── Gate: compile ── PASS
  ── Gate: stdlib-coverage --module bdb ──
      baseline: L1=0 L2=2 L3=1 L4=0 L5=0
      final:    L1=0 L2=0 L3=0 L4=0 L5=3   (Δ L4+ = +3)
      VERDICT: PASS
  ── Gate: self-annotate-verify ── PASS (26/26)
  Outcome: COMMIT-READY
