Warning, file "/home/fabrice/git/pycsl/scratchpad/w7/tmp/.pycsl_ugsw4tbg.mlw", line 2357, characters 32-36: unused variable result
Warning, file "/home/fabrice/git/pycsl/scratchpad/w7/tmp/.pycsl_ugsw4tbg.mlw", line 2351, characters 32-36: unused variable result
Warning, file "/home/fabrice/git/pycsl/scratchpad/w7/tmp/.pycsl_ugsw4tbg.mlw", line 2341, characters 32-36: unused variable result
Warning, file "/home/fabrice/git/pycsl/scratchpad/w7/tmp/.pycsl_ugsw4tbg.mlw", line 2360, characters 48-52: unused variable self
Warning, file "/home/fabrice/git/pycsl/scratchpad/w7/tmp/.pycsl_ugsw4tbg.mlw", line 2361, characters 32-36: unused variable result
Warning, file "/home/fabrice/git/pycsl/scratchpad/w7/tmp/.pycsl_ugsw4tbg.mlw", line 2366, characters 53-57: unused variable self
Warning, file "/home/fabrice/git/pycsl/scratchpad/w7/tmp/.pycsl_ugsw4tbg.mlw", line 2368, characters 15-19: unused variable result
Warning, file "/home/fabrice/git/pycsl/scratchpad/w7/tmp/.pycsl_ugsw4tbg.mlw", line 2458, characters 58-62: unused variable self
Warning, file "/home/fabrice/git/pycsl/scratchpad/w7/tmp/.pycsl_ugsw4tbg.mlw", line 2458, characters 88-97: unused variable functions
Warning, file "/home/fabrice/git/pycsl/scratchpad/w7/tmp/.pycsl_ugsw4tbg.mlw", line 2460, characters 15-19: unused variable result
Warning, file "/home/fabrice/git/pycsl/scratchpad/w7/tmp/.pycsl_ugsw4tbg.mlw", line 2462, characters 46-50: unused variable self
Warning, file "/home/fabrice/git/pycsl/scratchpad/w7/tmp/.pycsl_ugsw4tbg.mlw", line 2462, characters 76-79: unused variable arg
Warning, file "/home/fabrice/git/pycsl/scratchpad/w7/tmp/.pycsl_ugsw4tbg.mlw", line 2462, characters 90-100: unused variable ref_params
Warning, file "/home/fabrice/git/pycsl/scratchpad/w7/tmp/.pycsl_ugsw4tbg.mlw", line 2462, characters 115-129: unused variable array2d_params
Warning, file "/home/fabrice/git/pycsl/scratchpad/w7/tmp/.pycsl_ugsw4tbg.mlw", line 2462, characters 144-158: unused variable array1d_params
Warning, file "/home/fabrice/git/pycsl/scratchpad/w7/tmp/.pycsl_ugsw4tbg.mlw", line 2462, characters 173-185: unused variable symbol_table
Warning, file "/home/fabrice/git/pycsl/scratchpad/w7/tmp/.pycsl_ugsw4tbg.mlw", line 2462, characters 200-208: unused variable int_type
Warning, file "/home/fabrice/git/pycsl/scratchpad/w7/tmp/.pycsl_ugsw4tbg.mlw", line 2464, characters 15-19: unused variable result
Warning, file "/home/fabrice/git/pycsl/scratchpad/w7/tmp/.pycsl_ugsw4tbg.mlw", line 2466, characters 47-51: unused variable self
Warning, file "/home/fabrice/git/pycsl/scratchpad/w7/tmp/.pycsl_ugsw4tbg.mlw", line 2466, characters 77-80: unused variable sig
Warning, file "/home/fabrice/git/pycsl/scratchpad/w7/tmp/.pycsl_ugsw4tbg.mlw", line 2470, characters 54-58: unused variable self
Warning, file "/home/fabrice/git/pycsl/scratchpad/w7/tmp/.pycsl_ugsw4tbg.mlw", line 2470, characters 84-86: unused variable ov
Warning, file "/home/fabrice/git/pycsl/scratchpad/w7/tmp/.pycsl_ugsw4tbg.mlw", line 2470, characters 94-100: unused variable sub_fn
Warning, file "/home/fabrice/git/pycsl/scratchpad/w7/tmp/.pycsl_ugsw4tbg.mlw", line 2470, characters 108-115: unused variable base_fn
Warning, file "/home/fabrice/git/pycsl/scratchpad/w7/tmp/.pycsl_ugsw4tbg.mlw", line 2472, characters 15-19: unused variable result
Warning, file "/home/fabrice/git/pycsl/scratchpad/w7/tmp/.pycsl_ugsw4tbg.mlw", line 2474, characters 52-56: unused variable self
Warning, file "/home/fabrice/git/pycsl/scratchpad/w7/tmp/.pycsl_ugsw4tbg.mlw", line 2474, characters 82-86: unused variable func
Warning, file "/home/fabrice/git/pycsl/scratchpad/w7/tmp/.pycsl_ugsw4tbg.mlw", line 2474, characters 94-104: unused variable body_stmts
Warning, file "/home/fabrice/git/pycsl/scratchpad/w7/tmp/.pycsl_ugsw4tbg.mlw", line 2476, characters 15-19: unused variable result
Warning, file "/home/fabrice/git/pycsl/scratchpad/w7/tmp/.pycsl_ugsw4tbg.mlw", line 2515, characters 32-36: unused variable result
Warning, file "/home/fabrice/git/pycsl/scratchpad/w7/tmp/.pycsl_ugsw4tbg.mlw", line 2538, characters 32-36: unused variable result
Warning, file "/home/fabrice/git/pycsl/scratchpad/w7/tmp/.pycsl_ugsw4tbg.mlw", line 2532, characters 32-36: unused variable result
Warning, file "/home/fabrice/git/pycsl/scratchpad/w7/tmp/.pycsl_ugsw4tbg.mlw", line 2525, characters 32-36: unused variable result
Warning, file "/home/fabrice/git/pycsl/scratchpad/w7/tmp/.pycsl_ugsw4tbg.mlw", line 2542, characters 32-36: unused variable result
Warning, file "/home/fabrice/git/pycsl/scratchpad/w7/tmp/.pycsl_ugsw4tbg.mlw", line 2548, characters 48-52: unused variable self
Warning, file "/home/fabrice/git/pycsl/scratchpad/w7/tmp/.pycsl_ugsw4tbg.mlw", line 2550, characters 15-19: unused variable result
Warning, file "/home/fabrice/git/pycsl/scratchpad/w7/tmp/.pycsl_ugsw4tbg.mlw", line 2588, characters 52-56: unused variable self
Warning, file "/home/fabrice/git/pycsl/scratchpad/w7/tmp/.pycsl_ugsw4tbg.mlw", line 2590, characters 15-19: unused variable result

[+] Verification SUCCESS! All contracts formally proven.
