Warning, file "/home/fabrice/git/pycsl/scratchpad/w7/tmp/.pycsl_16pnpb4q.mlw", line 3907, characters 15-19: unused variable result
Warning, file "/home/fabrice/git/pycsl/scratchpad/w7/tmp/.pycsl_16pnpb4q.mlw", line 3972, characters 48-52: unused variable self
Warning, file "/home/fabrice/git/pycsl/scratchpad/w7/tmp/.pycsl_16pnpb4q.mlw", line 3972, characters 75-82: unused variable pattern
Warning, file "/home/fabrice/git/pycsl/scratchpad/w7/tmp/.pycsl_16pnpb4q.mlw", line 3974, characters 15-19: unused variable result
Warning, file "/home/fabrice/git/pycsl/scratchpad/w7/tmp/.pycsl_16pnpb4q.mlw", line 3978, characters 15-19: unused variable result
Warning, file "/home/fabrice/git/pycsl/scratchpad/w7/tmp/.pycsl_16pnpb4q.mlw", line 3996, characters 15-19: unused variable result
Warning, file "/home/fabrice/git/pycsl/scratchpad/w7/tmp/.pycsl_16pnpb4q.mlw", line 4014, characters 57-61: unused variable self
Warning, file "/home/fabrice/git/pycsl/scratchpad/w7/tmp/.pycsl_16pnpb4q.mlw", line 4014, characters 84-92: unused variable ann_expr
Warning, file "/home/fabrice/git/pycsl/scratchpad/w7/tmp/.pycsl_16pnpb4q.mlw", line 4014, characters 100-110: unused variable param_name
Warning, file "/home/fabrice/git/pycsl/scratchpad/w7/tmp/.pycsl_16pnpb4q.mlw", line 4016, characters 15-19: unused variable result
Warning, file "/home/fabrice/git/pycsl/scratchpad/w7/tmp/.pycsl_16pnpb4q.mlw", line 4018, characters 82-90: unused variable ann_expr
Warning, file "/home/fabrice/git/pycsl/scratchpad/w7/tmp/.pycsl_16pnpb4q.mlw", line 4018, characters 98-108: unused variable scope_name
Warning, file "/home/fabrice/git/pycsl/scratchpad/w7/tmp/.pycsl_16pnpb4q.mlw", line 4018, characters 119-124: unused variable dedup
Warning, file "/home/fabrice/git/pycsl/scratchpad/w7/tmp/.pycsl_16pnpb4q.mlw", line 4020, characters 15-19: unused variable result
Warning, file "/home/fabrice/git/pycsl/scratchpad/w7/tmp/.pycsl_16pnpb4q.mlw", line 4025, characters 15-19: unused variable result
Warning, file "/home/fabrice/git/pycsl/scratchpad/w7/tmp/.pycsl_16pnpb4q.mlw", line 4043, characters 85-89: unused variable node
Warning, file "/home/fabrice/git/pycsl/scratchpad/w7/tmp/.pycsl_16pnpb4q.mlw", line 4050, characters 15-19: unused variable result
Warning, file "/home/fabrice/git/pycsl/scratchpad/w7/tmp/.pycsl_16pnpb4q.mlw", line 4060, characters 15-19: unused variable result
Warning, file "/home/fabrice/git/pycsl/scratchpad/w7/tmp/.pycsl_16pnpb4q.mlw", line 4070, characters 15-19: unused variable result
Warning, file "/home/fabrice/git/pycsl/scratchpad/w7/tmp/.pycsl_16pnpb4q.mlw", line 4104, characters 43-47: unused variable self
Warning, file "/home/fabrice/git/pycsl/scratchpad/w7/tmp/.pycsl_16pnpb4q.mlw", line 4197, characters 69-73: unused variable stmt
Warning, file "/home/fabrice/git/pycsl/scratchpad/w7/tmp/.pycsl_16pnpb4q.mlw", line 4208, characters 72-76: unused variable stmt
Warning, file "/home/fabrice/git/pycsl/scratchpad/w7/tmp/.pycsl_16pnpb4q.mlw", line 4219, characters 43-47: unused variable self
Warning, file "/home/fabrice/git/pycsl/scratchpad/w7/tmp/.pycsl_16pnpb4q.mlw", line 4299, characters 68-72: unused variable stmt
Warning, file "/home/fabrice/git/pycsl/scratchpad/w7/tmp/.pycsl_16pnpb4q.mlw", line 4411, characters 70-75: unused variable stmts
Warning, file "/home/fabrice/git/pycsl/scratchpad/w7/tmp/.pycsl_16pnpb4q.mlw", line 4413, characters 15-19: unused variable result
Warning, file "/home/fabrice/git/pycsl/scratchpad/w7/tmp/.pycsl_16pnpb4q.mlw", line 4416, characters 47-51: unused variable self
Warning, file "/home/fabrice/git/pycsl/scratchpad/w7/tmp/.pycsl_16pnpb4q.mlw", line 4418, characters 15-19: unused variable result
Warning, file "/home/fabrice/git/pycsl/scratchpad/w7/tmp/.pycsl_16pnpb4q.mlw", line 4423, characters 88-92: unused variable node
Warning, file "/home/fabrice/git/pycsl/scratchpad/w7/tmp/.pycsl_16pnpb4q.mlw", line 4428, characters 54-58: unused variable self
Warning, file "/home/fabrice/git/pycsl/scratchpad/w7/tmp/.pycsl_16pnpb4q.mlw", line 4430, characters 15-19: unused variable result
Warning, file "/home/fabrice/git/pycsl/scratchpad/w7/tmp/.pycsl_16pnpb4q.mlw", line 4437, characters 87-91: unused variable node
Warning, file "/home/fabrice/git/pycsl/scratchpad/w7/tmp/.pycsl_16pnpb4q.mlw", line 4444, characters 15-19: unused variable result
Warning, file "/home/fabrice/git/pycsl/scratchpad/w7/tmp/.pycsl_16pnpb4q.mlw", line 4458, characters 15-19: unused variable result
Warning, file "/home/fabrice/git/pycsl/scratchpad/w7/tmp/.pycsl_16pnpb4q.mlw", line 4480, characters 15-19: unused variable result
Warning, file "/home/fabrice/git/pycsl/scratchpad/w7/tmp/.pycsl_16pnpb4q.mlw", line 4548, characters 69-73: unused variable node
Warning, file "/home/fabrice/git/pycsl/scratchpad/w7/tmp/.pycsl_16pnpb4q.mlw", line 4553, characters 72-76: unused variable node
Warning, file "/home/fabrice/git/pycsl/scratchpad/w7/tmp/.pycsl_16pnpb4q.mlw", line 4558, characters 67-71: unused variable node

[+] Verification SUCCESS! All contracts formally proven.
