File "/home/fabrice/git/pycsl/scratchpad/w7/tmp/.pycsl_hhysyk35.mlw", line 265, characters 32-36:
Sub-goal postcondition of goal find_self_method_calls__dict'vc.
Prover result is: Valid (0.00s, 4701 steps).

File "/home/fabrice/git/pycsl/scratchpad/w7/tmp/.pycsl_hhysyk35.mlw", line 275, characters 93-163:
Sub-goal variant decrease of goal find_self_method_calls__list'vc.
Prover result is: Valid (0.01s, 52475 steps).

File "/home/fabrice/git/pycsl/scratchpad/w7/tmp/.pycsl_hhysyk35.mlw", line 275, characters 93-163:
Sub-goal precondition of goal find_self_method_calls__list'vc.
Prover result is: Valid (0.01s, 4653 steps).

File "/home/fabrice/git/pycsl/scratchpad/w7/tmp/.pycsl_hhysyk35.mlw", line 275, characters 28-92:
Sub-goal variant decrease of goal find_self_method_calls__list'vc.
Prover result is: Valid (0.01s, 53576 steps).

File "/home/fabrice/git/pycsl/scratchpad/w7/tmp/.pycsl_hhysyk35.mlw", line 275, characters 28-92:
Sub-goal precondition of goal find_self_method_calls__list'vc.
Prover result is: Valid (0.01s, 4662 steps).

File "/home/fabrice/git/pycsl/scratchpad/w7/tmp/.pycsl_hhysyk35.mlw", line 272, characters 32-36:
Sub-goal postcondition of goal find_self_method_calls__list'vc.
Prover result is: Valid (0.00s, 4701 steps).

Warnings/Errors from Why3:
Warning, file "/home/fabrice/git/pycsl/scratchpad/w7/tmp/.pycsl_hhysyk35.mlw", line 165, characters 20-25: unused variable names
Warning, file "/home/fabrice/git/pycsl/scratchpad/w7/tmp/.pycsl_hhysyk35.mlw", line 165, characters 33-43: unused variable call_graph
Warning, file "/home/fabrice/git/pycsl/scratchpad/w7/tmp/.pycsl_hhysyk35.mlw", line 167, characters 15-19: unused variable result
Warning, file "/home/fabrice/git/pycsl/scratchpad/w7/tmp/.pycsl_hhysyk35.mlw", line 171, characters 15-19: unused variable result
Warning, file "/home/fabrice/git/pycsl/scratchpad/w7/tmp/.pycsl_hhysyk35.mlw", line 218, characters 32-36: unused variable result
Warning, file "/home/fabrice/git/pycsl/scratchpad/w7/tmp/.pycsl_hhysyk35.mlw", line 211, characters 32-36: unused variable result
Warning, file "/home/fabrice/git/pycsl/scratchpad/w7/tmp/.pycsl_hhysyk35.mlw", line 204, characters 32-36: unused variable result
Warning, file "/home/fabrice/git/pycsl/scratchpad/w7/tmp/.pycsl_hhysyk35.mlw", line 272, characters 32-36: unused variable result
Warning, file "/home/fabrice/git/pycsl/scratchpad/w7/tmp/.pycsl_hhysyk35.mlw", line 265, characters 32-36: unused variable result
Warning, file "/home/fabrice/git/pycsl/scratchpad/w7/tmp/.pycsl_hhysyk35.mlw", line 257, characters 32-36: unused variable result
Warning, file "/home/fabrice/git/pycsl/scratchpad/w7/tmp/.pycsl_hhysyk35.mlw", line 276, characters 29-38: unused variable functions
Warning, file "/home/fabrice/git/pycsl/scratchpad/w7/tmp/.pycsl_hhysyk35.mlw", line 276, characters 52-66: unused variable extra_concrete
Warning, file "/home/fabrice/git/pycsl/scratchpad/w7/tmp/.pycsl_hhysyk35.mlw", line 278, characters 15-19: unused variable result

[+] Verification SUCCESS! All contracts formally proven.
