Warning, file "/home/fabrice/git/pycsl/scratchpad/w7/tmp/.pycsl_xr4uftin.mlw", line 1944, characters 32-36: unused variable result
Warning, file "/home/fabrice/git/pycsl/scratchpad/w7/tmp/.pycsl_xr4uftin.mlw", line 1970, characters 8-12: unused variable part
Warning, file "/home/fabrice/git/pycsl/scratchpad/w7/tmp/.pycsl_xr4uftin.mlw", line 1967, characters 8-11: unused variable tag
Warning, file "/home/fabrice/git/pycsl/scratchpad/w7/tmp/.pycsl_xr4uftin.mlw", line 1965, characters 8-20: unused variable arm_tags_len
Warning, file "/home/fabrice/git/pycsl/scratchpad/w7/tmp/.pycsl_xr4uftin.mlw", line 1950, characters 15-19: unused variable result
Warning, file "/home/fabrice/git/pycsl/scratchpad/w7/tmp/.pycsl_xr4uftin.mlw", line 2129, characters 15-19: unused variable result
Warning, file "/home/fabrice/git/pycsl/scratchpad/w7/tmp/.pycsl_xr4uftin.mlw", line 2272, characters 20-26: unused variable symtab
Warning, file "/home/fabrice/git/pycsl/scratchpad/w7/tmp/.pycsl_xr4uftin.mlw", line 2228, characters 15-19: unused variable result
Warning, file "/home/fabrice/git/pycsl/scratchpad/w7/tmp/.pycsl_xr4uftin.mlw", line 2309, characters 45-49: unused variable self
Warning, file "/home/fabrice/git/pycsl/scratchpad/w7/tmp/.pycsl_xr4uftin.mlw", line 2309, characters 74-76: unused variable ir
Warning, file "/home/fabrice/git/pycsl/scratchpad/w7/tmp/.pycsl_xr4uftin.mlw", line 2311, characters 15-19: unused variable result
Warning, file "/home/fabrice/git/pycsl/scratchpad/w7/tmp/.pycsl_xr4uftin.mlw", line 2313, characters 49-53: unused variable self
Warning, file "/home/fabrice/git/pycsl/scratchpad/w7/tmp/.pycsl_xr4uftin.mlw", line 2313, characters 78-81: unused variable pat
Warning, file "/home/fabrice/git/pycsl/scratchpad/w7/tmp/.pycsl_xr4uftin.mlw", line 2313, characters 93-100: unused variable subject
Warning, file "/home/fabrice/git/pycsl/scratchpad/w7/tmp/.pycsl_xr4uftin.mlw", line 2313, characters 111-121: unused variable local_refs
Warning, file "/home/fabrice/git/pycsl/scratchpad/w7/tmp/.pycsl_xr4uftin.mlw", line 2315, characters 15-19: unused variable result
Warning, file "/home/fabrice/git/pycsl/scratchpad/w7/tmp/.pycsl_xr4uftin.mlw", line 2319, characters 15-19: unused variable result
Warning, file "/home/fabrice/git/pycsl/scratchpad/w7/tmp/.pycsl_xr4uftin.mlw", line 2376, characters 32-36: unused variable result
Warning, file "/home/fabrice/git/pycsl/scratchpad/w7/tmp/.pycsl_xr4uftin.mlw", line 2373, characters 32-36: unused variable result
Warning, file "/home/fabrice/git/pycsl/scratchpad/w7/tmp/.pycsl_xr4uftin.mlw", line 2367, characters 32-36: unused variable result
Warning, file "/home/fabrice/git/pycsl/scratchpad/w7/tmp/.pycsl_xr4uftin.mlw", line 2378, characters 80-83: unused variable pat
Warning, file "/home/fabrice/git/pycsl/scratchpad/w7/tmp/.pycsl_xr4uftin.mlw", line 2378, characters 95-98: unused variable top
Warning, file "/home/fabrice/git/pycsl/scratchpad/w7/tmp/.pycsl_xr4uftin.mlw", line 2380, characters 15-19: unused variable result
Warning, file "/home/fabrice/git/pycsl/scratchpad/w7/tmp/.pycsl_xr4uftin.mlw", line 2383, characters 73-79: unused variable val_ir
Warning, file "/home/fabrice/git/pycsl/scratchpad/w7/tmp/.pycsl_xr4uftin.mlw", line 2383, characters 91-101: unused variable local_refs
Warning, file "/home/fabrice/git/pycsl/scratchpad/w7/tmp/.pycsl_xr4uftin.mlw", line 2384, characters 15-19: unused variable result
Warning, file "/home/fabrice/git/pycsl/scratchpad/w7/tmp/.pycsl_xr4uftin.mlw", line 2387, characters 74-78: unused variable rest
Warning, file "/home/fabrice/git/pycsl/scratchpad/w7/tmp/.pycsl_xr4uftin.mlw", line 2387, characters 92-102: unused variable local_refs
Warning, file "/home/fabrice/git/pycsl/scratchpad/w7/tmp/.pycsl_xr4uftin.mlw", line 2387, characters 127-140: unused variable declared_refs
Warning, file "/home/fabrice/git/pycsl/scratchpad/w7/tmp/.pycsl_xr4uftin.mlw", line 2387, characters 165-171: unused variable indent
Warning, file "/home/fabrice/git/pycsl/scratchpad/w7/tmp/.pycsl_xr4uftin.mlw", line 2387, characters 182-189: unused variable in_loop
Warning, file "/home/fabrice/git/pycsl/scratchpad/w7/tmp/.pycsl_xr4uftin.mlw", line 2389, characters 15-19: unused variable result
Warning, file "/home/fabrice/git/pycsl/scratchpad/w7/tmp/.pycsl_xr4uftin.mlw", line 2392, characters 67-76: unused variable whyml_str
Warning, file "/home/fabrice/git/pycsl/scratchpad/w7/tmp/.pycsl_xr4uftin.mlw", line 2392, characters 87-94: unused variable ir_expr
Warning, file "/home/fabrice/git/pycsl/scratchpad/w7/tmp/.pycsl_xr4uftin.mlw", line 2393, characters 15-19: unused variable result
Warning, file "/home/fabrice/git/pycsl/scratchpad/w7/tmp/.pycsl_xr4uftin.mlw", line 2398, characters 15-19: unused variable result
Warning, file "/home/fabrice/git/pycsl/scratchpad/w7/tmp/.pycsl_xr4uftin.mlw", line 2434, characters 23-27: unused variable self
Warning, file "/home/fabrice/git/pycsl/scratchpad/w7/tmp/.pycsl_xr4uftin.mlw", line 2445, characters 19-21: unused variable ir

[+] Verification SUCCESS! All contracts formally proven.
