Warning, file "/home/fabrice/git/pycsl/scratchpad/w7/tmp/.pycsl__r8y0p5s.mlw", line 1313, characters 8-15: unused variable out_len
Warning, file "/home/fabrice/git/pycsl/scratchpad/w7/tmp/.pycsl__r8y0p5s.mlw", line 1308, characters 15-19: unused variable result
Warning, file "/home/fabrice/git/pycsl/scratchpad/w7/tmp/.pycsl__r8y0p5s.mlw", line 1351, characters 49-53: unused variable self
Warning, file "/home/fabrice/git/pycsl/scratchpad/w7/tmp/.pycsl__r8y0p5s.mlw", line 1351, characters 69-73: unused variable node
Warning, file "/home/fabrice/git/pycsl/scratchpad/w7/tmp/.pycsl__r8y0p5s.mlw", line 1351, characters 81-90: unused variable contracts
Warning, file "/home/fabrice/git/pycsl/scratchpad/w7/tmp/.pycsl__r8y0p5s.mlw", line 1355, characters 46-50: unused variable self
Warning, file "/home/fabrice/git/pycsl/scratchpad/w7/tmp/.pycsl__r8y0p5s.mlw", line 1355, characters 66-70: unused variable node
Warning, file "/home/fabrice/git/pycsl/scratchpad/w7/tmp/.pycsl__r8y0p5s.mlw", line 1355, characters 78-87: unused variable contracts
Warning, file "/home/fabrice/git/pycsl/scratchpad/w7/tmp/.pycsl__r8y0p5s.mlw", line 1357, characters 15-19: unused variable result
Warning, file "/home/fabrice/git/pycsl/scratchpad/w7/tmp/.pycsl__r8y0p5s.mlw", line 1398, characters 32-36: unused variable result
Warning, file "/home/fabrice/git/pycsl/scratchpad/w7/tmp/.pycsl__r8y0p5s.mlw", line 1414, characters 32-36: unused variable result
Warning, file "/home/fabrice/git/pycsl/scratchpad/w7/tmp/.pycsl__r8y0p5s.mlw", line 1420, characters 32-36: unused variable result
Warning, file "/home/fabrice/git/pycsl/scratchpad/w7/tmp/.pycsl__r8y0p5s.mlw", line 1445, characters 32-36: unused variable result
Warning, file "/home/fabrice/git/pycsl/scratchpad/w7/tmp/.pycsl__r8y0p5s.mlw", line 1485, characters 31-35: unused variable self
Warning, file "/home/fabrice/git/pycsl/scratchpad/w7/tmp/.pycsl__r8y0p5s.mlw", line 1485, characters 51-55: unused variable node
Warning, file "/home/fabrice/git/pycsl/scratchpad/w7/tmp/.pycsl__r8y0p5s.mlw", line 1485, characters 63-66: unused variable var
Warning, file "/home/fabrice/git/pycsl/scratchpad/w7/tmp/.pycsl__r8y0p5s.mlw", line 1485, characters 77-78: unused variable m
Warning, file "/home/fabrice/git/pycsl/scratchpad/w7/tmp/.pycsl__r8y0p5s.mlw", line 1487, characters 15-19: unused variable result
Warning, file "/home/fabrice/git/pycsl/scratchpad/w7/tmp/.pycsl__r8y0p5s.mlw", line 1489, characters 49-53: unused variable self
Warning, file "/home/fabrice/git/pycsl/scratchpad/w7/tmp/.pycsl__r8y0p5s.mlw", line 1489, characters 69-73: unused variable node
Warning, file "/home/fabrice/git/pycsl/scratchpad/w7/tmp/.pycsl__r8y0p5s.mlw", line 1493, characters 35-39: unused variable self
Warning, file "/home/fabrice/git/pycsl/scratchpad/w7/tmp/.pycsl__r8y0p5s.mlw", line 1493, characters 55-59: unused variable node
Warning, file "/home/fabrice/git/pycsl/scratchpad/w7/tmp/.pycsl__r8y0p5s.mlw", line 1495, characters 15-19: unused variable result
Warning, file "/home/fabrice/git/pycsl/scratchpad/w7/tmp/.pycsl__r8y0p5s.mlw", line 1497, characters 30-34: unused variable self
Warning, file "/home/fabrice/git/pycsl/scratchpad/w7/tmp/.pycsl__r8y0p5s.mlw", line 1497, characters 50-54: unused variable node
Warning, file "/home/fabrice/git/pycsl/scratchpad/w7/tmp/.pycsl__r8y0p5s.mlw", line 1499, characters 15-19: unused variable result
Warning, file "/home/fabrice/git/pycsl/scratchpad/w7/tmp/.pycsl__r8y0p5s.mlw", line 1501, characters 38-42: unused variable self
Warning, file "/home/fabrice/git/pycsl/scratchpad/w7/tmp/.pycsl__r8y0p5s.mlw", line 1501, characters 58-62: unused variable node
Warning, file "/home/fabrice/git/pycsl/scratchpad/w7/tmp/.pycsl__r8y0p5s.mlw", line 1503, characters 15-19: unused variable result
Warning, file "/home/fabrice/git/pycsl/scratchpad/w7/tmp/.pycsl__r8y0p5s.mlw", line 1505, characters 33-37: unused variable self
Warning, file "/home/fabrice/git/pycsl/scratchpad/w7/tmp/.pycsl__r8y0p5s.mlw", line 1505, characters 53-57: unused variable node
Warning, file "/home/fabrice/git/pycsl/scratchpad/w7/tmp/.pycsl__r8y0p5s.mlw", line 1507, characters 15-19: unused variable result
Warning, file "/home/fabrice/git/pycsl/scratchpad/w7/tmp/.pycsl__r8y0p5s.mlw", line 1509, characters 32-36: unused variable self
Warning, file "/home/fabrice/git/pycsl/scratchpad/w7/tmp/.pycsl__r8y0p5s.mlw", line 1509, characters 52-56: unused variable node
Warning, file "/home/fabrice/git/pycsl/scratchpad/w7/tmp/.pycsl__r8y0p5s.mlw", line 1511, characters 15-19: unused variable result
Warning, file "/home/fabrice/git/pycsl/scratchpad/w7/tmp/.pycsl__r8y0p5s.mlw", line 1513, characters 31-35: unused variable self
Warning, file "/home/fabrice/git/pycsl/scratchpad/w7/tmp/.pycsl__r8y0p5s.mlw", line 1513, characters 51-55: unused variable node
Warning, file "/home/fabrice/git/pycsl/scratchpad/w7/tmp/.pycsl__r8y0p5s.mlw", line 1515, characters 15-19: unused variable result

[+] Verification SUCCESS! All contracts formally proven.
