Warning, file "/home/fabrice/git/pycsl/scratchpad/w7/tmp/.pycsl_d3l6zfib.mlw", line 5394, characters 52-56: unused variable node
Warning, file "/home/fabrice/git/pycsl/scratchpad/w7/tmp/.pycsl_d3l6zfib.mlw", line 5403, characters 8-17: unused variable if_clause
Warning, file "/home/fabrice/git/pycsl/scratchpad/w7/tmp/.pycsl_d3l6zfib.mlw", line 5425, characters 32-36: unused variable self
Warning, file "/home/fabrice/git/pycsl/scratchpad/w7/tmp/.pycsl_d3l6zfib.mlw", line 5451, characters 33-37: unused variable self
Warning, file "/home/fabrice/git/pycsl/scratchpad/w7/tmp/.pycsl_d3l6zfib.mlw", line 5462, characters 24-28: unused variable self
Warning, file "/home/fabrice/git/pycsl/scratchpad/w7/tmp/.pycsl_d3l6zfib.mlw", line 5462, characters 42-46: unused variable text
Warning, file "/home/fabrice/git/pycsl/scratchpad/w7/tmp/.pycsl_d3l6zfib.mlw", line 5466, characters 16-22: unused variable source
Warning, file "/home/fabrice/git/pycsl/scratchpad/w7/tmp/.pycsl_d3l6zfib.mlw", line 5470, characters 21-29: unused variable new_node
Warning, file "/home/fabrice/git/pycsl/scratchpad/w7/tmp/.pycsl_d3l6zfib.mlw", line 5470, characters 37-45: unused variable old_node
Warning, file "/home/fabrice/git/pycsl/scratchpad/w7/tmp/.pycsl_d3l6zfib.mlw", line 5472, characters 15-19: unused variable result
Warning, file "/home/fabrice/git/pycsl/scratchpad/w7/tmp/.pycsl_d3l6zfib.mlw", line 5474, characters 12-16: unused variable node
Warning, file "/home/fabrice/git/pycsl/scratchpad/w7/tmp/.pycsl_d3l6zfib.mlw", line 5474, characters 24-39: unused variable annotate_fields
Warning, file "/home/fabrice/git/pycsl/scratchpad/w7/tmp/.pycsl_d3l6zfib.mlw", line 5474, characters 47-65: unused variable include_attributes
Warning, file "/home/fabrice/git/pycsl/scratchpad/w7/tmp/.pycsl_d3l6zfib.mlw", line 5478, characters 29-33: unused variable node
Warning, file "/home/fabrice/git/pycsl/scratchpad/w7/tmp/.pycsl_d3l6zfib.mlw", line 5484, characters 15-19: unused variable result
Warning, file "/home/fabrice/git/pycsl/scratchpad/w7/tmp/.pycsl_d3l6zfib.mlw", line 5509, characters 26-32: unused variable source
Warning, file "/home/fabrice/git/pycsl/scratchpad/w7/tmp/.pycsl_d3l6zfib.mlw", line 5509, characters 40-44: unused variable node
Warning, file "/home/fabrice/git/pycsl/scratchpad/w7/tmp/.pycsl_d3l6zfib.mlw", line 5513, characters 24-28: unused variable node
Warning, file "/home/fabrice/git/pycsl/scratchpad/w7/tmp/.pycsl_d3l6zfib.mlw", line 5513, characters 36-37: unused variable n
Warning, file "/home/fabrice/git/pycsl/scratchpad/w7/tmp/.pycsl_d3l6zfib.mlw", line 5517, characters 19-23: unused variable node
Warning, file "/home/fabrice/git/pycsl/scratchpad/w7/tmp/.pycsl_d3l6zfib.mlw", line 5519, characters 15-19: unused variable result
Warning, file "/home/fabrice/git/pycsl/scratchpad/w7/tmp/.pycsl_d3l6zfib.mlw", line 5521, characters 24-28: unused variable node
Warning, file "/home/fabrice/git/pycsl/scratchpad/w7/tmp/.pycsl_d3l6zfib.mlw", line 5525, characters 20-34: unused variable node_or_string
Warning, file "/home/fabrice/git/pycsl/scratchpad/w7/tmp/.pycsl_d3l6zfib.mlw", line 5529, characters 12-16: unused variable args
Warning, file "/home/fabrice/git/pycsl/scratchpad/w7/tmp/.pycsl_d3l6zfib.mlw", line 5537, characters 38-42: unused variable self
Warning, file "/home/fabrice/git/pycsl/scratchpad/w7/tmp/.pycsl_d3l6zfib.mlw", line 5537, characters 62-66: unused variable node
Warning, file "/home/fabrice/git/pycsl/scratchpad/w7/tmp/.pycsl_d3l6zfib.mlw", line 5541, characters 34-38: unused variable self
Warning, file "/home/fabrice/git/pycsl/scratchpad/w7/tmp/.pycsl_d3l6zfib.mlw", line 5541, characters 54-58: unused variable node
Warning, file "/home/fabrice/git/pycsl/scratchpad/w7/tmp/.pycsl_d3l6zfib.mlw", line 5545, characters 26-30: unused variable self
Warning, file "/home/fabrice/git/pycsl/scratchpad/w7/tmp/.pycsl_d3l6zfib.mlw", line 5545, characters 46-50: unused variable node
Warning, file "/home/fabrice/git/pycsl/scratchpad/w7/tmp/.pycsl_d3l6zfib.mlw", line 5549, characters 35-39: unused variable self
Warning, file "/home/fabrice/git/pycsl/scratchpad/w7/tmp/.pycsl_d3l6zfib.mlw", line 5549, characters 55-59: unused variable node
Warning, file "/home/fabrice/git/pycsl/scratchpad/w7/tmp/.pycsl_d3l6zfib.mlw", line 5553, characters 13-19: unused variable source
Warning, file "/home/fabrice/git/pycsl/scratchpad/w7/tmp/.pycsl_d3l6zfib.mlw", line 5553, characters 27-35: unused variable filename
Warning, file "/home/fabrice/git/pycsl/scratchpad/w7/tmp/.pycsl_d3l6zfib.mlw", line 5553, characters 43-47: unused variable mode
Warning, file "/home/fabrice/git/pycsl/scratchpad/w7/tmp/.pycsl_d3l6zfib.mlw", line 5557, characters 15-22: unused variable ast_obj
Warning, file "/home/fabrice/git/pycsl/scratchpad/w7/tmp/.pycsl_d3l6zfib.mlw", line 5561, characters 12-16: unused variable node
Warning, file "/home/fabrice/git/pycsl/scratchpad/w7/tmp/.pycsl_d3l6zfib.mlw", line 5563, characters 15-19: unused variable result

[+] Verification SUCCESS! All contracts formally proven.
