Warning, file "/home/fabrice/git/pycsl/scratchpad/w7/tmp/.pycsl_makdr2cm.mlw", line 3243, characters 32-36: unused variable result
Warning, file "/home/fabrice/git/pycsl/scratchpad/w7/tmp/.pycsl_makdr2cm.mlw", line 3247, characters 64-68: unused variable self
Warning, file "/home/fabrice/git/pycsl/scratchpad/w7/tmp/.pycsl_makdr2cm.mlw", line 3247, characters 91-96: unused variable stmts
Warning, file "/home/fabrice/git/pycsl/scratchpad/w7/tmp/.pycsl_makdr2cm.mlw", line 3249, characters 15-19: unused variable result
Warning, file "/home/fabrice/git/pycsl/scratchpad/w7/tmp/.pycsl_makdr2cm.mlw", line 3291, characters 32-36: unused variable result
Warning, file "/home/fabrice/git/pycsl/scratchpad/w7/tmp/.pycsl_makdr2cm.mlw", line 3283, characters 32-36: unused variable result
Warning, file "/home/fabrice/git/pycsl/scratchpad/w7/tmp/.pycsl_makdr2cm.mlw", line 3276, characters 32-36: unused variable result
Warning, file "/home/fabrice/git/pycsl/scratchpad/w7/tmp/.pycsl_makdr2cm.mlw", line 3337, characters 32-36: unused variable result
Warning, file "/home/fabrice/git/pycsl/scratchpad/w7/tmp/.pycsl_makdr2cm.mlw", line 3329, characters 32-36: unused variable result
Warning, file "/home/fabrice/git/pycsl/scratchpad/w7/tmp/.pycsl_makdr2cm.mlw", line 3322, characters 32-36: unused variable result
Warning, file "/home/fabrice/git/pycsl/scratchpad/w7/tmp/.pycsl_makdr2cm.mlw", line 3413, characters 32-36: unused variable result
Warning, file "/home/fabrice/git/pycsl/scratchpad/w7/tmp/.pycsl_makdr2cm.mlw", line 3407, characters 32-36: unused variable result
Warning, file "/home/fabrice/git/pycsl/scratchpad/w7/tmp/.pycsl_makdr2cm.mlw", line 3401, characters 32-36: unused variable result
Warning, file "/home/fabrice/git/pycsl/scratchpad/w7/tmp/.pycsl_makdr2cm.mlw", line 3416, characters 43-47: unused variable self
Warning, file "/home/fabrice/git/pycsl/scratchpad/w7/tmp/.pycsl_makdr2cm.mlw", line 3416, characters 70-73: unused variable obj
Warning, file "/home/fabrice/git/pycsl/scratchpad/w7/tmp/.pycsl_makdr2cm.mlw", line 3416, characters 84-89: unused variable field
Warning, file "/home/fabrice/git/pycsl/scratchpad/w7/tmp/.pycsl_makdr2cm.mlw", line 3418, characters 15-19: unused variable result
Warning, file "/home/fabrice/git/pycsl/scratchpad/w7/tmp/.pycsl_makdr2cm.mlw", line 3420, characters 45-49: unused variable self
Warning, file "/home/fabrice/git/pycsl/scratchpad/w7/tmp/.pycsl_makdr2cm.mlw", line 3420, characters 72-78: unused variable val_ir
Warning, file "/home/fabrice/git/pycsl/scratchpad/w7/tmp/.pycsl_makdr2cm.mlw", line 3422, characters 15-19: unused variable result
Warning, file "/home/fabrice/git/pycsl/scratchpad/w7/tmp/.pycsl_makdr2cm.mlw", line 3424, characters 46-50: unused variable self
Warning, file "/home/fabrice/git/pycsl/scratchpad/w7/tmp/.pycsl_makdr2cm.mlw", line 3424, characters 73-79: unused variable py_val
Warning, file "/home/fabrice/git/pycsl/scratchpad/w7/tmp/.pycsl_makdr2cm.mlw", line 3424, characters 90-96: unused variable val_ir
Warning, file "/home/fabrice/git/pycsl/scratchpad/w7/tmp/.pycsl_makdr2cm.mlw", line 3426, characters 15-19: unused variable result
Warning, file "/home/fabrice/git/pycsl/scratchpad/w7/tmp/.pycsl_makdr2cm.mlw", line 3428, characters 57-61: unused variable self
Warning, file "/home/fabrice/git/pycsl/scratchpad/w7/tmp/.pycsl_makdr2cm.mlw", line 3428, characters 84-90: unused variable target
Warning, file "/home/fabrice/git/pycsl/scratchpad/w7/tmp/.pycsl_makdr2cm.mlw", line 3428, characters 101-103: unused variable op
Warning, file "/home/fabrice/git/pycsl/scratchpad/w7/tmp/.pycsl_makdr2cm.mlw", line 3428, characters 114-124: unused variable ghost_type
Warning, file "/home/fabrice/git/pycsl/scratchpad/w7/tmp/.pycsl_makdr2cm.mlw", line 3430, characters 15-19: unused variable result
Warning, file "/home/fabrice/git/pycsl/scratchpad/w7/tmp/.pycsl_makdr2cm.mlw", line 3432, characters 45-49: unused variable self
Warning, file "/home/fabrice/git/pycsl/scratchpad/w7/tmp/.pycsl_makdr2cm.mlw", line 3432, characters 72-74: unused variable rt
Warning, file "/home/fabrice/git/pycsl/scratchpad/w7/tmp/.pycsl_makdr2cm.mlw", line 3434, characters 15-19: unused variable result
Warning, file "/home/fabrice/git/pycsl/scratchpad/w7/tmp/.pycsl_makdr2cm.mlw", line 3436, characters 54-58: unused variable self
Warning, file "/home/fabrice/git/pycsl/scratchpad/w7/tmp/.pycsl_makdr2cm.mlw", line 3436, characters 81-87: unused variable target
Warning, file "/home/fabrice/git/pycsl/scratchpad/w7/tmp/.pycsl_makdr2cm.mlw", line 3436, characters 98-104: unused variable val_ir
Warning, file "/home/fabrice/git/pycsl/scratchpad/w7/tmp/.pycsl_makdr2cm.mlw", line 3440, characters 40-44: unused variable self
Warning, file "/home/fabrice/git/pycsl/scratchpad/w7/tmp/.pycsl_makdr2cm.mlw", line 3440, characters 67-73: unused variable val_ir
Warning, file "/home/fabrice/git/pycsl/scratchpad/w7/tmp/.pycsl_makdr2cm.mlw", line 3442, characters 15-19: unused variable result

[+] Verification SUCCESS! All contracts formally proven.
