Warning, file "/home/fabrice/git/pycsl/scratchpad/w7/tmp/.pycsl_9yk_n204.mlw", line 1208, characters 15-39: unused variable result
Warning, file "/home/fabrice/git/pycsl/scratchpad/w7/tmp/.pycsl_9yk_n204.mlw", line 1225, characters 15-19: unused variable result
Warning, file "/home/fabrice/git/pycsl/scratchpad/w7/tmp/.pycsl_9yk_n204.mlw", line 1249, characters 15-19: unused variable result
Warning, file "/home/fabrice/git/pycsl/scratchpad/w7/tmp/.pycsl_9yk_n204.mlw", line 1263, characters 15-39: unused variable result
Warning, file "/home/fabrice/git/pycsl/scratchpad/w7/tmp/.pycsl_9yk_n204.mlw", line 1284, characters 8-17: unused variable paths_len
Warning, file "/home/fabrice/git/pycsl/scratchpad/w7/tmp/.pycsl_9yk_n204.mlw", line 1280, characters 15-39: unused variable result
Warning, file "/home/fabrice/git/pycsl/scratchpad/w7/tmp/.pycsl_9yk_n204.mlw", line 1302, characters 15-19: unused variable result
Warning, file "/home/fabrice/git/pycsl/scratchpad/w7/tmp/.pycsl_9yk_n204.mlw", line 1321, characters 8-19: unused variable clauses_len
Warning, file "/home/fabrice/git/pycsl/scratchpad/w7/tmp/.pycsl_9yk_n204.mlw", line 1317, characters 15-19: unused variable result
Warning, file "/home/fabrice/git/pycsl/scratchpad/w7/tmp/.pycsl_9yk_n204.mlw", line 1364, characters 15-19: unused variable result
Warning, file "/home/fabrice/git/pycsl/scratchpad/w7/tmp/.pycsl_9yk_n204.mlw", line 1375, characters 15-19: unused variable result
Warning, file "/home/fabrice/git/pycsl/scratchpad/w7/tmp/.pycsl_9yk_n204.mlw", line 1397, characters 15-19: unused variable result
Warning, file "/home/fabrice/git/pycsl/scratchpad/w7/tmp/.pycsl_9yk_n204.mlw", line 1438, characters 15-39: unused variable result
Warning, file "/home/fabrice/git/pycsl/scratchpad/w7/tmp/.pycsl_9yk_n204.mlw", line 1453, characters 15-19: unused variable result
Warning, file "/home/fabrice/git/pycsl/scratchpad/w7/tmp/.pycsl_9yk_n204.mlw", line 1483, characters 69-73: unused variable name
Warning, file "/home/fabrice/git/pycsl/scratchpad/w7/tmp/.pycsl_9yk_n204.mlw", line 1500, characters 15-39: unused variable result
Warning, file "/home/fabrice/git/pycsl/scratchpad/w7/tmp/.pycsl_9yk_n204.mlw", line 1525, characters 32-36: unused variable result
Warning, file "/home/fabrice/git/pycsl/scratchpad/w7/tmp/.pycsl_9yk_n204.mlw", line 1535, characters 15-19: unused variable result
Warning, file "/home/fabrice/git/pycsl/scratchpad/w7/tmp/.pycsl_9yk_n204.mlw", line 1561, characters 8-17: unused variable names_len
Warning, file "/home/fabrice/git/pycsl/scratchpad/w7/tmp/.pycsl_9yk_n204.mlw", line 1557, characters 15-39: unused variable result
Warning, file "/home/fabrice/git/pycsl/scratchpad/w7/tmp/.pycsl_9yk_n204.mlw", line 1575, characters 15-39: unused variable result
Warning, file "/home/fabrice/git/pycsl/scratchpad/w7/tmp/.pycsl_9yk_n204.mlw", line 1596, characters 15-19: unused variable result
Warning, file "/home/fabrice/git/pycsl/scratchpad/w7/tmp/.pycsl_9yk_n204.mlw", line 1613, characters 15-39: unused variable result
Warning, file "/home/fabrice/git/pycsl/scratchpad/w7/tmp/.pycsl_9yk_n204.mlw", line 1630, characters 15-19: unused variable result
Warning, file "/home/fabrice/git/pycsl/scratchpad/w7/tmp/.pycsl_9yk_n204.mlw", line 1643, characters 15-39: unused variable result
Warning, file "/home/fabrice/git/pycsl/scratchpad/w7/tmp/.pycsl_9yk_n204.mlw", line 1655, characters 15-19: unused variable result
Warning, file "/home/fabrice/git/pycsl/scratchpad/w7/tmp/.pycsl_9yk_n204.mlw", line 1675, characters 15-19: unused variable result
Warning, file "/home/fabrice/git/pycsl/scratchpad/w7/tmp/.pycsl_9yk_n204.mlw", line 1689, characters 15-19: unused variable result
Warning, file "/home/fabrice/git/pycsl/scratchpad/w7/tmp/.pycsl_9yk_n204.mlw", line 1711, characters 53-55: unused variable fn
Warning, file "/home/fabrice/git/pycsl/scratchpad/w7/tmp/.pycsl_9yk_n204.mlw", line 1718, characters 15-19: unused variable result
Warning, file "/home/fabrice/git/pycsl/scratchpad/w7/tmp/.pycsl_9yk_n204.mlw", line 1730, characters 21-27: unused variable source
Warning, file "/home/fabrice/git/pycsl/scratchpad/w7/tmp/.pycsl_9yk_n204.mlw", line 1734, characters 38-42: unused variable self
Warning, file "/home/fabrice/git/pycsl/scratchpad/w7/tmp/.pycsl_9yk_n204.mlw", line 1734, characters 61-73: unused variable contract_str
Warning, file "/home/fabrice/git/pycsl/scratchpad/w7/tmp/.pycsl_9yk_n204.mlw", line 1734, characters 84-95: unused variable line_number
Warning, file "/home/fabrice/git/pycsl/scratchpad/w7/tmp/.pycsl_9yk_n204.mlw", line 1736, characters 15-19: unused variable result
Warning, file "/home/fabrice/git/pycsl/scratchpad/w7/tmp/.pycsl_9yk_n204.mlw", line 1743, characters 8-20: unused variable contract_str
Warning, file "/home/fabrice/git/pycsl/scratchpad/w7/tmp/.pycsl_9yk_n204.mlw", line 1742, characters 8-24: unused variable parsed_nodes_len
Warning, file "/home/fabrice/git/pycsl/scratchpad/w7/tmp/.pycsl_9yk_n204.mlw", line 1740, characters 15-19: unused variable result

[+] Verification SUCCESS! All contracts formally proven.
