Warning, file "/home/fabrice/git/pycsl/scratchpad/w7/tmp/.pycsl_f867w1hr.mlw", line 240, characters 93-97: unused variable vals
Warning, file "/home/fabrice/git/pycsl/scratchpad/w7/tmp/.pycsl_f867w1hr.mlw", line 240, characters 105-116: unused variable field_types
Warning, file "/home/fabrice/git/pycsl/scratchpad/w7/tmp/.pycsl_f867w1hr.mlw", line 240, characters 124-137: unused variable array_lengths
Warning, file "/home/fabrice/git/pycsl/scratchpad/w7/tmp/.pycsl_f867w1hr.mlw", line 240, characters 145-165: unused variable array_elem_witnesses
Warning, file "/home/fabrice/git/pycsl/scratchpad/w7/tmp/.pycsl_f867w1hr.mlw", line 242, characters 15-19: unused variable result
Warning, file "/home/fabrice/git/pycsl/scratchpad/w7/tmp/.pycsl_f867w1hr.mlw", line 244, characters 43-47: unused variable self
Warning, file "/home/fabrice/git/pycsl/scratchpad/w7/tmp/.pycsl_f867w1hr.mlw", line 244, characters 66-70: unused variable vals
Warning, file "/home/fabrice/git/pycsl/scratchpad/w7/tmp/.pycsl_f867w1hr.mlw", line 244, characters 78-82: unused variable invs
Warning, file "/home/fabrice/git/pycsl/scratchpad/w7/tmp/.pycsl_f867w1hr.mlw", line 244, characters 96-107: unused variable field_names
Warning, file "/home/fabrice/git/pycsl/scratchpad/w7/tmp/.pycsl_f867w1hr.mlw", line 246, characters 15-19: unused variable result
Warning, file "/home/fabrice/git/pycsl/scratchpad/w7/tmp/.pycsl_f867w1hr.mlw", line 330, characters 49-53: unused variable self
Warning, file "/home/fabrice/git/pycsl/scratchpad/w7/tmp/.pycsl_f867w1hr.mlw", line 331, characters 32-36: unused variable result
Warning, file "/home/fabrice/git/pycsl/scratchpad/w7/tmp/.pycsl_f867w1hr.mlw", line 439, characters 46-50: unused variable self
Warning, file "/home/fabrice/git/pycsl/scratchpad/w7/tmp/.pycsl_f867w1hr.mlw", line 440, characters 32-36: unused variable result
Warning, file "/home/fabrice/git/pycsl/scratchpad/w7/tmp/.pycsl_f867w1hr.mlw", line 502, characters 46-50: unused variable self
Warning, file "/home/fabrice/git/pycsl/scratchpad/w7/tmp/.pycsl_f867w1hr.mlw", line 503, characters 32-36: unused variable result
Warning, file "/home/fabrice/git/pycsl/scratchpad/w7/tmp/.pycsl_f867w1hr.mlw", line 535, characters 32-36: unused variable result
Warning, file "/home/fabrice/git/pycsl/scratchpad/w7/tmp/.pycsl_f867w1hr.mlw", line 528, characters 32-36: unused variable result
Warning, file "/home/fabrice/git/pycsl/scratchpad/w7/tmp/.pycsl_f867w1hr.mlw", line 511, characters 32-36: unused variable result
Warning, file "/home/fabrice/git/pycsl/scratchpad/w7/tmp/.pycsl_f867w1hr.mlw", line 603, characters 32-36: unused variable result
Warning, file "/home/fabrice/git/pycsl/scratchpad/w7/tmp/.pycsl_f867w1hr.mlw", line 636, characters 32-36: unused variable result
Warning, file "/home/fabrice/git/pycsl/scratchpad/w7/tmp/.pycsl_f867w1hr.mlw", line 640, characters 32-36: unused variable result
Warning, file "/home/fabrice/git/pycsl/scratchpad/w7/tmp/.pycsl_f867w1hr.mlw", line 643, characters 32-36: unused variable result
Warning, file "/home/fabrice/git/pycsl/scratchpad/w7/tmp/.pycsl_f867w1hr.mlw", line 645, characters 55-59: unused variable self
Warning, file "/home/fabrice/git/pycsl/scratchpad/w7/tmp/.pycsl_f867w1hr.mlw", line 645, characters 78-82: unused variable func
Warning, file "/home/fabrice/git/pycsl/scratchpad/w7/tmp/.pycsl_f867w1hr.mlw", line 647, characters 15-19: unused variable result
Warning, file "/home/fabrice/git/pycsl/scratchpad/w7/tmp/.pycsl_f867w1hr.mlw", line 657, characters 53-57: unused variable self
Warning, file "/home/fabrice/git/pycsl/scratchpad/w7/tmp/.pycsl_f867w1hr.mlw", line 659, characters 15-19: unused variable result
Warning, file "/home/fabrice/git/pycsl/scratchpad/w7/tmp/.pycsl_f867w1hr.mlw", line 669, characters 49-53: unused variable self
Warning, file "/home/fabrice/git/pycsl/scratchpad/w7/tmp/.pycsl_f867w1hr.mlw", line 671, characters 15-19: unused variable result
Warning, file "/home/fabrice/git/pycsl/scratchpad/w7/tmp/.pycsl_f867w1hr.mlw", line 682, characters 55-59: unused variable self
Warning, file "/home/fabrice/git/pycsl/scratchpad/w7/tmp/.pycsl_f867w1hr.mlw", line 682, characters 78-88: unused variable body_stmts
Warning, file "/home/fabrice/git/pycsl/scratchpad/w7/tmp/.pycsl_f867w1hr.mlw", line 682, characters 102-113: unused variable return_type
Warning, file "/home/fabrice/git/pycsl/scratchpad/w7/tmp/.pycsl_f867w1hr.mlw", line 682, characters 124-136: unused variable func_trusted
Warning, file "/home/fabrice/git/pycsl/scratchpad/w7/tmp/.pycsl_f867w1hr.mlw", line 684, characters 15-19: unused variable result
Warning, file "/home/fabrice/git/pycsl/scratchpad/w7/tmp/.pycsl_f867w1hr.mlw", line 721, characters 32-36: unused variable result
Warning, file "/home/fabrice/git/pycsl/scratchpad/w7/tmp/.pycsl_f867w1hr.mlw", line 714, characters 32-36: unused variable result
Warning, file "/home/fabrice/git/pycsl/scratchpad/w7/tmp/.pycsl_f867w1hr.mlw", line 699, characters 32-36: unused variable result

[+] Verification SUCCESS! All contracts formally proven.
