Warning, file "/home/fabrice/git/pycsl/scratchpad/w7/tmp/.pycsl_nsc1svu2.mlw", line 3457, characters 113-123: unused variable local_refs
Warning, file "/home/fabrice/git/pycsl/scratchpad/w7/tmp/.pycsl_nsc1svu2.mlw", line 3459, characters 15-19: unused variable result
Warning, file "/home/fabrice/git/pycsl/scratchpad/w7/tmp/.pycsl_nsc1svu2.mlw", line 3464, characters 15-19: unused variable result
Warning, file "/home/fabrice/git/pycsl/scratchpad/w7/tmp/.pycsl_nsc1svu2.mlw", line 3516, characters 15-19: unused variable result
Warning, file "/home/fabrice/git/pycsl/scratchpad/w7/tmp/.pycsl_nsc1svu2.mlw", line 3629, characters 82-85: unused variable var
Warning, file "/home/fabrice/git/pycsl/scratchpad/w7/tmp/.pycsl_nsc1svu2.mlw", line 3629, characters 117-122: unused variable token
Warning, file "/home/fabrice/git/pycsl/scratchpad/w7/tmp/.pycsl_nsc1svu2.mlw", line 3634, characters 83-86: unused variable var
Warning, file "/home/fabrice/git/pycsl/scratchpad/w7/tmp/.pycsl_nsc1svu2.mlw", line 3634, characters 119-130: unused variable binder_type
Warning, file "/home/fabrice/git/pycsl/scratchpad/w7/tmp/.pycsl_nsc1svu2.mlw", line 3641, characters 15-19: unused variable result
Warning, file "/home/fabrice/git/pycsl/scratchpad/w7/tmp/.pycsl_nsc1svu2.mlw", line 3702, characters 15-19: unused variable result
Warning, file "/home/fabrice/git/pycsl/scratchpad/w7/tmp/.pycsl_nsc1svu2.mlw", line 3760, characters 58-62: unused variable self
Warning, file "/home/fabrice/git/pycsl/scratchpad/w7/tmp/.pycsl_nsc1svu2.mlw", line 3760, characters 90-99: unused variable func_name
Warning, file "/home/fabrice/git/pycsl/scratchpad/w7/tmp/.pycsl_nsc1svu2.mlw", line 3764, characters 46-50: unused variable self
Warning, file "/home/fabrice/git/pycsl/scratchpad/w7/tmp/.pycsl_nsc1svu2.mlw", line 3764, characters 78-86: unused variable lower_ir
Warning, file "/home/fabrice/git/pycsl/scratchpad/w7/tmp/.pycsl_nsc1svu2.mlw", line 3764, characters 98-106: unused variable upper_ir
Warning, file "/home/fabrice/git/pycsl/scratchpad/w7/tmp/.pycsl_nsc1svu2.mlw", line 3766, characters 15-19: unused variable result
Warning, file "/home/fabrice/git/pycsl/scratchpad/w7/tmp/.pycsl_nsc1svu2.mlw", line 3770, characters 15-19: unused variable result
Warning, file "/home/fabrice/git/pycsl/scratchpad/w7/tmp/.pycsl_nsc1svu2.mlw", line 3824, characters 15-19: unused variable result
Warning, file "/home/fabrice/git/pycsl/scratchpad/w7/tmp/.pycsl_nsc1svu2.mlw", line 3913, characters 32-36: unused variable result
Warning, file "/home/fabrice/git/pycsl/scratchpad/w7/tmp/.pycsl_nsc1svu2.mlw", line 3945, characters 15-19: unused variable result
Warning, file "/home/fabrice/git/pycsl/scratchpad/w7/tmp/.pycsl_nsc1svu2.mlw", line 4006, characters 46-50: unused variable self
Warning, file "/home/fabrice/git/pycsl/scratchpad/w7/tmp/.pycsl_nsc1svu2.mlw", line 4006, characters 78-82: unused variable x_ir
Warning, file "/home/fabrice/git/pycsl/scratchpad/w7/tmp/.pycsl_nsc1svu2.mlw", line 4008, characters 15-19: unused variable result
Warning, file "/home/fabrice/git/pycsl/scratchpad/w7/tmp/.pycsl_nsc1svu2.mlw", line 4010, characters 73-82: unused variable whyml_str
Warning, file "/home/fabrice/git/pycsl/scratchpad/w7/tmp/.pycsl_nsc1svu2.mlw", line 4010, characters 93-100: unused variable ir_expr
Warning, file "/home/fabrice/git/pycsl/scratchpad/w7/tmp/.pycsl_nsc1svu2.mlw", line 4012, characters 15-19: unused variable result
Warning, file "/home/fabrice/git/pycsl/scratchpad/w7/tmp/.pycsl_nsc1svu2.mlw", line 4058, characters 8-9: unused variable p
Warning, file "/home/fabrice/git/pycsl/scratchpad/w7/tmp/.pycsl_nsc1svu2.mlw", line 4017, characters 15-19: unused variable result
Warning, file "/home/fabrice/git/pycsl/scratchpad/w7/tmp/.pycsl_nsc1svu2.mlw", line 4115, characters 8-9: unused variable p
Warning, file "/home/fabrice/git/pycsl/scratchpad/w7/tmp/.pycsl_nsc1svu2.mlw", line 4074, characters 15-19: unused variable result
Warning, file "/home/fabrice/git/pycsl/scratchpad/w7/tmp/.pycsl_nsc1svu2.mlw", line 4133, characters 15-19: unused variable result
Warning, file "/home/fabrice/git/pycsl/scratchpad/w7/tmp/.pycsl_nsc1svu2.mlw", line 4260, characters 8-13: unused variable fname
Warning, file "/home/fabrice/git/pycsl/scratchpad/w7/tmp/.pycsl_nsc1svu2.mlw", line 4255, characters 8-14: unused variable py_val
Warning, file "/home/fabrice/git/pycsl/scratchpad/w7/tmp/.pycsl_nsc1svu2.mlw", line 4253, characters 8-17: unused variable parts_len
Warning, file "/home/fabrice/git/pycsl/scratchpad/w7/tmp/.pycsl_nsc1svu2.mlw", line 4216, characters 15-19: unused variable result
Warning, file "/home/fabrice/git/pycsl/scratchpad/w7/tmp/.pycsl_nsc1svu2.mlw", line 4328, characters 15-19: unused variable result
Warning, file "/home/fabrice/git/pycsl/scratchpad/w7/tmp/.pycsl_nsc1svu2.mlw", line 4437, characters 23-27: unused variable self
Warning, file "/home/fabrice/git/pycsl/scratchpad/w7/tmp/.pycsl_nsc1svu2.mlw", line 4452, characters 19-21: unused variable ir

[+] Verification SUCCESS! All contracts formally proven.
