Warning, file "/home/fabrice/git/pycsl/scratchpad/w7/tmp/.pycsl_816s06lr.mlw", line 2366, characters 48-52: unused variable self
Warning, file "/home/fabrice/git/pycsl/scratchpad/w7/tmp/.pycsl_816s06lr.mlw", line 2366, characters 79-81: unused variable ir
Warning, file "/home/fabrice/git/pycsl/scratchpad/w7/tmp/.pycsl_816s06lr.mlw", line 2367, characters 15-19: unused variable result
Warning, file "/home/fabrice/git/pycsl/scratchpad/w7/tmp/.pycsl_816s06lr.mlw", line 2369, characters 47-51: unused variable self
Warning, file "/home/fabrice/git/pycsl/scratchpad/w7/tmp/.pycsl_816s06lr.mlw", line 2369, characters 78-80: unused variable ir
Warning, file "/home/fabrice/git/pycsl/scratchpad/w7/tmp/.pycsl_816s06lr.mlw", line 2370, characters 15-19: unused variable result
Warning, file "/home/fabrice/git/pycsl/scratchpad/w7/tmp/.pycsl_816s06lr.mlw", line 2470, characters 63-67: unused variable self
Warning, file "/home/fabrice/git/pycsl/scratchpad/w7/tmp/.pycsl_816s06lr.mlw", line 2470, characters 94-98: unused variable kind
Warning, file "/home/fabrice/git/pycsl/scratchpad/w7/tmp/.pycsl_816s06lr.mlw", line 2470, characters 106-110: unused variable args
Warning, file "/home/fabrice/git/pycsl/scratchpad/w7/tmp/.pycsl_816s06lr.mlw", line 2471, characters 15-19: unused variable result
Warning, file "/home/fabrice/git/pycsl/scratchpad/w7/tmp/.pycsl_816s06lr.mlw", line 2473, characters 54-58: unused variable self
Warning, file "/home/fabrice/git/pycsl/scratchpad/w7/tmp/.pycsl_816s06lr.mlw", line 2473, characters 85-90: unused variable mutex
Warning, file "/home/fabrice/git/pycsl/scratchpad/w7/tmp/.pycsl_816s06lr.mlw", line 2473, characters 101-108: unused variable inv_str
Warning, file "/home/fabrice/git/pycsl/scratchpad/w7/tmp/.pycsl_816s06lr.mlw", line 2474, characters 15-19: unused variable result
Warning, file "/home/fabrice/git/pycsl/scratchpad/w7/tmp/.pycsl_816s06lr.mlw", line 2476, characters 57-61: unused variable self
Warning, file "/home/fabrice/git/pycsl/scratchpad/w7/tmp/.pycsl_816s06lr.mlw", line 2476, characters 88-97: unused variable func_name
Warning, file "/home/fabrice/git/pycsl/scratchpad/w7/tmp/.pycsl_816s06lr.mlw", line 2477, characters 15-19: unused variable result
Warning, file "/home/fabrice/git/pycsl/scratchpad/w7/tmp/.pycsl_816s06lr.mlw", line 2481, characters 15-19: unused variable result
Warning, file "/home/fabrice/git/pycsl/scratchpad/w7/tmp/.pycsl_816s06lr.mlw", line 2552, characters 77-83: unused variable val_ir
Warning, file "/home/fabrice/git/pycsl/scratchpad/w7/tmp/.pycsl_816s06lr.mlw", line 2552, characters 95-105: unused variable local_refs
Warning, file "/home/fabrice/git/pycsl/scratchpad/w7/tmp/.pycsl_816s06lr.mlw", line 2552, characters 130-136: unused variable target
Warning, file "/home/fabrice/git/pycsl/scratchpad/w7/tmp/.pycsl_816s06lr.mlw", line 2554, characters 15-19: unused variable result
Warning, file "/home/fabrice/git/pycsl/scratchpad/w7/tmp/.pycsl_816s06lr.mlw", line 2559, characters 15-19: unused variable result
Warning, file "/home/fabrice/git/pycsl/scratchpad/w7/tmp/.pycsl_816s06lr.mlw", line 2622, characters 78-83: unused variable stmts
Warning, file "/home/fabrice/git/pycsl/scratchpad/w7/tmp/.pycsl_816s06lr.mlw", line 2622, characters 97-107: unused variable local_refs
Warning, file "/home/fabrice/git/pycsl/scratchpad/w7/tmp/.pycsl_816s06lr.mlw", line 2622, characters 132-145: unused variable declared_refs
Warning, file "/home/fabrice/git/pycsl/scratchpad/w7/tmp/.pycsl_816s06lr.mlw", line 2622, characters 170-176: unused variable indent
Warning, file "/home/fabrice/git/pycsl/scratchpad/w7/tmp/.pycsl_816s06lr.mlw", line 2622, characters 187-194: unused variable in_loop
Warning, file "/home/fabrice/git/pycsl/scratchpad/w7/tmp/.pycsl_816s06lr.mlw", line 2624, characters 15-19: unused variable result
Warning, file "/home/fabrice/git/pycsl/scratchpad/w7/tmp/.pycsl_816s06lr.mlw", line 2630, characters 15-19: unused variable result
Warning, file "/home/fabrice/git/pycsl/scratchpad/w7/tmp/.pycsl_816s06lr.mlw", line 2686, characters 58-62: unused variable self
Warning, file "/home/fabrice/git/pycsl/scratchpad/w7/tmp/.pycsl_816s06lr.mlw", line 2686, characters 89-95: unused variable target
Warning, file "/home/fabrice/git/pycsl/scratchpad/w7/tmp/.pycsl_816s06lr.mlw", line 2686, characters 106-112: unused variable val_ir
Warning, file "/home/fabrice/git/pycsl/scratchpad/w7/tmp/.pycsl_816s06lr.mlw", line 2689, characters 80-90: unused variable body_stmts
Warning, file "/home/fabrice/git/pycsl/scratchpad/w7/tmp/.pycsl_816s06lr.mlw", line 2691, characters 15-19: unused variable result
Warning, file "/home/fabrice/git/pycsl/scratchpad/w7/tmp/.pycsl_816s06lr.mlw", line 2696, characters 15-19: unused variable result
Warning, file "/home/fabrice/git/pycsl/scratchpad/w7/tmp/.pycsl_816s06lr.mlw", line 2762, characters 15-19: unused variable result
Warning, file "/home/fabrice/git/pycsl/scratchpad/w7/tmp/.pycsl_816s06lr.mlw", line 2841, characters 19-21: unused variable ir

[+] Verification SUCCESS! All contracts formally proven.
