Warning, file "/home/fabrice/git/pycsl/scratchpad/w7/tmp/.pycsl_405qw1py.mlw", line 480, characters 77-87: unused variable type_decls
Warning, file "/home/fabrice/git/pycsl/scratchpad/w7/tmp/.pycsl_405qw1py.mlw", line 482, characters 15-19: unused variable result
Warning, file "/home/fabrice/git/pycsl/scratchpad/w7/tmp/.pycsl_405qw1py.mlw", line 484, characters 61-65: unused variable self
Warning, file "/home/fabrice/git/pycsl/scratchpad/w7/tmp/.pycsl_405qw1py.mlw", line 486, characters 15-19: unused variable result
Warning, file "/home/fabrice/git/pycsl/scratchpad/w7/tmp/.pycsl_405qw1py.mlw", line 488, characters 51-55: unused variable self
Warning, file "/home/fabrice/git/pycsl/scratchpad/w7/tmp/.pycsl_405qw1py.mlw", line 490, characters 15-19: unused variable result
Warning, file "/home/fabrice/git/pycsl/scratchpad/w7/tmp/.pycsl_405qw1py.mlw", line 542, characters 32-36: unused variable result
Warning, file "/home/fabrice/git/pycsl/scratchpad/w7/tmp/.pycsl_405qw1py.mlw", line 565, characters 32-36: unused variable result
Warning, file "/home/fabrice/git/pycsl/scratchpad/w7/tmp/.pycsl_405qw1py.mlw", line 559, characters 32-36: unused variable result
Warning, file "/home/fabrice/git/pycsl/scratchpad/w7/tmp/.pycsl_405qw1py.mlw", line 552, characters 32-36: unused variable result
Warning, file "/home/fabrice/git/pycsl/scratchpad/w7/tmp/.pycsl_405qw1py.mlw", line 569, characters 32-36: unused variable result
Warning, file "/home/fabrice/git/pycsl/scratchpad/w7/tmp/.pycsl_405qw1py.mlw", line 576, characters 64-68: unused variable self
Warning, file "/home/fabrice/git/pycsl/scratchpad/w7/tmp/.pycsl_405qw1py.mlw", line 576, characters 94-109: unused variable inductive_decls
Warning, file "/home/fabrice/git/pycsl/scratchpad/w7/tmp/.pycsl_405qw1py.mlw", line 578, characters 15-19: unused variable result
Warning, file "/home/fabrice/git/pycsl/scratchpad/w7/tmp/.pycsl_405qw1py.mlw", line 624, characters 32-36: unused variable result
Warning, file "/home/fabrice/git/pycsl/scratchpad/w7/tmp/.pycsl_405qw1py.mlw", line 631, characters 32-36: unused variable result
Warning, file "/home/fabrice/git/pycsl/scratchpad/w7/tmp/.pycsl_405qw1py.mlw", line 651, characters 32-36: unused variable result
Warning, file "/home/fabrice/git/pycsl/scratchpad/w7/tmp/.pycsl_405qw1py.mlw", line 645, characters 32-36: unused variable result
Warning, file "/home/fabrice/git/pycsl/scratchpad/w7/tmp/.pycsl_405qw1py.mlw", line 638, characters 32-36: unused variable result
Warning, file "/home/fabrice/git/pycsl/scratchpad/w7/tmp/.pycsl_405qw1py.mlw", line 655, characters 32-36: unused variable result
Warning, file "/home/fabrice/git/pycsl/scratchpad/w7/tmp/.pycsl_405qw1py.mlw", line 670, characters 8-17: unused variable types_len
Warning, file "/home/fabrice/git/pycsl/scratchpad/w7/tmp/.pycsl_405qw1py.mlw", line 665, characters 51-55: unused variable self
Warning, file "/home/fabrice/git/pycsl/scratchpad/w7/tmp/.pycsl_405qw1py.mlw", line 667, characters 15-19: unused variable result
Warning, file "/home/fabrice/git/pycsl/scratchpad/w7/tmp/.pycsl_405qw1py.mlw", line 700, characters 53-57: unused variable self
Warning, file "/home/fabrice/git/pycsl/scratchpad/w7/tmp/.pycsl_405qw1py.mlw", line 700, characters 83-88: unused variable mutex
Warning, file "/home/fabrice/git/pycsl/scratchpad/w7/tmp/.pycsl_405qw1py.mlw", line 700, characters 99-106: unused variable inv_str
Warning, file "/home/fabrice/git/pycsl/scratchpad/w7/tmp/.pycsl_405qw1py.mlw", line 702, characters 15-19: unused variable result
Warning, file "/home/fabrice/git/pycsl/scratchpad/w7/tmp/.pycsl_405qw1py.mlw", line 735, characters 32-36: unused variable result
Warning, file "/home/fabrice/git/pycsl/scratchpad/w7/tmp/.pycsl_405qw1py.mlw", line 738, characters 60-64: unused variable self
Warning, file "/home/fabrice/git/pycsl/scratchpad/w7/tmp/.pycsl_405qw1py.mlw", line 738, characters 90-92: unused variable ir
Warning, file "/home/fabrice/git/pycsl/scratchpad/w7/tmp/.pycsl_405qw1py.mlw", line 742, characters 51-55: unused variable self
Warning, file "/home/fabrice/git/pycsl/scratchpad/w7/tmp/.pycsl_405qw1py.mlw", line 742, characters 81-90: unused variable functions
Warning, file "/home/fabrice/git/pycsl/scratchpad/w7/tmp/.pycsl_405qw1py.mlw", line 742, characters 104-114: unused variable all_bodies
Warning, file "/home/fabrice/git/pycsl/scratchpad/w7/tmp/.pycsl_405qw1py.mlw", line 744, characters 15-19: unused variable result
Warning, file "/home/fabrice/git/pycsl/scratchpad/w7/tmp/.pycsl_405qw1py.mlw", line 746, characters 50-54: unused variable self
Warning, file "/home/fabrice/git/pycsl/scratchpad/w7/tmp/.pycsl_405qw1py.mlw", line 746, characters 80-84: unused variable expr
Warning, file "/home/fabrice/git/pycsl/scratchpad/w7/tmp/.pycsl_405qw1py.mlw", line 746, characters 92-96: unused variable repl
Warning, file "/home/fabrice/git/pycsl/scratchpad/w7/tmp/.pycsl_405qw1py.mlw", line 748, characters 15-19: unused variable result

[+] Verification SUCCESS! All contracts formally proven.
