=== 2026-05-31T22:33:59.857439+00:00Z  Module: fileinput ===
  Baseline: L1=0 L2=9 L3=2 L4=0 L5=0
  Targets: 11 functions to promote
  CPython source: 11 functions with docstrings
  ── Promoting: hook_encoded ──
    spliced 4 line(s) at fileinput.py:64-65
    wrote 2 reference test(s)
  ── Promoting: hook_compressed ──
    spliced 4 line(s) at fileinput.py:58-59
    wrote 2 reference test(s)
  ── Promoting: close ──
    spliced 4 line(s) at fileinput.py:52-53
    wrote 2 reference test(s)
  ── Promoting: nextfile ──
    spliced 3 line(s) at fileinput.py:46-47
    wrote 2 reference test(s)
  ── Promoting: isstdin ──
    spliced 3 line(s) at fileinput.py:40-41
    wrote 2 reference test(s)
  ── Promoting: isfirstline ──
    spliced 3 line(s) at fileinput.py:34-35
    wrote 2 reference test(s)
  ── Promoting: filelineno ──
    spliced 3 line(s) at fileinput.py:28-29
    wrote 2 reference test(s)
  ── Promoting: lineno ──
    spliced 3 line(s) at fileinput.py:22-23
    wrote 2 reference test(s)
  ── Promoting: fileno ──
    spliced 3 line(s) at fileinput.py:16-17
    wrote 2 reference test(s)
  ── Promoting: filename ──
    spliced 3 line(s) at fileinput.py:10-11
    wrote 2 reference test(s)
  ── Promoting: input ──
    spliced 4 line(s) at fileinput.py:4-5
    wrote 2 reference test(s)
  ── Gate: compile ── PASS
  ── Gate: stdlib-coverage --module fileinput ──
      baseline: L1=0 L2=9 L3=2 L4=0 L5=0
      final:    L1=0 L2=3 L3=0 L4=0 L5=8   (Δ L4+ = +8)
      VERDICT: PASS
  ── Gate: self-annotate-verify ── PASS (26/26)
  Outcome: COMMIT-READY
