=== 2026-05-31T19:50:31.152705+00:00Z  Module: calendar ===
  Baseline: L1=0 L2=12 L3=1 L4=0 L5=0
  Targets: 13 functions to promote
  CPython source: 47 functions with docstrings
  ── Promoting: timegm ──
    spliced 4 line(s) at calendar.py:76-77
    wrote 2 reference test(s)
  ── Promoting: calendar ──
    spliced 3 line(s) at calendar.py:70-71
    wrote 2 reference test(s)
  ── Promoting: prcal ──
    spliced 4 line(s) at calendar.py:64-65
    wrote 2 reference test(s)
  ── Promoting: month ──
    spliced 8 line(s) at calendar.py:58-59
    wrote 2 reference test(s)
  ── Promoting: prmonth ──
    spliced 6 line(s) at calendar.py:52-53
    wrote 2 reference test(s)
  ── Promoting: monthcalendar ──
    spliced 6 line(s) at calendar.py:46-47
    wrote 2 reference test(s)
  ── Promoting: monthrange ──
    spliced 5 line(s) at calendar.py:40-41
    wrote 2 reference test(s)
  ── Promoting: weekheader ──
    spliced 4 line(s) at calendar.py:34-35
    wrote 2 reference test(s)
  ── Promoting: weekday ──
    spliced 5 line(s) at calendar.py:28-29
    wrote 2 reference test(s)
  ── Promoting: leapdays ──
    spliced 5 line(s) at calendar.py:22-23
    wrote 2 reference test(s)
  ── Promoting: isleap ──
    spliced 7 line(s) at calendar.py:16-17
    wrote 2 reference test(s)
  ── Promoting: firstweekday ──
    spliced 4 line(s) at calendar.py:10-11
    wrote 2 reference test(s)
  ── Promoting: setfirstweekday ──
    spliced 4 line(s) at calendar.py:4-5
    wrote 2 reference test(s)
  ── Gate: compile ── PASS
  ── Gate: stdlib-coverage --module calendar ──
      baseline: L1=0 L2=12 L3=1 L4=0 L5=0
      final:    L1=1 L2=1 L3=0 L4=0 L5=11   (Δ L4+ = +11)
      VERDICT: PASS
  ── Gate: self-annotate-verify ── PASS (26/26)
  Outcome: COMMIT-READY
