=== 2026-06-01T02:28:24.523191+00:00Z  Module: Module4_SemanticAnalyzer ===
  Baseline: L1=0 L2=3 L3=4 L4=0 L5=0
  Targets: 7 functions to promote
  CPython source: 0 functions with docstrings
  ── Promoting: contains_result ──
    spliced 4 line(s) at Module4_SemanticAnalyzer.py:52-53
    wrote 2 reference test(s)
  ── Promoting: extract_variables ──
    spliced 4 line(s) at Module4_SemanticAnalyzer.py:47-48
    wrote 2 reference test(s)
  ── Promoting: PyCSLSemanticError ──
    spliced 4 line(s) at Module4_SemanticAnalyzer.py:42-43
    wrote 2 reference test(s)
  ── Promoting: process ──
    spliced 5 line(s) at Module4_SemanticAnalyzer.py:33-36
    wrote 2 reference test(s)
  ── Promoting: visit_while ──
    spliced 5 line(s) at Module4_SemanticAnalyzer.py:26-29
    wrote 2 reference test(s)
  ── Promoting: visit_functiondef ──
    spliced 5 line(s) at Module4_SemanticAnalyzer.py:19-22
    wrote 2 reference test(s)
  ── Promoting: visit_classdef ──
    spliced 5 line(s) at Module4_SemanticAnalyzer.py:12-15
    wrote 2 reference test(s)
  ── Gate: compile ── PASS
  ── Gate: stdlib-coverage --module Module4_SemanticAnalyzer ──
      baseline: L1=0 L2=3 L3=4 L4=0 L5=0
      final:    L1=2 L2=0 L3=0 L4=0 L5=5   (Δ L4+ = +5)
      VERDICT: PASS
  ── Gate: self-annotate-verify ── PASS (26/26)
  Outcome: COMMIT-READY
