=== 2026-06-01T00:58:34.210306+00:00Z  Module: linecache ===
  Baseline: L1=0 L2=4 L3=0 L4=0 L5=0
  Targets: 4 functions to promote
  CPython source: 7 functions with docstrings
  ── Promoting: lazycache ──
    spliced 3 line(s) at linecache.py:22-23
    wrote 2 reference test(s)
  ── Promoting: checkcache ──
    spliced 3 line(s) at linecache.py:16-17
    wrote 2 reference test(s)
  ── Promoting: clearcache ──
    spliced 3 line(s) at linecache.py:10-11
    wrote 2 reference test(s)
  ── Promoting: getline ──
    spliced 4 line(s) at linecache.py:4-5
    wrote 2 reference test(s)
  ── Gate: compile ── PASS
  ── Gate: stdlib-coverage --module linecache ──
      baseline: L1=0 L2=4 L3=0 L4=0 L5=0
      final:    L1=0 L2=0 L3=0 L4=0 L5=4   (Δ L4+ = +4)
      VERDICT: PASS
  ── Gate: self-annotate-verify ── PASS (26/26)
  Outcome: COMMIT-READY
