[*] Parsing and Semantic Analysis for 'src/self-annotate/src/frontend/pure_ast.py'...
[*] Memory model: hoare
[*] Running Proof Engine (provers: Alt-Ergo,2.6.2, → Z3,4.13.3,)...

--- Verification Results ---

Warnings/Errors from Why3:
Warning, file "/tmp/.pycsl_z2nbgf9g.mlw", line 383, characters 15-19: unused variable result
Warning, file "/tmp/.pycsl_z2nbgf9g.mlw", line 387, characters 20-29: unused variable namespace
Warning, file "/tmp/.pycsl_z2nbgf9g.mlw", line 395, characters 27-32: unused variable value
Warning, file "/tmp/.pycsl_z2nbgf9g.mlw", line 399, characters 23-27: unused variable body
Warning, file "/tmp/.pycsl_z2nbgf9g.mlw", line 399, characters 35-43: unused variable is_bytes
Warning, file "/tmp/.pycsl_z2nbgf9g.mlw", line 403, characters 30-34: unused variable text
Warning, file "/tmp/.pycsl_z2nbgf9g.mlw", line 403, characters 42-48: unused variable is_raw
Warning, file "/tmp/.pycsl_z2nbgf9g.mlw", line 407, characters 22-25: unused variable tok
Warning, file "/tmp/.pycsl_z2nbgf9g.mlw", line 411, characters 27-39: unused variable start_string
Warning, file "/tmp/.pycsl_z2nbgf9g.mlw", line 417, characters 15-19: unused variable result
Warning, file "/tmp/.pycsl_z2nbgf9g.mlw", line 421, characters 12-18: unused variable source
Warning, file "/tmp/.pycsl_z2nbgf9g.mlw", line 425, characters 28-34: unused variable values
Warning, file "/tmp/.pycsl_z2nbgf9g.mlw", line 425, characters 42-52: unused variable drop_empty
Warning, file "/tmp/.pycsl_z2nbgf9g.mlw", line 431, characters 15-19: unused variable result
Warning, file "/tmp/.pycsl_z2nbgf9g.mlw", line 441, characters 23-29: unused variable source
Warning, file "/tmp/.pycsl_z2nbgf9g.mlw", line 445, characters 21-22: unused variable s
Warning, file "/tmp/.pycsl_z2nbgf9g.mlw", line 449, characters 23-27: unused variable self
Warning, file "/tmp/.pycsl_z2nbgf9g.mlw", line 449, characters 39-47: unused variable min_prec
Warning, file "/tmp/.pycsl_z2nbgf9g.mlw", line 453, characters 27-31: unused variable self
Warning, file "/tmp/.pycsl_z2nbgf9g.mlw", line 453, characters 43-48: unused variable close
Warning, file "/tmp/.pycsl_z2nbgf9g.mlw", line 457, characters 30-34: unused variable self
Warning, file "/tmp/.pycsl_z2nbgf9g.mlw", line 457, characters 46-49: unused variable ctx
Warning, file "/tmp/.pycsl_z2nbgf9g.mlw", line 461, characters 29-33: unused variable self
Warning, file "/tmp/.pycsl_z2nbgf9g.mlw", line 465, characters 27-31: unused variable self
Warning, file "/tmp/.pycsl_z2nbgf9g.mlw", line 465, characters 43-44: unused variable t
Warning, file "/tmp/.pycsl_z2nbgf9g.mlw", line 465, characters 52-61: unused variable first_key
Warning, file "/tmp/.pycsl_z2nbgf9g.mlw", line 469, characters 32-36: unused variable self
Warning, file "/tmp/.pycsl_z2nbgf9g.mlw", line 473, characters 30-34: unused variable self
Warning, file "/tmp/.pycsl_z2nbgf9g.mlw", line 477, characters 28-32: unused variable self
Warning, file "/tmp/.pycsl_z2nbgf9g.mlw", line 481, characters 21-25: unused variable self
Warning, file "/tmp/.pycsl_z2nbgf9g.mlw", line 481, characters 37-41: unused variable node
Warning, file "/tmp/.pycsl_z2nbgf9g.mlw", line 481, characters 49-58: unused variable start_tok
Warning, file "/tmp/.pycsl_z2nbgf9g.mlw", line 481, characters 66-73: unused variable end_tok
Warning, file "/tmp/.pycsl_z2nbgf9g.mlw", line 485, characters 27-31: unused variable self
Warning, file "/tmp/.pycsl_z2nbgf9g.mlw", line 485, characters 43-47: unused variable node
Warning, file "/tmp/.pycsl_z2nbgf9g.mlw", line 485, characters 55-64: unused variable start_tok
Warning, file "/tmp/.pycsl_z2nbgf9g.mlw", line 489, characters 25-29: unused variable self
Warning, file "/tmp/.pycsl_z2nbgf9g.mlw", line 489, characters 41-45: unused variable node
Warning, file "/tmp/.pycsl_z2nbgf9g.mlw", line 489, characters 53-62: unused variable start_tok
Warning, file "/tmp/.pycsl_z2nbgf9g.mlw", line 489, characters 70-77: unused variable end_tok
Warning, file "/tmp/.pycsl_z2nbgf9g.mlw", line 493, characters 28-32: unused variable self
Warning, file "/tmp/.pycsl_z2nbgf9g.mlw", line 497, characters 25-29: unused variable self
Warning, file "/tmp/.pycsl_z2nbgf9g.mlw", line 501, characters 37-41: unused variable self
Warning, file "/tmp/.pycsl_z2nbgf9g.mlw", line 501, characters 53-59: unused variable is_raw
Warning, file "/tmp/.pycsl_z2nbgf9g.mlw", line 505, characters 37-41: unused variable self
Warning, file "/tmp/.pycsl_z2nbgf9g.mlw", line 505, characters 53-59: unused variable is_raw
Warning, file "/tmp/.pycsl_z2nbgf9g.mlw", line 509, characters 25-29: unused variable self
Warning, file "/tmp/.pycsl_z2nbgf9g.mlw", line 513, characters 32-36: unused variable self
Warning, file "/tmp/.pycsl_z2nbgf9g.mlw", line 517, characters 33-37: unused variable self
Warning, file "/tmp/.pycsl_z2nbgf9g.mlw", line 521, characters 28-32: unused variable self
Warning, file "/tmp/.pycsl_z2nbgf9g.mlw", line 525, characters 38-42: unused variable self
Warning, file "/tmp/.pycsl_z2nbgf9g.mlw", line 529, characters 34-38: unused variable self
Warning, file "/tmp/.pycsl_z2nbgf9g.mlw", line 535, characters 15-19: unused variable result
Warning, file "/tmp/.pycsl_z2nbgf9g.mlw", line 544, characters 15-19: unused variable result
Warning, file "/tmp/.pycsl_z2nbgf9g.mlw", line 551, characters 31-35: unused variable self
Warning, file "/tmp/.pycsl_z2nbgf9g.mlw", line 555, characters 25-29: unused variable self
Warning, file "/tmp/.pycsl_z2nbgf9g.mlw", line 555, characters 41-44: unused variable obj
Warning, file "/tmp/.pycsl_z2nbgf9g.mlw", line 555, characters 52-55: unused variable cur
Warning, file "/tmp/.pycsl_z2nbgf9g.mlw", line 559, characters 26-30: unused variable self
Warning, file "/tmp/.pycsl_z2nbgf9g.mlw", line 563, characters 27-31: unused variable self
Warning, file "/tmp/.pycsl_z2nbgf9g.mlw", line 567, characters 35-39: unused variable self
Warning, file "/tmp/.pycsl_z2nbgf9g.mlw", line 571, characters 32-36: unused variable self
Warning, file "/tmp/.pycsl_z2nbgf9g.mlw", line 575, characters 34-38: unused variable self
Warning, file "/tmp/.pycsl_z2nbgf9g.mlw", line 575, characters 50-55: unused variable openp
Warning, file "/tmp/.pycsl_z2nbgf9g.mlw", line 575, characters 63-69: unused variable closep
Warning, file "/tmp/.pycsl_z2nbgf9g.mlw", line 575, characters 77-78: unused variable t
Warning, file "/tmp/.pycsl_z2nbgf9g.mlw", line 579, characters 23-27: unused variable self
Warning, file "/tmp/.pycsl_z2nbgf9g.mlw", line 579, characters 39-44: unused variable start
Warning, file "/tmp/.pycsl_z2nbgf9g.mlw", line 579, characters 52-58: unused variable py_end
Warning, file "/tmp/.pycsl_z2nbgf9g.mlw", line 585, characters 15-19: unused variable result
Warning, file "/tmp/.pycsl_z2nbgf9g.mlw", line 592, characters 15-19: unused variable result
Warning, file "/tmp/.pycsl_z2nbgf9g.mlw", line 601, characters 15-19: unused variable result
Warning, file "/tmp/.pycsl_z2nbgf9g.mlw", line 606, characters 27-31: unused variable self
Warning, file "/tmp/.pycsl_z2nbgf9g.mlw", line 610, characters 32-36: unused variable self
Warning, file "/tmp/.pycsl_z2nbgf9g.mlw", line 616, characters 15-19: unused variable result
Warning, file "/tmp/.pycsl_z2nbgf9g.mlw", line 621, characters 27-31: unused variable self
Warning, file "/tmp/.pycsl_z2nbgf9g.mlw", line 625, characters 36-40: unused variable self
Warning, file "/tmp/.pycsl_z2nbgf9g.mlw", line 631, characters 15-19: unused variable result
Warning, file "/tmp/.pycsl_z2nbgf9g.mlw", line 643, characters 15-19: unused variable result
Warning, file "/tmp/.pycsl_z2nbgf9g.mlw", line 652, characters 15-19: unused variable result
Warning, file "/tmp/.pycsl_z2nbgf9g.mlw", line 665, characters 15-19: unused variable result
Warning, file "/tmp/.pycsl_z2nbgf9g.mlw", line 676, characters 25-29: unused variable self
Warning, file "/tmp/.pycsl_z2nbgf9g.mlw", line 680, characters 28-32: unused variable self
Warning, file "/tmp/.pycsl_z2nbgf9g.mlw", line 684, characters 27-31: unused variable self
Warning, file "/tmp/.pycsl_z2nbgf9g.mlw", line 690, characters 15-19: unused variable result
Warning, file "/tmp/.pycsl_z2nbgf9g.mlw", line 697, characters 21-25: unused variable self
Warning, file "/tmp/.pycsl_z2nbgf9g.mlw", line 701, characters 27-31: unused variable self
Warning, file "/tmp/.pycsl_z2nbgf9g.mlw", line 705, characters 26-30: unused variable self
Warning, file "/tmp/.pycsl_z2nbgf9g.mlw", line 709, characters 27-31: unused variable self
Warning, file "/tmp/.pycsl_z2nbgf9g.mlw", line 713, characters 27-31: unused variable self
Warning, file "/tmp/.pycsl_z2nbgf9g.mlw", line 717, characters 22-26: unused variable self
Warning, file "/tmp/.pycsl_z2nbgf9g.mlw", line 721, characters 27-31: unused variable self
Warning, file "/tmp/.pycsl_z2nbgf9g.mlw", line 725, characters 25-29: unused variable self
Warning, file "/tmp/.pycsl_z2nbgf9g.mlw", line 725, characters 41-51: unused variable decorators
Warning, file "/tmp/.pycsl_z2nbgf9g.mlw", line 729, characters 31-35: unused variable self
Warning, file "/tmp/.pycsl_z2nbgf9g.mlw", line 733, characters 25-29: unused variable self
Warning, file "/tmp/.pycsl_z2nbgf9g.mlw", line 737, characters 27-31: unused variable self
Warning, file "/tmp/.pycsl_z2nbgf9g.mlw", line 741, characters 26-30: unused variable self
Warning, file "/tmp/.pycsl_z2nbgf9g.mlw", line 745, characters 25-29: unused variable self
Warning, file "/tmp/.pycsl_z2nbgf9g.mlw", line 749, characters 22-26: unused variable self
Warning, file "/tmp/.pycsl_z2nbgf9g.mlw", line 749, characters 38-41: unused variable msg
Warning, file "/tmp/.pycsl_z2nbgf9g.mlw", line 755, characters 15-19: unused variable result
Warning, file "/tmp/.pycsl_z2nbgf9g.mlw", line 765, characters 15-19: unused variable result
Warning, file "/tmp/.pycsl_z2nbgf9g.mlw", line 773, characters 21-25: unused variable self
Warning, file "/tmp/.pycsl_z2nbgf9g.mlw", line 777, characters 29-33: unused variable self
Warning, file "/tmp/.pycsl_z2nbgf9g.mlw", line 781, characters 26-30: unused variable self
Warning, file "/tmp/.pycsl_z2nbgf9g.mlw", line 785, characters 25-29: unused variable self
Warning, file "/tmp/.pycsl_z2nbgf9g.mlw", line 789, characters 23-27: unused variable self
Warning, file "/tmp/.pycsl_z2nbgf9g.mlw", line 793, characters 25-29: unused variable self
Warning, file "/tmp/.pycsl_z2nbgf9g.mlw", line 793, characters 41-47: unused variable async_
Warning, file "/tmp/.pycsl_z2nbgf9g.mlw", line 797, characters 24-28: unused variable self
Warning, file "/tmp/.pycsl_z2nbgf9g.mlw", line 797, characters 40-50: unused variable decorators
Warning, file "/tmp/.pycsl_z2nbgf9g.mlw", line 797, characters 58-64: unused variable async_
Warning, file "/tmp/.pycsl_z2nbgf9g.mlw", line 797, characters 72-77: unused variable start
Warning, file "/tmp/.pycsl_z2nbgf9g.mlw", line 801, characters 28-32: unused variable self
Warning, file "/tmp/.pycsl_z2nbgf9g.mlw", line 801, characters 44-48: unused variable kind
Warning, file "/tmp/.pycsl_z2nbgf9g.mlw", line 805, characters 24-28: unused variable self
Warning, file "/tmp/.pycsl_z2nbgf9g.mlw", line 809, characters 28-32: unused variable self
Warning, file "/tmp/.pycsl_z2nbgf9g.mlw", line 813, characters 28-32: unused variable self
Warning, file "/tmp/.pycsl_z2nbgf9g.mlw", line 817, characters 34-38: unused variable self
Warning, file "/tmp/.pycsl_z2nbgf9g.mlw", line 821, characters 24-28: unused variable self
Warning, file "/tmp/.pycsl_z2nbgf9g.mlw", line 825, characters 27-31: unused variable self
Warning, file "/tmp/.pycsl_z2nbgf9g.mlw", line 829, characters 31-35: unused variable self
Warning, file "/tmp/.pycsl_z2nbgf9g.mlw", line 833, characters 21-25: unused variable self
Warning, file "/tmp/.pycsl_z2nbgf9g.mlw", line 833, characters 37-41: unused variable name
Warning, file "/tmp/.pycsl_z2nbgf9g.mlw", line 833, characters 49-58: unused variable start_tok
Warning, file "/tmp/.pycsl_z2nbgf9g.mlw", line 837, characters 25-29: unused variable self
Warning, file "/tmp/.pycsl_z2nbgf9g.mlw", line 841, characters 27-31: unused variable self
Warning, file "/tmp/.pycsl_z2nbgf9g.mlw", line 845, characters 24-28: unused variable self
Warning, file "/tmp/.pycsl_z2nbgf9g.mlw", line 849, characters 32-36: unused variable self
Warning, file "/tmp/.pycsl_z2nbgf9g.mlw", line 853, characters 27-31: unused variable self
Warning, file "/tmp/.pycsl_z2nbgf9g.mlw", line 857, characters 29-33: unused variable self
Warning, file "/tmp/.pycsl_z2nbgf9g.mlw", line 861, characters 33-37: unused variable self
Warning, file "/tmp/.pycsl_z2nbgf9g.mlw", line 861, characters 49-54: unused variable close
Warning, file "/tmp/.pycsl_z2nbgf9g.mlw", line 865, characters 24-28: unused variable self
Warning, file "/tmp/.pycsl_z2nbgf9g.mlw", line 869, characters 22-26: unused variable self
Warning, file "/tmp/.pycsl_z2nbgf9g.mlw", line 873, characters 27-31: unused variable self
Warning, file "/tmp/.pycsl_z2nbgf9g.mlw", line 877, characters 28-32: unused variable self
Warning, file "/tmp/.pycsl_z2nbgf9g.mlw", line 881, characters 28-32: unused variable self
Warning, file "/tmp/.pycsl_z2nbgf9g.mlw", line 885, characters 27-31: unused variable self
Warning, file "/tmp/.pycsl_z2nbgf9g.mlw", line 889, characters 26-30: unused variable self
Warning, file "/tmp/.pycsl_z2nbgf9g.mlw", line 893, characters 24-28: unused variable self
Warning, file "/tmp/.pycsl_z2nbgf9g.mlw", line 897, characters 21-25: unused variable self
Warning, file "/tmp/.pycsl_z2nbgf9g.mlw", line 901, characters 29-33: unused variable self
Warning, file "/tmp/.pycsl_z2nbgf9g.mlw", line 905, characters 35-39: unused variable self
Warning, file "/tmp/.pycsl_z2nbgf9g.mlw", line 909, characters 25-29: unused variable self
Warning, file "/tmp/.pycsl_z2nbgf9g.mlw", line 913, characters 37-41: unused variable self
Warning, file "/tmp/.pycsl_z2nbgf9g.mlw", line 917, characters 35-39: unused variable self
Warning, file "/tmp/.pycsl_z2nbgf9g.mlw", line 921, characters 44-48: unused variable self
Warning, file "/tmp/.pycsl_z2nbgf9g.mlw", line 925, characters 25-29: unused variable self
Warning, file "/tmp/.pycsl_z2nbgf9g.mlw", line 925, characters 41-45: unused variable atom
Warning, file "/tmp/.pycsl_z2nbgf9g.mlw", line 929, characters 25-29: unused variable self
Warning, file "/tmp/.pycsl_z2nbgf9g.mlw", line 933, characters 32-36: unused variable self
Warning, file "/tmp/.pycsl_z2nbgf9g.mlw", line 937, characters 30-34: unused variable self
Warning, file "/tmp/.pycsl_z2nbgf9g.mlw", line 941, characters 28-32: unused variable self
Warning, file "/tmp/.pycsl_z2nbgf9g.mlw", line 941, characters 44-48: unused variable what
Warning, file "/tmp/.pycsl_z2nbgf9g.mlw", line 945, characters 27-31: unused variable self
Warning, file "/tmp/.pycsl_z2nbgf9g.mlw", line 949, characters 26-30: unused variable self
Warning, file "/tmp/.pycsl_z2nbgf9g.mlw", line 949, characters 42-48: unused variable async_
Warning, file "/tmp/.pycsl_z2nbgf9g.mlw", line 953, characters 27-31: unused variable self
Warning, file "/tmp/.pycsl_z2nbgf9g.mlw", line 957, characters 25-29: unused variable self
Warning, file "/tmp/.pycsl_z2nbgf9g.mlw", line 961, characters 18-23: unused variable limit
Warning, file "/tmp/.pycsl_z2nbgf9g.mlw", line 965, characters 16-20: unused variable node
Warning, file "/tmp/.pycsl_z2nbgf9g.mlw", line 965, characters 28-31: unused variable ctx
Warning, file "/tmp/.pycsl_z2nbgf9g.mlw", line 969, characters 25-31: unused variable source
Warning, file "/tmp/.pycsl_z2nbgf9g.mlw", line 973, characters 30-34: unused variable self
Warning, file "/tmp/.pycsl_z2nbgf9g.mlw", line 973, characters 48-52: unused variable fill
Warning, file "/tmp/.pycsl_z2nbgf9g.mlw", line 973, characters 60-64: unused variable node
Warning, file "/tmp/.pycsl_z2nbgf9g.mlw", line 977, characters 36-40: unused variable self
Warning, file "/tmp/.pycsl_z2nbgf9g.mlw", line 983, characters 42-46: unused variable self
Warning, file "/tmp/.pycsl_z2nbgf9g.mlw", line 989, characters 37-41: unused variable self
Warning, file "/tmp/.pycsl_z2nbgf9g.mlw", line 995, characters 35-39: unused variable self
Warning, file "/tmp/.pycsl_z2nbgf9g.mlw", line 995, characters 53-57: unused variable node
Warning, file "/tmp/.pycsl_z2nbgf9g.mlw", line 995, characters 65-76: unused variable fill_suffix
Warning, file "/tmp/.pycsl_z2nbgf9g.mlw", line 999, characters 38-42: unused variable self
Warning, file "/tmp/.pycsl_z2nbgf9g.mlw", line 999, characters 56-62: unused variable string
Warning, file "/tmp/.pycsl_z2nbgf9g.mlw", line 1003, characters 38-42: unused variable self
Warning, file "/tmp/.pycsl_z2nbgf9g.mlw", line 1003, characters 56-67: unused variable type_params
Warning, file "/tmp/.pycsl_z2nbgf9g.mlw", line 1007, characters 34-38: unused variable self
Warning, file "/tmp/.pycsl_z2nbgf9g.mlw", line 1007, characters 52-57: unused variable value
Warning, file "/tmp/.pycsl_z2nbgf9g.mlw", line 1011, characters 35-39: unused variable self
Warning, file "/tmp/.pycsl_z2nbgf9g.mlw", line 1021, characters 53-57: unused variable self
Warning, file "/tmp/.pycsl_z2nbgf9g.mlw", line 1021, characters 71-75: unused variable node
Warning, file "/tmp/.pycsl_z2nbgf9g.mlw", line 1025, characters 39-43: unused variable self
Warning, file "/tmp/.pycsl_z2nbgf9g.mlw", line 1025, characters 57-61: unused variable node
Warning, file "/tmp/.pycsl_z2nbgf9g.mlw", line 1029, characters 50-54: unused variable self
Warning, file "/tmp/.pycsl_z2nbgf9g.mlw", line 1042, characters 24-28: unused variable self
Warning, file "/tmp/.pycsl_z2nbgf9g.mlw", line 1046, characters 27-31: unused variable self
Warning, file "/tmp/.pycsl_z2nbgf9g.mlw", line 1046, characters 45-51: unused variable buffer
Warning, file "/tmp/.pycsl_z2nbgf9g.mlw", line 1050, characters 26-30: unused variable self
Warning, file "/tmp/.pycsl_z2nbgf9g.mlw", line 1058, characters 29-33: unused variable self
Warning, file "/tmp/.pycsl_z2nbgf9g.mlw", line 1058, characters 47-52: unused variable start
Warning, file "/tmp/.pycsl_z2nbgf9g.mlw", line 1058, characters 60-66: unused variable py_end
Warning, file "/tmp/.pycsl_z2nbgf9g.mlw", line 1058, characters 74-83: unused variable condition
Warning, file "/tmp/.pycsl_z2nbgf9g.mlw", line 1062, characters 31-35: unused variable self
Warning, file "/tmp/.pycsl_z2nbgf9g.mlw", line 1062, characters 49-53: unused variable node
Warning, file "/tmp/.pycsl_z2nbgf9g.mlw", line 1066, characters 23-27: unused variable self
Warning, file "/tmp/.pycsl_z2nbgf9g.mlw", line 1066, characters 41-45: unused variable text
Warning, file "/tmp/.pycsl_z2nbgf9g.mlw", line 1072, characters 15-19: unused variable result
Warning, file "/tmp/.pycsl_z2nbgf9g.mlw", line 1076, characters 36-40: unused variable self
Warning, file "/tmp/.pycsl_z2nbgf9g.mlw", line 1076, characters 54-58: unused variable node
Warning, file "/tmp/.pycsl_z2nbgf9g.mlw", line 1080, characters 35-39: unused variable self
Warning, file "/tmp/.pycsl_z2nbgf9g.mlw", line 1080, characters 53-57: unused variable node
Warning, file "/tmp/.pycsl_z2nbgf9g.mlw", line 1084, characters 29-33: unused variable self
Warning, file "/tmp/.pycsl_z2nbgf9g.mlw", line 1084, characters 47-52: unused variable inter
Warning, file "/tmp/.pycsl_z2nbgf9g.mlw", line 1084, characters 60-61: unused variable f
Warning, file "/tmp/.pycsl_z2nbgf9g.mlw", line 1084, characters 69-72: unused variable seq
Warning, file "/tmp/.pycsl_z2nbgf9g.mlw", line 1088, characters 29-33: unused variable self
Warning, file "/tmp/.pycsl_z2nbgf9g.mlw", line 1088, characters 47-56: unused variable traverser
Warning, file "/tmp/.pycsl_z2nbgf9g.mlw", line 1088, characters 64-69: unused variable items
File "/tmp/.pycsl_z2nbgf9g.mlw", line 1096, characters 8-20:
This expression has type array.Array.array int @rho,
but is expected to have type int

[-] Verification FAILED or INCOMPLETE. Check the solver output.
EXIT=1 frontend/pure_ast.py
