[*] Parsing and Semantic Analysis for 'src/self-annotate/src/frontend/ConcurrencyChecker.py'...
[*] Memory model: hoare
[*] Imported class from 'errors': PyCSLSemanticError (record + 0 method stub(s) + 2 helper(s))
[*] Running Proof Engine (provers: Alt-Ergo,2.6.2, → Z3,4.13.3,)...

--- Verification Results ---

Warnings/Errors from Why3:
Warning, file "/tmp/.pycsl_8ncto3_9.mlw", line 21, characters 43-47: unused variable self
Warning, file "/tmp/.pycsl_8ncto3_9.mlw", line 21, characters 70-74: unused variable func
Warning, file "/tmp/.pycsl_8ncto3_9.mlw", line 25, characters 38-42: unused variable self
Warning, file "/tmp/.pycsl_8ncto3_9.mlw", line 25, characters 65-70: unused variable stmts
Warning, file "/tmp/.pycsl_8ncto3_9.mlw", line 25, characters 84-88: unused variable held
Warning, file "/tmp/.pycsl_8ncto3_9.mlw", line 25, characters 96-105: unused variable func_name
Warning, file "/tmp/.pycsl_8ncto3_9.mlw", line 29, characters 38-42: unused variable self
Warning, file "/tmp/.pycsl_8ncto3_9.mlw", line 29, characters 65-69: unused variable node
Warning, file "/tmp/.pycsl_8ncto3_9.mlw", line 29, characters 77-81: unused variable held
Warning, file "/tmp/.pycsl_8ncto3_9.mlw", line 29, characters 89-98: unused variable func_name
Warning, file "/tmp/.pycsl_8ncto3_9.mlw", line 33, characters 48-52: unused variable self
Warning, file "/tmp/.pycsl_8ncto3_9.mlw", line 33, characters 75-78: unused variable var
Warning, file "/tmp/.pycsl_8ncto3_9.mlw", line 33, characters 89-93: unused variable held
Warning, file "/tmp/.pycsl_8ncto3_9.mlw", line 33, characters 101-110: unused variable func_name
Warning, file "/tmp/.pycsl_8ncto3_9.mlw", line 33, characters 121-125: unused variable line
Warning, file "/tmp/.pycsl_8ncto3_9.mlw", line 33, characters 133-138: unused variable write
Warning, file "/tmp/.pycsl_8ncto3_9.mlw", line 37, characters 33-37: unused variable self
Warning, file "/tmp/.pycsl_8ncto3_9.mlw", line 39, characters 15-19: unused variable result
Warning, file "/tmp/.pycsl_8ncto3_9.mlw", line 41, characters 35-39: unused variable self
Warning, file "/tmp/.pycsl_8ncto3_9.mlw", line 43, characters 15-19: unused variable result

[+] Verification SUCCESS! All contracts formally proven.
EXIT=0 frontend/ConcurrencyChecker.py
