[*] Parsing and Semantic Analysis for 'src/self-annotate/src/frontend/pure_ast.py'...
[*] Memory model: hoare
[*] Running Proof Engine (provers: Alt-Ergo,2.6.2, → Z3,4.13.3,)...

--- Verification Results ---
File "/tmp/.pycsl_ootyvzd6.mlw", line 151, characters 36-42:
Sub-goal variant decrease of goal size'vc.
Prover result is: Valid (0.02s, 23358 steps).

File "/tmp/.pycsl_ootyvzd6.mlw", line 151, characters 27-33:
Sub-goal variant decrease of goal size'vc.
Prover result is: Valid (0.02s, 23380 steps).

File "/tmp/.pycsl_ootyvzd6.mlw", line 152, characters 35-41:
Sub-goal variant decrease of goal size'vc.
Prover result is: Valid (0.01s, 23374 steps).

File "/tmp/.pycsl_ootyvzd6.mlw", line 152, characters 26-32:
Sub-goal variant decrease of goal size'vc.
Prover result is: Valid (0.02s, 23396 steps).

File "/tmp/.pycsl_ootyvzd6.mlw", line 153, characters 32-38:
Sub-goal variant decrease of goal size'vc.
Prover result is: Valid (0.02s, 23346 steps).

File "/tmp/.pycsl_ootyvzd6.mlw", line 153, characters 23-29:
Sub-goal variant decrease of goal size'vc.
Prover result is: Valid (0.02s, 23368 steps).

File "/tmp/.pycsl_ootyvzd6.mlw", line 154, characters 34-40:
Sub-goal variant decrease of goal size'vc.
Prover result is: Valid (0.03s, 23350 steps).

File "/tmp/.pycsl_ootyvzd6.mlw", line 154, characters 25-31:
Sub-goal variant decrease of goal size'vc.
Prover result is: Valid (0.03s, 23372 steps).

File "/tmp/.pycsl_ootyvzd6.mlw", line 155, characters 24-30:
Sub-goal variant decrease of goal size'vc.
Prover result is: Valid (0.02s, 23306 steps).

File "/tmp/.pycsl_ootyvzd6.mlw", line 156, characters 26-32:
Sub-goal variant decrease of goal size'vc.
Prover result is: Valid (0.02s, 23340 steps).

File "/tmp/.pycsl_ootyvzd6.mlw", line 157, characters 44-50:
Sub-goal variant decrease of goal size'vc.
Prover result is: Valid (0.03s, 23386 steps).

File "/tmp/.pycsl_ootyvzd6.mlw", line 157, characters 35-41:
Sub-goal variant decrease of goal size'vc.
Prover result is: Valid (0.02s, 23408 steps).

File "/tmp/.pycsl_ootyvzd6.mlw", line 157, characters 26-32:
Sub-goal variant decrease of goal size'vc.
Prover result is: Valid (0.02s, 23430 steps).

File "/tmp/.pycsl_ootyvzd6.mlw", line 158, characters 27-33:
Sub-goal variant decrease of goal size'vc.
Prover result is: Valid (0.03s, 23376 steps).

File "/tmp/.pycsl_ootyvzd6.mlw", line 159, characters 22-28:
Sub-goal variant decrease of goal size'vc.
Prover result is: Valid (0.02s, 23380 steps).

File "/tmp/.pycsl_ootyvzd6.mlw", line 160, characters 25-31:
Sub-goal variant decrease of goal size'vc.
Prover result is: Valid (0.02s, 23398 steps).

File "/tmp/.pycsl_ootyvzd6.mlw", line 161, characters 45-52:
Sub-goal variant decrease of goal size'vc.
Prover result is: Valid (0.02s, 23416 steps).

File "/tmp/.pycsl_ootyvzd6.mlw", line 161, characters 35-42:
Sub-goal variant decrease of goal size'vc.
Prover result is: Valid (0.02s, 23438 steps).

File "/tmp/.pycsl_ootyvzd6.mlw", line 162, characters 39-45:
Sub-goal variant decrease of goal size'vc.
Prover result is: Valid (0.02s, 23416 steps).

File "/tmp/.pycsl_ootyvzd6.mlw", line 162, characters 30-36:
Sub-goal variant decrease of goal size'vc.
Prover result is: Valid (0.02s, 23438 steps).

File "/tmp/.pycsl_ootyvzd6.mlw", line 163, characters 38-44:
Sub-goal variant decrease of goal size'vc.
Prover result is: Valid (0.02s, 23420 steps).

File "/tmp/.pycsl_ootyvzd6.mlw", line 163, characters 29-35:
Sub-goal variant decrease of goal size'vc.
Prover result is: Valid (0.02s, 23442 steps).

File "/tmp/.pycsl_ootyvzd6.mlw", line 164, characters 39-45:
Sub-goal variant decrease of goal size'vc.
Prover result is: Valid (0.02s, 23424 steps).

File "/tmp/.pycsl_ootyvzd6.mlw", line 164, characters 30-36:
Sub-goal variant decrease of goal size'vc.
Prover result is: Valid (0.02s, 23446 steps).

File "/tmp/.pycsl_ootyvzd6.mlw", line 165, characters 36-42:
Sub-goal variant decrease of goal size'vc.
Prover result is: Valid (0.01s, 23424 steps).

File "/tmp/.pycsl_ootyvzd6.mlw", line 165, characters 27-33:
Sub-goal variant decrease of goal size'vc.
Prover result is: Valid (0.02s, 23446 steps).

File "/tmp/.pycsl_ootyvzd6.mlw", line 166, characters 40-46:
Sub-goal variant decrease of goal size'vc.
Prover result is: Valid (0.02s, 23428 steps).

File "/tmp/.pycsl_ootyvzd6.mlw", line 166, characters 31-37:
Sub-goal variant decrease of goal size'vc.
Prover result is: Valid (0.01s, 23450 steps).

File "/tmp/.pycsl_ootyvzd6.mlw", line 167, characters 34-40:
Sub-goal variant decrease of goal size'vc.
Prover result is: Valid (0.02s, 23436 steps).

File "/tmp/.pycsl_ootyvzd6.mlw", line 167, characters 25-31:
Sub-goal variant decrease of goal size'vc.
Prover result is: Valid (0.02s, 23458 steps).

File "/tmp/.pycsl_ootyvzd6.mlw", line 168, characters 44-50:
Sub-goal variant decrease of goal size'vc.
Prover result is: Valid (0.02s, 23440 steps).

File "/tmp/.pycsl_ootyvzd6.mlw", line 168, characters 35-41:
Sub-goal variant decrease of goal size'vc.
Prover result is: Valid (0.02s, 23462 steps).

File "/tmp/.pycsl_ootyvzd6.mlw", line 169, characters 35-41:
Sub-goal variant decrease of goal size'vc.
Prover result is: Valid (0.02s, 23442 steps).

File "/tmp/.pycsl_ootyvzd6.mlw", line 170, characters 35-41:
Sub-goal variant decrease of goal size'vc.
Prover result is: Valid (0.01s, 23450 steps).

File "/tmp/.pycsl_ootyvzd6.mlw", line 170, characters 26-32:
Sub-goal variant decrease of goal size'vc.
Prover result is: Valid (0.02s, 23472 steps).

File "/tmp/.pycsl_ootyvzd6.mlw", line 171, characters 46-52:
Sub-goal variant decrease of goal size'vc.
Prover result is: Valid (0.01s, 23462 steps).

File "/tmp/.pycsl_ootyvzd6.mlw", line 171, characters 37-43:
Sub-goal variant decrease of goal size'vc.
Prover result is: Valid (0.01s, 23484 steps).

File "/tmp/.pycsl_ootyvzd6.mlw", line 171, characters 28-34:
Sub-goal variant decrease of goal size'vc.
Prover result is: Valid (0.02s, 23506 steps).

File "/tmp/.pycsl_ootyvzd6.mlw", line 172, characters 34-40:
Sub-goal variant decrease of goal size'vc.
Prover result is: Valid (0.01s, 23458 steps).

File "/tmp/.pycsl_ootyvzd6.mlw", line 172, characters 25-31:
Sub-goal variant decrease of goal size'vc.
Prover result is: Valid (0.02s, 23480 steps).

File "/tmp/.pycsl_ootyvzd6.mlw", line 173, characters 35-41:
Sub-goal variant decrease of goal size'vc.
Prover result is: Valid (0.02s, 23462 steps).

File "/tmp/.pycsl_ootyvzd6.mlw", line 173, characters 26-32:
Sub-goal variant decrease of goal size'vc.
Prover result is: Valid (0.02s, 23484 steps).

File "/tmp/.pycsl_ootyvzd6.mlw", line 174, characters 38-44:
Sub-goal variant decrease of goal size'vc.
Prover result is: Valid (0.02s, 23466 steps).

File "/tmp/.pycsl_ootyvzd6.mlw", line 174, characters 29-35:
Sub-goal variant decrease of goal size'vc.
Prover result is: Valid (0.02s, 23488 steps).

File "/tmp/.pycsl_ootyvzd6.mlw", line 175, characters 35-41:
Sub-goal variant decrease of goal size'vc.
Prover result is: Valid (0.03s, 23476 steps).

File "/tmp/.pycsl_ootyvzd6.mlw", line 175, characters 26-32:
Sub-goal variant decrease of goal size'vc.
Prover result is: Valid (0.02s, 23498 steps).

File "/tmp/.pycsl_ootyvzd6.mlw", line 176, characters 38-44:
Sub-goal variant decrease of goal size'vc.
Prover result is: Valid (0.01s, 23480 steps).

File "/tmp/.pycsl_ootyvzd6.mlw", line 176, characters 29-35:
Sub-goal variant decrease of goal size'vc.
Prover result is: Valid (0.01s, 23502 steps).

File "/tmp/.pycsl_ootyvzd6.mlw", line 177, characters 35-41:
Sub-goal variant decrease of goal size'vc.
Prover result is: Valid (0.01s, 23484 steps).

File "/tmp/.pycsl_ootyvzd6.mlw", line 177, characters 26-32:
Sub-goal variant decrease of goal size'vc.
Prover result is: Valid (0.01s, 23506 steps).

File "/tmp/.pycsl_ootyvzd6.mlw", line 178, characters 37-43:
Sub-goal variant decrease of goal size'vc.
Prover result is: Valid (0.01s, 23488 steps).

File "/tmp/.pycsl_ootyvzd6.mlw", line 178, characters 28-34:
Sub-goal variant decrease of goal size'vc.
Prover result is: Valid (0.01s, 23510 steps).

File "/tmp/.pycsl_ootyvzd6.mlw", line 179, characters 37-43:
Sub-goal variant decrease of goal size'vc.
Prover result is: Valid (0.01s, 23492 steps).

File "/tmp/.pycsl_ootyvzd6.mlw", line 179, characters 28-34:
Sub-goal variant decrease of goal size'vc.
Prover result is: Valid (0.01s, 23514 steps).

File "/tmp/.pycsl_ootyvzd6.mlw", line 180, characters 36-42:
Sub-goal variant decrease of goal size'vc.
Prover result is: Valid (0.02s, 23496 steps).

File "/tmp/.pycsl_ootyvzd6.mlw", line 180, characters 27-33:
Sub-goal variant decrease of goal size'vc.
Prover result is: Valid (0.01s, 23518 steps).

File "/tmp/.pycsl_ootyvzd6.mlw", line 181, characters 50-57:
Sub-goal variant decrease of goal size'vc.
Prover result is: Valid (0.01s, 23508 steps).

File "/tmp/.pycsl_ootyvzd6.mlw", line 181, characters 40-47:
Sub-goal variant decrease of goal size'vc.
Prover result is: Valid (0.01s, 23530 steps).

File "/tmp/.pycsl_ootyvzd6.mlw", line 181, characters 31-37:
Sub-goal variant decrease of goal size'vc.
Prover result is: Valid (0.02s, 23552 steps).

File "/tmp/.pycsl_ootyvzd6.mlw", line 182, characters 38-44:
Sub-goal variant decrease of goal size'vc.
Prover result is: Valid (0.02s, 23504 steps).

File "/tmp/.pycsl_ootyvzd6.mlw", line 182, characters 29-35:
Sub-goal variant decrease of goal size'vc.
Prover result is: Valid (0.01s, 23526 steps).

File "/tmp/.pycsl_ootyvzd6.mlw", line 183, characters 34-40:
Sub-goal variant decrease of goal size'vc.
Prover result is: Valid (0.02s, 23508 steps).

File "/tmp/.pycsl_ootyvzd6.mlw", line 183, characters 25-31:
Sub-goal variant decrease of goal size'vc.
Prover result is: Valid (0.02s, 23530 steps).

File "/tmp/.pycsl_ootyvzd6.mlw", line 184, characters 33-39:
Sub-goal variant decrease of goal size'vc.
Prover result is: Valid (0.02s, 23518 steps).

File "/tmp/.pycsl_ootyvzd6.mlw", line 184, characters 24-30:
Sub-goal variant decrease of goal size'vc.
Prover result is: Valid (0.02s, 23540 steps).

File "/tmp/.pycsl_ootyvzd6.mlw", line 185, characters 20-26:
Sub-goal variant decrease of goal size'vc.
Prover result is: Valid (0.02s, 23512 steps).

File "/tmp/.pycsl_ootyvzd6.mlw", line 186, characters 20-26:
Sub-goal variant decrease of goal size'vc.
Prover result is: Valid (0.02s, 23516 steps).

File "/tmp/.pycsl_ootyvzd6.mlw", line 187, characters 28-34:
Sub-goal variant decrease of goal size'vc.
Prover result is: Valid (0.02s, 23520 steps).

File "/tmp/.pycsl_ootyvzd6.mlw", line 188, characters 32-38:
Sub-goal variant decrease of goal size'vc.
Prover result is: Valid (0.03s, 23534 steps).

File "/tmp/.pycsl_ootyvzd6.mlw", line 188, characters 23-29:
Sub-goal variant decrease of goal size'vc.
Prover result is: Valid (0.03s, 23556 steps).

File "/tmp/.pycsl_ootyvzd6.mlw", line 189, characters 32-38:
Sub-goal variant decrease of goal size'vc.
Prover result is: Valid (0.03s, 23538 steps).

File "/tmp/.pycsl_ootyvzd6.mlw", line 189, characters 23-29:
Sub-goal variant decrease of goal size'vc.
Prover result is: Valid (0.02s, 23560 steps).

File "/tmp/.pycsl_ootyvzd6.mlw", line 190, characters 35-41:
Sub-goal variant decrease of goal size'vc.
Prover result is: Valid (0.03s, 23542 steps).

File "/tmp/.pycsl_ootyvzd6.mlw", line 190, characters 26-32:
Sub-goal variant decrease of goal size'vc.
Prover result is: Valid (0.02s, 23564 steps).

File "/tmp/.pycsl_ootyvzd6.mlw", line 191, characters 21-27:
Sub-goal variant decrease of goal size'vc.
Prover result is: Valid (0.02s, 23536 steps).

File "/tmp/.pycsl_ootyvzd6.mlw", line 192, characters 21-27:
Sub-goal variant decrease of goal size'vc.
Prover result is: Valid (0.02s, 23540 steps).

File "/tmp/.pycsl_ootyvzd6.mlw", line 193, characters 38-44:
Sub-goal variant decrease of goal size'vc.
Prover result is: Valid (0.02s, 23564 steps).

File "/tmp/.pycsl_ootyvzd6.mlw", line 193, characters 29-35:
Sub-goal variant decrease of goal size'vc.
Prover result is: Valid (0.02s, 23586 steps).

File "/tmp/.pycsl_ootyvzd6.mlw", line 194, characters 27-33:
Sub-goal variant decrease of goal size'vc.
Prover result is: Valid (0.02s, 23558 steps).

File "/tmp/.pycsl_ootyvzd6.mlw", line 195, characters 46-52:
Sub-goal variant decrease of goal size'vc.
Prover result is: Valid (0.02s, 23580 steps).

File "/tmp/.pycsl_ootyvzd6.mlw", line 195, characters 37-43:
Sub-goal variant decrease of goal size'vc.
Prover result is: Valid (0.02s, 23602 steps).

File "/tmp/.pycsl_ootyvzd6.mlw", line 195, characters 28-34:
Sub-goal variant decrease of goal size'vc.
Prover result is: Valid (0.02s, 23624 steps).

File "/tmp/.pycsl_ootyvzd6.mlw", line 196, characters 45-51:
Sub-goal variant decrease of goal size'vc.
Prover result is: Valid (0.03s, 23586 steps).

File "/tmp/.pycsl_ootyvzd6.mlw", line 196, characters 36-42:
Sub-goal variant decrease of goal size'vc.
Prover result is: Valid (0.03s, 23608 steps).

File "/tmp/.pycsl_ootyvzd6.mlw", line 197, characters 40-46:
Sub-goal variant decrease of goal size'vc.
Prover result is: Valid (0.03s, 23586 steps).

File "/tmp/.pycsl_ootyvzd6.mlw", line 197, characters 30-37:
Sub-goal variant decrease of goal size'vc.
Prover result is: Valid (0.03s, 23608 steps).

File "/tmp/.pycsl_ootyvzd6.mlw", line 198, characters 40-46:
Sub-goal variant decrease of goal size'vc.
Prover result is: Valid (0.02s, 23590 steps).

File "/tmp/.pycsl_ootyvzd6.mlw", line 198, characters 31-37:
Sub-goal variant decrease of goal size'vc.
Prover result is: Valid (0.03s, 23612 steps).

File "/tmp/.pycsl_ootyvzd6.mlw", line 199, characters 34-40:
Sub-goal variant decrease of goal size'vc.
Prover result is: Valid (0.02s, 23594 steps).

File "/tmp/.pycsl_ootyvzd6.mlw", line 199, characters 25-31:
Sub-goal variant decrease of goal size'vc.
Prover result is: Valid (0.03s, 23616 steps).

File "/tmp/.pycsl_ootyvzd6.mlw", line 200, characters 25-31:
Sub-goal variant decrease of goal size'vc.
Prover result is: Valid (0.03s, 23602 steps).

File "/tmp/.pycsl_ootyvzd6.mlw", line 201, characters 29-35:
Sub-goal variant decrease of goal size'vc.
Prover result is: Valid (0.03s, 23610 steps).

File "/tmp/.pycsl_ootyvzd6.mlw", line 202, characters 30-36:
Sub-goal variant decrease of goal size'vc.
Prover result is: Valid (0.03s, 23640 steps).

File "/tmp/.pycsl_ootyvzd6.mlw", line 203, characters 30-36:
Sub-goal variant decrease of goal size'vc.
Prover result is: Valid (0.02s, 23644 steps).

File "/tmp/.pycsl_ootyvzd6.mlw", line 204, characters 35-41:
Sub-goal variant decrease of goal size'vc.
Prover result is: Valid (0.03s, 23642 steps).

File "/tmp/.pycsl_ootyvzd6.mlw", line 148, characters 14-25:
Sub-goal postcondition of goal size'vc.
Prover result is: Valid (0.07s, 116956 steps).

File "/tmp/.pycsl_ootyvzd6.mlw", line 209, characters 58-83:
Sub-goal goal of goal size_left_dec.
Prover result is: Valid (0.04s, 27353 steps).

File "/tmp/.pycsl_ootyvzd6.mlw", line 210, characters 58-84:
Sub-goal goal of goal size_right_dec.
Prover result is: Valid (0.03s, 28170 steps).

File "/tmp/.pycsl_ootyvzd6.mlw", line 213, characters 65-90:
Sub-goal goal of goal size_ifexpr_body_dec.
Prover result is: Valid (0.04s, 28993 steps).

File "/tmp/.pycsl_ootyvzd6.mlw", line 214, characters 67-94:
Sub-goal goal of goal size_ifexpr_orelse_dec.
Prover result is: Valid (0.04s, 29810 steps).

File "/tmp/.pycsl_ootyvzd6.mlw", line 217, characters 59-87:
Sub-goal goal of goal size_ter_fst_dec.
Prover result is: Valid (0.06s, 30706 steps).

File "/tmp/.pycsl_ootyvzd6.mlw", line 218, characters 59-87:
Sub-goal goal of goal size_ter_snd_dec.
Prover result is: Valid (0.06s, 31508 steps).

File "/tmp/.pycsl_ootyvzd6.mlw", line 219, characters 59-87:
Sub-goal goal of goal size_ter_thd_dec.
Prover result is: Valid (0.06s, 32336 steps).

File "/tmp/.pycsl_ootyvzd6.mlw", line 268, characters 57-84:
Sub-goal goal of goal size_svalue_dec.
Prover result is: Valid (0.07s, 32998 steps).

File "/tmp/.pycsl_ootyvzd6.mlw", line 269, characters 57-84:
Sub-goal goal of goal size_sindex_dec.
Prover result is: Valid (0.06s, 33815 steps).

File "/tmp/.pycsl_ootyvzd6.mlw", line 270, characters 63-90:
Sub-goal goal of goal size_object_dec.
Prover result is: Valid (0.06s, 34563 steps).

File "/tmp/.pycsl_ootyvzd6.mlw", line 271, characters 58-83:
Sub-goal goal of goal size_arg0_dec.
Prover result is: Valid (0.06s, 35486 steps).

File "/tmp/.pycsl_ootyvzd6.mlw", line 272, characters 59-84:
Sub-goal goal of goal size_elt0_dec.
Prover result is: Valid (0.07s, 36473 steps).

File "/tmp/.pycsl_ootyvzd6.mlw", line 273, characters 59-84:
Sub-goal goal of goal size_elt1_dec.
Prover result is: Valid (0.07s, 37290 steps).

File "/tmp/.pycsl_ootyvzd6.mlw", line 279, characters 48-55:
Sub-goal variant decrease of goal irlen'vc.
Prover result is: Valid (0.03s, 11442 steps).

File "/tmp/.pycsl_ootyvzd6.mlw", line 277, characters 14-25:
Sub-goal postcondition of goal irlen'vc.
Prover result is: Valid (0.06s, 39801 steps).

File "/tmp/.pycsl_ootyvzd6.mlw", line 283, characters 75-90:
Sub-goal variant decrease of goal irnth'vc.
Prover result is: Valid (0.03s, 11478 steps).

File "/tmp/.pycsl_ootyvzd6.mlw", line 310, characters 16-137:
Sub-goal array creation size of goal _parser'vc.
Prover result is: Valid (0.02s, 4514 steps).

File "/tmp/.pycsl_ootyvzd6.mlw", line 307, characters 16-24:
Sub-goal type invariant of goal _parser'vc.
Prover result is: Valid (0.02s, 4874 steps).

File "/tmp/.pycsl_ootyvzd6.mlw", line 308, characters 16-41:
Sub-goal type invariant of goal _parser'vc.
Prover result is: Valid (0.03s, 6711 steps).

File "/tmp/.pycsl_ootyvzd6.mlw", line 309, characters 16-42:
Sub-goal type invariant of goal _parser'vc.
Prover result is: Valid (0.02s, 6728 steps).

File "/tmp/.pycsl_ootyvzd6.mlw", line 382, characters 15-19:
Sub-goal postcondition of goal _N'vc.
Prover result is: Valid (0.03s, 4630 steps).

File "/tmp/.pycsl_ootyvzd6.mlw", line 416, characters 15-19:
Sub-goal postcondition of goal _is_aug'vc.
Prover result is: Valid (0.03s, 4630 steps).

File "/tmp/.pycsl_ootyvzd6.mlw", line 430, characters 15-19:
Sub-goal postcondition of goal _new'vc.
Prover result is: Valid (0.02s, 4630 steps).

File "/tmp/.pycsl_ootyvzd6.mlw", line 430, characters 15-19:
Sub-goal postcondition of goal _new'vc.
Prover result is: Valid (0.02s, 4639 steps).

File "/tmp/.pycsl_ootyvzd6.mlw", line 539, characters 45-58:
Sub-goal index in array bounds of goal _parser__peek'vc.
Prover result is: Valid (0.04s, 43152 steps).

File "/tmp/.pycsl_ootyvzd6.mlw", line 539, characters 64-105:
Sub-goal index in array bounds of goal _parser__peek'vc.
Prover result is: Valid (0.07s, 43112 steps).

File "/tmp/.pycsl_ootyvzd6.mlw", line 534, characters 15-19:
Sub-goal postcondition of goal _parser__peek'vc.
Prover result is: Valid (0.02s, 4665 steps).

File "/tmp/.pycsl_ootyvzd6.mlw", line 547, characters 11-33:
Sub-goal precondition of goal _parser___looks_like_type_alias'vc.
Prover result is: Valid (0.02s, 4653 steps).

File "/tmp/.pycsl_ootyvzd6.mlw", line 543, characters 15-19:
Sub-goal postcondition of goal _parser___looks_like_type_alias'vc.
Prover result is: Valid (0.02s, 4649 steps).

File "/tmp/.pycsl_ootyvzd6.mlw", line 587, characters 4-21:
Sub-goal index in array bounds of goal _parser__cur'vc.
Prover result is: Valid (0.07s, 42975 steps).

File "/tmp/.pycsl_ootyvzd6.mlw", line 584, characters 15-19:
Sub-goal postcondition of goal _parser__cur'vc.
Prover result is: Valid (0.02s, 4649 steps).

File "/tmp/.pycsl_ootyvzd6.mlw", line 595, characters 9-28:
Sub-goal precondition of goal _parser__at_op'vc.
Prover result is: Valid (0.02s, 4649 steps).

File "/tmp/.pycsl_ootyvzd6.mlw", line 591, characters 15-19:
Sub-goal postcondition of goal _parser__at_op'vc.
Prover result is: Valid (0.03s, 4649 steps).

File "/tmp/.pycsl_ootyvzd6.mlw", line 603, characters 23-42:
Sub-goal precondition of goal _parser___stmt_end'vc.
Prover result is: Valid (0.03s, 4649 steps).

File "/tmp/.pycsl_ootyvzd6.mlw", line 603, characters 85-104:
Sub-goal precondition of goal _parser___stmt_end'vc.
Prover result is: Valid (0.03s, 4662 steps).

File "/tmp/.pycsl_ootyvzd6.mlw", line 603, characters 135-195:
Sub-goal precondition of goal _parser___stmt_end'vc.
Prover result is: Valid (0.02s, 5673 steps).

File "/tmp/.pycsl_ootyvzd6.mlw", line 600, characters 15-19:
Sub-goal postcondition of goal _parser___stmt_end'vc.
Prover result is: Valid (0.02s, 4690 steps).

File "/tmp/.pycsl_ootyvzd6.mlw", line 618, characters 23-42:
Sub-goal precondition of goal _parser___testlist_end'vc.
Prover result is: Valid (0.02s, 4649 steps).

File "/tmp/.pycsl_ootyvzd6.mlw", line 618, characters 85-104:
Sub-goal precondition of goal _parser___testlist_end'vc.
Prover result is: Valid (0.02s, 4662 steps).

File "/tmp/.pycsl_ootyvzd6.mlw", line 618, characters 135-270:
Sub-goal precondition of goal _parser___testlist_end'vc.
Prover result is: Valid (0.03s, 6188 steps).

File "/tmp/.pycsl_ootyvzd6.mlw", line 615, characters 15-19:
Sub-goal postcondition of goal _parser___testlist_end'vc.
Prover result is: Valid (0.02s, 4690 steps).

File "/tmp/.pycsl_ootyvzd6.mlw", line 634, characters 9-26:
Sub-goal index in array bounds of goal _parser__advance'vc.
Prover result is: Valid (0.08s, 42975 steps).

File "/tmp/.pycsl_ootyvzd6.mlw", line 633, characters 4-6:
Sub-goal type invariant of goal _parser__advance'vc.
Prover result is: Valid (0.07s, 43995 steps).

File "/tmp/.pycsl_ootyvzd6.mlw", line 633, characters 4-6:
Sub-goal type invariant of goal _parser__advance'vc.
Prover result is: Valid (0.02s, 4951 steps).

File "/tmp/.pycsl_ootyvzd6.mlw", line 633, characters 4-6:
Sub-goal type invariant of goal _parser__advance'vc.
Prover result is: Valid (0.07s, 43738 steps).

File "/tmp/.pycsl_ootyvzd6.mlw", line 630, characters 15-19:
Sub-goal postcondition of goal _parser__advance'vc.
Prover result is: Valid (0.03s, 4928 steps).

File "/tmp/.pycsl_ootyvzd6.mlw", line 630, characters 15-19:
Sub-goal postcondition of goal _parser__advance'vc.
Prover result is: Valid (0.02s, 4932 steps).

File "/tmp/.pycsl_ootyvzd6.mlw", line 646, characters 9-28:
Sub-goal precondition of goal _parser__at_kw'vc.
Prover result is: Valid (0.03s, 4658 steps).

File "/tmp/.pycsl_ootyvzd6.mlw", line 642, characters 15-19:
Sub-goal postcondition of goal _parser__at_kw'vc.
Prover result is: Valid (0.01s, 4845 steps).

File "/tmp/.pycsl_ootyvzd6.mlw", line 655, characters 8-71:
Sub-goal precondition of goal _parser__accept_kw'vc.
Prover result is: Valid (0.02s, 5625 steps).

File "/tmp/.pycsl_ootyvzd6.mlw", line 656, characters 48-71:
Sub-goal precondition of goal _parser__accept_kw'vc.
Prover result is: Valid (0.02s, 5634 steps).

File "/tmp/.pycsl_ootyvzd6.mlw", line 651, characters 15-19:
Sub-goal postcondition of goal _parser__accept_kw'vc.
Prover result is: Valid (0.03s, 5655 steps).

File "/tmp/.pycsl_ootyvzd6.mlw", line 651, characters 15-19:
Sub-goal postcondition of goal _parser__accept_kw'vc.
Prover result is: Valid (0.02s, 5630 steps).

File "/tmp/.pycsl_ootyvzd6.mlw", line 668, characters 8-71:
Sub-goal precondition of goal _parser__accept_op'vc.
Prover result is: Valid (0.02s, 5625 steps).

File "/tmp/.pycsl_ootyvzd6.mlw", line 669, characters 48-71:
Sub-goal precondition of goal _parser__accept_op'vc.
Prover result is: Valid (0.03s, 5634 steps).

File "/tmp/.pycsl_ootyvzd6.mlw", line 664, characters 15-19:
Sub-goal postcondition of goal _parser__accept_op'vc.
Prover result is: Valid (0.03s, 5655 steps).

File "/tmp/.pycsl_ootyvzd6.mlw", line 664, characters 15-19:
Sub-goal postcondition of goal _parser__accept_op'vc.
Prover result is: Valid (0.01s, 5630 steps).

File "/tmp/.pycsl_ootyvzd6.mlw", line 693, characters 9-28:
Sub-goal precondition of goal _parser__at_name'vc.
Prover result is: Valid (0.02s, 4658 steps).

File "/tmp/.pycsl_ootyvzd6.mlw", line 689, characters 15-19:
Sub-goal postcondition of goal _parser__at_name'vc.
Prover result is: Valid (0.02s, 4658 steps).

File "/tmp/.pycsl_ootyvzd6.mlw", line 757, characters 13-76:
Sub-goal precondition of goal _parser__expect_kw'vc.
Prover result is: Valid (0.03s, 5625 steps).

File "/tmp/.pycsl_ootyvzd6.mlw", line 760, characters 4-27:
Sub-goal precondition of goal _parser__expect_kw'vc.
Prover result is: Valid (0.02s, 5754 steps).

File "/tmp/.pycsl_ootyvzd6.mlw", line 754, characters 15-19:
Sub-goal postcondition of goal _parser__expect_kw'vc.
Prover result is: Valid (0.02s, 5775 steps).

File "/tmp/.pycsl_ootyvzd6.mlw", line 767, characters 13-76:
Sub-goal precondition of goal _parser__expect_op'vc.
Prover result is: Valid (0.02s, 5625 steps).

File "/tmp/.pycsl_ootyvzd6.mlw", line 770, characters 4-27:
Sub-goal precondition of goal _parser__expect_op'vc.
Prover result is: Valid (0.03s, 5710 steps).

File "/tmp/.pycsl_ootyvzd6.mlw", line 764, characters 15-19:
Sub-goal postcondition of goal _parser__expect_op'vc.
Prover result is: Valid (0.03s, 5731 steps).

File "/tmp/.pycsl_ootyvzd6.mlw", line 978, characters 15-19:
Sub-goal postcondition of goal _unparser___fstring_Constant'vc.
Prover result is: Valid (0.03s, 4630 steps).

File "/tmp/.pycsl_ootyvzd6.mlw", line 984, characters 15-19:
Sub-goal postcondition of goal _unparser___fstring_FormattedValue'vc.
Prover result is: Valid (0.03s, 4630 steps).

File "/tmp/.pycsl_ootyvzd6.mlw", line 990, characters 15-19:
Sub-goal postcondition of goal _unparser___fstring_JoinedStr'vc.
Prover result is: Valid (0.02s, 4630 steps).

File "/tmp/.pycsl_ootyvzd6.mlw", line 1012, characters 15-19:
Sub-goal postcondition of goal _unparser___write_docstring'vc.
Prover result is: Valid (0.02s, 4630 steps).

File "/tmp/.pycsl_ootyvzd6.mlw", line 1030, characters 15-19:
Sub-goal postcondition of goal _unparser___write_str_avoiding_backslashes'vc.
Prover result is: Valid (0.01s, 4640 steps).

File "/tmp/.pycsl_ootyvzd6.mlw", line 1051, characters 15-19:
Sub-goal postcondition of goal _unparser__delimit'vc.
Prover result is: Valid (0.03s, 4630 steps).

File "/tmp/.pycsl_ootyvzd6.mlw", line 1071, characters 15-19:
Sub-goal postcondition of goal _unparser__get_precedence'vc.
Prover result is: Valid (0.03s, 4630 steps).

File "/tmp/.pycsl_ootyvzd6.mlw", line 1093, characters 15-19:
Sub-goal postcondition of goal _unparser__maybe_newline'vc.
Prover result is: Valid (0.03s, 4630 steps).

File "/tmp/.pycsl_ootyvzd6.mlw", line 1113, characters 15-19:
Sub-goal postcondition of goal _unparser__visit'vc.
Prover result is: Valid (0.02s, 4630 steps).

File "/tmp/.pycsl_ootyvzd6.mlw", line 1133, characters 15-19:
Sub-goal postcondition of goal _unparser__visit_AsyncFor'vc.
Prover result is: Valid (0.02s, 4630 steps).

File "/tmp/.pycsl_ootyvzd6.mlw", line 1139, characters 15-19:
Sub-goal postcondition of goal _unparser__visit_AsyncFunctionDef'vc.
Prover result is: Valid (0.02s, 4630 steps).

File "/tmp/.pycsl_ootyvzd6.mlw", line 1169, characters 15-19:
Sub-goal postcondition of goal _unparser__visit_Break'vc.
Prover result is: Valid (0.02s, 4630 steps).

File "/tmp/.pycsl_ootyvzd6.mlw", line 1191, characters 15-19:
Sub-goal postcondition of goal _unparser__visit_Continue'vc.
Prover result is: Valid (0.02s, 4630 steps).

File "/tmp/.pycsl_ootyvzd6.mlw", line 1209, characters 15-19:
Sub-goal postcondition of goal _unparser__visit_Ellipsis'vc.
Prover result is: Valid (0.02s, 4630 steps).

File "/tmp/.pycsl_ootyvzd6.mlw", line 1219, characters 15-19:
Sub-goal postcondition of goal _unparser__visit_Expr'vc.
Prover result is: Valid (0.02s, 4630 steps).

File "/tmp/.pycsl_ootyvzd6.mlw", line 1227, characters 15-19:
Sub-goal postcondition of goal _unparser__visit_For'vc.
Prover result is: Valid (0.02s, 4630 steps).

File "/tmp/.pycsl_ootyvzd6.mlw", line 1237, characters 15-19:
Sub-goal postcondition of goal _unparser__visit_FunctionDef'vc.
Prover result is: Valid (0.02s, 4630 steps).

File "/tmp/.pycsl_ootyvzd6.mlw", line 1311, characters 15-19:
Sub-goal postcondition of goal _unparser__visit_MatchSingleton'vc.
Prover result is: Valid (0.02s, 4630 steps).

File "/tmp/.pycsl_ootyvzd6.mlw", line 1321, characters 15-19:
Sub-goal postcondition of goal _unparser__visit_MatchValue'vc.
Prover result is: Valid (0.02s, 4630 steps).

File "/tmp/.pycsl_ootyvzd6.mlw", line 1327, characters 15-19:
Sub-goal postcondition of goal _unparser__visit_Module'vc.
Prover result is: Valid (0.02s, 4630 steps).

File "/tmp/.pycsl_ootyvzd6.mlw", line 1335, characters 15-19:
Sub-goal postcondition of goal _unparser__visit_Name'vc.
Prover result is: Valid (0.02s, 4630 steps).

File "/tmp/.pycsl_ootyvzd6.mlw", line 1353, characters 15-19:
Sub-goal postcondition of goal _unparser__visit_Pass'vc.
Prover result is: Valid (0.02s, 4630 steps).

File "/tmp/.pycsl_ootyvzd6.mlw", line 1379, characters 15-19:
Sub-goal postcondition of goal _unparser__visit_Starred'vc.
Prover result is: Valid (0.02s, 4630 steps).

File "/tmp/.pycsl_ootyvzd6.mlw", line 1399, characters 15-19:
Sub-goal postcondition of goal _unparser__visit_Tuple'vc.
Prover result is: Valid (0.03s, 4630 steps).

File "/tmp/.pycsl_ootyvzd6.mlw", line 1465, characters 15-19:
Sub-goal postcondition of goal _unparser__write'vc.
Prover result is: Valid (0.02s, 4630 steps).

Warnings/Errors from Why3:
Warning, file "/tmp/.pycsl_ootyvzd6.mlw", line 382, characters 15-19: unused variable result
Warning, file "/tmp/.pycsl_ootyvzd6.mlw", line 386, characters 20-29: unused variable namespace
Warning, file "/tmp/.pycsl_ootyvzd6.mlw", line 394, characters 27-32: unused variable value
Warning, file "/tmp/.pycsl_ootyvzd6.mlw", line 398, characters 23-27: unused variable body
Warning, file "/tmp/.pycsl_ootyvzd6.mlw", line 398, characters 35-43: unused variable is_bytes
Warning, file "/tmp/.pycsl_ootyvzd6.mlw", line 402, characters 30-34: unused variable text
Warning, file "/tmp/.pycsl_ootyvzd6.mlw", line 402, characters 42-48: unused variable is_raw
Warning, file "/tmp/.pycsl_ootyvzd6.mlw", line 406, characters 22-25: unused variable tok
Warning, file "/tmp/.pycsl_ootyvzd6.mlw", line 410, characters 27-39: unused variable start_string
Warning, file "/tmp/.pycsl_ootyvzd6.mlw", line 416, characters 15-19: unused variable result
Warning, file "/tmp/.pycsl_ootyvzd6.mlw", line 420, characters 12-18: unused variable source
Warning, file "/tmp/.pycsl_ootyvzd6.mlw", line 424, characters 28-34: unused variable values
Warning, file "/tmp/.pycsl_ootyvzd6.mlw", line 424, characters 42-52: unused variable drop_empty
Warning, file "/tmp/.pycsl_ootyvzd6.mlw", line 430, characters 15-19: unused variable result
Warning, file "/tmp/.pycsl_ootyvzd6.mlw", line 440, characters 23-29: unused variable source
Warning, file "/tmp/.pycsl_ootyvzd6.mlw", line 444, characters 21-22: unused variable s
Warning, file "/tmp/.pycsl_ootyvzd6.mlw", line 448, characters 23-27: unused variable self
Warning, file "/tmp/.pycsl_ootyvzd6.mlw", line 448, characters 39-47: unused variable min_prec
Warning, file "/tmp/.pycsl_ootyvzd6.mlw", line 452, characters 27-31: unused variable self
Warning, file "/tmp/.pycsl_ootyvzd6.mlw", line 452, characters 43-48: unused variable close
Warning, file "/tmp/.pycsl_ootyvzd6.mlw", line 456, characters 30-34: unused variable self
Warning, file "/tmp/.pycsl_ootyvzd6.mlw", line 456, characters 46-49: unused variable ctx
Warning, file "/tmp/.pycsl_ootyvzd6.mlw", line 460, characters 29-33: unused variable self
Warning, file "/tmp/.pycsl_ootyvzd6.mlw", line 464, characters 27-31: unused variable self
Warning, file "/tmp/.pycsl_ootyvzd6.mlw", line 464, characters 43-44: unused variable t
Warning, file "/tmp/.pycsl_ootyvzd6.mlw", line 464, characters 52-61: unused variable first_key
Warning, file "/tmp/.pycsl_ootyvzd6.mlw", line 468, characters 32-36: unused variable self
Warning, file "/tmp/.pycsl_ootyvzd6.mlw", line 472, characters 30-34: unused variable self
Warning, file "/tmp/.pycsl_ootyvzd6.mlw", line 476, characters 28-32: unused variable self
Warning, file "/tmp/.pycsl_ootyvzd6.mlw", line 480, characters 21-25: unused variable self
Warning, file "/tmp/.pycsl_ootyvzd6.mlw", line 480, characters 37-41: unused variable node
Warning, file "/tmp/.pycsl_ootyvzd6.mlw", line 480, characters 49-58: unused variable start_tok
Warning, file "/tmp/.pycsl_ootyvzd6.mlw", line 480, characters 66-73: unused variable end_tok
Warning, file "/tmp/.pycsl_ootyvzd6.mlw", line 484, characters 27-31: unused variable self
Warning, file "/tmp/.pycsl_ootyvzd6.mlw", line 484, characters 43-47: unused variable node
Warning, file "/tmp/.pycsl_ootyvzd6.mlw", line 484, characters 55-64: unused variable start_tok
Warning, file "/tmp/.pycsl_ootyvzd6.mlw", line 488, characters 25-29: unused variable self
Warning, file "/tmp/.pycsl_ootyvzd6.mlw", line 488, characters 41-45: unused variable node
Warning, file "/tmp/.pycsl_ootyvzd6.mlw", line 488, characters 53-62: unused variable start_tok
Warning, file "/tmp/.pycsl_ootyvzd6.mlw", line 488, characters 70-77: unused variable end_tok
Warning, file "/tmp/.pycsl_ootyvzd6.mlw", line 492, characters 28-32: unused variable self
Warning, file "/tmp/.pycsl_ootyvzd6.mlw", line 496, characters 25-29: unused variable self
Warning, file "/tmp/.pycsl_ootyvzd6.mlw", line 500, characters 37-41: unused variable self
Warning, file "/tmp/.pycsl_ootyvzd6.mlw", line 500, characters 53-59: unused variable is_raw
Warning, file "/tmp/.pycsl_ootyvzd6.mlw", line 504, characters 37-41: unused variable self
Warning, file "/tmp/.pycsl_ootyvzd6.mlw", line 504, characters 53-59: unused variable is_raw
Warning, file "/tmp/.pycsl_ootyvzd6.mlw", line 508, characters 25-29: unused variable self
Warning, file "/tmp/.pycsl_ootyvzd6.mlw", line 512, characters 32-36: unused variable self
Warning, file "/tmp/.pycsl_ootyvzd6.mlw", line 516, characters 33-37: unused variable self
Warning, file "/tmp/.pycsl_ootyvzd6.mlw", line 520, characters 28-32: unused variable self
Warning, file "/tmp/.pycsl_ootyvzd6.mlw", line 524, characters 38-42: unused variable self
Warning, file "/tmp/.pycsl_ootyvzd6.mlw", line 528, characters 34-38: unused variable self
Warning, file "/tmp/.pycsl_ootyvzd6.mlw", line 534, characters 15-19: unused variable result
Warning, file "/tmp/.pycsl_ootyvzd6.mlw", line 543, characters 15-19: unused variable result
Warning, file "/tmp/.pycsl_ootyvzd6.mlw", line 550, characters 31-35: unused variable self
Warning, file "/tmp/.pycsl_ootyvzd6.mlw", line 554, characters 25-29: unused variable self
Warning, file "/tmp/.pycsl_ootyvzd6.mlw", line 554, characters 41-44: unused variable obj
Warning, file "/tmp/.pycsl_ootyvzd6.mlw", line 554, characters 52-55: unused variable cur
Warning, file "/tmp/.pycsl_ootyvzd6.mlw", line 558, characters 26-30: unused variable self
Warning, file "/tmp/.pycsl_ootyvzd6.mlw", line 562, characters 27-31: unused variable self
Warning, file "/tmp/.pycsl_ootyvzd6.mlw", line 566, characters 35-39: unused variable self
Warning, file "/tmp/.pycsl_ootyvzd6.mlw", line 570, characters 32-36: unused variable self
Warning, file "/tmp/.pycsl_ootyvzd6.mlw", line 574, characters 34-38: unused variable self
Warning, file "/tmp/.pycsl_ootyvzd6.mlw", line 574, characters 50-55: unused variable openp
Warning, file "/tmp/.pycsl_ootyvzd6.mlw", line 574, characters 63-69: unused variable closep
Warning, file "/tmp/.pycsl_ootyvzd6.mlw", line 574, characters 77-78: unused variable t
Warning, file "/tmp/.pycsl_ootyvzd6.mlw", line 578, characters 23-27: unused variable self
Warning, file "/tmp/.pycsl_ootyvzd6.mlw", line 578, characters 39-44: unused variable start
Warning, file "/tmp/.pycsl_ootyvzd6.mlw", line 578, characters 52-58: unused variable py_end
Warning, file "/tmp/.pycsl_ootyvzd6.mlw", line 584, characters 15-19: unused variable result
Warning, file "/tmp/.pycsl_ootyvzd6.mlw", line 591, characters 15-19: unused variable result
Warning, file "/tmp/.pycsl_ootyvzd6.mlw", line 600, characters 15-19: unused variable result
Warning, file "/tmp/.pycsl_ootyvzd6.mlw", line 605, characters 27-31: unused variable self
Warning, file "/tmp/.pycsl_ootyvzd6.mlw", line 609, characters 32-36: unused variable self
Warning, file "/tmp/.pycsl_ootyvzd6.mlw", line 615, characters 15-19: unused variable result
Warning, file "/tmp/.pycsl_ootyvzd6.mlw", line 620, characters 27-31: unused variable self
Warning, file "/tmp/.pycsl_ootyvzd6.mlw", line 624, characters 36-40: unused variable self
Warning, file "/tmp/.pycsl_ootyvzd6.mlw", line 630, characters 15-19: unused variable result
Warning, file "/tmp/.pycsl_ootyvzd6.mlw", line 642, characters 15-19: unused variable result
Warning, file "/tmp/.pycsl_ootyvzd6.mlw", line 651, characters 15-19: unused variable result
Warning, file "/tmp/.pycsl_ootyvzd6.mlw", line 664, characters 15-19: unused variable result
Warning, file "/tmp/.pycsl_ootyvzd6.mlw", line 675, characters 25-29: unused variable self
Warning, file "/tmp/.pycsl_ootyvzd6.mlw", line 679, characters 28-32: unused variable self
Warning, file "/tmp/.pycsl_ootyvzd6.mlw", line 683, characters 27-31: unused variable self
Warning, file "/tmp/.pycsl_ootyvzd6.mlw", line 689, characters 15-19: unused variable result
Warning, file "/tmp/.pycsl_ootyvzd6.mlw", line 696, characters 21-25: unused variable self
Warning, file "/tmp/.pycsl_ootyvzd6.mlw", line 700, characters 27-31: unused variable self
Warning, file "/tmp/.pycsl_ootyvzd6.mlw", line 704, characters 26-30: unused variable self
Warning, file "/tmp/.pycsl_ootyvzd6.mlw", line 708, characters 27-31: unused variable self
Warning, file "/tmp/.pycsl_ootyvzd6.mlw", line 712, characters 27-31: unused variable self
Warning, file "/tmp/.pycsl_ootyvzd6.mlw", line 716, characters 22-26: unused variable self
Warning, file "/tmp/.pycsl_ootyvzd6.mlw", line 720, characters 27-31: unused variable self
Warning, file "/tmp/.pycsl_ootyvzd6.mlw", line 724, characters 25-29: unused variable self
Warning, file "/tmp/.pycsl_ootyvzd6.mlw", line 724, characters 41-51: unused variable decorators
Warning, file "/tmp/.pycsl_ootyvzd6.mlw", line 728, characters 31-35: unused variable self
Warning, file "/tmp/.pycsl_ootyvzd6.mlw", line 732, characters 25-29: unused variable self
Warning, file "/tmp/.pycsl_ootyvzd6.mlw", line 736, characters 27-31: unused variable self
Warning, file "/tmp/.pycsl_ootyvzd6.mlw", line 740, characters 26-30: unused variable self
Warning, file "/tmp/.pycsl_ootyvzd6.mlw", line 744, characters 25-29: unused variable self
Warning, file "/tmp/.pycsl_ootyvzd6.mlw", line 748, characters 22-26: unused variable self
Warning, file "/tmp/.pycsl_ootyvzd6.mlw", line 748, characters 38-41: unused variable msg
Warning, file "/tmp/.pycsl_ootyvzd6.mlw", line 754, characters 15-19: unused variable result
Warning, file "/tmp/.pycsl_ootyvzd6.mlw", line 764, characters 15-19: unused variable result
Warning, file "/tmp/.pycsl_ootyvzd6.mlw", line 772, characters 21-25: unused variable self
Warning, file "/tmp/.pycsl_ootyvzd6.mlw", line 776, characters 29-33: unused variable self
Warning, file "/tmp/.pycsl_ootyvzd6.mlw", line 780, characters 26-30: unused variable self
Warning, file "/tmp/.pycsl_ootyvzd6.mlw", line 784, characters 25-29: unused variable self
Warning, file "/tmp/.pycsl_ootyvzd6.mlw", line 788, characters 23-27: unused variable self
Warning, file "/tmp/.pycsl_ootyvzd6.mlw", line 792, characters 25-29: unused variable self
Warning, file "/tmp/.pycsl_ootyvzd6.mlw", line 792, characters 41-47: unused variable async_
Warning, file "/tmp/.pycsl_ootyvzd6.mlw", line 796, characters 24-28: unused variable self
Warning, file "/tmp/.pycsl_ootyvzd6.mlw", line 796, characters 40-50: unused variable decorators
Warning, file "/tmp/.pycsl_ootyvzd6.mlw", line 796, characters 58-64: unused variable async_
Warning, file "/tmp/.pycsl_ootyvzd6.mlw", line 796, characters 72-77: unused variable start
Warning, file "/tmp/.pycsl_ootyvzd6.mlw", line 800, characters 28-32: unused variable self
Warning, file "/tmp/.pycsl_ootyvzd6.mlw", line 800, characters 44-48: unused variable kind
Warning, file "/tmp/.pycsl_ootyvzd6.mlw", line 804, characters 24-28: unused variable self
Warning, file "/tmp/.pycsl_ootyvzd6.mlw", line 808, characters 28-32: unused variable self
Warning, file "/tmp/.pycsl_ootyvzd6.mlw", line 812, characters 28-32: unused variable self
Warning, file "/tmp/.pycsl_ootyvzd6.mlw", line 816, characters 34-38: unused variable self
Warning, file "/tmp/.pycsl_ootyvzd6.mlw", line 820, characters 24-28: unused variable self
Warning, file "/tmp/.pycsl_ootyvzd6.mlw", line 824, characters 27-31: unused variable self
Warning, file "/tmp/.pycsl_ootyvzd6.mlw", line 828, characters 31-35: unused variable self
Warning, file "/tmp/.pycsl_ootyvzd6.mlw", line 832, characters 21-25: unused variable self
Warning, file "/tmp/.pycsl_ootyvzd6.mlw", line 832, characters 37-41: unused variable name
Warning, file "/tmp/.pycsl_ootyvzd6.mlw", line 832, characters 49-58: unused variable start_tok
Warning, file "/tmp/.pycsl_ootyvzd6.mlw", line 836, characters 25-29: unused variable self
Warning, file "/tmp/.pycsl_ootyvzd6.mlw", line 840, characters 27-31: unused variable self
Warning, file "/tmp/.pycsl_ootyvzd6.mlw", line 844, characters 24-28: unused variable self
Warning, file "/tmp/.pycsl_ootyvzd6.mlw", line 848, characters 32-36: unused variable self
Warning, file "/tmp/.pycsl_ootyvzd6.mlw", line 852, characters 27-31: unused variable self
Warning, file "/tmp/.pycsl_ootyvzd6.mlw", line 856, characters 29-33: unused variable self
Warning, file "/tmp/.pycsl_ootyvzd6.mlw", line 860, characters 33-37: unused variable self
Warning, file "/tmp/.pycsl_ootyvzd6.mlw", line 860, characters 49-54: unused variable close
Warning, file "/tmp/.pycsl_ootyvzd6.mlw", line 864, characters 24-28: unused variable self
Warning, file "/tmp/.pycsl_ootyvzd6.mlw", line 868, characters 22-26: unused variable self
Warning, file "/tmp/.pycsl_ootyvzd6.mlw", line 872, characters 27-31: unused variable self
Warning, file "/tmp/.pycsl_ootyvzd6.mlw", line 876, characters 28-32: unused variable self
Warning, file "/tmp/.pycsl_ootyvzd6.mlw", line 880, characters 28-32: unused variable self
Warning, file "/tmp/.pycsl_ootyvzd6.mlw", line 884, characters 27-31: unused variable self
Warning, file "/tmp/.pycsl_ootyvzd6.mlw", line 888, characters 26-30: unused variable self
Warning, file "/tmp/.pycsl_ootyvzd6.mlw", line 892, characters 24-28: unused variable self
Warning, file "/tmp/.pycsl_ootyvzd6.mlw", line 896, characters 21-25: unused variable self
Warning, file "/tmp/.pycsl_ootyvzd6.mlw", line 900, characters 29-33: unused variable self
Warning, file "/tmp/.pycsl_ootyvzd6.mlw", line 904, characters 35-39: unused variable self
Warning, file "/tmp/.pycsl_ootyvzd6.mlw", line 908, characters 25-29: unused variable self
Warning, file "/tmp/.pycsl_ootyvzd6.mlw", line 912, characters 37-41: unused variable self
Warning, file "/tmp/.pycsl_ootyvzd6.mlw", line 916, characters 35-39: unused variable self
Warning, file "/tmp/.pycsl_ootyvzd6.mlw", line 920, characters 44-48: unused variable self
Warning, file "/tmp/.pycsl_ootyvzd6.mlw", line 924, characters 25-29: unused variable self
Warning, file "/tmp/.pycsl_ootyvzd6.mlw", line 924, characters 41-45: unused variable atom
Warning, file "/tmp/.pycsl_ootyvzd6.mlw", line 928, characters 25-29: unused variable self
Warning, file "/tmp/.pycsl_ootyvzd6.mlw", line 932, characters 32-36: unused variable self
Warning, file "/tmp/.pycsl_ootyvzd6.mlw", line 936, characters 30-34: unused variable self
Warning, file "/tmp/.pycsl_ootyvzd6.mlw", line 940, characters 28-32: unused variable self
Warning, file "/tmp/.pycsl_ootyvzd6.mlw", line 940, characters 44-48: unused variable what
Warning, file "/tmp/.pycsl_ootyvzd6.mlw", line 944, characters 27-31: unused variable self
Warning, file "/tmp/.pycsl_ootyvzd6.mlw", line 948, characters 26-30: unused variable self
Warning, file "/tmp/.pycsl_ootyvzd6.mlw", line 948, characters 42-48: unused variable async_
Warning, file "/tmp/.pycsl_ootyvzd6.mlw", line 952, characters 27-31: unused variable self
Warning, file "/tmp/.pycsl_ootyvzd6.mlw", line 956, characters 25-29: unused variable self
Warning, file "/tmp/.pycsl_ootyvzd6.mlw", line 960, characters 18-23: unused variable limit
Warning, file "/tmp/.pycsl_ootyvzd6.mlw", line 964, characters 16-20: unused variable node
Warning, file "/tmp/.pycsl_ootyvzd6.mlw", line 964, characters 28-31: unused variable ctx
Warning, file "/tmp/.pycsl_ootyvzd6.mlw", line 968, characters 25-31: unused variable source
Warning, file "/tmp/.pycsl_ootyvzd6.mlw", line 972, characters 30-34: unused variable self
Warning, file "/tmp/.pycsl_ootyvzd6.mlw", line 972, characters 48-52: unused variable fill
Warning, file "/tmp/.pycsl_ootyvzd6.mlw", line 972, characters 60-64: unused variable node
Warning, file "/tmp/.pycsl_ootyvzd6.mlw", line 976, characters 36-40: unused variable self
Warning, file "/tmp/.pycsl_ootyvzd6.mlw", line 982, characters 42-46: unused variable self
Warning, file "/tmp/.pycsl_ootyvzd6.mlw", line 988, characters 37-41: unused variable self
Warning, file "/tmp/.pycsl_ootyvzd6.mlw", line 994, characters 35-39: unused variable self
Warning, file "/tmp/.pycsl_ootyvzd6.mlw", line 994, characters 53-57: unused variable node
Warning, file "/tmp/.pycsl_ootyvzd6.mlw", line 994, characters 65-76: unused variable fill_suffix
Warning, file "/tmp/.pycsl_ootyvzd6.mlw", line 998, characters 38-42: unused variable self
Warning, file "/tmp/.pycsl_ootyvzd6.mlw", line 998, characters 56-62: unused variable string
Warning, file "/tmp/.pycsl_ootyvzd6.mlw", line 1002, characters 38-42: unused variable self
Warning, file "/tmp/.pycsl_ootyvzd6.mlw", line 1002, characters 56-67: unused variable type_params
Warning, file "/tmp/.pycsl_ootyvzd6.mlw", line 1006, characters 34-38: unused variable self
Warning, file "/tmp/.pycsl_ootyvzd6.mlw", line 1006, characters 52-57: unused variable value
Warning, file "/tmp/.pycsl_ootyvzd6.mlw", line 1010, characters 35-39: unused variable self
Warning, file "/tmp/.pycsl_ootyvzd6.mlw", line 1020, characters 53-57: unused variable self
Warning, file "/tmp/.pycsl_ootyvzd6.mlw", line 1020, characters 71-75: unused variable node
Warning, file "/tmp/.pycsl_ootyvzd6.mlw", line 1024, characters 39-43: unused variable self
Warning, file "/tmp/.pycsl_ootyvzd6.mlw", line 1024, characters 57-61: unused variable node
Warning, file "/tmp/.pycsl_ootyvzd6.mlw", line 1028, characters 50-54: unused variable self
Warning, file "/tmp/.pycsl_ootyvzd6.mlw", line 1041, characters 24-28: unused variable self
Warning, file "/tmp/.pycsl_ootyvzd6.mlw", line 1045, characters 27-31: unused variable self
Warning, file "/tmp/.pycsl_ootyvzd6.mlw", line 1045, characters 45-51: unused variable buffer
Warning, file "/tmp/.pycsl_ootyvzd6.mlw", line 1049, characters 26-30: unused variable self
Warning, file "/tmp/.pycsl_ootyvzd6.mlw", line 1057, characters 29-33: unused variable self
Warning, file "/tmp/.pycsl_ootyvzd6.mlw", line 1057, characters 47-52: unused variable start
Warning, file "/tmp/.pycsl_ootyvzd6.mlw", line 1057, characters 60-66: unused variable py_end
Warning, file "/tmp/.pycsl_ootyvzd6.mlw", line 1057, characters 74-83: unused variable condition
Warning, file "/tmp/.pycsl_ootyvzd6.mlw", line 1061, characters 31-35: unused variable self
Warning, file "/tmp/.pycsl_ootyvzd6.mlw", line 1061, characters 49-53: unused variable node
Warning, file "/tmp/.pycsl_ootyvzd6.mlw", line 1065, characters 23-27: unused variable self
Warning, file "/tmp/.pycsl_ootyvzd6.mlw", line 1065, characters 41-45: unused variable text
Warning, file "/tmp/.pycsl_ootyvzd6.mlw", line 1069, characters 33-37: unused variable self
Warning, file "/tmp/.pycsl_ootyvzd6.mlw", line 1071, characters 15-19: unused variable result
Warning, file "/tmp/.pycsl_ootyvzd6.mlw", line 1075, characters 36-40: unused variable self
Warning, file "/tmp/.pycsl_ootyvzd6.mlw", line 1075, characters 54-58: unused variable node
Warning, file "/tmp/.pycsl_ootyvzd6.mlw", line 1079, characters 35-39: unused variable self
Warning, file "/tmp/.pycsl_ootyvzd6.mlw", line 1079, characters 53-57: unused variable node
Warning, file "/tmp/.pycsl_ootyvzd6.mlw", line 1083, characters 29-33: unused variable self
Warning, file "/tmp/.pycsl_ootyvzd6.mlw", line 1083, characters 47-52: unused variable inter
Warning, file "/tmp/.pycsl_ootyvzd6.mlw", line 1083, characters 60-61: unused variable f
Warning, file "/tmp/.pycsl_ootyvzd6.mlw", line 1083, characters 69-72: unused variable seq
Warning, file "/tmp/.pycsl_ootyvzd6.mlw", line 1087, characters 29-33: unused variable self
Warning, file "/tmp/.pycsl_ootyvzd6.mlw", line 1087, characters 47-56: unused variable traverser
Warning, file "/tmp/.pycsl_ootyvzd6.mlw", line 1087, characters 64-69: unused variable items
Warning, file "/tmp/.pycsl_ootyvzd6.mlw", line 1099, characters 33-37: unused variable self
Warning, file "/tmp/.pycsl_ootyvzd6.mlw", line 1099, characters 51-61: unused variable precedence
Warning, file "/tmp/.pycsl_ootyvzd6.mlw", line 1099, characters 69-73: unused variable node
Warning, file "/tmp/.pycsl_ootyvzd6.mlw", line 1103, characters 33-37: unused variable self
Warning, file "/tmp/.pycsl_ootyvzd6.mlw", line 1103, characters 51-61: unused variable precedence
Warning, file "/tmp/.pycsl_ootyvzd6.mlw", line 1107, characters 27-31: unused variable self
Warning, file "/tmp/.pycsl_ootyvzd6.mlw", line 1107, characters 45-49: unused variable node
Warning, file "/tmp/.pycsl_ootyvzd6.mlw", line 1113, characters 15-19: unused variable result
Warning, file "/tmp/.pycsl_ootyvzd6.mlw", line 1119, characters 34-38: unused variable self
Warning, file "/tmp/.pycsl_ootyvzd6.mlw", line 1119, characters 52-56: unused variable node
Warning, file "/tmp/.pycsl_ootyvzd6.mlw", line 1123, characters 31-35: unused variable self
Warning, file "/tmp/.pycsl_ootyvzd6.mlw", line 1123, characters 49-53: unused variable node
Warning, file "/tmp/.pycsl_ootyvzd6.mlw", line 1127, characters 31-35: unused variable self
Warning, file "/tmp/.pycsl_ootyvzd6.mlw", line 1127, characters 49-53: unused variable node
Warning, file "/tmp/.pycsl_ootyvzd6.mlw", line 1131, characters 33-37: unused variable self
Warning, file "/tmp/.pycsl_ootyvzd6.mlw", line 1137, characters 41-45: unused variable self
Warning, file "/tmp/.pycsl_ootyvzd6.mlw", line 1143, characters 34-38: unused variable self
Warning, file "/tmp/.pycsl_ootyvzd6.mlw", line 1143, characters 52-56: unused variable node
Warning, file "/tmp/.pycsl_ootyvzd6.mlw", line 1147, characters 34-38: unused variable self
Warning, file "/tmp/.pycsl_ootyvzd6.mlw", line 1147, characters 52-56: unused variable node
Warning, file "/tmp/.pycsl_ootyvzd6.mlw", line 1151, characters 34-38: unused variable self
Warning, file "/tmp/.pycsl_ootyvzd6.mlw", line 1151, characters 52-56: unused variable node
Warning, file "/tmp/.pycsl_ootyvzd6.mlw", line 1155, characters 30-34: unused variable self
Warning, file "/tmp/.pycsl_ootyvzd6.mlw", line 1155, characters 48-52: unused variable node
Warning, file "/tmp/.pycsl_ootyvzd6.mlw", line 1159, characters 30-34: unused variable self
Warning, file "/tmp/.pycsl_ootyvzd6.mlw", line 1159, characters 48-52: unused variable node
Warning, file "/tmp/.pycsl_ootyvzd6.mlw", line 1163, characters 31-35: unused variable self
Warning, file "/tmp/.pycsl_ootyvzd6.mlw", line 1163, characters 49-53: unused variable node
Warning, file "/tmp/.pycsl_ootyvzd6.mlw", line 1167, characters 30-34: unused variable self
Warning, file "/tmp/.pycsl_ootyvzd6.mlw", line 1167, characters 48-52: unused variable node
Warning, file "/tmp/.pycsl_ootyvzd6.mlw", line 1173, characters 29-33: unused variable self
Warning, file "/tmp/.pycsl_ootyvzd6.mlw", line 1173, characters 47-51: unused variable node
Warning, file "/tmp/.pycsl_ootyvzd6.mlw", line 1177, characters 33-37: unused variable self
Warning, file "/tmp/.pycsl_ootyvzd6.mlw", line 1177, characters 51-55: unused variable node
Warning, file "/tmp/.pycsl_ootyvzd6.mlw", line 1181, characters 32-36: unused variable self
Warning, file "/tmp/.pycsl_ootyvzd6.mlw", line 1181, characters 50-54: unused variable node
Warning, file "/tmp/.pycsl_ootyvzd6.mlw", line 1185, characters 33-37: unused variable self
Warning, file "/tmp/.pycsl_ootyvzd6.mlw", line 1185, characters 51-55: unused variable node
Warning, file "/tmp/.pycsl_ootyvzd6.mlw", line 1189, characters 33-37: unused variable self
Warning, file "/tmp/.pycsl_ootyvzd6.mlw", line 1189, characters 51-55: unused variable node
Warning, file "/tmp/.pycsl_ootyvzd6.mlw", line 1195, characters 31-35: unused variable self
Warning, file "/tmp/.pycsl_ootyvzd6.mlw", line 1195, characters 49-53: unused variable node
Warning, file "/tmp/.pycsl_ootyvzd6.mlw", line 1199, characters 29-33: unused variable self
Warning, file "/tmp/.pycsl_ootyvzd6.mlw", line 1199, characters 47-51: unused variable node
Warning, file "/tmp/.pycsl_ootyvzd6.mlw", line 1203, characters 33-37: unused variable self
Warning, file "/tmp/.pycsl_ootyvzd6.mlw", line 1203, characters 51-55: unused variable node
Warning, file "/tmp/.pycsl_ootyvzd6.mlw", line 1207, characters 33-37: unused variable self
Warning, file "/tmp/.pycsl_ootyvzd6.mlw", line 1207, characters 51-55: unused variable node
Warning, file "/tmp/.pycsl_ootyvzd6.mlw", line 1213, characters 38-42: unused variable self
Warning, file "/tmp/.pycsl_ootyvzd6.mlw", line 1213, characters 56-60: unused variable node
Warning, file "/tmp/.pycsl_ootyvzd6.mlw", line 1217, characters 29-33: unused variable self
Warning, file "/tmp/.pycsl_ootyvzd6.mlw", line 1225, characters 28-32: unused variable self
Warning, file "/tmp/.pycsl_ootyvzd6.mlw", line 1231, characters 39-43: unused variable self
Warning, file "/tmp/.pycsl_ootyvzd6.mlw", line 1231, characters 57-61: unused variable node
Warning, file "/tmp/.pycsl_ootyvzd6.mlw", line 1235, characters 36-40: unused variable self
Warning, file "/tmp/.pycsl_ootyvzd6.mlw", line 1241, characters 37-41: unused variable self
Warning, file "/tmp/.pycsl_ootyvzd6.mlw", line 1241, characters 55-59: unused variable node
Warning, file "/tmp/.pycsl_ootyvzd6.mlw", line 1245, characters 37-41: unused variable self
Warning, file "/tmp/.pycsl_ootyvzd6.mlw", line 1245, characters 55-59: unused variable node
Warning, file "/tmp/.pycsl_ootyvzd6.mlw", line 1249, characters 31-35: unused variable self
Warning, file "/tmp/.pycsl_ootyvzd6.mlw", line 1249, characters 49-53: unused variable node
Warning, file "/tmp/.pycsl_ootyvzd6.mlw", line 1253, characters 27-31: unused variable self
Warning, file "/tmp/.pycsl_ootyvzd6.mlw", line 1253, characters 45-49: unused variable node
Warning, file "/tmp/.pycsl_ootyvzd6.mlw", line 1257, characters 30-34: unused variable self
Warning, file "/tmp/.pycsl_ootyvzd6.mlw", line 1257, characters 48-52: unused variable node
Warning, file "/tmp/.pycsl_ootyvzd6.mlw", line 1261, characters 31-35: unused variable self
Warning, file "/tmp/.pycsl_ootyvzd6.mlw", line 1261, characters 49-53: unused variable node
Warning, file "/tmp/.pycsl_ootyvzd6.mlw", line 1265, characters 35-39: unused variable self
Warning, file "/tmp/.pycsl_ootyvzd6.mlw", line 1265, characters 53-57: unused variable node
Warning, file "/tmp/.pycsl_ootyvzd6.mlw", line 1269, characters 34-38: unused variable self
Warning, file "/tmp/.pycsl_ootyvzd6.mlw", line 1269, characters 52-56: unused variable node
Warning, file "/tmp/.pycsl_ootyvzd6.mlw", line 1273, characters 31-35: unused variable self
Warning, file "/tmp/.pycsl_ootyvzd6.mlw", line 1273, characters 49-53: unused variable node
Warning, file "/tmp/.pycsl_ootyvzd6.mlw", line 1277, characters 29-33: unused variable self
Warning, file "/tmp/.pycsl_ootyvzd6.mlw", line 1277, characters 47-51: unused variable node
Warning, file "/tmp/.pycsl_ootyvzd6.mlw", line 1281, characters 33-37: unused variable self
Warning, file "/tmp/.pycsl_ootyvzd6.mlw", line 1281, characters 51-55: unused variable node
Warning, file "/tmp/.pycsl_ootyvzd6.mlw", line 1285, characters 30-34: unused variable self
Warning, file "/tmp/.pycsl_ootyvzd6.mlw", line 1285, characters 48-52: unused variable node
Warning, file "/tmp/.pycsl_ootyvzd6.mlw", line 1289, characters 32-36: unused variable self
Warning, file "/tmp/.pycsl_ootyvzd6.mlw", line 1289, characters 50-54: unused variable node
Warning, file "/tmp/.pycsl_ootyvzd6.mlw", line 1293, characters 35-39: unused variable self
Warning, file "/tmp/.pycsl_ootyvzd6.mlw", line 1293, characters 53-57: unused variable node
Warning, file "/tmp/.pycsl_ootyvzd6.mlw", line 1297, characters 37-41: unused variable self
Warning, file "/tmp/.pycsl_ootyvzd6.mlw", line 1297, characters 55-59: unused variable node
Warning, file "/tmp/.pycsl_ootyvzd6.mlw", line 1301, characters 32-36: unused variable self
Warning, file "/tmp/.pycsl_ootyvzd6.mlw", line 1301, characters 50-54: unused variable node
Warning, file "/tmp/.pycsl_ootyvzd6.mlw", line 1305, characters 38-42: unused variable self
Warning, file "/tmp/.pycsl_ootyvzd6.mlw", line 1305, characters 56-60: unused variable node
Warning, file "/tmp/.pycsl_ootyvzd6.mlw", line 1309, characters 39-43: unused variable self
Warning, file "/tmp/.pycsl_ootyvzd6.mlw", line 1315, characters 34-38: unused variable self
Warning, file "/tmp/.pycsl_ootyvzd6.mlw", line 1315, characters 52-56: unused variable node
Warning, file "/tmp/.pycsl_ootyvzd6.mlw", line 1319, characters 35-39: unused variable self
Warning, file "/tmp/.pycsl_ootyvzd6.mlw", line 1333, characters 29-33: unused variable self
Warning, file "/tmp/.pycsl_ootyvzd6.mlw", line 1339, characters 34-38: unused variable self
Warning, file "/tmp/.pycsl_ootyvzd6.mlw", line 1339, characters 52-56: unused variable node
Warning, file "/tmp/.pycsl_ootyvzd6.mlw", line 1343, characters 33-37: unused variable self
Warning, file "/tmp/.pycsl_ootyvzd6.mlw", line 1343, characters 51-55: unused variable node
Warning, file "/tmp/.pycsl_ootyvzd6.mlw", line 1347, characters 34-38: unused variable self
Warning, file "/tmp/.pycsl_ootyvzd6.mlw", line 1347, characters 52-56: unused variable node
Warning, file "/tmp/.pycsl_ootyvzd6.mlw", line 1351, characters 29-33: unused variable self
Warning, file "/tmp/.pycsl_ootyvzd6.mlw", line 1351, characters 47-51: unused variable node
Warning, file "/tmp/.pycsl_ootyvzd6.mlw", line 1357, characters 30-34: unused variable self
Warning, file "/tmp/.pycsl_ootyvzd6.mlw", line 1357, characters 48-52: unused variable node
Warning, file "/tmp/.pycsl_ootyvzd6.mlw", line 1361, characters 31-35: unused variable self
Warning, file "/tmp/.pycsl_ootyvzd6.mlw", line 1361, characters 49-53: unused variable node
Warning, file "/tmp/.pycsl_ootyvzd6.mlw", line 1365, characters 28-32: unused variable self
Warning, file "/tmp/.pycsl_ootyvzd6.mlw", line 1365, characters 46-50: unused variable node
Warning, file "/tmp/.pycsl_ootyvzd6.mlw", line 1369, characters 32-36: unused variable self
Warning, file "/tmp/.pycsl_ootyvzd6.mlw", line 1369, characters 50-54: unused variable node
Warning, file "/tmp/.pycsl_ootyvzd6.mlw", line 1373, characters 30-34: unused variable self
Warning, file "/tmp/.pycsl_ootyvzd6.mlw", line 1373, characters 48-52: unused variable node
Warning, file "/tmp/.pycsl_ootyvzd6.mlw", line 1377, characters 32-36: unused variable self
Warning, file "/tmp/.pycsl_ootyvzd6.mlw", line 1385, characters 34-38: unused variable self
Warning, file "/tmp/.pycsl_ootyvzd6.mlw", line 1385, characters 52-56: unused variable node
Warning, file "/tmp/.pycsl_ootyvzd6.mlw", line 1389, characters 28-32: unused variable self
Warning, file "/tmp/.pycsl_ootyvzd6.mlw", line 1389, characters 46-50: unused variable node
Warning, file "/tmp/.pycsl_ootyvzd6.mlw", line 1393, characters 32-36: unused variable self
Warning, file "/tmp/.pycsl_ootyvzd6.mlw", line 1393, characters 50-54: unused variable node
Warning, file "/tmp/.pycsl_ootyvzd6.mlw", line 1403, characters 34-38: unused variable self
Warning, file "/tmp/.pycsl_ootyvzd6.mlw", line 1403, characters 52-56: unused variable node
Warning, file "/tmp/.pycsl_ootyvzd6.mlw", line 1407, characters 32-36: unused variable self
Warning, file "/tmp/.pycsl_ootyvzd6.mlw", line 1407, characters 50-54: unused variable node
Warning, file "/tmp/.pycsl_ootyvzd6.mlw", line 1411, characters 37-41: unused variable self
Warning, file "/tmp/.pycsl_ootyvzd6.mlw", line 1411, characters 55-59: unused variable node
Warning, file "/tmp/.pycsl_ootyvzd6.mlw", line 1415, characters 32-36: unused variable self
Warning, file "/tmp/.pycsl_ootyvzd6.mlw", line 1415, characters 50-54: unused variable node
Warning, file "/tmp/.pycsl_ootyvzd6.mlw", line 1419, characters 30-34: unused variable self
Warning, file "/tmp/.pycsl_ootyvzd6.mlw", line 1419, characters 48-52: unused variable node
Warning, file "/tmp/.pycsl_ootyvzd6.mlw", line 1423, characters 29-33: unused variable self
Warning, file "/tmp/.pycsl_ootyvzd6.mlw", line 1423, characters 47-51: unused variable node
Warning, file "/tmp/.pycsl_ootyvzd6.mlw", line 1427, characters 30-34: unused variable self
Warning, file "/tmp/.pycsl_ootyvzd6.mlw", line 1427, characters 48-52: unused variable node
Warning, file "/tmp/.pycsl_ootyvzd6.mlw", line 1431, characters 34-38: unused variable self
Warning, file "/tmp/.pycsl_ootyvzd6.mlw", line 1431, characters 52-56: unused variable node
Warning, file "/tmp/.pycsl_ootyvzd6.mlw", line 1435, characters 30-34: unused variable self
Warning, file "/tmp/.pycsl_ootyvzd6.mlw", line 1435, characters 48-52: unused variable node
Warning, file "/tmp/.pycsl_ootyvzd6.mlw", line 1439, characters 28-32: unused variable self
Warning, file "/tmp/.pycsl_ootyvzd6.mlw", line 1439, characters 46-50: unused variable node
Warning, file "/tmp/.pycsl_ootyvzd6.mlw", line 1443, characters 34-38: unused variable self
Warning, file "/tmp/.pycsl_ootyvzd6.mlw", line 1443, characters 52-56: unused variable node
Warning, file "/tmp/.pycsl_ootyvzd6.mlw", line 1447, characters 38-42: unused variable self
Warning, file "/tmp/.pycsl_ootyvzd6.mlw", line 1447, characters 56-60: unused variable node
Warning, file "/tmp/.pycsl_ootyvzd6.mlw", line 1451, characters 32-36: unused variable self
Warning, file "/tmp/.pycsl_ootyvzd6.mlw", line 1451, characters 50-54: unused variable node
Warning, file "/tmp/.pycsl_ootyvzd6.mlw", line 1455, characters 35-39: unused variable self
Warning, file "/tmp/.pycsl_ootyvzd6.mlw", line 1455, characters 53-57: unused variable node
Warning, file "/tmp/.pycsl_ootyvzd6.mlw", line 1459, characters 33-37: unused variable self
Warning, file "/tmp/.pycsl_ootyvzd6.mlw", line 1459, characters 51-55: unused variable node
Warning, file "/tmp/.pycsl_ootyvzd6.mlw", line 1463, characters 24-28: unused variable self
Warning, file "/tmp/.pycsl_ootyvzd6.mlw", line 1469, characters 16-22: unused variable source
Warning, file "/tmp/.pycsl_ootyvzd6.mlw", line 1473, characters 21-29: unused variable new_node
Warning, file "/tmp/.pycsl_ootyvzd6.mlw", line 1473, characters 37-45: unused variable old_node
Warning, file "/tmp/.pycsl_ootyvzd6.mlw", line 1477, characters 12-16: unused variable node
Warning, file "/tmp/.pycsl_ootyvzd6.mlw", line 1477, characters 24-39: unused variable annotate_fields
Warning, file "/tmp/.pycsl_ootyvzd6.mlw", line 1477, characters 47-65: unused variable include_attributes
Warning, file "/tmp/.pycsl_ootyvzd6.mlw", line 1481, characters 29-33: unused variable node
Warning, file "/tmp/.pycsl_ootyvzd6.mlw", line 1485, characters 21-25: unused variable node
Warning, file "/tmp/.pycsl_ootyvzd6.mlw", line 1485, characters 33-38: unused variable clean
Warning, file "/tmp/.pycsl_ootyvzd6.mlw", line 1489, characters 26-32: unused variable source
Warning, file "/tmp/.pycsl_ootyvzd6.mlw", line 1489, characters 40-44: unused variable node
Warning, file "/tmp/.pycsl_ootyvzd6.mlw", line 1493, characters 24-28: unused variable node
Warning, file "/tmp/.pycsl_ootyvzd6.mlw", line 1493, characters 36-37: unused variable n
Warning, file "/tmp/.pycsl_ootyvzd6.mlw", line 1497, characters 24-28: unused variable node
Warning, file "/tmp/.pycsl_ootyvzd6.mlw", line 1501, characters 19-23: unused variable node
Warning, file "/tmp/.pycsl_ootyvzd6.mlw", line 1505, characters 20-34: unused variable node_or_string
Warning, file "/tmp/.pycsl_ootyvzd6.mlw", line 1509, characters 12-16: unused variable args
Warning, file "/tmp/.pycsl_ootyvzd6.mlw", line 1517, characters 38-42: unused variable self
Warning, file "/tmp/.pycsl_ootyvzd6.mlw", line 1517, characters 62-66: unused variable node
Warning, file "/tmp/.pycsl_ootyvzd6.mlw", line 1521, characters 34-38: unused variable self
Warning, file "/tmp/.pycsl_ootyvzd6.mlw", line 1521, characters 54-58: unused variable node
Warning, file "/tmp/.pycsl_ootyvzd6.mlw", line 1525, characters 26-30: unused variable self
Warning, file "/tmp/.pycsl_ootyvzd6.mlw", line 1525, characters 46-50: unused variable node
Warning, file "/tmp/.pycsl_ootyvzd6.mlw", line 1529, characters 35-39: unused variable self
Warning, file "/tmp/.pycsl_ootyvzd6.mlw", line 1529, characters 55-59: unused variable node
Warning, file "/tmp/.pycsl_ootyvzd6.mlw", line 1533, characters 13-19: unused variable source
Warning, file "/tmp/.pycsl_ootyvzd6.mlw", line 1533, characters 27-35: unused variable filename
Warning, file "/tmp/.pycsl_ootyvzd6.mlw", line 1533, characters 43-47: unused variable mode
Warning, file "/tmp/.pycsl_ootyvzd6.mlw", line 1537, characters 15-22: unused variable ast_obj
Warning, file "/tmp/.pycsl_ootyvzd6.mlw", line 1541, characters 12-16: unused variable node

[+] Verification SUCCESS! All contracts formally proven.
