[*] Parsing and Semantic Analysis for 'src/self-annotate/src/frontend/pure_ast.py'...
[*] Memory model: hoare
[*] Import 'typing.List': external module, no local source found — skipping (add \trusted stub if verification of callers needs its contract)
[*] Import 'typing.Tuple': external module, no local source found — skipping (add \trusted stub if verification of callers needs its contract)
[*] Import 'inspect.cleandoc': external module, no local source found — skipping
[level] L1 ✓  L2 ✓  L3-tc ✗
[!] Emitted WhyML does NOT type-check (L3-tc failed) — NOT a success:
Warning, file "/home/fabrice/git/pycsl/scratchpad/w7/tmp/.pycsl_yi51m6zl.mlw", line 554, characters 25-27: unused variable x0
Warning, file "/home/fabrice/git/pycsl/scratchpad/w7/tmp/.pycsl_yi51m6zl.mlw", line 648, characters 21-22: unused variable s
Warning, file "/home/fabrice/git/pycsl/scratchpad/w7/tmp/.pycsl_yi51m6zl.mlw", line 669, characters 20-22: unused variable x0
Warning, file "/home/fabrice/git/pycsl/scratchpad/w7/tmp/.pycsl_yi51m6zl.mlw", line 677, characters 26-28: unused variable x0
Warning, file "/home/fabrice/git/pycsl/scratchpad/w7/tmp/.pycsl_yi51m6zl.mlw", line 710, characters 20-23: unused variable sep
Warning, file "/home/fabrice/git/pycsl/scratchpad/w7/tmp/.pycsl_yi51m6zl.mlw", line 710, characters 34-36: unused variable xs
Warning, file "/home/fabrice/git/pycsl/scratchpad/w7/tmp/.pycsl_yi51m6zl.mlw", line 741, characters 15-19: unused variable result
Warning, file "/home/fabrice/git/pycsl/scratchpad/w7/tmp/.pycsl_yi51m6zl.mlw", line 745, characters 20-29: unused variable namespace
Warning, file "/home/fabrice/git/pycsl/scratchpad/w7/tmp/.pycsl_yi51m6zl.mlw", line 753, characters 27-32: unused variable value
Warning, file "/home/fabrice/git/pycsl/scratchpad/w7/tmp/.pycsl_yi51m6zl.mlw", line 757, characters 23-27: unused variable body
Warning, file "/home/fabrice/git/pycsl/scratchpad/w7/tmp/.pycsl_yi51m6zl.mlw", line 757, characters 35-43: unused variable is_bytes
Warning, file "/home/fabrice/git/pycsl/scratchpad/w7/tmp/.pycsl_yi51m6zl.mlw", line 761, characters 30-34: unused variable text
Warning, file "/home/fabrice/git/pycsl/scratchpad/w7/tmp/.pycsl_yi51m6zl.mlw", line 761, characters 45-51: unused variable is_raw
Warning, file "/home/fabrice/git/pycsl/scratchpad/w7/tmp/.pycsl_yi51m6zl.mlw", line 763, characters 15-19: unused variable result
Warning, file "/home/fabrice/git/pycsl/scratchpad/w7/tmp/.pycsl_yi51m6zl.mlw", line 765, characters 22-25: unused variable tok
Warning, file "/home/fabrice/git/pycsl/scratchpad/w7/tmp/.pycsl_yi51m6zl.mlw", line 767, characters 15-19: unused variable result
Warning, file "/home/fabrice/git/pycsl/scratchpad/w7/tmp/.pycsl_yi51m6zl.mlw", line 773, characters 8-10: unused variable ch
Warning, file "/home/fabrice/git/pycsl/scratchpad/w7/tmp/.pycsl_yi51m6zl.mlw", line 771, characters 15-19: unused variable result
Warning, file "/home/fabrice/git/pycsl/scratchpad/w7/tmp/.pycsl_yi51m6zl.mlw", line 793, characters 15-19: unused variable result
Warning, file "/home/fabrice/git/pycsl/scratchpad/w7/tmp/.pycsl_yi51m6zl.mlw", line 797, characters 12-18: unused variable source
Warning, file "/home/fabrice/git/pycsl/scratchpad/w7/tmp/.pycsl_yi51m6zl.mlw", line 801, characters 28-34: unused variable values
Warning, file "/home/fabrice/git/pycsl/scratchpad/w7/tmp/.pycsl_yi51m6zl.mlw", line 801, characters 52-62: unused variable drop_empty
Warning, file "/home/fabrice/git/pycsl/scratchpad/w7/tmp/.pycsl_yi51m6zl.mlw", line 803, characters 15-19: unused variable result
Warning, file "/home/fabrice/git/pycsl/scratchpad/w7/tmp/.pycsl_yi51m6zl.mlw", line 807, characters 15-19: unused variable result
Warning, file "/home/fabrice/git/pycsl/scratchpad/w7/tmp/.pycsl_yi51m6zl.mlw", line 821, characters 8-9: unused variable c
Warning, file "/home/fabrice/git/pycsl/scratchpad/w7/tmp/.pycsl_yi51m6zl.mlw", line 819, characters 15-19: unused variable result
Warning, file "/home/fabrice/git/pycsl/scratchpad/w7/tmp/.pycsl_yi51m6zl.mlw", line 837, characters 21-22: unused variable s
Warning, file "/home/fabrice/git/pycsl/scratchpad/w7/tmp/.pycsl_yi51m6zl.mlw", line 839, characters 15-19: unused variable result
Warning, file "/home/fabrice/git/pycsl/scratchpad/w7/tmp/.pycsl_yi51m6zl.mlw", line 843, characters 15-97: unused variable result
Warning, file "/home/fabrice/git/pycsl/scratchpad/w7/tmp/.pycsl_yi51m6zl.mlw", line 903, characters 15-38: unused variable result
Warning, file "/home/fabrice/git/pycsl/scratchpad/w7/tmp/.pycsl_yi51m6zl.mlw", line 914, characters 15-38: unused variable result
Warning, file "/home/fabrice/git/pycsl/scratchpad/w7/tmp/.pycsl_yi51m6zl.mlw", line 925, characters 15-38: unused variable result
Warning, file "/home/fabrice/git/pycsl/scratchpad/w7/tmp/.pycsl_yi51m6zl.mlw", line 937, characters 15-38: unused variable result
Warning, file "/home/fabrice/git/pycsl/scratchpad/w7/tmp/.pycsl_yi51m6zl.mlw", line 965, characters 15-19: unused variable result
Warning, file "/home/fabrice/git/pycsl/scratchpad/w7/tmp/.pycsl_yi51m6zl.mlw", line 974, characters 16-20: unused variable node
Warning, file "/home/fabrice/git/pycsl/scratchpad/w7/tmp/.pycsl_yi51m6zl.mlw", line 974, characters 32-35: unused variable ctx
Warning, file "/home/fabrice/git/pycsl/scratchpad/w7/tmp/.pycsl_yi51m6zl.mlw", line 976, characters 15-19: unused variable result
Warning, file "/home/fabrice/git/pycsl/scratchpad/w7/tmp/.pycsl_yi51m6zl.mlw", line 980, characters 15-19: unused variable result
Warning, file "/home/fabrice/git/pycsl/scratchpad/w7/tmp/.pycsl_yi51m6zl.mlw", line 989, characters 15-19: unused variable result
Warning, file "/home/fabrice/git/pycsl/scratchpad/w7/tmp/.pycsl_yi51m6zl.mlw", line 996, characters 23-27: unused variable self
Warning, file "/home/fabrice/git/pycsl/scratchpad/w7/tmp/.pycsl_yi51m6zl.mlw", line 996, characters 39-44: unused variable start
Warning, file "/home/fabrice/git/pycsl/scratchpad/w7/tmp/.pycsl_yi51m6zl.mlw", line 996, characters 64-70: unused variable py_end
Warning, file "/home/fabrice/git/pycsl/scratchpad/w7/tmp/.pycsl_yi51m6zl.mlw", line 998, characters 15-19: unused variable result
Warning, file "/home/fabrice/git/pycsl/scratchpad/w7/tmp/.pycsl_yi51m6zl.mlw", line 2393, characters 15-19: unused variable result
Warning, file "/home/fabrice/git/pycsl/scratchpad/w7/tmp/.pycsl_yi51m6zl.mlw", line 2373, characters 15-19: unused variable result
Warning, file "/home/fabrice/git/pycsl/scratchpad/w7/tmp/.pycsl_yi51m6zl.mlw", line 2344, characters 15-19: unused variable result
Warning, file "/home/fabrice/git/pycsl/scratchpad/w7/tmp/.pycsl_yi51m6zl.mlw", line 2325, characters 15-39: unused variable result
Warning, file "/home/fabrice/git/pycsl/scratchpad/w7/tmp/.pycsl_yi51m6zl.mlw", line 2313, characters 15-19: unused variable result
Warning, file "/home/fabrice/git/pycsl/scratchpad/w7/tmp/.pycsl_yi51m6zl.mlw", line 2242, characters 15-19: unused variable result
Warning, file "/home/fabrice/git/pycsl/scratchpad/w7/tmp/.pycsl_yi51m6zl.mlw", line 2233, characters 16-22: unused variable py_end
Warning, file "/home/fabrice/git/pycsl/scratchpad/w7/tmp/.pycsl_yi51m6zl.mlw", line 2216, characters 16-22: unused variable py_end
Warning, file "/home/fabrice/git/pycsl/scratchpad/w7/tmp/.pycsl_yi51m6zl.mlw", line 2210, characters 16-22: unused variable py_end
Warning, file "/home/fabrice/git/pycsl/scratchpad/w7/tmp/.pycsl_yi51m6zl.mlw", line 2182, characters 16-22: unused variable py_end
Warning, file "/home/fabrice/git/pycsl/scratchpad/w7/tmp/.pycsl_yi51m6zl.mlw", line 2170, characters 10-16: unused variable py_end
Warning, file "/home/fabrice/git/pycsl/scratchpad/w7/tmp/.pycsl_yi51m6zl.mlw", line 2167, characters 8-14: unused variable py_end
Warning, file "/home/fabrice/git/pycsl/scratchpad/w7/tmp/.pycsl_yi51m6zl.mlw", line 2161, characters 8-16: unused variable elts_len
Warning, file "/home/fabrice/git/pycsl/scratchpad/w7/tmp/.pycsl_yi51m6zl.mlw", line 2160, characters 8-16: unused variable keys_len
Warning, file "/home/fabrice/git/pycsl/scratchpad/w7/tmp/.pycsl_yi51m6zl.mlw", line 2159, characters 8-18: unused variable values_len
Warning, file "/home/fabrice/git/pycsl/scratchpad/w7/tmp/.pycsl_yi51m6zl.mlw", line 2151, characters 15-19: unused variable result
Warning, file "/home/fabrice/git/pycsl/scratchpad/w7/tmp/.pycsl_yi51m6zl.mlw", line 2147, characters 8-14: unused variable py_end
Warning, file "/home/fabrice/git/pycsl/scratchpad/w7/tmp/.pycsl_yi51m6zl.mlw", line 2120, characters 8-14: unused variable py_end
Warning, file "/home/fabrice/git/pycsl/scratchpad/w7/tmp/.pycsl_yi51m6zl.mlw", line 2117, characters 8-16: unused variable keys_len
Warning, file "/home/fabrice/git/pycsl/scratchpad/w7/tmp/.pycsl_yi51m6zl.mlw", line 2116, characters 8-18: unused variable values_len
Warning, file "/home/fabrice/git/pycsl/scratchpad/w7/tmp/.pycsl_yi51m6zl.mlw", line 2108, characters 44-45: unused variable t
Warning, file "/home/fabrice/git/pycsl/scratchpad/w7/tmp/.pycsl_yi51m6zl.mlw", line 2108, characters 54-63: unused variable first_key
Warning, file "/home/fabrice/git/pycsl/scratchpad/w7/tmp/.pycsl_yi51m6zl.mlw", line 2110, characters 15-19: unused variable result
Warning, file "/home/fabrice/git/pycsl/scratchpad/w7/tmp/.pycsl_yi51m6zl.mlw", line 2080, characters 15-19: unused variable result
Warning, file "/home/fabrice/git/pycsl/scratchpad/w7/tmp/.pycsl_yi51m6zl.mlw", line 2059, characters 15-19: unused variable result
Warning, file "/home/fabrice/git/pycsl/scratchpad/w7/tmp/.pycsl_yi51m6zl.mlw", line 1994, characters 8-16: unused variable args_len
Warning, file "/home/fabrice/git/pycsl/scratchpad/w7/tmp/.pycsl_yi51m6zl.mlw", line 1993, characters 8-20: unused variable defaults_len
Warning, file "/home/fabrice/git/pycsl/scratchpad/w7/tmp/.pycsl_yi51m6zl.mlw", line 1992, characters 8-23: unused variable kw_defaults_len
Warning, file "/home/fabrice/git/pycsl/scratchpad/w7/tmp/.pycsl_yi51m6zl.mlw", line 1991, characters 8-18: unused variable kwonly_len
Warning, file "/home/fabrice/git/pycsl/scratchpad/w7/tmp/.pycsl_yi51m6zl.mlw", line 1985, characters 15-19: unused variable result
Warning, file "/home/fabrice/git/pycsl/scratchpad/w7/tmp/.pycsl_yi51m6zl.mlw", line 1963, characters 8-18: unused variable values_len
Warning, file "/home/fabrice/git/pycsl/scratchpad/w7/tmp/.pycsl_yi51m6zl.mlw", line 1955, characters 15-19: unused variable result
Warning, file "/home/fabrice/git/pycsl/scratchpad/w7/tmp/.pycsl_yi51m6zl.mlw", line 1933, characters 8-18: unused variable values_len
Warning, file "/home/fabrice/git/pycsl/scratchpad/w7/tmp/.pycsl_yi51m6zl.mlw", line 1925, characters 15-19: unused variable result
Warning, file "/home/fabrice/git/pycsl/scratchpad/w7/tmp/.pycsl_yi51m6zl.mlw", line 1905, characters 15-19: unused variable result
Warning, file "/home/fabrice/git/pycsl/scratchpad/w7/tmp/.pycsl_yi51m6zl.mlw", line 1854, characters 8-23: unused variable comparators_len
Warning, file "/home/fabrice/git/pycsl/scratchpad/w7/tmp/.pycsl_yi51m6zl.mlw", line 1853, characters 8-15: unused variable ops_len
Warning, file "/home/fabrice/git/pycsl/scratchpad/w7/tmp/.pycsl_yi51m6zl.mlw", line 1845, characters 15-19: unused variable result
Warning, file "/home/fabrice/git/pycsl/scratchpad/w7/tmp/.pycsl_yi51m6zl.mlw", line 1835, characters 15-19: unused variable result
Warning, file "/home/fabrice/git/pycsl/scratchpad/w7/tmp/.pycsl_yi51m6zl.mlw", line 1800, characters 8-16: unused variable gens_len
Warning, file "/home/fabrice/git/pycsl/scratchpad/w7/tmp/.pycsl_yi51m6zl.mlw", line 1799, characters 8-15: unused variable ifs_len
Warning, file "/home/fabrice/git/pycsl/scratchpad/w7/tmp/.pycsl_yi51m6zl.mlw", line 1793, characters 15-19: unused variable result
Warning, file "/home/fabrice/git/pycsl/scratchpad/w7/tmp/.pycsl_yi51m6zl.mlw", line 1760, characters 8-16: unused variable elts_len
Warning, file "/home/fabrice/git/pycsl/scratchpad/w7/tmp/.pycsl_yi51m6zl.mlw", line 1754, characters 15-19: unused variable result
Warning, file "/home/fabrice/git/pycsl/scratchpad/w7/tmp/.pycsl_yi51m6zl.mlw", line 1742, characters 8-14: unused variable py_val
Warning, file "/home/fabrice/git/pycsl/scratchpad/w7/tmp/.pycsl_yi51m6zl.mlw", line 1735, characters 15-19: unused variable result
Warning, file "/home/fabrice/git/pycsl/scratchpad/w7/tmp/.pycsl_yi51m6zl.mlw", line 1720, characters 15-19: unused variable result
Warning, file "/home/fabrice/git/pycsl/scratchpad/w7/tmp/.pycsl_yi51m6zl.mlw", line 1708, characters 8-14: unused variable py_val
Warning, file "/home/fabrice/git/pycsl/scratchpad/w7/tmp/.pycsl_yi51m6zl.mlw", line 1700, characters 15-19: unused variable result
Warning, file "/home/fabrice/git/pycsl/scratchpad/w7/tmp/.pycsl_yi51m6zl.mlw", line 1676, characters 15-19: unused variable result
Warning, file "/home/fabrice/git/pycsl/scratchpad/w7/tmp/.pycsl_yi51m6zl.mlw", line 1669, characters 12-18: unused variable py_end
Warning, file "/home/fabrice/git/pycsl/scratchpad/w7/tmp/.pycsl_yi51m6zl.mlw", line 1652, characters 12-18: unused variable py_end
Warning, file "/home/fabrice/git/pycsl/scratchpad/w7/tmp/.pycsl_yi51m6zl.mlw", line 1646, characters 10-16: unused variable py_end
Warning, file "/home/fabrice/git/pycsl/scratchpad/w7/tmp/.pycsl_yi51m6zl.mlw", line 1643, characters 8-14: unused variable py_end
Warning, file "/home/fabrice/git/pycsl/scratchpad/w7/tmp/.pycsl_yi51m6zl.mlw", line 1640, characters 8-16: unused variable elts_len
Warning, file "/home/fabrice/git/pycsl/scratchpad/w7/tmp/.pycsl_yi51m6zl.mlw", line 1632, characters 15-19: unused variable result
Warning, file "/home/fabrice/git/pycsl/scratchpad/w7/tmp/.pycsl_yi51m6zl.mlw", line 1622, characters 18-24: unused variable py_end
Warning, file "/home/fabrice/git/pycsl/scratchpad/w7/tmp/.pycsl_yi51m6zl.mlw", line 1619, characters 18-24: unused variable py_end
Warning, file "/home/fabrice/git/pycsl/scratchpad/w7/tmp/.pycsl_yi51m6zl.mlw", line 1600, characters 16-22: unused variable py_end
Warning, file "/home/fabrice/git/pycsl/scratchpad/w7/tmp/.pycsl_yi51m6zl.mlw", line 1594, characters 14-20: unused variable py_end
Warning, file "/home/fabrice/git/pycsl/scratchpad/w7/tmp/.pycsl_yi51m6zl.mlw", line 1576, characters 12-18: unused variable py_end
Warning, file "/home/fabrice/git/pycsl/scratchpad/w7/tmp/.pycsl_yi51m6zl.mlw", line 1571, characters 10-16: unused variable py_end
Warning, file "/home/fabrice/git/pycsl/scratchpad/w7/tmp/.pycsl_yi51m6zl.mlw", line 1568, characters 8-14: unused variable py_end
Warning, file "/home/fabrice/git/pycsl/scratchpad/w7/tmp/.pycsl_yi51m6zl.mlw", line 1563, characters 8-16: unused variable elts_len
Warning, file "/home/fabrice/git/pycsl/scratchpad/w7/tmp/.pycsl_yi51m6zl.mlw", line 1555, characters 15-19: unused variable result
Warning, file "/home/fabrice/git/pycsl/scratchpad/w7/tmp/.pycsl_yi51m6zl.mlw", line 1539, characters 8-14: unused variable py_val
Warning, file "/home/fabrice/git/pycsl/scratchpad/w7/tmp/.pycsl_yi51m6zl.mlw", line 1531, characters 15-19: unused variable result
Warning, file "/home/fabrice/git/pycsl/scratchpad/w7/tmp/.pycsl_yi51m6zl.mlw", line 1504, characters 8-16: unused variable elts_len
Warning, file "/home/fabrice/git/pycsl/scratchpad/w7/tmp/.pycsl_yi51m6zl.mlw", line 1497, characters 15-19: unused variable result
Warning, file "/home/fabrice/git/pycsl/scratchpad/w7/tmp/.pycsl_yi51m6zl.mlw", line 1447, characters 12-18: unused variable py_val
Warning, file "/home/fabrice/git/pycsl/scratchpad/w7/tmp/.pycsl_yi51m6zl.mlw", line 1422, characters 8-14: unused variable py_val
Warning, file "/home/fabrice/git/pycsl/scratchpad/w7/tmp/.pycsl_yi51m6zl.mlw", line 1420, characters 8-17: unused variable parts_len
Warning, file "/home/fabrice/git/pycsl/scratchpad/w7/tmp/.pycsl_yi51m6zl.mlw", line 1419, characters 8-18: unused variable values_len
Warning, file "/home/fabrice/git/pycsl/scratchpad/w7/tmp/.pycsl_yi51m6zl.mlw", line 1411, characters 15-19: unused variable result
Warning, file "/home/fabrice/git/pycsl/scratchpad/w7/tmp/.pycsl_yi51m6zl.mlw", line 1406, characters 8-14: unused variable py_end
Warning, file "/home/fabrice/git/pycsl/scratchpad/w7/tmp/.pycsl_yi51m6zl.mlw", line 1381, characters 8-14: unused variable py_end
Warning, file "/home/fabrice/git/pycsl/scratchpad/w7/tmp/.pycsl_yi51m6zl.mlw", line 1375, characters 8-18: unused variable values_len
Warning, file "/home/fabrice/git/pycsl/scratchpad/w7/tmp/.pycsl_yi51m6zl.mlw", line 1368, characters 15-19: unused variable result
Warning, file "/home/fabrice/git/pycsl/scratchpad/w7/tmp/.pycsl_yi51m6zl.mlw", line 1349, characters 8-14: unused variable py_end
Warning, file "/home/fabrice/git/pycsl/scratchpad/w7/tmp/.pycsl_yi51m6zl.mlw", line 1324, characters 8-14: unused variable py_end
Warning, file "/home/fabrice/git/pycsl/scratchpad/w7/tmp/.pycsl_yi51m6zl.mlw", line 1317, characters 8-15: unused variable out_len
Warning, file "/home/fabrice/git/pycsl/scratchpad/w7/tmp/.pycsl_yi51m6zl.mlw", line 1311, characters 15-19: unused variable result
Warning, file "/home/fabrice/git/pycsl/scratchpad/w7/tmp/.pycsl_yi51m6zl.mlw", line 1268, characters 8-18: unused variable values_len
Warning, file "/home/fabrice/git/pycsl/scratchpad/w7/tmp/.pycsl_yi51m6zl.mlw", line 1262, characters 15-19: unused variable result
Warning, file "/home/fabrice/git/pycsl/scratchpad/w7/tmp/.pycsl_yi51m6zl.mlw", line 1235, characters 8-16: unused variable elts_len
Warning, file "/home/fabrice/git/pycsl/scratchpad/w7/tmp/.pycsl_yi51m6zl.mlw", line 1228, characters 15-19: unused variable result
Warning, file "/home/fabrice/git/pycsl/scratchpad/w7/tmp/.pycsl_yi51m6zl.mlw", line 1211, characters 16-22: unused variable py_end
Warning, file "/home/fabrice/git/pycsl/scratchpad/w7/tmp/.pycsl_yi51m6zl.mlw", line 1200, characters 14-20: unused variable py_end
Warning, file "/home/fabrice/git/pycsl/scratchpad/w7/tmp/.pycsl_yi51m6zl.mlw", line 1187, characters 12-18: unused variable py_end
Warning, file "/home/fabrice/git/pycsl/scratchpad/w7/tmp/.pycsl_yi51m6zl.mlw", line 1171, characters 8-14: unused variable py_end
Warning, file "/home/fabrice/git/pycsl/scratchpad/w7/tmp/.pycsl_yi51m6zl.mlw", line 1160, characters 15-19: unused variable result
Warning, file "/home/fabrice/git/pycsl/scratchpad/w7/tmp/.pycsl_yi51m6zl.mlw", line 1104, characters 8-16: unused variable args_len
Warning, file "/home/fabrice/git/pycsl/scratchpad/w7/tmp/.pycsl_yi51m6zl.mlw", line 1103, characters 8-20: unused variable keywords_len
Warning, file "/home/fabrice/git/pycsl/scratchpad/w7/tmp/.pycsl_yi51m6zl.mlw", line 1097, characters 15-19: unused variable result
Warning, file "/home/fabrice/git/pycsl/scratchpad/w7/tmp/.pycsl_yi51m6zl.mlw", line 1062, characters 8-16: unused variable elts_len
Warning, file "/home/fabrice/git/pycsl/scratchpad/w7/tmp/.pycsl_yi51m6zl.mlw", line 1055, characters 15-19: unused variable result
Warning, file "/home/fabrice/git/pycsl/scratchpad/w7/tmp/.pycsl_yi51m6zl.mlw", line 1021, characters 15-19: unused variable result
Warning, file "/home/fabrice/git/pycsl/scratchpad/w7/tmp/.pycsl_yi51m6zl.mlw", line 1002, characters 15-19: unused variable result
Warning, file "/home/fabrice/git/pycsl/scratchpad/w7/tmp/.pycsl_yi51m6zl.mlw", line 2438, characters 15-39: unused variable result
Warning, file "/home/fabrice/git/pycsl/scratchpad/w7/tmp/.pycsl_yi51m6zl.mlw", line 2456, characters 8-17: unused variable parts_len
Warning, file "/home/fabrice/git/pycsl/scratchpad/w7/tmp/.pycsl_yi51m6zl.mlw", line 2452, characters 15-39: unused variable result
Warning, file "/home/fabrice/git/pycsl/scratchpad/w7/tmp/.pycsl_yi51m6zl.mlw", line 2480, characters 15-19: unused variable result
Warning, file "/home/fabrice/git/pycsl/scratchpad/w7/tmp/.pycsl_yi51m6zl.mlw", line 2509, characters 15-19: unused variable result
Warning, file "/home/fabrice/git/pycsl/scratchpad/w7/tmp/.pycsl_yi51m6zl.mlw", line 2535, characters 8-16: unused variable elts_len
Warning, file "/home/fabrice/git/pycsl/scratchpad/w7/tmp/.pycsl_yi51m6zl.mlw", line 2530, characters 15-19: unused variable result
Warning, file "/home/fabrice/git/pycsl/scratchpad/w7/tmp/.pycsl_yi51m6zl.mlw", line 2560, characters 8-19: unused variable targets_len
Warning, file "/home/fabrice/git/pycsl/scratchpad/w7/tmp/.pycsl_yi51m6zl.mlw", line 2554, characters 15-19: unused variable result
Warning, file "/home/fabrice/git/pycsl/scratchpad/w7/tmp/.pycsl_yi51m6zl.mlw", line 2589, characters 8-16: unused variable elts_len
Warning, file "/home/fabrice/git/pycsl/scratchpad/w7/tmp/.pycsl_yi51m6zl.mlw", line 2582, characters 15-19: unused variable result
Warning, file "/home/fabrice/git/pycsl/scratchpad/w7/tmp/.pycsl_yi51m6zl.mlw", line 2621, characters 15-19: unused variable result
Warning, file "/home/fabrice/git/pycsl/scratchpad/w7/tmp/.pycsl_yi51m6zl.mlw", line 2644, characters 8-15: unused variable raw_len
Warning, file "/home/fabrice/git/pycsl/scratchpad/w7/tmp/.pycsl_yi51m6zl.mlw", line 2643, characters 8-19: unused variable targets_len
Warning, file "/home/fabrice/git/pycsl/scratchpad/w7/tmp/.pycsl_yi51m6zl.mlw", line 2636, characters 15-19: unused variable result
Warning, file "/home/fabrice/git/pycsl/scratchpad/w7/tmp/.pycsl_yi51m6zl.mlw", line 2717, characters 8-17: unused variable names_len
Warning, file "/home/fabrice/git/pycsl/scratchpad/w7/tmp/.pycsl_yi51m6zl.mlw", line 2712, characters 15-19: unused variable result
Warning, file "/home/fabrice/git/pycsl/scratchpad/w7/tmp/.pycsl_yi51m6zl.mlw", line 2733, characters 15-39: unused variable result
Warning, file "/home/fabrice/git/pycsl/scratchpad/w7/tmp/.pycsl_yi51m6zl.mlw", line 2756, characters 8-17: unused variable names_len
Warning, file "/home/fabrice/git/pycsl/scratchpad/w7/tmp/.pycsl_yi51m6zl.mlw", line 2751, characters 15-19: unused variable result
Warning, file "/home/fabrice/git/pycsl/scratchpad/w7/tmp/.pycsl_yi51m6zl.mlw", line 2780, characters 8-17: unused variable parts_len
Warning, file "/home/fabrice/git/pycsl/scratchpad/w7/tmp/.pycsl_yi51m6zl.mlw", line 2775, characters 15-19: unused variable result
Warning, file "/home/fabrice/git/pycsl/scratchpad/w7/tmp/.pycsl_yi51m6zl.mlw", line 2840, characters 8-17: unused variable names_len
Warning, file "/home/fabrice/git/pycsl/scratchpad/w7/tmp/.pycsl_yi51m6zl.mlw", line 2835, characters 15-19: unused variable result
Warning, file "/home/fabrice/git/pycsl/scratchpad/w7/tmp/.pycsl_yi51m6zl.mlw", line 2854, characters 21-25: unused variable self
Warning, file "/home/fabrice/git/pycsl/scratchpad/w7/tmp/.pycsl_yi51m6zl.mlw", line 2854, characters 37-41: unused variable name
Warning, file "/home/fabrice/git/pycsl/scratchpad/w7/tmp/.pycsl_yi51m6zl.mlw", line 2854, characters 52-61: unused variable start_tok
Warning, file "/home/fabrice/git/pycsl/scratchpad/w7/tmp/.pycsl_yi51m6zl.mlw", line 2856, characters 15-19: unused variable result
Warning, file "/home/fabrice/git/pycsl/scratchpad/w7/tmp/.pycsl_yi51m6zl.mlw", line 2860, characters 15-19: unused variable result
Warning, file "/home/fabrice/git/pycsl/scratchpad/w7/tmp/.pycsl_yi51m6zl.mlw", line 2883, characters 15-19: unused variable result
Warning, file "/home/fabrice/git/pycsl/scratchpad/w7/tmp/.pycsl_yi51m6zl.mlw", line 2902, characters 15-19: unused variable result
Warning, file "/home/fabrice/git/pycsl/scratchpad/w7/tmp/.pycsl_yi51m6zl.mlw", line 2974, characters 8-17: unused variable stmts_len
Warning, file "/home/fabrice/git/pycsl/scratchpad/w7/tmp/.pycsl_yi51m6zl.mlw", line 2968, characters 15-19: unused variable result
Warning, file "/home/fabrice/git/pycsl/scratchpad/w7/tmp/.pycsl_yi51m6zl.mlw", line 2996, characters 15-19: unused variable result
Warning, file "/home/fabrice/git/pycsl/scratchpad/w7/tmp/.pycsl_yi51m6zl.mlw", line 3038, characters 15-19: unused variable result
Warning, file "/home/fabrice/git/pycsl/scratchpad/w7/tmp/.pycsl_yi51m6zl.mlw", line 3067, characters 15-19: unused variable result
Warning, file "/home/fabrice/git/pycsl/scratchpad/w7/tmp/.pycsl_yi51m6zl.mlw", line 3083, characters 8-16: unused variable elts_len
Warning, file "/home/fabrice/git/pycsl/scratchpad/w7/tmp/.pycsl_yi51m6zl.mlw", line 3078, characters 15-19: unused variable result
Warning, file "/home/fabrice/git/pycsl/scratchpad/w7/tmp/.pycsl_yi51m6zl.mlw", line 3122, characters 8-18: unused variable params_len
Warning, file "/home/fabrice/git/pycsl/scratchpad/w7/tmp/.pycsl_yi51m6zl.mlw", line 3117, characters 15-19: unused variable result
Warning, file "/home/fabrice/git/pycsl/scratchpad/w7/tmp/.pycsl_yi51m6zl.mlw", line 3166, characters 15-19: unused variable result
Warning, file "/home/fabrice/git/pycsl/scratchpad/w7/tmp/.pycsl_yi51m6zl.mlw", line 3197, characters 8-16: unused variable args_len
Warning, file "/home/fabrice/git/pycsl/scratchpad/w7/tmp/.pycsl_yi51m6zl.mlw", line 3196, characters 8-20: unused variable defaults_len
Warning, file "/home/fabrice/git/pycsl/scratchpad/w7/tmp/.pycsl_yi51m6zl.mlw", line 3195, characters 8-23: unused variable kw_defaults_len
Warning, file "/home/fabrice/git/pycsl/scratchpad/w7/tmp/.pycsl_yi51m6zl.mlw", line 3194, characters 8-18: unused variable kwonly_len
Warning, file "/home/fabrice/git/pycsl/scratchpad/w7/tmp/.pycsl_yi51m6zl.mlw", line 3188, characters 15-19: unused variable result
Warning, file "/home/fabrice/git/pycsl/scratchpad/w7/tmp/.pycsl_yi51m6zl.mlw", line 3263, characters 15-19: unused variable result
Warning, file "/home/fabrice/git/pycsl/scratchpad/w7/tmp/.pycsl_yi51m6zl.mlw", line 3283, characters 15-19: unused variable result
Warning, file "/home/fabrice/git/pycsl/scratchpad/w7/tmp/.pycsl_yi51m6zl.mlw", line 3332, characters 15-19: unused variable result
Warning, file "/home/fabrice/git/pycsl/scratchpad/w7/tmp/.pycsl_yi51m6zl.mlw", line 3349, characters 8-16: unused variable elts_len
Warning, file "/home/fabrice/git/pycsl/scratchpad/w7/tmp/.pycsl_yi51m6zl.mlw", line 3343, characters 15-19: unused variable result
Warning, file "/home/fabrice/git/pycsl/scratchpad/w7/tmp/.pycsl_yi51m6zl.mlw", line 3383, characters 8-14: unused variable py_val
Warning, file "/home/fabrice/git/pycsl/scratchpad/w7/tmp/.pycsl_yi51m6zl.mlw", line 3377, characters 15-19: unused variable result
Warning, file "/home/fabrice/git/pycsl/scratchpad/w7/tmp/.pycsl_yi51m6zl.mlw", line 3578, characters 15-19: unused variable result
Warning, file "/home/fabrice/git/pycsl/scratchpad/w7/tmp/.pycsl_yi51m6zl.mlw", line 3556, characters 8-16: unused variable pats_len
Warning, file "/home/fabrice/git/pycsl/scratchpad/w7/tmp/.pycsl_yi51m6zl.mlw", line 3549, characters 15-19: unused variable result
Warning, file "/home/fabrice/git/pycsl/scratchpad/w7/tmp/.pycsl_yi51m6zl.mlw", line 3518, characters 20-26: unused variable py_end
Warning, file "/home/fabrice/git/pycsl/scratchpad/w7/tmp/.pycsl_yi51m6zl.mlw", line 3473, characters 8-14: unused variable py_end
Warning, file "/home/fabrice/git/pycsl/scratchpad/w7/tmp/.pycsl_yi51m6zl.mlw", line 3468, characters 8-20: unused variable patterns_len
Warning, file "/home/fabrice/git/pycsl/scratchpad/w7/tmp/.pycsl_yi51m6zl.mlw", line 3461, characters 15-19: unused variable result
Warning, file "/home/fabrice/git/pycsl/scratchpad/w7/tmp/.pycsl_yi51m6zl.mlw", line 3452, characters 8-14: unused variable py_end
Warning, file "/home/fabrice/git/pycsl/scratchpad/w7/tmp/.pycsl_yi51m6zl.mlw", line 3419, characters 8-14: unused variable py_end
Warning, file "/home/fabrice/git/pycsl/scratchpad/w7/tmp/.pycsl_yi51m6zl.mlw", line 3414, characters 8-16: unused variable elts_len
Warning, file "/home/fabrice/git/pycsl/scratchpad/w7/tmp/.pycsl_yi51m6zl.mlw", line 3405, characters 87-88: unused variable t
Warning, file "/home/fabrice/git/pycsl/scratchpad/w7/tmp/.pycsl_yi51m6zl.mlw", line 3407, characters 15-19: unused variable result
Warning, file "/home/fabrice/git/pycsl/scratchpad/w7/tmp/.pycsl_yi51m6zl.mlw", line 3603, characters 15-19: unused variable result
Warning, file "/home/fabrice/git/pycsl/scratchpad/w7/tmp/.pycsl_yi51m6zl.mlw", line 4106, characters 15-19: unused variable result
Warning, file "/home/fabrice/git/pycsl/scratchpad/w7/tmp/.pycsl_yi51m6zl.mlw", line 4063, characters 15-19: unused variable result
Warning, file "/home/fabrice/git/pycsl/scratchpad/w7/tmp/.pycsl_yi51m6zl.mlw", line 4002, characters 15-19: unused variable result
Warning, file "/home/fabrice/git/pycsl/scratchpad/w7/tmp/.pycsl_yi51m6zl.mlw", line 3977, characters 15-19: unused variable result
Warning, file "/home/fabrice/git/pycsl/scratchpad/w7/tmp/.pycsl_yi51m6zl.mlw", line 3956, characters 15-19: unused variable result
Warning, file "/home/fabrice/git/pycsl/scratchpad/w7/tmp/.pycsl_yi51m6zl.mlw", line 3924, characters 15-19: unused variable result
Warning, file "/home/fabrice/git/pycsl/scratchpad/w7/tmp/.pycsl_yi51m6zl.mlw", line 3890, characters 8-17: unused variable items_len
Warning, file "/home/fabrice/git/pycsl/scratchpad/w7/tmp/.pycsl_yi51m6zl.mlw", line 3884, characters 15-19: unused variable result
Warning, file "/home/fabrice/git/pycsl/scratchpad/w7/tmp/.pycsl_yi51m6zl.mlw", line 3852, characters 15-19: unused variable result
Warning, file "/home/fabrice/git/pycsl/scratchpad/w7/tmp/.pycsl_yi51m6zl.mlw", line 3819, characters 8-22: unused variable decorators_len
Warning, file "/home/fabrice/git/pycsl/scratchpad/w7/tmp/.pycsl_yi51m6zl.mlw", line 3812, characters 15-19: unused variable result
Warning, file "/home/fabrice/git/pycsl/scratchpad/w7/tmp/.pycsl_yi51m6zl.mlw", line 3795, characters 15-19: unused variable result
Warning, file "/home/fabrice/git/pycsl/scratchpad/w7/tmp/.pycsl_yi51m6zl.mlw", line 3767, characters 15-19: unused variable result
Warning, file "/home/fabrice/git/pycsl/scratchpad/w7/tmp/.pycsl_yi51m6zl.mlw", line 3724, characters 8-17: unused variable cases_len
Warning, file "/home/fabrice/git/pycsl/scratchpad/w7/tmp/.pycsl_yi51m6zl.mlw", line 3718, characters 15-19: unused variable result
Warning, file "/home/fabrice/git/pycsl/scratchpad/w7/tmp/.pycsl_yi51m6zl.mlw", line 3696, characters 15-19: unused variable result
Warning, file "/home/fabrice/git/pycsl/scratchpad/w7/tmp/.pycsl_yi51m6zl.mlw", line 3648, characters 8-20: unused variable handlers_len
Warning, file "/home/fabrice/git/pycsl/scratchpad/w7/tmp/.pycsl_yi51m6zl.mlw", line 3642, characters 15-19: unused variable result
Warning, file "/home/fabrice/git/pycsl/scratchpad/w7/tmp/.pycsl_yi51m6zl.mlw", line 3625, characters 15-19: unused variable result
Warning, file "/home/fabrice/git/pycsl/scratchpad/w7/tmp/.pycsl_yi51m6zl.mlw", line 4138, characters 21-25: unused variable self
Warning, file "/home/fabrice/git/pycsl/scratchpad/w7/tmp/.pycsl_yi51m6zl.mlw", line 4138, characters 37-41: unused variable node
Warning, file "/home/fabrice/git/pycsl/scratchpad/w7/tmp/.pycsl_yi51m6zl.mlw", line 4138, characters 49-58: unused variable start_tok
Warning, file "/home/fabrice/git/pycsl/scratchpad/w7/tmp/.pycsl_yi51m6zl.mlw", line 4138, characters 66-73: unused variable end_tok
Warning, file "/home/fabrice/git/pycsl/scratchpad/w7/tmp/.pycsl_yi51m6zl.mlw", line 4142, characters 27-31: unused variable self
Warning, file "/home/fabrice/git/pycsl/scratchpad/w7/tmp/.pycsl_yi51m6zl.mlw", line 4142, characters 43-47: unused variable node
Warning, file "/home/fabrice/git/pycsl/scratchpad/w7/tmp/.pycsl_yi51m6zl.mlw", line 4142, characters 55-64: unused variable start_tok
Warning, file "/home/fabrice/git/pycsl/scratchpad/w7/tmp/.pycsl_yi51m6zl.mlw", line 4148, characters 15-19: unused variable result
Warning, file "/home/fabrice/git/pycsl/scratchpad/w7/tmp/.pycsl_yi51m6zl.mlw", line 4159, characters 25-29: unused variable self
Warning, file "/home/fabrice/git/pycsl/scratchpad/w7/tmp/.pycsl_yi51m6zl.mlw", line 4159, characters 41-44: unused variable obj
Warning, file "/home/fabrice/git/pycsl/scratchpad/w7/tmp/.pycsl_yi51m6zl.mlw", line 4159, characters 52-55: unused variable cur
Warning, file "/home/fabrice/git/pycsl/scratchpad/w7/tmp/.pycsl_yi51m6zl.mlw", line 4163, characters 22-26: unused variable self
Warning, file "/home/fabrice/git/pycsl/scratchpad/w7/tmp/.pycsl_yi51m6zl.mlw", line 4163, characters 38-41: unused variable msg
Warning, file "/home/fabrice/git/pycsl/scratchpad/w7/tmp/.pycsl_yi51m6zl.mlw", line 4170, characters 15-19: unused variable result
Warning, file "/home/fabrice/git/pycsl/scratchpad/w7/tmp/.pycsl_yi51m6zl.mlw", line 4181, characters 15-19: unused variable result
Warning, file "/home/fabrice/git/pycsl/scratchpad/w7/tmp/.pycsl_yi51m6zl.mlw", line 4205, characters 28-32: unused variable self
Warning, file "/home/fabrice/git/pycsl/scratchpad/w7/tmp/.pycsl_yi51m6zl.mlw", line 4205, characters 44-48: unused variable what
Warning, file "/home/fabrice/git/pycsl/scratchpad/w7/tmp/.pycsl_yi51m6zl.mlw", line 4210, characters 25-29: unused variable self
Warning, file "/home/fabrice/git/pycsl/scratchpad/w7/tmp/.pycsl_yi51m6zl.mlw", line 4214, characters 18-23: unused variable limit
Warning, file "/home/fabrice/git/pycsl/scratchpad/w7/tmp/.pycsl_yi51m6zl.mlw", line 4222, characters 8-17: unused variable lines_len
Warning, file "/home/fabrice/git/pycsl/scratchpad/w7/tmp/.pycsl_yi51m6zl.mlw", line 4220, characters 15-19: unused variable result
File "/home/fabrice/git/pycsl/scratchpad/w7/tmp/.pycsl_yi51m6zl.mlw", line 4298, characters 46-58:
this write effect does not happen in the expression
