=== 2026-06-01T00:33:49.093521+00:00Z  Module: io ===
  Baseline: L1=0 L2=3 L3=0 L4=0 L5=0
  Targets: 3 functions to promote
  CPython source: 22 functions with docstrings
  ── Promoting: text_encoding ──
    spliced 4 line(s) at io.py:16-17
    wrote 2 reference test(s)
  ── Promoting: open_code ──
    spliced 4 line(s) at io.py:10-11
    wrote 2 reference test(s)
  ── Promoting: open ──
    spliced 4 line(s) at io.py:4-5
    wrote 2 reference test(s)
  ── Gate: compile ── PASS
  ── Gate: stdlib-coverage --module io ──
      baseline: L1=0 L2=3 L3=0 L4=0 L5=0
      final:    L1=0 L2=0 L3=1 L4=0 L5=2   (Δ L4+ = +2)
      VERDICT: PASS
  ── Gate: self-annotate-verify ── PASS (26/26)
  Outcome: COMMIT-READY
