=== 2026-06-01T01:14:15.960845+00:00Z  Module: logging ===
  Baseline: L1=0 L2=21 L3=1 L4=0 L5=0
  Targets: 22 functions to promote
  CPython source: 85 functions with docstrings
  ── Promoting: captureWarnings ──
    spliced 3 line(s) at logging.py:131-132
    wrote 2 reference test(s)
  ── Promoting: setLogRecordFactory ──
    spliced 4 line(s) at logging.py:125-126
    wrote 2 reference test(s)
  ── Promoting: setLoggerClass ──
    spliced 3 line(s) at logging.py:119-120
    wrote 2 reference test(s)
  ── Promoting: shutdown ──
    spliced 4 line(s) at logging.py:113-114
    wrote 2 reference test(s)
  ── Promoting: basicConfig ──
    spliced 3 line(s) at logging.py:107-108
    wrote 2 reference test(s)
  ── Promoting: makeLogRecord ──
    spliced 3 line(s) at logging.py:101-102
    wrote 2 reference test(s)
  ── Promoting: getHandlerNames ──
    spliced 3 line(s) at logging.py:95-96
    wrote 2 reference test(s)
  ── Promoting: getHandlerByName ──
    spliced 3 line(s) at logging.py:89-90
    wrote 2 reference test(s)
  ── Promoting: getLevelName ──
    spliced 3 line(s) at logging.py:83-84
    wrote 2 reference test(s)
  ── Promoting: getLevelNamesMapping ──
    spliced 4 line(s) at logging.py:77-78
    wrote 2 reference test(s)
  ── Promoting: addLevelName ──
    spliced 4 line(s) at logging.py:71-72
    wrote 2 reference test(s)
  ── Promoting: disable ──
    spliced 4 line(s) at logging.py:65-66
    wrote 2 reference test(s)
  ── Promoting: log ──
    spliced 4 line(s) at logging.py:58-60
    wrote 2 reference test(s)
  ── Promoting: exception ──
    spliced 4 line(s) at logging.py:52-53
    wrote 2 reference test(s)
  ── Promoting: critical ──
    spliced 3 line(s) at logging.py:46-47
    wrote 2 reference test(s)
  ── Promoting: error ──
    spliced 3 line(s) at logging.py:40-41
    wrote 2 reference test(s)
  ── Promoting: warning ──
    spliced 3 line(s) at logging.py:34-35
    wrote 2 reference test(s)
  ── Promoting: info ──
    spliced 3 line(s) at logging.py:28-29
    wrote 2 reference test(s)
  ── Promoting: debug ──
    spliced 3 line(s) at logging.py:22-23
    wrote 2 reference test(s)
  ── Promoting: getLogRecordFactory ──
    spliced 3 line(s) at logging.py:16-17
    wrote 2 reference test(s)
  ── Promoting: getLoggerClass ──
    spliced 3 line(s) at logging.py:10-11
    wrote 2 reference test(s)
  ── Promoting: getLogger ──
    spliced 3 line(s) at logging.py:4-5
    wrote 2 reference test(s)
  ── Gate: compile ── PASS
  ── Gate: stdlib-coverage --module logging ──
      baseline: L1=0 L2=21 L3=1 L4=0 L5=0
      final:    L1=0 L2=3 L3=0 L4=0 L5=19   (Δ L4+ = +19)
      VERDICT: PASS
  ── Gate: self-annotate-verify ── PASS (26/26)
  Outcome: COMMIT-READY
