[*] Parsing and Semantic Analysis for 'src/self-annotate/src/module6_whyml/struct_format.py'...
[*] Memory model: hoare
[*] Running Proof Engine (provers: Alt-Ergo,2.6.3 → Z3,4.13.3,)...

--- Verification Results ---
File "/home/fabrice/git/pycsl/scratchpad/w7/tmp/.pycsl_r0twtdjx.mlw", line 28, characters 15-19:
Sub-goal postcondition of goal _short_type'vc.
Prover result is: Valid (0.00s, 804 steps).

File "/home/fabrice/git/pycsl/scratchpad/w7/tmp/.pycsl_r0twtdjx.mlw", line 28, characters 15-19:
Sub-goal postcondition of goal _short_type'vc.
Prover result is: Valid (0.00s, 813 steps).

File "/home/fabrice/git/pycsl/scratchpad/w7/tmp/.pycsl_r0twtdjx.mlw", line 28, characters 15-19:
Sub-goal postcondition of goal _short_type'vc.
Prover result is: Valid (0.00s, 817 steps).

File "/home/fabrice/git/pycsl/scratchpad/w7/tmp/.pycsl_r0twtdjx.mlw", line 52, characters 15-19:
Sub-goal postcondition of goal structformat__arity'vc.
Prover result is: Valid (0.00s, 799 steps).

File "/home/fabrice/git/pycsl/scratchpad/w7/tmp/.pycsl_r0twtdjx.mlw", line 53, characters 15-28:
Sub-goal postcondition of goal structformat__arity'vc.
Prover result is: Valid (0.00s, 10190 steps).

File "/home/fabrice/git/pycsl/scratchpad/w7/tmp/.pycsl_r0twtdjx.mlw", line 54, characters 15-44:
Sub-goal postcondition of goal structformat__arity'vc.
Prover result is: Valid (0.00s, 1031 steps).

File "/home/fabrice/git/pycsl/scratchpad/w7/tmp/.pycsl_r0twtdjx.mlw", line 55, characters 15-38:
Sub-goal postcondition of goal structformat__arity'vc.
Prover result is: Valid (0.00s, 1032 steps).

File "/home/fabrice/git/pycsl/scratchpad/w7/tmp/.pycsl_r0twtdjx.mlw", line 56, characters 15-42:
Sub-goal postcondition of goal structformat__arity'vc.
Prover result is: Valid (0.00s, 1033 steps).

File "/home/fabrice/git/pycsl/scratchpad/w7/tmp/.pycsl_r0twtdjx.mlw", line 62, characters 15-19:
Sub-goal postcondition of goal structformat__slot_id'vc.
Prover result is: Valid (0.00s, 1030 steps).

File "/home/fabrice/git/pycsl/scratchpad/w7/tmp/.pycsl_r0twtdjx.mlw", line 63, characters 15-44:
Sub-goal postcondition of goal structformat__slot_id'vc.
Prover result is: Valid (0.00s, 1031 steps).

File "/home/fabrice/git/pycsl/scratchpad/w7/tmp/.pycsl_r0twtdjx.mlw", line 64, characters 15-38:
Sub-goal postcondition of goal structformat__slot_id'vc.
Prover result is: Valid (0.00s, 1032 steps).

File "/home/fabrice/git/pycsl/scratchpad/w7/tmp/.pycsl_r0twtdjx.mlw", line 65, characters 15-42:
Sub-goal postcondition of goal structformat__slot_id'vc.
Prover result is: Valid (0.00s, 1033 steps).

File "/home/fabrice/git/pycsl/scratchpad/w7/tmp/.pycsl_r0twtdjx.mlw", line 74, characters 25-38:
Sub-goal index in array bounds of goal structformat__slot_id'vc.
Prover result is: Valid (0.01s, 10279 steps).

File "/home/fabrice/git/pycsl/scratchpad/w7/tmp/.pycsl_r0twtdjx.mlw", line 78, characters 20-32:
Sub-goal loop invariant init of goal structformat__slot_id'vc.
Prover result is: Valid (0.00s, 1043 steps).

File "/home/fabrice/git/pycsl/scratchpad/w7/tmp/.pycsl_r0twtdjx.mlw", line 80, characters 20-45:
Sub-goal index in array bounds of goal structformat__slot_id'vc.
Prover result is: Valid (0.01s, 11678 steps).

File "/home/fabrice/git/pycsl/scratchpad/w7/tmp/.pycsl_r0twtdjx.mlw", line 79, characters 18-59:
Sub-goal loop variant decrease of goal structformat__slot_id'vc.
Prover result is: Valid (0.01s, 12991 steps).

File "/home/fabrice/git/pycsl/scratchpad/w7/tmp/.pycsl_r0twtdjx.mlw", line 78, characters 20-32:
Sub-goal loop invariant preservation of goal structformat__slot_id'vc.
Prover result is: Valid (0.01s, 12821 steps).

File "/home/fabrice/git/pycsl/scratchpad/w7/tmp/.pycsl_r0twtdjx.mlw", line 84, characters 46-69:
Sub-goal precondition of goal structformat__slot_id'vc.
Prover result is: Valid (0.00s, 1189 steps).

File "/home/fabrice/git/pycsl/scratchpad/w7/tmp/.pycsl_r0twtdjx.mlw", line 79, characters 18-59:
Sub-goal loop variant decrease of goal structformat__slot_id'vc.
Prover result is: Valid (0.01s, 23027 steps).

File "/home/fabrice/git/pycsl/scratchpad/w7/tmp/.pycsl_r0twtdjx.mlw", line 78, characters 20-32:
Sub-goal loop invariant preservation of goal structformat__slot_id'vc.
Prover result is: Valid (0.01s, 22857 steps).

File "/home/fabrice/git/pycsl/scratchpad/w7/tmp/.pycsl_r0twtdjx.mlw", line 91, characters 42-65:
Sub-goal precondition of goal structformat__slot_id'vc.
Prover result is: Valid (0.00s, 1086 steps).

File "/home/fabrice/git/pycsl/scratchpad/w7/tmp/.pycsl_r0twtdjx.mlw", line 62, characters 15-19:
Sub-goal postcondition of goal structformat__slot_id'vc.
Prover result is: Valid (0.00s, 2023 steps).

File "/home/fabrice/git/pycsl/scratchpad/w7/tmp/.pycsl_r0twtdjx.mlw", line 63, characters 15-44:
Sub-goal postcondition of goal structformat__slot_id'vc.
Prover result is: Valid (0.00s, 2024 steps).

File "/home/fabrice/git/pycsl/scratchpad/w7/tmp/.pycsl_r0twtdjx.mlw", line 64, characters 15-38:
Sub-goal postcondition of goal structformat__slot_id'vc.
Prover result is: Valid (0.00s, 2025 steps).

File "/home/fabrice/git/pycsl/scratchpad/w7/tmp/.pycsl_r0twtdjx.mlw", line 65, characters 15-42:
Sub-goal postcondition of goal structformat__slot_id'vc.
Prover result is: Valid (0.00s, 2026 steps).

Warnings/Errors from Why3:
Warning, file "/home/fabrice/git/pycsl/scratchpad/w7/tmp/.pycsl_r0twtdjx.mlw", line 22, characters 20-23: unused variable sep
Warning, file "/home/fabrice/git/pycsl/scratchpad/w7/tmp/.pycsl_r0twtdjx.mlw", line 22, characters 34-36: unused variable xs
Warning, file "/home/fabrice/git/pycsl/scratchpad/w7/tmp/.pycsl_r0twtdjx.mlw", line 28, characters 15-19: unused variable result
Warning, file "/home/fabrice/git/pycsl/scratchpad/w7/tmp/.pycsl_r0twtdjx.mlw", line 42, characters 16-19: unused variable fmt
Warning, file "/home/fabrice/git/pycsl/scratchpad/w7/tmp/.pycsl_r0twtdjx.mlw", line 44, characters 15-19: unused variable result
Warning, file "/home/fabrice/git/pycsl/scratchpad/w7/tmp/.pycsl_r0twtdjx.mlw", line 46, characters 20-23: unused variable fmt
Warning, file "/home/fabrice/git/pycsl/scratchpad/w7/tmp/.pycsl_r0twtdjx.mlw", line 48, characters 15-19: unused variable result
Warning, file "/home/fabrice/git/pycsl/scratchpad/w7/tmp/.pycsl_r0twtdjx.mlw", line 68, characters 8-15: unused variable out_len
Warning, file "/home/fabrice/git/pycsl/scratchpad/w7/tmp/.pycsl_r0twtdjx.mlw", line 62, characters 15-19: unused variable result

[+] Verification SUCCESS! All contracts formally proven.
