[*] Parsing and Semantic Analysis for 'src/self-annotate/src/frontend/desugar.py'...
[*] Memory model: hoare
[*] Running Proof Engine (provers: Alt-Ergo,2.6.3 → Z3,4.13.3,)...

--- Verification Results ---
File "/home/fabrice/git/pycsl/scratchpad/w7/tmp/.pycsl_u65rl3ng.mlw", line 51, characters 20-34:
Sub-goal loop invariant init of goal _chain_operand_repeatable'vc.
Prover result is: Valid (0.00s, 279 steps).

File "/home/fabrice/git/pycsl/scratchpad/w7/tmp/.pycsl_u65rl3ng.mlw", line 44, characters 15-19:
Sub-goal postcondition of goal _chain_operand_repeatable'vc.
Prover result is: Valid (0.00s, 293 steps).

File "/home/fabrice/git/pycsl/scratchpad/w7/tmp/.pycsl_u65rl3ng.mlw", line 44, characters 15-19:
Sub-goal postcondition of goal _chain_operand_repeatable'vc.
Prover result is: Valid (0.00s, 372 steps).

File "/home/fabrice/git/pycsl/scratchpad/w7/tmp/.pycsl_u65rl3ng.mlw", line 52, characters 18-42:
Sub-goal loop variant decrease of goal _chain_operand_repeatable'vc.
Prover result is: Valid (0.01s, 4000 steps).

File "/home/fabrice/git/pycsl/scratchpad/w7/tmp/.pycsl_u65rl3ng.mlw", line 51, characters 20-34:
Sub-goal loop invariant preservation of goal _chain_operand_repeatable'vc.
Prover result is: Valid (0.01s, 4122 steps).

File "/home/fabrice/git/pycsl/scratchpad/w7/tmp/.pycsl_u65rl3ng.mlw", line 52, characters 18-42:
Sub-goal loop variant decrease of goal _chain_operand_repeatable'vc.
Prover result is: Valid (0.01s, 3477 steps).

File "/home/fabrice/git/pycsl/scratchpad/w7/tmp/.pycsl_u65rl3ng.mlw", line 51, characters 20-34:
Sub-goal loop invariant preservation of goal _chain_operand_repeatable'vc.
Prover result is: Valid (0.00s, 3635 steps).

File "/home/fabrice/git/pycsl/scratchpad/w7/tmp/.pycsl_u65rl3ng.mlw", line 44, characters 15-19:
Sub-goal postcondition of goal _chain_operand_repeatable'vc.
Prover result is: Valid (0.00s, 297 steps).

File "/home/fabrice/git/pycsl/scratchpad/w7/tmp/.pycsl_u65rl3ng.mlw", line 78, characters 15-19:
Sub-goal postcondition of goal desugar_chained_comparisons'vc.
Prover result is: Valid (0.00s, 275 steps).

File "/home/fabrice/git/pycsl/scratchpad/w7/tmp/.pycsl_u65rl3ng.mlw", line 95, characters 18-33:
Sub-goal loop invariant init of goal reject_unmodelled'vc.
Prover result is: Valid (0.00s, 279 steps).

File "/home/fabrice/git/pycsl/scratchpad/w7/tmp/.pycsl_u65rl3ng.mlw", line 89, characters 32-36:
Sub-goal exceptional postcondition of goal reject_unmodelled'vc.
Prover result is: Valid (0.00s, 361 steps).

File "/home/fabrice/git/pycsl/scratchpad/w7/tmp/.pycsl_u65rl3ng.mlw", line 89, characters 32-36:
Sub-goal exceptional postcondition of goal reject_unmodelled'vc.
Prover result is: Valid (0.00s, 359 steps).

File "/home/fabrice/git/pycsl/scratchpad/w7/tmp/.pycsl_u65rl3ng.mlw", line 104, characters 51-83:
Sub-goal precondition of goal reject_unmodelled'vc.
Prover result is: Valid (0.00s, 368 steps).

File "/home/fabrice/git/pycsl/scratchpad/w7/tmp/.pycsl_u65rl3ng.mlw", line 89, characters 32-36:
Sub-goal exceptional postcondition of goal reject_unmodelled'vc.
Prover result is: Valid (0.00s, 425 steps).

File "/home/fabrice/git/pycsl/scratchpad/w7/tmp/.pycsl_u65rl3ng.mlw", line 89, characters 32-36:
Sub-goal exceptional postcondition of goal reject_unmodelled'vc.
Prover result is: Valid (0.00s, 480 steps).

File "/home/fabrice/git/pycsl/scratchpad/w7/tmp/.pycsl_u65rl3ng.mlw", line 96, characters 16-42:
Sub-goal loop variant decrease of goal reject_unmodelled'vc.
Prover result is: Valid (0.01s, 4994 steps).

File "/home/fabrice/git/pycsl/scratchpad/w7/tmp/.pycsl_u65rl3ng.mlw", line 95, characters 18-33:
Sub-goal loop invariant preservation of goal reject_unmodelled'vc.
Prover result is: Valid (0.00s, 4720 steps).

File "/home/fabrice/git/pycsl/scratchpad/w7/tmp/.pycsl_u65rl3ng.mlw", line 88, characters 15-19:
Sub-goal postcondition of goal reject_unmodelled'vc.
Prover result is: Valid (0.00s, 297 steps).

Warnings/Errors from Why3:
Warning, file "/home/fabrice/git/pycsl/scratchpad/w7/tmp/.pycsl_u65rl3ng.mlw", line 47, characters 8-11: unused variable sub
Warning, file "/home/fabrice/git/pycsl/scratchpad/w7/tmp/.pycsl_u65rl3ng.mlw", line 44, characters 15-19: unused variable result
Warning, file "/home/fabrice/git/pycsl/scratchpad/w7/tmp/.pycsl_u65rl3ng.mlw", line 68, characters 38-42: unused variable self
Warning, file "/home/fabrice/git/pycsl/scratchpad/w7/tmp/.pycsl_u65rl3ng.mlw", line 68, characters 62-66: unused variable node
Warning, file "/home/fabrice/git/pycsl/scratchpad/w7/tmp/.pycsl_u65rl3ng.mlw", line 72, characters 27-31: unused variable tree
Warning, file "/home/fabrice/git/pycsl/scratchpad/w7/tmp/.pycsl_u65rl3ng.mlw", line 72, characters 39-43: unused variable node
Warning, file "/home/fabrice/git/pycsl/scratchpad/w7/tmp/.pycsl_u65rl3ng.mlw", line 74, characters 15-19: unused variable result
Warning, file "/home/fabrice/git/pycsl/scratchpad/w7/tmp/.pycsl_u65rl3ng.mlw", line 78, characters 15-19: unused variable result
Warning, file "/home/fabrice/git/pycsl/scratchpad/w7/tmp/.pycsl_u65rl3ng.mlw", line 82, characters 24-28: unused variable tree
Warning, file "/home/fabrice/git/pycsl/scratchpad/w7/tmp/.pycsl_u65rl3ng.mlw", line 91, characters 8-12: unused variable node

[+] Verification SUCCESS! All contracts formally proven.
