[*] Parsing and Semantic Analysis for 'src/self-annotate/src/frontend/Module5_IREmitter.py'...
[*] Memory model: hoare
/home/fabrice/git/pycsl/src/pycsl/core_ir_semantic.py:1632: UserWarning: Function 'pycsltojsonemitter___collect_class_constants': path condition narrows a Union-typed variable without a recognized guard (is None / isinstance / TypeIs / TypeGuard). The variable retains its Union type on both branches (C8).
  _union_c8_walk(s.get("body", []) or [], union_vars, fname)
[*] Imported class from 'errors': PyCSLIRError (record + 0 method stub(s) + 2 helper(s))
[*] Imported class from 'errors': PyCSLSemanticError (record + 0 method stub(s) + 0 helper(s))
[*] Imported class from 'frontend.Module2_Parser': ContractWrapper (record + 0 method stub(s) + 81 helper(s))
[*] Imported class from 'frontend.Module2_Parser': Requires (record + 0 method stub(s) + 0 helper(s))
[*] Imported class from 'frontend.Module2_Parser': Ensures (record + 0 method stub(s) + 0 helper(s))
[*] Imported class from 'frontend.Module2_Parser': LoopInvariant (record + 0 method stub(s) + 0 helper(s))
[*] Imported class from 'frontend.Module2_Parser': LoopVariant (record + 0 method stub(s) + 0 helper(s))
[*] Imported class from 'frontend.Module2_Parser': CSLBinOp (record + 0 method stub(s) + 0 helper(s))
[*] Imported class from 'frontend.Module2_Parser': CSLUnaryOp (record + 0 method stub(s) + 0 helper(s))
[*] Imported class from 'frontend.Module2_Parser': CSLVar (record + 0 method stub(s) + 0 helper(s))
[*] Imported class from 'frontend.Module2_Parser': CSLNumber (record + 0 method stub(s) + 0 helper(s))
[*] Imported class from 'frontend.Module2_Parser': CSLResult (record + 0 method stub(s) + 0 helper(s))
[*] Imported class from 'frontend.Module2_Parser': CSLOld (record + 0 method stub(s) + 0 helper(s))
[*] Imported class from 'frontend.Module2_Parser': Nothing (record + 0 method stub(s) + 0 helper(s))
[*] Imported class from 'frontend.Module2_Parser': CSLFieldAccess (record + 0 method stub(s) + 0 helper(s))
[*] Imported class from 'frontend.Module2_Parser': CSLFieldSubscript (record + 0 method stub(s) + 0 helper(s))
[*] Imported class from 'frontend.Module2_Parser': CSLGlobalFieldSubscript (record + 0 method stub(s) + 0 helper(s))
[*] Imported class from 'frontend.Module2_Parser': Forall (record + 0 method stub(s) + 0 helper(s))
[*] Imported class from 'frontend.Module2_Parser': Exists (record + 0 method stub(s) + 0 helper(s))
[*] Imported class from 'frontend.Module2_Parser': ArrayLength (record + 0 method stub(s) + 0 helper(s))
[*] Imported class from 'frontend.Module2_Parser': InGlobals (record + 0 method stub(s) + 0 helper(s))
[*] Imported class from 'frontend.Module2_Parser': InScope (record + 0 method stub(s) + 0 helper(s))
[*] Imported class from 'frontend.Module2_Parser': SubscriptAccess (record + 0 method stub(s) + 0 helper(s))
[*] Imported class from 'frontend.Module2_Parser': AssignsRegion (record + 0 method stub(s) + 0 helper(s))
[*] Imported class from 'frontend.Module2_Parser': Valid (record + 0 method stub(s) + 0 helper(s))
[*] Imported class from 'frontend.Module2_Parser': Separated (record + 0 method stub(s) + 0 helper(s))
[*] Imported class from 'frontend.Module2_Parser': CSLAt (record + 0 method stub(s) + 0 helper(s))
[*] Imported class from 'frontend.Module2_Parser': Length2D (record + 0 method stub(s) + 0 helper(s))
[*] Imported class from 'frontend.Module2_Parser': Valid2D (record + 0 method stub(s) + 0 helper(s))
[*] Imported class from 'frontend.Module2_Parser': FunctionVariant (record + 0 method stub(s) + 0 helper(s))
[*] Imported class from 'frontend.Module2_Parser': CSLStringLiteral (record + 0 method stub(s) + 0 helper(s))
[*] Imported class from 'frontend.Module2_Parser': CallExpr (record + 0 method stub(s) + 0 helper(s))
[*] Imported class from 'frontend.Module2_Parser': IsSorted (record + 0 method stub(s) + 0 helper(s))
[*] Imported class from 'frontend.Module2_Parser': ArrayEq (record + 0 method stub(s) + 0 helper(s))
[*] Imported class from 'frontend.Module2_Parser': Permutation (record + 0 method stub(s) + 0 helper(s))
[*] Imported class from 'frontend.Module2_Parser': Sum (record + 0 method stub(s) + 0 helper(s))
[*] Imported class from 'frontend.Module2_Parser': CSLBool (record + 0 method stub(s) + 0 helper(s))
[*] Imported class from 'frontend.Module2_Parser': CSLNone (record + 0 method stub(s) + 0 helper(s))
[*] Imported class from 'frontend.Module2_Parser': CSLIn (record + 0 method stub(s) + 0 helper(s))
[*] Imported class from 'frontend.Module2_Parser': CSLNotIn (record + 0 method stub(s) + 0 helper(s))
[*] Imported class from 'frontend.Module2_Parser': CSLSlice (record + 0 method stub(s) + 0 helper(s))
[*] Imported class from 'frontend.Module2_Parser': DictView (record + 0 method stub(s) + 0 helper(s))
[*] Imported class from 'frontend.Module2_Parser': ForallItems (record + 0 method stub(s) + 0 helper(s))
[*] Imported class from 'frontend.Module2_Parser': ChainedSubscript (record + 0 method stub(s) + 0 helper(s))
[*] Imported class from 'frontend.Module2_Parser': GhostArraySetDecl (record + 0 method stub(s) + 0 helper(s))
[*] Imported class from 'frontend.Module2_Parser': MkTupleExpr (record + 0 method stub(s) + 0 helper(s))
[*] Imported class from 'frontend.Module2_Parser': FstExpr (record + 0 method stub(s) + 0 helper(s))
[*] Imported class from 'frontend.Module2_Parser': SndExpr (record + 0 method stub(s) + 0 helper(s))
[*] Imported class from 'frontend.Module2_Parser': ProjExpr (record + 0 method stub(s) + 0 helper(s))
[*] Imported class from 'frontend.Module2_Parser': CtorTest (record + 0 method stub(s) + 0 helper(s))
[*] Imported class from 'frontend.Module2_Parser': CtorPayload (record + 0 method stub(s) + 0 helper(s))
[*] Imported class from 'frontend.Module2_Parser': StrConcatExpr (record + 0 method stub(s) + 0 helper(s))
[*] Imported class from 'frontend.Module2_Parser': StrLengthExpr (record + 0 method stub(s) + 0 helper(s))
[*] Imported class from 'frontend.Module2_Parser': StrSubExpr (record + 0 method stub(s) + 0 helper(s))
[*] Imported class from 'frontend.Module2_Parser': GhostCopyExpr (record + 0 method stub(s) + 0 helper(s))
[*] Imported class from 'frontend.Module2_Parser': GhostCopyRangeExpr (record + 0 method stub(s) + 0 helper(s))
[*] Imported class from 'frontend.Module2_Parser': GhostMakeExpr (record + 0 method stub(s) + 0 helper(s))
[*] Imported class from 'frontend.Module2_Parser': MapEmptyExpr (record + 0 method stub(s) + 0 helper(s))
[*] Imported class from 'frontend.Module2_Parser': MapGetExpr (record + 0 method stub(s) + 0 helper(s))
[*] Imported class from 'frontend.Module2_Parser': MapSetExpr (record + 0 method stub(s) + 0 helper(s))
[*] Imported class from 'frontend.Module2_Parser': MapEqExpr (record + 0 method stub(s) + 0 helper(s))
[*] Imported class from 'frontend.Module2_Parser': HasKeyExpr (record + 0 method stub(s) + 0 helper(s))
[*] Imported class from 'frontend.Module2_Parser': MapRemoveExpr (record + 0 method stub(s) + 0 helper(s))
[*] Imported class from 'frontend.Module2_Parser': SetEmptyExpr (record + 0 method stub(s) + 0 helper(s))
[*] Imported class from 'frontend.Module2_Parser': SetAddExpr (record + 0 method stub(s) + 0 helper(s))
[*] Imported class from 'frontend.Module2_Parser': SetRemoveExpr (record + 0 method stub(s) + 0 helper(s))
[*] Imported class from 'frontend.Module2_Parser': SetMemExpr (record + 0 method stub(s) + 0 helper(s))
[*] Imported class from 'frontend.Module2_Parser': SetUnionExpr (record + 0 method stub(s) + 0 helper(s))
[*] Imported class from 'frontend.Module2_Parser': SetInterExpr (record + 0 method stub(s) + 0 helper(s))
[*] Imported class from 'frontend.Module2_Parser': SetDiffExpr (record + 0 method stub(s) + 0 helper(s))
[*] Imported class from 'frontend.Module2_Parser': SetCardExpr (record + 0 method stub(s) + 0 helper(s))
[*] Imported class from 'frontend.Module2_Parser': SetSubsetExpr (record + 0 method stub(s) + 0 helper(s))
[*] Imported class from 'frontend.Module2_Parser': SetEqExpr (record + 0 method stub(s) + 0 helper(s))
[*] Imported class from 'frontend.Module2_Parser': NilExpr (record + 0 method stub(s) + 0 helper(s))
[*] Imported class from 'frontend.Module2_Parser': ConsExpr (record + 0 method stub(s) + 0 helper(s))
[*] Imported class from 'frontend.Module2_Parser': HdExpr (record + 0 method stub(s) + 0 helper(s))
[*] Imported class from 'frontend.Module2_Parser': TlExpr (record + 0 method stub(s) + 0 helper(s))
[*] Imported class from 'frontend.Module2_Parser': ListLengthExpr (record + 0 method stub(s) + 0 helper(s))
[*] Imported class from 'frontend.Module2_Parser': NthExpr (record + 0 method stub(s) + 0 helper(s))
[*] Imported class from 'frontend.Module2_Parser': MemExpr (record + 0 method stub(s) + 0 helper(s))
[*] Imported class from 'frontend.Module2_Parser': AppendExpr (record + 0 method stub(s) + 0 helper(s))
[*] Imported class from 'frontend.Module2_Parser': Act (record + 0 method stub(s) + 0 helper(s))
[*] Imported class from 'frontend.Module2_Parser': Given (record + 0 method stub(s) + 0 helper(s))
[*] Imported class from 'frontend.Module2_Parser': Complete (record + 0 method stub(s) + 0 helper(s))
[*] Imported class from 'frontend.Module2_Parser': Disjoint (record + 0 method stub(s) + 0 helper(s))
[*] Imported from 'frontend.Module2_Parser': ['CSLIn'] (trusted stubs)
[*] Running Proof Engine (provers: Alt-Ergo,2.6.3 → Z3,4.13.3,)...
