=== 2026-05-31T18:56:05.096661+00:00Z  Module: annotationlib ===
  Baseline: L1=0 L2=5 L3=1 L4=0 L5=0
  Targets: 6 functions to promote
  CPython source: 14 functions with docstrings
  ── Promoting: type_repr ──
    spliced 3 line(s) at annotationlib.py:34-35
    wrote 2 reference test(s)
  ── Promoting: get_annotations ──
    spliced 5 line(s) at annotationlib.py:28-29
    wrote 2 reference test(s)
  ── Promoting: get_annotate_from_class_namespace ──
    spliced 3 line(s) at annotationlib.py:22-23
    wrote 2 reference test(s)
  ── Promoting: call_evaluate_function ──
    spliced 3 line(s) at annotationlib.py:16-17
    wrote 2 reference test(s)
  ── Promoting: call_annotate_function ──
    spliced 6 line(s) at annotationlib.py:10-11
    wrote 2 reference test(s)
  ── Promoting: annotations_to_string ──
    spliced 3 line(s) at annotationlib.py:4-5
    wrote 2 reference test(s)
  ── Gate: compile ── PASS
  ── Gate: stdlib-coverage --module annotationlib ──
      baseline: L1=0 L2=5 L3=1 L4=0 L5=0
      final:    L1=1 L2=0 L3=1 L4=0 L5=4   (Δ L4+ = +4)
      VERDICT: PASS
  ── Gate: self-annotate-verify ── PASS (26/26)
  Outcome: COMMIT-READY
