=== 2026-05-31T20:34:54.697422+00:00Z  Module: contextlib ===
  Baseline: L1=0 L2=7 L3=0 L4=0 L5=0
  Targets: 7 functions to promote
  CPython source: 19 functions with docstrings
  ── Promoting: chdir ──
    spliced 4 line(s) at contextlib.py:40-41
    wrote 2 reference test(s)
  ── Promoting: redirect_stderr ──
    spliced 4 line(s) at contextlib.py:34-35
    wrote 2 reference test(s)
  ── Promoting: redirect_stdout ──
    spliced 4 line(s) at contextlib.py:28-29
    wrote 2 reference test(s)
  ── Promoting: suppress ──
    spliced 3 line(s) at contextlib.py:22-23
    wrote 2 reference test(s)
  ── Promoting: nullcontext ──
    spliced 3 line(s) at contextlib.py:16-17
    wrote 2 reference test(s)
  ── Promoting: aclosing ──
    spliced 3 line(s) at contextlib.py:10-11
    wrote 2 reference test(s)
  ── Promoting: closing ──
    spliced 3 line(s) at contextlib.py:4-5
    wrote 2 reference test(s)
  ── Gate: compile ── PASS
  ── Gate: stdlib-coverage --module contextlib ──
      baseline: L1=0 L2=7 L3=0 L4=0 L5=0
      final:    L1=0 L2=0 L3=0 L4=0 L5=7   (Δ L4+ = +7)
      VERDICT: PASS
  ── Gate: self-annotate-verify ── PASS (26/26)
  Outcome: COMMIT-READY
