=== 2026-06-01T00:37:18.450917+00:00Z  Module: ipaddress ===
  Baseline: L1=0 L2=8 L3=0 L4=0 L5=0
  Targets: 8 functions to promote
  CPython source: 62 functions with docstrings
  ── Promoting: get_mixed_type_key ──
    spliced 3 line(s) at ipaddress.py:46-47
    wrote 2 reference test(s)
  ── Promoting: collapse_addresses ──
    spliced 3 line(s) at ipaddress.py:40-41
    wrote 2 reference test(s)
  ── Promoting: summarize_address_range ──
    spliced 4 line(s) at ipaddress.py:34-35
    wrote 2 reference test(s)
  ── Promoting: v6_int_to_packed ──
    spliced 5 line(s) at ipaddress.py:28-29
    wrote 2 reference test(s)
  ── Promoting: v4_int_to_packed ──
    spliced 5 line(s) at ipaddress.py:22-23
    wrote 2 reference test(s)
  ── Promoting: ip_interface ──
    spliced 4 line(s) at ipaddress.py:16-17
    wrote 2 reference test(s)
  ── Promoting: ip_network ──
    spliced 5 line(s) at ipaddress.py:10-11
    wrote 2 reference test(s)
  ── Promoting: ip_address ──
    spliced 6 line(s) at ipaddress.py:4-5
    wrote 2 reference test(s)
  ── Gate: compile ── FAIL (exit 1)
  rollback: stub restored; 16 new test files removed
  Outcome: ROLLED-BACK
