=== 2026-05-31T20:41:28.032624+00:00Z  Module: copy ===
  Baseline: L1=0 L2=3 L3=0 L4=0 L5=0
  Targets: 3 functions to promote
  CPython source: 4 functions with docstrings
  ── Promoting: replace ──
    spliced 4 line(s) at copy.py:16-17
    wrote 2 reference test(s)
  ── Promoting: deepcopy ──
    spliced 3 line(s) at copy.py:10-11
    wrote 2 reference test(s)
  ── Promoting: copy ──
    spliced 3 line(s) at copy.py:4-5
    wrote 2 reference test(s)
  ── Gate: compile ── PASS
  ── Gate: stdlib-coverage --module copy ──
      baseline: L1=0 L2=3 L3=0 L4=0 L5=0
      final:    L1=1 L2=0 L3=0 L4=0 L5=2   (Δ L4+ = +2)
      VERDICT: PASS
  ── Gate: self-annotate-verify ── PASS (26/26)
  Outcome: COMMIT-READY
