it0   pycsltojsonemitter___csl_mktuple                        -> diverges DROP 
it1   pycsltojsonemitter___csl_mem                            -> raises ADD PyCSLIRError 
it2   pycsltojsonemitter___csl_mem                            -> raises ADD PyCSLSemanticError 
it3   pycsltojsonemitter___csl_map_set                        -> raises ADD PyCSLIRError 
it4   pycsltojsonemitter___csl_map_set                        -> raises ADD PyCSLSemanticError 
it5   pycsltojsonemitter___csl_map_remove                     -> raises ADD PyCSLIRError 
it6   pycsltojsonemitter___csl_map_remove                     -> raises ADD PyCSLSemanticError 
it7   pycsltojsonemitter___csl_map_get                        -> raises ADD PyCSLIRError 
it8   pycsltojsonemitter___csl_map_get                        -> raises ADD PyCSLSemanticError 
it9   pycsltojsonemitter___csl_map_eq                         -> raises ADD PyCSLIRError 
it10  pycsltojsonemitter___csl_map_eq                         -> raises ADD PyCSLSemanticError 
it11  pycsltojsonemitter___csl_list_length                    -> raises ADD PyCSLIRError 
it12  pycsltojsonemitter___csl_list_length                    -> raises ADD PyCSLSemanticError 
it13  pycsltojsonemitter___csl_length2d                       -> raises ADD PyCSLIRError 
it14  pycsltojsonemitter___csl_length2d                       -> raises ADD PyCSLSemanticError 
it15  pycsltojsonemitter___csl_is_sorted                      -> raises ADD PyCSLIRError 
it16  pycsltojsonemitter___csl_is_sorted                      -> raises ADD PyCSLSemanticError 
it17  pycsltojsonemitter___csl_hd                             -> raises ADD PyCSLIRError 
it18  pycsltojsonemitter___csl_hd                             -> raises ADD PyCSLSemanticError 
it19  pycsltojsonemitter___csl_has_key                        -> raises ADD PyCSLIRError 
it20  pycsltojsonemitter___csl_has_key                        -> raises ADD PyCSLSemanticError 
it21  pycsltojsonemitter___csl_global_field_subscript         -> raises ADD PyCSLIRError 
it22  pycsltojsonemitter___csl_global_field_subscript         -> raises ADD PyCSLSemanticError 
it23  pycsltojsonemitter___csl_ghost_make                     -> raises ADD PyCSLIRError 
it24  pycsltojsonemitter___csl_ghost_make                     -> raises ADD PyCSLSemanticError 
it25  pycsltojsonemitter___csl_ghost_copy_range               -> raises ADD PyCSLIRError 
it26  pycsltojsonemitter___csl_ghost_copy_range               -> raises ADD PyCSLSemanticError 
it27  pycsltojsonemitter___csl_function_variant               -> raises ADD PyCSLIRError 
it28  pycsltojsonemitter___csl_function_variant               -> raises ADD PyCSLSemanticError 
it29  pycsltojsonemitter___csl_fst                            -> raises ADD PyCSLIRError 
it30  pycsltojsonemitter___csl_fst                            -> raises ADD PyCSLSemanticError 
it31  pycsltojsonemitter___csl_forall_items                   -> raises ADD PyCSLIRError 
it32  pycsltojsonemitter___csl_forall_items                   -> raises ADD PyCSLSemanticError 
it33  pycsltojsonemitter___csl_forall                         -> raises ADD PyCSLIRError 
it34  pycsltojsonemitter___csl_forall                         -> raises ADD PyCSLSemanticError 
it35  pycsltojsonemitter___csl_field_subscript                -> raises ADD PyCSLIRError 
it36  pycsltojsonemitter___csl_field_subscript                -> raises ADD PyCSLSemanticError 
it37  pycsltojsonemitter___csl_exists                         -> raises ADD PyCSLIRError 
it38  pycsltojsonemitter___csl_exists                         -> raises ADD PyCSLSemanticError 
it39  pycsltojsonemitter___csl_contract_wrapper               -> raises ADD PyCSLIRError 
it40  pycsltojsonemitter___csl_contract_wrapper               -> raises ADD PyCSLSemanticError 
it41  pycsltojsonemitter___csl_cons                           -> raises ADD PyCSLIRError 
it42  pycsltojsonemitter___csl_cons                           -> raises ADD PyCSLSemanticError 
it43  pycsltojsonemitter___csl_chained_subscript              -> raises ADD PyCSLIRError 
it44  pycsltojsonemitter___csl_chained_subscript              -> raises ADD PyCSLSemanticError 
it45  pycsltojsonemitter___csl_call_expr                      -> \nothing 
it46  pycsltojsonemitter___csl_call_expr                      -> diverges DROP 
it47  pycsltojsonemitter___csl_binop                          -> raises ADD PyCSLIRError 
it48  pycsltojsonemitter___csl_binop                          -> raises ADD PyCSLSemanticError 
it49  pycsltojsonemitter___csl_at                             -> raises ADD PyCSLIRError 
it50  pycsltojsonemitter___csl_at                             -> raises ADD PyCSLSemanticError 
it51  pycsltojsonemitter___csl_assigns_region                 -> raises ADD PyCSLIRError 
it52  pycsltojsonemitter___csl_assigns_region                 -> raises ADD PyCSLSemanticError 
it53  pycsltojsonemitter___csl_array_eq                       -> raises ADD PyCSLIRError 
it54  pycsltojsonemitter___csl_array_eq                       -> raises ADD PyCSLSemanticError 
it55  pycsltojsonemitter___csl_append                         -> raises ADD PyCSLIRError 
it56  pycsltojsonemitter___csl_append                         -> raises ADD PyCSLSemanticError 
FIXPOINT after 57 iterations
