=== 2026-05-31T22:46:08.831431+00:00Z  Module: __future__ ===
  Baseline: L1=0 L2=3 L3=0 L4=0 L5=0
  Targets: 3 functions to promote
  CPython source: 2 functions with docstrings
  ── Promoting: Feature_compiler_flag ──
    spliced 4 line(s) at __future__.py:36-37
    wrote 2 reference test(s)
  ── Promoting: Feature_getMandatoryRelease ──
    spliced 4 line(s) at __future__.py:28-29
    wrote 2 reference test(s)
  ── Promoting: Feature_getOptionalRelease ──
    spliced 4 line(s) at __future__.py:22-23
    wrote 2 reference test(s)
  ── Gate: compile ── PASS
  ── Gate: stdlib-coverage --module __future__ ──
      baseline: L1=0 L2=3 L3=0 L4=0 L5=0
      final:    L1=0 L2=2 L3=0 L4=0 L5=1   (Δ L4+ = +1)
      VERDICT: PASS
  ── Gate: self-annotate-verify ── PASS (26/26)
  Outcome: COMMIT-READY
