=== 2026-06-01T01:49:02.332901+00:00Z  Module: Module2_Parser ===
  Baseline: L1=0 L2=73 L3=0 L4=0 L5=0
  Targets: 73 functions to promote
  CPython source: 0 functions with docstrings
  ── Promoting: Module2_Parser_parse_node_contracts ──
    spliced 4 line(s) at Module2_Parser.py:442-443
    wrote 2 reference test(s)
  ── Promoting: Module2_Parser_parse_contract ──
    spliced 4 line(s) at Module2_Parser.py:436-437
    wrote 2 reference test(s)
  ── Promoting: Module2_Parser ──
    spliced 4 line(s) at Module2_Parser.py:430-431
    wrote 2 reference test(s)
  ── Promoting: PyCSLTransformer_expr_list ──
    spliced 4 line(s) at Module2_Parser.py:422-423
    wrote 2 reference test(s)
  ── Promoting: PyCSLTransformer_nothing ──
    spliced 4 line(s) at Module2_Parser.py:416-417
    wrote 2 reference test(s)
  ── Promoting: PyCSLTransformer_old_var ──
    spliced 4 line(s) at Module2_Parser.py:410-411
    wrote 2 reference test(s)
  ── Promoting: PyCSLTransformer_result ──
    spliced 4 line(s) at Module2_Parser.py:404-405
    wrote 2 reference test(s)
  ── Promoting: PyCSLTransformer_field_access ──
    spliced 4 line(s) at Module2_Parser.py:398-399
    wrote 2 reference test(s)
  ── Promoting: PyCSLTransformer_var ──
    spliced 4 line(s) at Module2_Parser.py:392-393
    wrote 2 reference test(s)
  ── Promoting: PyCSLTransformer_string_literal ──
    spliced 4 line(s) at Module2_Parser.py:386-387
    wrote 2 reference test(s)
  ── Promoting: PyCSLTransformer_number ──
    spliced 4 line(s) at Module2_Parser.py:380-381
    wrote 2 reference test(s)
  ── Promoting: PyCSLTransformer_unary_op ──
    spliced 4 line(s) at Module2_Parser.py:374-375
    wrote 2 reference test(s)
  ── Promoting: PyCSLTransformer_factor ──
    spliced 4 line(s) at Module2_Parser.py:368-369
    wrote 2 reference test(s)
  ── Promoting: PyCSLTransformer_term ──
    spliced 4 line(s) at Module2_Parser.py:362-363
    wrote 2 reference test(s)
  ── Promoting: PyCSLTransformer_comparison ──
    spliced 4 line(s) at Module2_Parser.py:356-357
    wrote 2 reference test(s)
  ── Promoting: PyCSLTransformer_equality ──
    spliced 4 line(s) at Module2_Parser.py:350-351
    wrote 2 reference test(s)
  ── Promoting: PyCSLTransformer_logical_and ──
    spliced 4 line(s) at Module2_Parser.py:344-345
    wrote 2 reference test(s)
  ── Promoting: PyCSLTransformer_logical_or ──
    spliced 4 line(s) at Module2_Parser.py:338-339
    wrote 2 reference test(s)
  ── Promoting: PyCSLTransformer_implication ──
    spliced 4 line(s) at Module2_Parser.py:332-333
    wrote 2 reference test(s)
  ── Promoting: PyCSLTransformer_valid2d_pred ──
    spliced 4 line(s) at Module2_Parser.py:326-327
    wrote 2 reference test(s)
  ── Promoting: PyCSLTransformer_length2d_pred ──
    spliced 4 line(s) at Module2_Parser.py:320-321
    wrote 2 reference test(s)
  ── Promoting: PyCSLTransformer_at_expr ──
    spliced 4 line(s) at Module2_Parser.py:314-315
    wrote 2 reference test(s)
  ── Promoting: PyCSLTransformer_label_decl ──
    spliced 4 line(s) at Module2_Parser.py:308-309
    wrote 2 reference test(s)
  ── Promoting: PyCSLTransformer_separated_pred ──
    spliced 4 line(s) at Module2_Parser.py:302-303
    wrote 2 reference test(s)
  ── Promoting: PyCSLTransformer_valid_pred ──
    spliced 4 line(s) at Module2_Parser.py:296-297
    wrote 2 reference test(s)
  ── Promoting: PyCSLTransformer_assigns_region_list ──
    spliced 4 line(s) at Module2_Parser.py:290-291
    wrote 2 reference test(s)
  ── Promoting: PyCSLTransformer_assigns_region ──
    spliced 4 line(s) at Module2_Parser.py:284-285
    wrote 2 reference test(s)
  ── Promoting: PyCSLTransformer_result_subscript ──
    spliced 4 line(s) at Module2_Parser.py:278-279
    wrote 2 reference test(s)
  ── Promoting: PyCSLTransformer_subscript_access ──
    spliced 4 line(s) at Module2_Parser.py:272-273
    wrote 2 reference test(s)
  ── Promoting: PyCSLTransformer_array_length ──
    spliced 4 line(s) at Module2_Parser.py:266-267
    wrote 2 reference test(s)
  ── Promoting: PyCSLTransformer_exists_expr ──
    spliced 4 line(s) at Module2_Parser.py:260-261
    wrote 2 reference test(s)
  ── Promoting: PyCSLTransformer_forall_expr ──
    spliced 4 line(s) at Module2_Parser.py:254-255
    wrote 2 reference test(s)
  ── Promoting: PyCSLTransformer_trusted_decl ──
    spliced 4 line(s) at Module2_Parser.py:248-249
    wrote 2 reference test(s)
  ── Promoting: PyCSLTransformer_diverges_decl ──
    spliced 4 line(s) at Module2_Parser.py:242-243
    wrote 2 reference test(s)
  ── Promoting: PyCSLTransformer_function_variant_structural ──
    spliced 4 line(s) at Module2_Parser.py:236-237
    wrote 2 reference test(s)
  ── Promoting: PyCSLTransformer_function_variant ──
    spliced 4 line(s) at Module2_Parser.py:230-231
    wrote 2 reference test(s)
  ── Promoting: PyCSLTransformer_class_invariant ──
    spliced 4 line(s) at Module2_Parser.py:224-225
    wrote 2 reference test(s)
  ── Promoting: PyCSLTransformer_loop_variant ──
    spliced 4 line(s) at Module2_Parser.py:218-219
    wrote 2 reference test(s)
  ── Promoting: PyCSLTransformer_loop_invariant ──
    spliced 4 line(s) at Module2_Parser.py:212-213
    wrote 2 reference test(s)
  ── Promoting: PyCSLTransformer_assigns ──
    spliced 4 line(s) at Module2_Parser.py:206-207
    wrote 2 reference test(s)
  ── Promoting: PyCSLTransformer_postcondition ──
    spliced 4 line(s) at Module2_Parser.py:200-201
    wrote 2 reference test(s)
  ── Promoting: PyCSLTransformer_precondition ──
    spliced 4 line(s) at Module2_Parser.py:194-195
    wrote 2 reference test(s)
  ── Promoting: PyCSLTransformer ──
    spliced 4 line(s) at Module2_Parser.py:188-189
    wrote 2 reference test(s)
  ── Promoting: CSLTrusted ──
    spliced 4 line(s) at Module2_Parser.py:180-181
    wrote 2 reference test(s)
  ── Promoting: CSLDiverges ──
    spliced 4 line(s) at Module2_Parser.py:174-175
    wrote 2 reference test(s)
  ── Promoting: CSLFunctionVariant ──
    spliced 4 line(s) at Module2_Parser.py:168-169
    wrote 2 reference test(s)
  ── Promoting: Valid2D ──
    spliced 4 line(s) at Module2_Parser.py:162-163
    wrote 2 reference test(s)
  ── Promoting: Length2D ──
    spliced 4 line(s) at Module2_Parser.py:156-157
    wrote 2 reference test(s)
  ── Promoting: CSLAt ──
    spliced 4 line(s) at Module2_Parser.py:150-151
    wrote 2 reference test(s)
  ── Promoting: CSLLabel ──
    spliced 4 line(s) at Module2_Parser.py:144-145
    wrote 2 reference test(s)
  ── Promoting: Separated ──
    spliced 4 line(s) at Module2_Parser.py:138-139
    wrote 2 reference test(s)
  ── Promoting: CSLValid ──
    spliced 5 line(s) at Module2_Parser.py:132-133
    wrote 2 reference test(s)
  ── Promoting: AssignsRegion ──
    spliced 4 line(s) at Module2_Parser.py:126-127
    wrote 2 reference test(s)
  ── Promoting: ArrayLength ──
    spliced 4 line(s) at Module2_Parser.py:120-121
    wrote 2 reference test(s)
  ── Promoting: CSLExists ──
    spliced 4 line(s) at Module2_Parser.py:114-115
    wrote 2 reference test(s)
  ── Promoting: CSLForall ──
    spliced 4 line(s) at Module2_Parser.py:108-109
    wrote 2 reference test(s)
  ── Promoting: SubscriptAccess ──
    spliced 4 line(s) at Module2_Parser.py:102-103
    wrote 2 reference test(s)
  ── Promoting: CSLClassInvariant ──
    spliced 4 line(s) at Module2_Parser.py:96-97
    wrote 2 reference test(s)
  ── Promoting: FieldAccess ──
    spliced 4 line(s) at Module2_Parser.py:90-91
    wrote 2 reference test(s)
  ── Promoting: CSLNothing ──
    spliced 4 line(s) at Module2_Parser.py:84-85
    wrote 2 reference test(s)
  ── Promoting: CSLOld ──
    spliced 4 line(s) at Module2_Parser.py:78-79
    wrote 2 reference test(s)
  ── Promoting: CSLResult ──
    spliced 4 line(s) at Module2_Parser.py:72-73
    wrote 2 reference test(s)
  ── Promoting: StringLiteral ──
    spliced 4 line(s) at Module2_Parser.py:66-67
    wrote 2 reference test(s)
  ── Promoting: Number ──
    spliced 4 line(s) at Module2_Parser.py:60-61
    wrote 2 reference test(s)
  ── Promoting: CSLVar ──
    spliced 4 line(s) at Module2_Parser.py:54-55
    wrote 2 reference test(s)
  ── Promoting: UnaryOp ──
    spliced 4 line(s) at Module2_Parser.py:48-49
    wrote 2 reference test(s)
  ── Promoting: BinOp ──
    spliced 4 line(s) at Module2_Parser.py:42-43
    wrote 2 reference test(s)
  ── Promoting: CSLLoopVariant ──
    spliced 4 line(s) at Module2_Parser.py:36-37
    wrote 2 reference test(s)
  ── Promoting: CSLLoopInvariant ──
    spliced 4 line(s) at Module2_Parser.py:30-31
    wrote 2 reference test(s)
  ── Promoting: CSLAssigns ──
    spliced 4 line(s) at Module2_Parser.py:24-25
    wrote 2 reference test(s)
  ── Promoting: CSLEnsures ──
    spliced 4 line(s) at Module2_Parser.py:18-19
    wrote 2 reference test(s)
  ── Promoting: CSLRequires ──
    spliced 4 line(s) at Module2_Parser.py:12-13
    wrote 2 reference test(s)
  ── Promoting: CSLNode ──
    spliced 4 line(s) at Module2_Parser.py:6-7
    wrote 2 reference test(s)
  ── Gate: compile ── PASS
  ── Gate: stdlib-coverage --module Module2_Parser ──
      baseline: L1=0 L2=73 L3=0 L4=0 L5=0
      final:    L1=19 L2=2 L3=0 L4=0 L5=52   (Δ L4+ = +52)
      VERDICT: PASS
  ── Gate: self-annotate-verify ── PASS (26/26)
  Outcome: COMMIT-READY
