=== 2026-06-01T01:28:25.017967+00:00Z  Module: lzma ===
  Baseline: L1=0 L2=3 L3=1 L4=0 L5=0
  Targets: 4 functions to promote
  CPython source: 22 functions with docstrings
  ── Promoting: is_check_supported ──
    spliced 3 line(s) at lzma.py:22-23
    wrote 2 reference test(s)
  ── Promoting: decompress ──
    spliced 4 line(s) at lzma.py:16-17
    wrote 2 reference test(s)
  ── Promoting: compress ──
    spliced 4 line(s) at lzma.py:10-11
    wrote 2 reference test(s)
  ── Promoting: open ──
    spliced 4 line(s) at lzma.py:4-5
    wrote 2 reference test(s)
  ── Gate: compile ── PASS
  ── Gate: stdlib-coverage --module lzma ──
      baseline: L1=0 L2=3 L3=1 L4=0 L5=0
      final:    L1=0 L2=0 L3=2 L4=0 L5=2   (Δ L4+ = +2)
      VERDICT: PASS
  ── Gate: self-annotate-verify ── PASS (26/26)
  Outcome: COMMIT-READY
