=== 2026-05-31T20:02:24.757052+00:00Z  Module: codecs ===
  Baseline: L1=0 L2=31 L3=0 L4=0 L5=0
  Targets: 31 functions to promote
  CPython source: 45 functions with docstrings
  ── Promoting: ToUnicode ──
    spliced 4 line(s) at codecs.py:184-185
    wrote 2 reference test(s)
  ── Promoting: ToASCII ──
    spliced 4 line(s) at codecs.py:178-179
    wrote 2 reference test(s)
  ── Promoting: nameprep ──
    spliced 4 line(s) at codecs.py:172-173
    wrote 2 reference test(s)
  ── Promoting: win32_code_page_search_function ──
    spliced 4 line(s) at codecs.py:166-167
    wrote 2 reference test(s)
  ── Promoting: search_function ──
    spliced 4 line(s) at codecs.py:160-161
    wrote 2 reference test(s)
  ── Promoting: normalize_encoding ──
    spliced 4 line(s) at codecs.py:154-155
    wrote 2 reference test(s)
  ── Promoting: namereplace_errors ──
    spliced 4 line(s) at codecs.py:148-149
    wrote 2 reference test(s)
  ── Promoting: xmlcharrefreplace_errors ──
    spliced 3 line(s) at codecs.py:142-143
    wrote 2 reference test(s)
  ── Promoting: backslashreplace_errors ──
    spliced 3 line(s) at codecs.py:136-137
    wrote 2 reference test(s)
  ── Promoting: replace_errors ──
    spliced 3 line(s) at codecs.py:130-131
    wrote 2 reference test(s)
  ── Promoting: ignore_errors ──
    spliced 3 line(s) at codecs.py:124-125
    wrote 2 reference test(s)
  ── Promoting: strict_errors ──
    spliced 3 line(s) at codecs.py:118-119
    wrote 2 reference test(s)
  ── Promoting: lookup_error ──
    spliced 3 line(s) at codecs.py:112-113
    wrote 2 reference test(s)
  ── Promoting: register_error ──
    spliced 5 line(s) at codecs.py:106-107
    wrote 2 reference test(s)
  ── Promoting: readbuffer_encode ──
    spliced 4 line(s) at codecs.py:100-101
    wrote 2 reference test(s)
  ── Promoting: iterdecode ──
    spliced 4 line(s) at codecs.py:94-95
    wrote 2 reference test(s)
  ── Promoting: iterencode ──
    spliced 3 line(s) at codecs.py:88-89
    wrote 2 reference test(s)
  ── Promoting: EncodedFile ──
    spliced 5 line(s) at codecs.py:82-83
    wrote 2 reference test(s)
  ── Promoting: open ──
    spliced 4 line(s) at codecs.py:76-77
    wrote 2 reference test(s)
  ── Promoting: unregister ──
    spliced 4 line(s) at codecs.py:70-71
    wrote 2 reference test(s)
  ── Promoting: register ──
    spliced 3 line(s) at codecs.py:64-65
    wrote 2 reference test(s)
  ── Promoting: getwriter ──
    spliced 3 line(s) at codecs.py:58-59
    wrote 2 reference test(s)
  ── Promoting: getreader ──
    spliced 3 line(s) at codecs.py:52-53
    wrote 2 reference test(s)
  ── Promoting: getincrementaldecoder ──
    spliced 4 line(s) at codecs.py:46-47
    wrote 2 reference test(s)
  ── Promoting: getincrementalencoder ──
    spliced 4 line(s) at codecs.py:40-41
    wrote 2 reference test(s)
  ── Promoting: getdecoder ──
    spliced 3 line(s) at codecs.py:34-35
    wrote 2 reference test(s)
  ── Promoting: getencoder ──
    spliced 4 line(s) at codecs.py:28-29
    wrote 2 reference test(s)
  ── Promoting: lookup ──
    spliced 3 line(s) at codecs.py:22-23
    wrote 2 reference test(s)
  ── Promoting: charmap_build ──
    spliced 4 line(s) at codecs.py:16-17
    wrote 2 reference test(s)
  ── Promoting: decode ──
    spliced 4 line(s) at codecs.py:10-11
    wrote 2 reference test(s)
  ── Promoting: encode ──
    spliced 4 line(s) at codecs.py:4-5
    wrote 2 reference test(s)
  ── Gate: compile ── PASS
  ── Gate: stdlib-coverage --module codecs ──
      baseline: L1=0 L2=31 L3=0 L4=0 L5=0
      final:    L1=2 L2=6 L3=6 L4=0 L5=17   (Δ L4+ = +17)
      VERDICT: PASS
  ── Gate: self-annotate-verify ── PASS (26/26)
  Outcome: COMMIT-READY
