=== 2026-05-31T19:48:06.075862+00:00Z  Module: bz2 ===
  Baseline: L1=0 L2=3 L3=0 L4=0 L5=0
  Targets: 3 functions to promote
  CPython source: 23 functions with docstrings
  ── Promoting: decompress ──
    spliced 3 line(s) at bz2.py:16-17
    wrote 2 reference test(s)
  ── Promoting: compress ──
    spliced 4 line(s) at bz2.py:10-11
    wrote 2 reference test(s)
  ── Promoting: open ──
    spliced 5 line(s) at bz2.py:4-5
    wrote 2 reference test(s)
  ── Gate: compile ── PASS
  ── Gate: stdlib-coverage --module bz2 ──
      baseline: L1=0 L2=3 L3=0 L4=0 L5=0
      final:    L1=0 L2=1 L3=1 L4=0 L5=1   (Δ L4+ = +1)
      VERDICT: PASS
  ── Gate: self-annotate-verify ── PASS (26/26)
  Outcome: COMMIT-READY
