bin/run-reference-tests.sh: line 176: [[: 925_list_record_field: value too great for base (error token is "925_list_record_field")
bin/run-reference-tests.sh: line 176: [[: 926_record_field_no_exprir_theory: value too great for base (error token is "926_record_field_no_exprir_theory")
bin/run-reference-tests.sh: line 176: [[: 927_token_cursor_advance: value too great for base (error token is "927_token_cursor_advance")
bin/run-reference-tests.sh: line 176: [[: 928_self_field_array_projection: value too great for base (error token is "928_self_field_array_projection")
bin/run-reference-tests.sh: line 176: [[: 929_sibling_record_call_projection: value too great for base (error token is "929_sibling_record_call_projection")
bin/run-reference-tests.sh: line 176: [[: 930_tail_return_bool_coercion: value too great for base (error token is "930_tail_return_bool_coercion")
bin/run-reference-tests.sh: line 176: [[: 931_varargs_membership: value too great for base (error token is "931_varargs_membership")
bin/run-reference-tests.sh: line 176: [[: 932_token_kind_concreteness: value too great for base (error token is "932_token_kind_concreteness")
bin/run-reference-tests.sh: line 176: [[: 933_optional_record_return_arm: value too great for base (error token is "933_optional_record_return_arm")
bin/run-reference-tests.sh: line 176: [[: 934_negative_literal_array_index: value too great for base (error token is "934_negative_literal_array_index")
bin/run-reference-tests.sh: line 176: [[: 935_class_construction_adt_ctor: value too great for base (error token is "935_class_construction_adt_ctor")
bin/run-reference-tests.sh: line 176: [[: 936_any_all_genexp_fold: value too great for base (error token is "936_any_all_genexp_fold")
bin/run-reference-tests.sh: line 176: [[: 937_any_genexp_fold_evil_twin: value too great for base (error token is "937_any_genexp_fold_evil_twin")
bin/run-reference-tests.sh: line 176: [[: 938_spec_genexp_all_any: value too great for base (error token is "938_spec_genexp_all_any")
bin/run-reference-tests.sh: line 176: [[: 939_spec_genexp_evil_twin: value too great for base (error token is "939_spec_genexp_evil_twin")
bin/run-reference-tests.sh: line 176: [[: 942_pyval_string_walker: value too great for base (error token is "942_pyval_string_walker")
bin/run-reference-tests.sh: line 176: [[: 943_pyval_list_walker: value too great for base (error token is "943_pyval_list_walker")
bin/run-reference-tests.sh: line 176: [[: 944_pyval_list_walker_crosscall: value too great for base (error token is "944_pyval_list_walker_crosscall")
bin/run-reference-tests.sh: line 176: [[: 945_pyval_list_search: value too great for base (error token is "945_pyval_list_search")
bin/run-reference-tests.sh: line 176: [[: 946_pyval_string_walker_negidx: value too great for base (error token is "946_pyval_string_walker_negidx")
bin/run-reference-tests.sh: line 176: [[: 947_pyval_string_walker_negidx2: value too great for base (error token is "947_pyval_string_walker_negidx2")
bin/run-reference-tests.sh: line 176: [[: 948_pyval_flatten: value too great for base (error token is "948_pyval_flatten")
bin/run-reference-tests.sh: line 176: [[: 949_pyval_flatten_nohead: value too great for base (error token is "949_pyval_flatten_nohead")
bin/run-reference-tests.sh: line 176: [[: 950_class_variant_bool_fold: value too great for base (error token is "950_class_variant_bool_fold")
bin/run-reference-tests.sh: line 176: [[: 951_class_variant_term_transform: value too great for base (error token is "951_class_variant_term_transform")
bin/run-reference-tests.sh: line 176: [[: 952_term_list_build: value too great for base (error token is "952_term_list_build")
bin/run-reference-tests.sh: line 176: [[: 953_term_list_build_twin: value too great for base (error token is "953_term_list_build_twin")
bin/run-reference-tests.sh: line 176: [[: 954_term_flatten_arrow: value too great for base (error token is "954_term_flatten_arrow")
bin/run-reference-tests.sh: line 176: [[: 955_term_flatten_arrow_twin: value too great for base (error token is "955_term_flatten_arrow_twin")
bin/run-reference-tests.sh: line 176: [[: 956_term_free_vars: value too great for base (error token is "956_term_free_vars")
bin/run-reference-tests.sh: line 176: [[: 957_term_free_vars_twin: value too great for base (error token is "957_term_free_vars_twin")
bin/run-reference-tests.sh: line 176: [[: 958_term_string_pp: value too great for base (error token is "958_term_string_pp")
bin/run-reference-tests.sh: line 176: [[: 959_term_string_pp_twin: value too great for base (error token is "959_term_string_pp_twin")
bin/run-reference-tests.sh: line 176: [[: 960_term_pp_methods: value too great for base (error token is "960_term_pp_methods")
bin/run-reference-tests.sh: line 176: [[: 961_term_pp_methods_twin: value too great for base (error token is "961_term_pp_methods_twin")
bin/run-reference-tests.sh: line 176: [[: 962_crosscheck_selfstate_registry_skipped: value too great for base (error token is "962_crosscheck_selfstate_registry_skipped")
bin/run-reference-tests.sh: line 176: [[: 963_crosscheck_selfstate_registry_skipped_twin: value too great for base (error token is "963_crosscheck_selfstate_registry_skipped_twin")
bin/run-reference-tests.sh: line 176: [[: 964_crosscheck_term_structural: value too great for base (error token is "964_crosscheck_term_structural")
bin/run-reference-tests.sh: line 176: [[: 965_crosscheck_term_structural_twin: value too great for base (error token is "965_crosscheck_term_structural_twin")
bin/run-reference-tests.sh: line 176: [[: 966_mutual_recursion_descent_nest: value too great for base (error token is "966_mutual_recursion_descent_nest")
bin/run-reference-tests.sh: line 176: [[: 967_property_getter_supported: value too great for base (error token is "967_property_getter_supported")
[*] 3112 tests across 2 suite(s); jobs=6 (cores=12)
