=== 2026-05-31T22:28:41.857574+00:00Z  Module: fcntl ===
  Baseline: L1=0 L2=4 L3=0 L4=0 L5=0
  Targets: 4 functions to promote
  CPython source: 4 functions with docstrings
  ── Promoting: lockf ──
    spliced 6 line(s) at fcntl.py:22-23
    wrote 2 reference test(s)
  ── Promoting: flock ──
    spliced 5 line(s) at fcntl.py:16-17
    wrote 2 reference test(s)
  ── Promoting: ioctl ──
    spliced 5 line(s) at fcntl.py:10-11
    wrote 2 reference test(s)
  ── Promoting: fcntl ──
    spliced 4 line(s) at fcntl.py:4-5
    wrote 2 reference test(s)
  ── Gate: compile ── PASS
  ── Gate: stdlib-coverage --module fcntl ──
      baseline: L1=0 L2=4 L3=0 L4=0 L5=0
      final:    L1=0 L2=0 L3=1 L4=0 L5=3   (Δ L4+ = +3)
      VERDICT: PASS
  ── Gate: self-annotate-verify ── PASS (26/26)
  Outcome: COMMIT-READY
