=== 2026-05-31T17:10:03.945427+00:00Z  Module: token ===
  Baseline: L1=0 L2=0 L3=3 L4=0 L5=0
  Targets: 3 functions to promote
  CPython source: 0 functions with docstrings
  ── Promoting: ISEOF ──
    spliced 4 line(s) at token.py:16-17
    wrote 2 reference test(s)
  ── Promoting: ISNONTERMINAL ──
    spliced 4 line(s) at token.py:10-11
    wrote 2 reference test(s)
  ── Promoting: ISTERMINAL ──
    spliced 4 line(s) at token.py:4-5
    wrote 2 reference test(s)
  ── Gate: compile ── PASS
  ── Gate: stdlib-coverage --module token ──
      baseline: L1=0 L2=0 L3=3 L4=0 L5=0
      final:    L1=0 L2=0 L3=0 L4=0 L5=3   (Δ L4+ = +3)
      VERDICT: PASS
  ── Gate: self-annotate-verify ── PASS (26/26)
  Outcome: COMMIT-READY
