=== 2026-05-31T22:22:39.516658+00:00Z  Module: faulthandler ===
  Baseline: L1=0 L2=6 L3=3 L4=0 L5=0
  Targets: 9 functions to promote
  CPython source: 9 functions with docstrings
  ── Promoting: unregister ──
    spliced 4 line(s) at faulthandler.py:52-53
    wrote 2 reference test(s)
  ── Promoting: register ──
    spliced 4 line(s) at faulthandler.py:46-47
    wrote 2 reference test(s)
  ── Promoting: cancel_dump_traceback_later ──
    spliced 4 line(s) at faulthandler.py:40-41
    wrote 2 reference test(s)
  ── Promoting: dump_traceback_later ──
    spliced 4 line(s) at faulthandler.py:34-35
    wrote 2 reference test(s)
  ── Promoting: is_enabled ──
    spliced 3 line(s) at faulthandler.py:28-29
    wrote 2 reference test(s)
  ── Promoting: disable ──
    spliced 3 line(s) at faulthandler.py:22-23
    wrote 2 reference test(s)
  ── Promoting: enable ──
    spliced 3 line(s) at faulthandler.py:16-17
    wrote 2 reference test(s)
  ── Promoting: dump_c_stack ──
    spliced 4 line(s) at faulthandler.py:10-11
    wrote 2 reference test(s)
  ── Promoting: dump_traceback ──
    spliced 3 line(s) at faulthandler.py:4-5
    wrote 2 reference test(s)
  ── Gate: compile ── PASS
  ── Gate: stdlib-coverage --module faulthandler ──
      baseline: L1=0 L2=6 L3=3 L4=0 L5=0
      final:    L1=0 L2=0 L3=0 L4=0 L5=9   (Δ L4+ = +9)
      VERDICT: PASS
  ── Gate: self-annotate-verify ── PASS (26/26)
  Outcome: COMMIT-READY
