=== 2026-05-31T22:39:56.403985+00:00Z  Module: fnmatch ===
  Baseline: L1=0 L2=5 L3=0 L4=0 L5=0
  Targets: 5 functions to promote
  CPython source: 5 functions with docstrings
  ── Promoting: translate ──
    spliced 4 line(s) at fnmatch.py:28-29
    wrote 2 reference test(s)
  ── Promoting: filterfalse ──
    spliced 4 line(s) at fnmatch.py:22-23
    wrote 2 reference test(s)
  ── Promoting: filter ──
    spliced 5 line(s) at fnmatch.py:16-17
    wrote 2 reference test(s)
  ── Promoting: fnmatchcase ──
    spliced 3 line(s) at fnmatch.py:10-11
    wrote 2 reference test(s)
  ── Promoting: fnmatch ──
    spliced 3 line(s) at fnmatch.py:4-5
    wrote 2 reference test(s)
  ── Gate: compile ── PASS
  ── Gate: stdlib-coverage --module fnmatch ──
      baseline: L1=0 L2=5 L3=0 L4=0 L5=0
      final:    L1=1 L2=0 L3=0 L4=0 L5=4   (Δ L4+ = +4)
      VERDICT: PASS
  ── Gate: self-annotate-verify ── PASS (26/26)
  Outcome: COMMIT-READY
