=== 2026-06-01T02:51:27.951680+00:00Z  Module: msvcrt ===
  Baseline: L1=0 L2=17 L3=0 L4=0 L5=0
  Targets: 17 functions to promote
  CPython source: 0 functions with docstrings
  ── Promoting: CrtSetReportFile ──
    spliced 4 line(s) at msvcrt.py:100-101
    wrote 2 reference test(s)
  ── Promoting: CrtSetReportMode ──
    spliced 4 line(s) at msvcrt.py:94-95
    wrote 2 reference test(s)
  ── Promoting: set_error_mode ──
    spliced 4 line(s) at msvcrt.py:88-89
    wrote 2 reference test(s)
  ── Promoting: heapmin ──
    spliced 4 line(s) at msvcrt.py:82-83
    wrote 2 reference test(s)
  ── Promoting: ungetwch ──
    spliced 4 line(s) at msvcrt.py:76-77
    wrote 2 reference test(s)
  ── Promoting: ungetch ──
    spliced 4 line(s) at msvcrt.py:70-71
    wrote 2 reference test(s)
  ── Promoting: putwch ──
    spliced 4 line(s) at msvcrt.py:64-65
    wrote 2 reference test(s)
  ── Promoting: putch ──
    spliced 4 line(s) at msvcrt.py:58-59
    wrote 2 reference test(s)
  ── Promoting: getwche ──
    spliced 4 line(s) at msvcrt.py:52-53
    wrote 2 reference test(s)
  ── Promoting: getche ──
    spliced 4 line(s) at msvcrt.py:46-47
    wrote 2 reference test(s)
  ── Promoting: getwch ──
    spliced 4 line(s) at msvcrt.py:40-41
    wrote 2 reference test(s)
  ── Promoting: getch ──
    spliced 5 line(s) at msvcrt.py:34-35
    wrote 2 reference test(s)
  ── Promoting: kbhit ──
    spliced 4 line(s) at msvcrt.py:28-29
    wrote 2 reference test(s)
  ── Promoting: get_osfhandle ──
    spliced 4 line(s) at msvcrt.py:22-23
    wrote 2 reference test(s)
  ── Promoting: open_osfhandle ──
    spliced 4 line(s) at msvcrt.py:16-17
    wrote 2 reference test(s)
  ── Promoting: setmode ──
    spliced 4 line(s) at msvcrt.py:10-11
    wrote 2 reference test(s)
  ── Promoting: locking ──
    spliced 4 line(s) at msvcrt.py:4-5
    wrote 2 reference test(s)
  ── Gate: compile ── PASS
  ── Gate: stdlib-coverage --module msvcrt ──
      baseline: L1=0 L2=17 L3=0 L4=0 L5=0
      final:    L1=0 L2=1 L3=0 L4=0 L5=16   (Δ L4+ = +16)
      VERDICT: PASS
  ── Gate: self-annotate-verify ── PASS (26/26)
  Outcome: COMMIT-READY
