=== 2026-05-31T22:05:57.079882+00:00Z  Module: dis ===
  Baseline: L1=0 L2=9 L3=0 L4=0 L5=0
  Targets: 9 functions to promote
  CPython source: 36 functions with docstrings
  ── Promoting: stack_effect ──
    spliced 3 line(s) at dis.py:52-53
    wrote 2 reference test(s)
  ── Promoting: findlabels ──
    spliced 3 line(s) at dis.py:46-47
    wrote 2 reference test(s)
  ── Promoting: findlinestarts ──
    spliced 3 line(s) at dis.py:40-41
    wrote 2 reference test(s)
  ── Promoting: get_instructions ──
    spliced 3 line(s) at dis.py:34-35
    wrote 2 reference test(s)
  ── Promoting: disassemble ──
    spliced 3 line(s) at dis.py:28-29
    wrote 2 reference test(s)
  ── Promoting: distb ──
    spliced 3 line(s) at dis.py:22-23
    wrote 2 reference test(s)
  ── Promoting: dis ──
    spliced 4 line(s) at dis.py:16-17
    wrote 2 reference test(s)
  ── Promoting: show_code ──
    spliced 4 line(s) at dis.py:10-11
    wrote 2 reference test(s)
  ── Promoting: code_info ──
    spliced 3 line(s) at dis.py:4-5
    wrote 2 reference test(s)
  ── Gate: compile ── PASS
  ── Gate: stdlib-coverage --module dis ──
      baseline: L1=0 L2=9 L3=0 L4=0 L5=0
      final:    L1=0 L2=2 L3=0 L4=0 L5=7   (Δ L4+ = +7)
      VERDICT: PASS
  ── Gate: self-annotate-verify ── PASS (26/26)
  Outcome: COMMIT-READY
