=== 2026-05-31T19:44:43.274697+00:00Z  Module: bisect ===
  Baseline: L1=0 L2=4 L3=0 L4=0 L5=0
  Targets: 4 functions to promote
  CPython source: 6 functions with docstrings
  ── Promoting: insort_right ──
    spliced 5 line(s) at bisect.py:22-23
    wrote 2 reference test(s)
  ── Promoting: insort_left ──
    spliced 5 line(s) at bisect.py:16-17
    wrote 2 reference test(s)
  ── Promoting: bisect_right ──
    spliced 6 line(s) at bisect.py:10-11
    wrote 2 reference test(s)
  ── Promoting: bisect_left ──
    spliced 6 line(s) at bisect.py:4-5
    wrote 2 reference test(s)
  ── Gate: compile ── PASS
  ── Gate: stdlib-coverage --module bisect ──
      baseline: L1=0 L2=4 L3=0 L4=0 L5=0
      final:    L1=0 L2=0 L3=0 L4=0 L5=4   (Δ L4+ = +4)
      VERDICT: PASS
  ── Gate: self-annotate-verify ── PASS (26/26)
  Outcome: COMMIT-READY
