=== 2026-05-31T23:17:51.806386+00:00Z  Module: grp ===
  Baseline: L1=0 L2=3 L3=0 L4=0 L5=0
  Targets: 3 functions to promote
  CPython source: 4 functions with docstrings
  ── Promoting: getgrall ──
    spliced 3 line(s) at grp.py:16-17
    wrote 2 reference test(s)
  ── Promoting: getgrnam ──
    spliced 4 line(s) at grp.py:10-11
    wrote 2 reference test(s)
  ── Promoting: getgrgid ──
    spliced 4 line(s) at grp.py:4-5
    wrote 2 reference test(s)
  ── Gate: compile ── PASS
  ── Gate: stdlib-coverage --module grp ──
      baseline: L1=0 L2=3 L3=0 L4=0 L5=0
      final:    L1=0 L2=0 L3=1 L4=0 L5=2   (Δ L4+ = +2)
      VERDICT: PASS
  ── Gate: self-annotate-verify ── PASS (26/26)
  Outcome: COMMIT-READY
