=== 2026-06-01T00:53:06.532205+00:00Z  Module: libcst ===
  Baseline: L1=0 L2=6 L3=2 L4=2 L5=0
  Targets: 8 functions to promote
  CPython source: 217 functions with docstrings
  ── Promoting: matchers_matches ──
    spliced 4 line(s) at libcst.py:80-81
    wrote 2 reference test(s)
  ── Promoting: metadata_resolve ──
    spliced 4 line(s) at libcst.py:75-76
    wrote 2 reference test(s)
  ── Promoting: MetadataWrapper ──
    spliced 3 line(s) at libcst.py:70-71
    wrote 2 reference test(s)
  ── Promoting: parse_statement ──
    spliced 3 line(s) at libcst.py:65-66
    wrote 2 reference test(s)
  ── Promoting: parse_expression ──
    spliced 4 line(s) at libcst.py:60-61
    wrote 2 reference test(s)
  ── Promoting: parse_module ──
    spliced 4 line(s) at libcst.py:55-56
    wrote 2 reference test(s)
  ── Promoting: on_leave ──
    spliced 5 line(s) at libcst.py:46-49
    wrote 2 reference test(s)
  ── Promoting: on_leave ──
    spliced 5 line(s) at libcst.py:24-27
  ── Gate: compile ── PASS
  ── Gate: stdlib-coverage --module libcst ──
      baseline: L1=0 L2=6 L3=2 L4=2 L5=0
      final:    L1=0 L2=3 L3=2 L4=2 L5=3   (Δ L4+ = +3)
      VERDICT: PASS
  ── Gate: self-annotate-verify ── PASS (26/26)
  Outcome: COMMIT-READY
