=== 2026-05-31T21:59:23.952123+00:00Z  Module: difflib ===
  Baseline: L1=0 L2=6 L3=2 L4=0 L5=0
  Targets: 8 functions to promote
  CPython source: 13 functions with docstrings
  ── Promoting: IS_CHARACTER_JUNK ──
    spliced 4 line(s) at difflib.py:46-47
    wrote 2 reference test(s)
  ── Promoting: IS_LINE_JUNK ──
    spliced 3 line(s) at difflib.py:40-41
    wrote 2 reference test(s)
  ── Promoting: diff_bytes ──
    spliced 3 line(s) at difflib.py:34-35
    wrote 2 reference test(s)
  ── Promoting: unified_diff ──
    spliced 4 line(s) at difflib.py:28-29
    wrote 2 reference test(s)
  ── Promoting: restore ──
    spliced 5 line(s) at difflib.py:22-23
    wrote 2 reference test(s)
  ── Promoting: ndiff ──
    spliced 3 line(s) at difflib.py:16-17
    wrote 2 reference test(s)
  ── Promoting: get_close_matches ──
    spliced 7 line(s) at difflib.py:10-11
    wrote 2 reference test(s)
  ── Promoting: context_diff ──
    spliced 3 line(s) at difflib.py:4-5
    wrote 2 reference test(s)
  ── Gate: compile ── PASS
  ── Gate: stdlib-coverage --module difflib ──
      baseline: L1=0 L2=6 L3=2 L4=0 L5=0
      final:    L1=1 L2=0 L3=0 L4=0 L5=7   (Δ L4+ = +7)
      VERDICT: PASS
  ── Gate: self-annotate-verify ── PASS (26/26)
  Outcome: COMMIT-READY
