=== 2026-05-31T23:50:27.726056+00:00Z  Module: imaplib ===
  Baseline: L1=0 L2=4 L3=0 L4=0 L5=0
  Targets: 4 functions to promote
  CPython source: 63 functions with docstrings
  ── Promoting: Time2Internaldate ──
    spliced 3 line(s) at imaplib.py:22-23
    wrote 2 reference test(s)
  ── Promoting: ParseFlags ──
    spliced 3 line(s) at imaplib.py:16-17
    wrote 2 reference test(s)
  ── Promoting: Int2AP ──
    spliced 4 line(s) at imaplib.py:10-11
    wrote 2 reference test(s)
  ── Promoting: Internaldate2tuple ──
    spliced 3 line(s) at imaplib.py:4-5
    wrote 2 reference test(s)
  ── Gate: compile ── PASS
  ── Gate: stdlib-coverage --module imaplib ──
      baseline: L1=0 L2=4 L3=0 L4=0 L5=0
      final:    L1=1 L2=1 L3=0 L4=0 L5=2   (Δ L4+ = +2)
      VERDICT: PASS
  ── Gate: self-annotate-verify ── PASS (26/26)
  Outcome: COMMIT-READY
