=== 2026-05-31T10:01:41.595507+00:00Z  Module: dataclasses ===
  Baseline: L1=0 L2=7 L3=1 L4=0 L5=0
  Targets: 8 functions to promote
  CPython source: 9 functions with docstrings
  ── Promoting: replace ──
    spliced 4 line(s) at dataclasses.py:64-65
    wrote 2 reference test(s)
  ── Promoting: make_dataclass ──
    spliced 6 line(s) at dataclasses.py:58-59
    wrote 2 reference test(s)
  ── Promoting: astuple ──
    spliced 4 line(s) at dataclasses.py:50-51
    wrote 2 reference test(s)
  ── Promoting: asdict ──
    spliced 4 line(s) at dataclasses.py:44-45
    wrote 2 reference test(s)
  ── Promoting: is_dataclass ──
    spliced 3 line(s) at dataclasses.py:36-37
    wrote 2 reference test(s)
  ── Promoting: fields ──
    spliced 3 line(s) at dataclasses.py:30-31
    wrote 2 reference test(s)
  ── Promoting: field ──
    spliced 3 line(s) at dataclasses.py:22-23
    wrote 2 reference test(s)
  ── Promoting: dataclass ──
    spliced 3 line(s) at dataclasses.py:14-15
    wrote 2 reference test(s)
  ── Gate: compile ── PASS
  ── Gate: stdlib-coverage --module dataclasses ──
      baseline: L1=0 L2=7 L3=1 L4=0 L5=0
      final:    L1=3 L2=1 L3=0 L4=0 L5=4   (Δ L4+ = +4)
      VERDICT: PASS
  ── Gate: self-annotate-verify ── PASS (26/26)
  Outcome: COMMIT-READY
