=== 2026-05-31T10:36:45.423364+00:00Z  Module: functools ===
  Baseline: L1=0 L2=7 L3=0 L4=0 L5=0
  Targets: 7 functions to promote
  CPython source: 40 functions with docstrings
  ── Promoting: cmp_to_key ──
    spliced 3 line(s) at functools.py:47-47
    wrote 2 reference test(s)
  ── Promoting: total_ordering ──
    spliced 3 line(s) at functools.py:42-42
    wrote 2 reference test(s)
  ── Promoting: reduce ──
    spliced 3 line(s) at functools.py:35-35
    wrote 2 reference test(s)
  ── Promoting: cached_property ──
    spliced 4 line(s) at functools.py:28-28
    wrote 2 reference test(s)
  ── Promoting: lru_cache ──
    spliced 4 line(s) at functools.py:23-23
    wrote 2 reference test(s)
  ── Promoting: wraps ──
    spliced 4 line(s) at functools.py:18-18
    wrote 2 reference test(s)
  ── Promoting: partial ──
    spliced 4 line(s) at functools.py:11-11
    wrote 2 reference test(s)
  ── Gate: compile ── PASS
  ── Gate: stdlib-coverage --module functools ──
      baseline: L1=0 L2=7 L3=0 L4=0 L5=0
      final:    L1=2 L2=0 L3=0 L4=0 L5=5   (Δ L4+ = +5)
      VERDICT: PASS
  ── Gate: self-annotate-verify ── PASS (26/26)
  Outcome: COMMIT-READY
