=== 2026-06-01T01:32:00.945196+00:00Z  Module: marshal ===
  Baseline: L1=0 L2=4 L3=0 L4=0 L5=0
  Targets: 4 functions to promote
  CPython source: 4 functions with docstrings
  ── Promoting: loads ──
    spliced 3 line(s) at marshal.py:22-23
    wrote 2 reference test(s)
  ── Promoting: dumps ──
    spliced 3 line(s) at marshal.py:16-17
    wrote 2 reference test(s)
  ── Promoting: load ──
    spliced 4 line(s) at marshal.py:10-11
    wrote 2 reference test(s)
  ── Promoting: dump ──
    spliced 4 line(s) at marshal.py:4-5
    wrote 2 reference test(s)
  ── Gate: compile ── PASS
  ── Gate: stdlib-coverage --module marshal ──
      baseline: L1=0 L2=4 L3=0 L4=0 L5=0
      final:    L1=0 L2=1 L3=0 L4=0 L5=3   (Δ L4+ = +3)
      VERDICT: PASS
  ── Gate: self-annotate-verify ── PASS (26/26)
  Outcome: COMMIT-READY
