=== 2026-05-31T22:48:09.475103+00:00Z  Module: gc ===
  Baseline: L1=0 L2=15 L3=3 L4=0 L5=0
  Targets: 18 functions to promote
  CPython source: 18 functions with docstrings
  ── Promoting: get_freeze_count ──
    spliced 3 line(s) at gc.py:106-107
    wrote 2 reference test(s)
  ── Promoting: unfreeze ──
    spliced 3 line(s) at gc.py:100-101
    wrote 2 reference test(s)
  ── Promoting: freeze ──
    spliced 4 line(s) at gc.py:94-95
    wrote 2 reference test(s)
  ── Promoting: is_finalized ──
    spliced 3 line(s) at gc.py:88-89
    wrote 2 reference test(s)
  ── Promoting: is_tracked ──
    spliced 3 line(s) at gc.py:82-83
    wrote 2 reference test(s)
  ── Promoting: get_referents ──
    spliced 3 line(s) at gc.py:76-77
    wrote 2 reference test(s)
  ── Promoting: get_referrers ──
    spliced 3 line(s) at gc.py:70-71
    wrote 2 reference test(s)
  ── Promoting: get_threshold ──
    spliced 3 line(s) at gc.py:64-65
    wrote 2 reference test(s)
  ── Promoting: get_count ──
    spliced 3 line(s) at gc.py:58-59
    wrote 2 reference test(s)
  ── Promoting: set_threshold ──
    spliced 6 line(s) at gc.py:52-53
    wrote 2 reference test(s)
  ── Promoting: get_stats ──
    spliced 3 line(s) at gc.py:46-47
    wrote 2 reference test(s)
  ── Promoting: get_objects ──
    spliced 5 line(s) at gc.py:40-41
    wrote 2 reference test(s)
  ── Promoting: get_debug ──
    spliced 3 line(s) at gc.py:34-35
    wrote 2 reference test(s)
  ── Promoting: set_debug ──
    spliced 3 line(s) at gc.py:28-29
    wrote 2 reference test(s)
  ── Promoting: collect ──
    spliced 4 line(s) at gc.py:22-23
    wrote 2 reference test(s)
  ── Promoting: isenabled ──
    spliced 3 line(s) at gc.py:16-17
    wrote 2 reference test(s)
  ── Promoting: disable ──
    spliced 3 line(s) at gc.py:10-11
    wrote 2 reference test(s)
  ── Promoting: enable ──
    spliced 3 line(s) at gc.py:4-5
    wrote 2 reference test(s)
  ── Gate: compile ── PASS
  ── Gate: stdlib-coverage --module gc ──
      baseline: L1=0 L2=15 L3=3 L4=0 L5=0
      final:    L1=0 L2=6 L3=2 L4=0 L5=10   (Δ L4+ = +10)
      VERDICT: PASS
  ── Gate: self-annotate-verify ── PASS (26/26)
  Outcome: COMMIT-READY
