=== 2026-05-31T20:48:50.086578+00:00Z  Module: ctypes ===
  Baseline: L1=0 L2=32 L3=0 L4=0 L5=0
  Targets: 32 functions to promote
  CPython source: 23 functions with docstrings
  ── Promoting: ARRAY ──
    spliced 4 line(s) at ctypes.py:190-191
    wrote 2 reference test(s)
  ── Promoting: memoryview_at ──
    spliced 6 line(s) at ctypes.py:184-185
    wrote 2 reference test(s)
  ── Promoting: wstring_at ──
    spliced 4 line(s) at ctypes.py:178-179
    wrote 2 reference test(s)
  ── Promoting: WinError ──
    spliced 4 line(s) at ctypes.py:172-173
    wrote 2 reference test(s)
  ── Promoting: string_at ──
    spliced 5 line(s) at ctypes.py:166-167
    wrote 2 reference test(s)
  ── Promoting: sizeof ──
    spliced 3 line(s) at ctypes.py:160-161
    wrote 2 reference test(s)
  ── Promoting: set_last_error ──
    spliced 4 line(s) at ctypes.py:154-155
    wrote 2 reference test(s)
  ── Promoting: set_errno ──
    spliced 4 line(s) at ctypes.py:148-149
    wrote 2 reference test(s)
  ── Promoting: resize ──
    spliced 4 line(s) at ctypes.py:142-143
    wrote 2 reference test(s)
  ── Promoting: pointer ──
    spliced 3 line(s) at ctypes.py:136-137
    wrote 2 reference test(s)
  ── Promoting: POINTER ──
    spliced 3 line(s) at ctypes.py:130-131
    wrote 2 reference test(s)
  ── Promoting: memset ──
    spliced 6 line(s) at ctypes.py:124-125
    wrote 2 reference test(s)
  ── Promoting: memmove ──
    spliced 4 line(s) at ctypes.py:118-119
    wrote 2 reference test(s)
  ── Promoting: get_last_error ──
    spliced 4 line(s) at ctypes.py:112-113
    wrote 2 reference test(s)
  ── Promoting: get_errno ──
    spliced 4 line(s) at ctypes.py:106-107
    wrote 2 reference test(s)
  ── Promoting: GetLastError ──
    spliced 4 line(s) at ctypes.py:100-101
    wrote 2 reference test(s)
  ── Promoting: FormatError ──
    spliced 4 line(s) at ctypes.py:94-95
    wrote 2 reference test(s)
  ── Promoting: dllist ──
    spliced 4 line(s) at ctypes.py:88-89
    wrote 2 reference test(s)
  ── Promoting: DllGetClassObject ──
    spliced 4 line(s) at ctypes.py:82-83
    wrote 2 reference test(s)
  ── Promoting: DllCanUnloadNow ──
    spliced 4 line(s) at ctypes.py:76-77
    wrote 2 reference test(s)
  ── Promoting: create_unicode_buffer ──
    spliced 4 line(s) at ctypes.py:70-71
    wrote 2 reference test(s)
  ── Promoting: create_string_buffer ──
    spliced 5 line(s) at ctypes.py:64-65
    wrote 2 reference test(s)
  ── Promoting: cast ──
    spliced 4 line(s) at ctypes.py:58-59
    wrote 2 reference test(s)
  ── Promoting: CopyComPointer ──
    spliced 4 line(s) at ctypes.py:52-53
    wrote 2 reference test(s)
  ── Promoting: byref ──
    spliced 3 line(s) at ctypes.py:46-47
    wrote 2 reference test(s)
  ── Promoting: alignment ──
    spliced 3 line(s) at ctypes.py:40-41
    wrote 2 reference test(s)
  ── Promoting: addressof ──
    spliced 3 line(s) at ctypes.py:34-35
    wrote 2 reference test(s)
  ── Promoting: PYFUNCTYPE ──
    spliced 4 line(s) at ctypes.py:28-29
    wrote 2 reference test(s)
  ── Promoting: WINFUNCTYPE ──
    spliced 4 line(s) at ctypes.py:22-23
    wrote 2 reference test(s)
  ── Promoting: CFUNCTYPE ──
    spliced 2 line(s) at ctypes.py:16-17
    wrote 2 reference test(s)
  ── Promoting: find_msvcrt ──
    spliced 4 line(s) at ctypes.py:10-11
    wrote 2 reference test(s)
  ── Promoting: find_library ──
    spliced 4 line(s) at ctypes.py:4-5
    wrote 2 reference test(s)
  ── Gate: compile ── PASS
  ── Gate: stdlib-coverage --module ctypes ──
      baseline: L1=0 L2=32 L3=0 L4=0 L5=0
      final:    L1=2 L2=4 L3=2 L4=0 L5=24   (Δ L4+ = +24)
      VERDICT: PASS
  ── Gate: self-annotate-verify ── PASS (26/26)
  Outcome: COMMIT-READY
