[*] Parsing and Semantic Analysis for 'src/self-annotate/src/frontend/Module3_Weaver.py'...
[*] Memory model: hoare
[*] Imported class from 'frontend.Module2_Parser': Requires (record + 0 method stub(s) + 81 helper(s))
[*] Imported class from 'frontend.Module2_Parser': Ensures (record + 0 method stub(s) + 0 helper(s))
[*] Imported class from 'frontend.Module2_Parser': Assigns (record + 0 method stub(s) + 0 helper(s))
[*] Imported class from 'frontend.Module2_Parser': LoopInvariant (record + 0 method stub(s) + 0 helper(s))
[*] Imported class from 'frontend.Module2_Parser': LoopVariant (record + 0 method stub(s) + 0 helper(s))
[*] Imported class from 'frontend.Module2_Parser': ClassInvariant (record + 0 method stub(s) + 0 helper(s))
[*] Imported class from 'frontend.Module2_Parser': CSLLabel (record + 0 method stub(s) + 0 helper(s))
[*] Imported class from 'frontend.Module2_Parser': FunctionVariant (record + 0 method stub(s) + 0 helper(s))
[*] Imported class from 'frontend.Module2_Parser': Diverges (record + 0 method stub(s) + 0 helper(s))
[*] Imported class from 'frontend.Module2_Parser': NoInline (record + 0 method stub(s) + 0 helper(s))
[*] Imported class from 'frontend.Module2_Parser': SiblingConcrete (record + 0 method stub(s) + 0 helper(s))
[*] Imported class from 'frontend.Module2_Parser': VerifyModule (record + 0 method stub(s) + 0 helper(s))
[*] Imported class from 'frontend.Module2_Parser': PropagateFrame (record + 0 method stub(s) + 0 helper(s))
[*] Imported class from 'frontend.Module2_Parser': FreshGlobals (record + 0 method stub(s) + 0 helper(s))
[*] Imported class from 'frontend.Module2_Parser': Trusted (record + 0 method stub(s) + 0 helper(s))
[*] Imported class from 'frontend.Module2_Parser': Abstract (record + 0 method stub(s) + 0 helper(s))
[*] Imported class from 'frontend.Module2_Parser': Lemma (record + 0 method stub(s) + 0 helper(s))
[*] Imported class from 'frontend.Module2_Parser': Uses (record + 0 method stub(s) + 0 helper(s))
[*] Imported class from 'frontend.Module2_Parser': InterfaceClause (record + 0 method stub(s) + 0 helper(s))
[*] Imported class from 'frontend.Module2_Parser': Reveal (record + 0 method stub(s) + 0 helper(s))
[*] Imported class from 'frontend.Module2_Parser': GhostAssignDecl (record + 0 method stub(s) + 0 helper(s))
[*] Imported class from 'frontend.Module2_Parser': GhostArraySetDecl (record + 0 method stub(s) + 0 helper(s))
[*] Imported class from 'frontend.Module2_Parser': RaisesDecl (record + 0 method stub(s) + 0 helper(s))
[*] Imported class from 'frontend.Module2_Parser': NoExceptionDecl (record + 0 method stub(s) + 0 helper(s))
[*] Imported class from 'frontend.Module2_Parser': AllowFinalizerDecl (record + 0 method stub(s) + 0 helper(s))
[*] Imported class from 'frontend.Module2_Parser': AllowIterationMutationDecl (record + 0 method stub(s) + 0 helper(s))
[*] Imported class from 'frontend.Module2_Parser': BoundedIntDecl (record + 0 method stub(s) + 0 helper(s))
[*] Imported class from 'frontend.Module2_Parser': ProofDecl (record + 0 method stub(s) + 0 helper(s))
[*] Imported class from 'frontend.Module2_Parser': SharedDecl (record + 0 method stub(s) + 0 helper(s))
[*] Imported class from 'frontend.Module2_Parser': DatatypeDecl (record + 0 method stub(s) + 0 helper(s))
[*] Imported class from 'frontend.Module2_Parser': InductiveDecl (record + 0 method stub(s) + 0 helper(s))
[*] Imported class from 'frontend.Module2_Parser': ThreadEntry (record + 0 method stub(s) + 0 helper(s))
[*] Imported class from 'frontend.Module2_Parser': Acquires (record + 0 method stub(s) + 0 helper(s))
[*] Imported class from 'frontend.Module2_Parser': Releases (record + 0 method stub(s) + 0 helper(s))
[*] Imported class from 'frontend.Module2_Parser': CriticalSection (record + 0 method stub(s) + 0 helper(s))
[*] Imported class from 'frontend.Module2_Parser': MutexInvariant (record + 0 method stub(s) + 0 helper(s))
[*] Imported class from 'frontend.Module2_Parser': LockOrder (record + 0 method stub(s) + 0 helper(s))
[*] Imported class from 'frontend.Module2_Parser': BinOp (record + 0 method stub(s) + 0 helper(s))
[*] Imported class from 'frontend.Module2_Parser': Number (record + 0 method stub(s) + 0 helper(s))
[*] Imported class from 'frontend.Module2_Parser': Act (record + 0 method stub(s) + 0 helper(s))
[*] Imported class from 'frontend.Module2_Parser': ForExpand (record + 0 method stub(s) + 0 helper(s))
[*] Imported class from 'frontend.Module2_Parser': Given (record + 0 method stub(s) + 0 helper(s))
[*] Imported class from 'frontend.Module2_Parser': Complete (record + 0 method stub(s) + 0 helper(s))
[*] Imported class from 'frontend.Module2_Parser': Disjoint (record + 0 method stub(s) + 0 helper(s))
[*] Imported class from 'frontend.Module2_Parser': Old (record + 0 method stub(s) + 0 helper(s))
[*] Imported class from 'frontend.Module2_Parser': UnaryOp (record + 0 method stub(s) + 0 helper(s))
[*] Imported class from 'frontend.Module2_Parser': CSLBool (record + 0 method stub(s) + 0 helper(s))
[*] Imported class from 'frontend.Module2_Parser': CheckPoint (record + 0 method stub(s) + 0 helper(s))
[*] Imported class from 'frontend.Module2_Parser': HappyProperty (record + 0 method stub(s) + 0 helper(s))
[*] Imported class from 'frontend.Module2_Parser': Preserves (record + 0 method stub(s) + 0 helper(s))
[*] Imported class from 'frontend.Module2_Parser': Footprint (record + 0 method stub(s) + 0 helper(s))
[*] Imported class from 'frontend.Module2_Parser': Var (record + 0 method stub(s) + 0 helper(s))
[*] Imported class from 'frontend.Module2_Parser': Forall (record + 0 method stub(s) + 0 helper(s))
[*] Imported class from 'frontend.Module2_Parser': FieldSubscript (record + 0 method stub(s) + 0 helper(s))
[*] Imported class from 'frontend.Module2_Parser': MixinDecl (record + 0 method stub(s) + 0 helper(s))
[*] Imported class from 'frontend.Module2_Parser': ProvidesDecl (record + 0 method stub(s) + 0 helper(s))
[*] Imported class from 'frontend.Module2_Parser': SharedStateDecl (record + 0 method stub(s) + 0 helper(s))
[*] Imported class from 'frontend.Module2_Parser': TouchesFieldDecl (record + 0 method stub(s) + 0 helper(s))
[*] Imported class from 'frontend.Module2_Parser': MethodDependencyDecl (record + 0 method stub(s) + 0 helper(s))
[*] Imported class from 'frontend.Module2_Parser': ComposeFromDecl (record + 0 method stub(s) + 0 helper(s))
[*] Imported class from 'frontend.Module2_Parser': ConformsToDecl (record + 0 method stub(s) + 0 helper(s))
[*] Imported class from 'errors': PyCSLSemanticError (record + 0 method stub(s) + 2 helper(s))
[*] Imported class from 'frontend.Module1_Ingestor': PyCSLContract (record + 0 method stub(s) + 14 helper(s))
[!] Error: Function(s) not found: _is_trivial_new
    Available: _clean, _contractparser___err, _contractparser___grab_reviewer_id, _contractparser___mk_in, _contractparser___parse_act_block, _contractparser___parse_act_names, _contractparser___parse_and_rhs, _contractparser___parse_assigns, _contractparser___parse_assigns_region, _contractparser___parse_assigns_target, _contractparser___parse_assumes, _contractparser___parse_atom, _contractparser___parse_atom_bs, _contractparser___parse_atom_name, _contractparser___parse_atom_primary, _contractparser___parse_class_invariant, _contractparser___parse_comparison, _contractparser___parse_compose_from, _contractparser___parse_conforms_to, _contractparser___parse_contract, _contractparser___parse_datatype, _contractparser___parse_depends_method, _contractparser___parse_dotted_path, _contractparser___parse_dotted_path_list, _contractparser___parse_equality, _contractparser___parse_expr, _contractparser___parse_expr_list, _contractparser___parse_factor, _contractparser___parse_footprint, _contractparser___parse_for_block, _contractparser___parse_function_variant, _contractparser___parse_ghost, _contractparser___parse_happy, _contractparser___parse_happy_region, _contractparser___parse_happy_targets, _contractparser___parse_impl_rhs, _contractparser___parse_implication, _contractparser___parse_inductive, _contractparser___parse_inductive_rules, _contractparser___parse_interface, _contractparser___parse_lock_order, _contractparser___parse_logical_and, _contractparser___parse_logical_or, _contractparser___parse_loop, _contractparser___parse_membership, _contractparser___parse_mixin_method_sig, _contractparser___parse_mixin_param, _contractparser___parse_mixin_params, _contractparser___parse_mixin_type, _contractparser___parse_mutex_expr_str, _contractparser___parse_mutex_invariant, _contractparser___parse_no_exception, _contractparser___parse_opt_except, _contractparser___parse_or_rhs, _contractparser___parse_proof, _contractparser___parse_qualname, _contractparser___parse_quantifier, _contractparser___parse_raises, _contractparser___parse_shared, _contractparser___parse_shared_state, _contractparser___parse_term, _contractparser___parse_touches_field, _contractparser___parse_trusted, _contractparser___parse_unary, _contractparser___parse_variant_def, _contractparser___try, _contractparser__accept_op, _contractparser__advance, _contractparser__at_bs, _contractparser__at_eof, _contractparser__at_name, _contractparser__at_op, _contractparser__cur, _contractparser__expect_bs, _contractparser__expect_name, _contractparser__expect_op, _contractparser__parse, _contractparser__peek, _csl_to_str, _harvester___assign, _harvester___build, _harvester___emit_block_footer, _harvester___emit_suite, _harvester___emit_target, _harvester___fold_blocks, _harvester___fold_clauses, _harvester___make, _harvester___normalize_leading, _harvester__run, _indent_width, _lex_contract, _match_block_hdr, module1_ingestor__process, module2_parser__parse_contract, module2_parser__parse_node_contracts, module3_weaver___attach_labels_and_ghost_assigns, module3_weaver___canonical_preservation_ensures, module3_weaver___check_protect_aliasing, module3_weaver___collect_field_read_sites, module3_weaver___collect_field_sites, module3_weaver___collect_protect_index_sites, module3_weaver___collect_protect_sites, module3_weaver___collect_self_call_sites, module3_weaver___consolidate_module_concurrency, module3_weaver___expand_happy_properties, module3_weaver___extract_happy_properties, module3_weaver___field_write_site, module3_weaver___happy_predicate, module3_weaver___parse_extracted_contracts, module3_weaver___region_bound_str, module3_weaver___subscript_read_site, module3_weaver___subst_csl_param, module3_weaver___synthesize_selfcomp, module3_weaver___target_dotted_path, module3_weaver__process, pycslerror__as_dict, pycslerror__message, pycslweaver___act_guard, pycslweaver___attach_loop_contracts, pycslweaver___const_int, pycslweaver___desugar_acts, pycslweaver___desugar_for, pycslweaver___dispatch_function_contracts, pycslweaver___extract_mixin_directives, pycslweaver___init_function_csl_fields, pycslweaver___is_trivial_new, pycslweaver___subst_var, pycslweaver___validate_function_contracts, pycslweaver__visit_ClassDef, pycslweaver__visit_For, pycslweaver__visit_FunctionDef, pycslweaver__visit_Module, pycslweaver__visit_While, pycslweaver__visit_With
