[*] Parsing and Semantic Analysis for 'src/self-annotate/src/frontend/monomorphize.py'...
[*] Memory model: hoare
[*] --fun filter: verifying ['_sanitize_type_name', '_scan_node_for_subscript_calls', '_type_str'], trusting ['_check_bounds', '_check_gt3_schema_only', '_check_gt4_polymorphic_recursion', '_collect_generic_decls', '_collect_instantiations', '_collect_instantiations_ast', '_emit_specializations', '_extract_ast_subscript', '_find_subscript_calls', '_mangled_name', '_match_generic_annotation', '_record_classification', '_rewrite_annotation_str', '_rewrite_annotations', '_rewrite_call_sites', '_rewrite_subscript_calls_in_stmt', '_rewrite_subscript_to_name', '_specialize_decl', '_specialize_function', '_subst_type_in_ir', 'apply_monomorphization']
[*] Running Proof Engine (provers: Alt-Ergo,2.6.2, → Z3,4.13.3,)...

--- Verification Results ---
File "/tmp/.pycsl_h2q1hoe1.mlw", line 80, characters 18-37:
Sub-goal variant decrease of goal size_pos'vc.
Prover result is: Valid (0.02s, 17247 steps).

File "/tmp/.pycsl_h2q1hoe1.mlw", line 81, characters 18-36:
Sub-goal variant decrease of goal size_pos'vc.
Prover result is: Valid (0.01s, 17166 steps).

File "/tmp/.pycsl_h2q1hoe1.mlw", line 78, characters 14-27:
Sub-goal postcondition of goal size_pos'vc.
Prover result is: Valid (0.26s, 629260 steps).

File "/tmp/.pycsl_h2q1hoe1.mlw", line 85, characters 41-51:
Sub-goal variant decrease of goal size_list_nonneg'vc.
Prover result is: Valid (0.01s, 4510 steps).

File "/tmp/.pycsl_h2q1hoe1.mlw", line 85, characters 53-71:
Sub-goal variant decrease of goal size_list_nonneg'vc.
Prover result is: Valid (0.01s, 5217 steps).

File "/tmp/.pycsl_h2q1hoe1.mlw", line 84, characters 14-30:
Sub-goal postcondition of goal size_list_nonneg'vc.
Prover result is: Valid (0.02s, 16925 steps).

File "/tmp/.pycsl_h2q1hoe1.mlw", line 88, characters 48-58:
Sub-goal variant decrease of goal size_dict_nonneg'vc.
Prover result is: Valid (0.01s, 4514 steps).

File "/tmp/.pycsl_h2q1hoe1.mlw", line 88, characters 60-81:
Sub-goal variant decrease of goal size_dict_nonneg'vc.
Prover result is: Valid (0.01s, 5578 steps).

File "/tmp/.pycsl_h2q1hoe1.mlw", line 87, characters 14-30:
Sub-goal postcondition of goal size_dict_nonneg'vc.
Prover result is: Valid (0.02s, 18160 steps).

File "/tmp/.pycsl_h2q1hoe1.mlw", line 95, characters 48-68:
Sub-goal variant decrease of goal size_dict_mem'vc.
Prover result is: Valid (0.01s, 5660 steps).

File "/tmp/.pycsl_h2q1hoe1.mlw", line 91, characters 29-49:
Sub-goal postcondition of goal size_dict_mem'vc.
Prover result is: Valid (0.02s, 25056 steps).

File "/tmp/.pycsl_h2q1hoe1.mlw", line 122, characters 24-42:
Sub-goal variant decrease of goal wf_ir_binds'vc.
Prover result is: Valid (0.01s, 8074 steps).

File "/tmp/.pycsl_h2q1hoe1.mlw", line 122, characters 24-42:
Sub-goal precondition of goal wf_ir_binds'vc.
Prover result is: Valid (0.02s, 30628 steps).

File "/tmp/.pycsl_h2q1hoe1.mlw", line 118, characters 52-62:
Sub-goal postcondition of goal wf_ir_binds'vc.
Prover result is: Valid (0.60s, 700666 steps).

File "/tmp/.pycsl_h2q1hoe1.mlw", line 163, characters 59-73:
Sub-goal variant decrease of goal slookup'vc.
Prover result is: Valid (0.01s, 8232 steps).

File "/tmp/.pycsl_h2q1hoe1.mlw", line 174, characters 34-50:
Sub-goal variant decrease of goal sappend'vc.
Prover result is: Valid (0.01s, 8206 steps).

File "/tmp/.pycsl_h2q1hoe1.mlw", line 184, characters 68-86:
Sub-goal variant decrease of goal pget_dyn'vc.
Prover result is: Valid (0.01s, 8252 steps).

File "/tmp/.pycsl_h2q1hoe1.mlw", line 185, characters 24-42:
Sub-goal variant decrease of goal pget_dyn'vc.
Prover result is: Valid (0.01s, 8524 steps).

File "/tmp/.pycsl_h2q1hoe1.mlw", line 181, characters 14-85:
Sub-goal postcondition of goal pget_dyn'vc.
Prover result is: Valid (0.02s, 30846 steps).

File "/tmp/.pycsl_h2q1hoe1.mlw", line 189, characters 14-45:
Sub-goal postcondition of goal pget_list'vc.
Prover result is: Valid (0.02s, 28826 steps).

File "/tmp/.pycsl_h2q1hoe1.mlw", line 189, characters 14-45:
Sub-goal postcondition of goal pget_list'vc.
Prover result is: Valid (0.15s, 433134 steps).

File "/tmp/.pycsl_h2q1hoe1.mlw", line 189, characters 14-45:
Sub-goal postcondition of goal pget_list'vc.
Prover result is: Valid (0.11s, 281686 steps).

File "/tmp/.pycsl_h2q1hoe1.mlw", line 208, characters 52-73:
Sub-goal variant decrease of goal pdict_to_sdict'vc.
Prover result is: Valid (0.01s, 8206 steps).

File "/tmp/.pycsl_h2q1hoe1.mlw", line 232, characters 32-36:
Sub-goal postcondition of goal _check_bounds__tps'vc.
Prover result is: Valid (0.00s, 2897 steps).

File "/tmp/.pycsl_h2q1hoe1.mlw", line 242, characters 8-34:
Sub-goal variant decrease of goal _check_bounds__tps'vc.
Prover result is: Valid (0.01s, 8077 steps).

File "/tmp/.pycsl_h2q1hoe1.mlw", line 242, characters 8-34:
Sub-goal precondition of goal _check_bounds__tps'vc.
Prover result is: Valid (0.01s, 2922 steps).

File "/tmp/.pycsl_h2q1hoe1.mlw", line 232, characters 32-36:
Sub-goal postcondition of goal _check_bounds__tps'vc.
Prover result is: Valid (0.01s, 2922 steps).

File "/tmp/.pycsl_h2q1hoe1.mlw", line 242, characters 8-34:
Sub-goal variant decrease of goal _check_bounds__tps'vc.
Prover result is: Valid (0.01s, 8261 steps).

File "/tmp/.pycsl_h2q1hoe1.mlw", line 242, characters 8-34:
Sub-goal precondition of goal _check_bounds__tps'vc.
Prover result is: Valid (0.01s, 2987 steps).

File "/tmp/.pycsl_h2q1hoe1.mlw", line 232, characters 32-36:
Sub-goal postcondition of goal _check_bounds__tps'vc.
Prover result is: Valid (0.01s, 2987 steps).

File "/tmp/.pycsl_h2q1hoe1.mlw", line 242, characters 8-34:
Sub-goal variant decrease of goal _check_bounds__tps'vc.
Prover result is: Valid (0.01s, 8014 steps).

File "/tmp/.pycsl_h2q1hoe1.mlw", line 242, characters 8-34:
Sub-goal precondition of goal _check_bounds__tps'vc.
Prover result is: Valid (0.01s, 2906 steps).

File "/tmp/.pycsl_h2q1hoe1.mlw", line 232, characters 32-36:
Sub-goal postcondition of goal _check_bounds__tps'vc.
Prover result is: Valid (0.01s, 2906 steps).

File "/tmp/.pycsl_h2q1hoe1.mlw", line 242, characters 8-34:
Sub-goal variant decrease of goal _check_bounds__tps'vc.
Prover result is: Valid (0.01s, 8195 steps).

File "/tmp/.pycsl_h2q1hoe1.mlw", line 242, characters 8-34:
Sub-goal precondition of goal _check_bounds__tps'vc.
Prover result is: Valid (0.01s, 2970 steps).

File "/tmp/.pycsl_h2q1hoe1.mlw", line 232, characters 32-36:
Sub-goal postcondition of goal _check_bounds__tps'vc.
Prover result is: Valid (0.01s, 2970 steps).

File "/tmp/.pycsl_h2q1hoe1.mlw", line 251, characters 41-93:
Sub-goal precondition of goal _check_bounds'vc.
Prover result is: Valid (0.01s, 2988 steps).

File "/tmp/.pycsl_h2q1hoe1.mlw", line 245, characters 32-36:
Sub-goal postcondition of goal _check_bounds'vc.
Prover result is: Valid (0.01s, 2988 steps).

File "/tmp/.pycsl_h2q1hoe1.mlw", line 245, characters 32-36:
Sub-goal postcondition of goal _check_bounds'vc.
Prover result is: Valid (0.01s, 3040 steps).

File "/tmp/.pycsl_h2q1hoe1.mlw", line 245, characters 32-36:
Sub-goal postcondition of goal _check_bounds'vc.
Prover result is: Valid (0.01s, 2959 steps).

File "/tmp/.pycsl_h2q1hoe1.mlw", line 245, characters 32-36:
Sub-goal postcondition of goal _check_bounds'vc.
Prover result is: Valid (0.01s, 3018 steps).

File "/tmp/.pycsl_h2q1hoe1.mlw", line 255, characters 32-36:
Sub-goal postcondition of goal _check_gt3_schema_only__tps'vc.
Prover result is: Valid (0.01s, 2897 steps).

File "/tmp/.pycsl_h2q1hoe1.mlw", line 266, characters 8-40:
Sub-goal variant decrease of goal _check_gt3_schema_only__tps'vc.
Prover result is: Valid (0.01s, 8077 steps).

File "/tmp/.pycsl_h2q1hoe1.mlw", line 266, characters 8-40:
Sub-goal precondition of goal _check_gt3_schema_only__tps'vc.
Prover result is: Valid (0.01s, 2922 steps).

File "/tmp/.pycsl_h2q1hoe1.mlw", line 255, characters 32-36:
Sub-goal postcondition of goal _check_gt3_schema_only__tps'vc.
Prover result is: Valid (0.01s, 2922 steps).

File "/tmp/.pycsl_h2q1hoe1.mlw", line 266, characters 8-40:
Sub-goal variant decrease of goal _check_gt3_schema_only__tps'vc.
Prover result is: Valid (0.01s, 8014 steps).

File "/tmp/.pycsl_h2q1hoe1.mlw", line 266, characters 8-40:
Sub-goal precondition of goal _check_gt3_schema_only__tps'vc.
Prover result is: Valid (0.01s, 2906 steps).

File "/tmp/.pycsl_h2q1hoe1.mlw", line 255, characters 32-36:
Sub-goal postcondition of goal _check_gt3_schema_only__tps'vc.
Prover result is: Valid (0.01s, 2906 steps).

File "/tmp/.pycsl_h2q1hoe1.mlw", line 266, characters 8-40:
Sub-goal variant decrease of goal _check_gt3_schema_only__tps'vc.
Prover result is: Valid (0.01s, 8195 steps).

File "/tmp/.pycsl_h2q1hoe1.mlw", line 266, characters 8-40:
Sub-goal precondition of goal _check_gt3_schema_only__tps'vc.
Prover result is: Valid (0.01s, 2970 steps).

File "/tmp/.pycsl_h2q1hoe1.mlw", line 255, characters 32-36:
Sub-goal postcondition of goal _check_gt3_schema_only__tps'vc.
Prover result is: Valid (0.01s, 2970 steps).

File "/tmp/.pycsl_h2q1hoe1.mlw", line 269, characters 32-36:
Sub-goal postcondition of goal _check_gt3_schema_only__outer'vc.
Prover result is: Valid (0.01s, 2954 steps).

File "/tmp/.pycsl_h2q1hoe1.mlw", line 274, characters 36-94:
Sub-goal precondition of goal _check_gt3_schema_only__outer'vc.
Prover result is: Valid (0.01s, 2975 steps).

File "/tmp/.pycsl_h2q1hoe1.mlw", line 275, characters 8-42:
Sub-goal variant decrease of goal _check_gt3_schema_only__outer'vc.
Prover result is: Valid (0.01s, 8272 steps).

File "/tmp/.pycsl_h2q1hoe1.mlw", line 275, characters 8-42:
Sub-goal precondition of goal _check_gt3_schema_only__outer'vc.
Prover result is: Valid (0.01s, 2975 steps).

File "/tmp/.pycsl_h2q1hoe1.mlw", line 269, characters 32-36:
Sub-goal postcondition of goal _check_gt3_schema_only__outer'vc.
Prover result is: Valid (0.01s, 2975 steps).

File "/tmp/.pycsl_h2q1hoe1.mlw", line 275, characters 8-42:
Sub-goal variant decrease of goal _check_gt3_schema_only__outer'vc.
Prover result is: Valid (0.01s, 8404 steps).

File "/tmp/.pycsl_h2q1hoe1.mlw", line 275, characters 8-42:
Sub-goal precondition of goal _check_gt3_schema_only__outer'vc.
Prover result is: Valid (0.01s, 3027 steps).

File "/tmp/.pycsl_h2q1hoe1.mlw", line 269, characters 32-36:
Sub-goal postcondition of goal _check_gt3_schema_only__outer'vc.
Prover result is: Valid (0.01s, 3027 steps).

File "/tmp/.pycsl_h2q1hoe1.mlw", line 279, characters 35-66:
Sub-goal precondition of goal _check_gt3_schema_only'vc.
Prover result is: Valid (0.01s, 2958 steps).

File "/tmp/.pycsl_h2q1hoe1.mlw", line 278, characters 32-36:
Sub-goal postcondition of goal _check_gt3_schema_only'vc.
Prover result is: Valid (0.01s, 2958 steps).

File "/tmp/.pycsl_h2q1hoe1.mlw", line 278, characters 32-36:
Sub-goal postcondition of goal _check_gt3_schema_only'vc.
Prover result is: Valid (0.01s, 3018 steps).

File "/tmp/.pycsl_h2q1hoe1.mlw", line 342, characters 15-19:
Sub-goal postcondition of goal _sanitize_type_name'vc.
Prover result is: Valid (0.01s, 2958 steps).

File "/tmp/.pycsl_h2q1hoe1.mlw", line 342, characters 15-19:
Sub-goal postcondition of goal _sanitize_type_name'vc.
Prover result is: Valid (0.01s, 2967 steps).

File "/tmp/.pycsl_h2q1hoe1.mlw", line 342, characters 15-19:
Sub-goal postcondition of goal _sanitize_type_name'vc.
Prover result is: Valid (0.01s, 3068 steps).

File "/tmp/.pycsl_h2q1hoe1.mlw", line 342, characters 15-19:
Sub-goal postcondition of goal _sanitize_type_name'vc.
Prover result is: Valid (0.01s, 3317 steps).

File "/tmp/.pycsl_h2q1hoe1.mlw", line 365, characters 24-45:
Sub-goal variant decrease of goal _type_str__gtype'vc.
Prover result is: Valid (0.01s, 8552 steps).

File "/tmp/.pycsl_h2q1hoe1.mlw", line 365, characters 24-45:
Sub-goal variant decrease of goal _type_str__gtype'vc.
Prover result is: Valid (0.01s, 8404 steps).

File "/tmp/.pycsl_h2q1hoe1.mlw", line 372, characters 24-45:
Sub-goal variant decrease of goal _type_str__gname'vc.
Prover result is: Valid (0.01s, 8552 steps).

File "/tmp/.pycsl_h2q1hoe1.mlw", line 372, characters 24-45:
Sub-goal variant decrease of goal _type_str__gname'vc.
Prover result is: Valid (0.01s, 8404 steps).

File "/tmp/.pycsl_h2q1hoe1.mlw", line 378, characters 23-44:
Sub-goal precondition of goal _type_str'vc.
Prover result is: Valid (0.01s, 2958 steps).

File "/tmp/.pycsl_h2q1hoe1.mlw", line 383, characters 31-53:
Sub-goal precondition of goal _type_str'vc.
Prover result is: Valid (0.01s, 2984 steps).

File "/tmp/.pycsl_h2q1hoe1.mlw", line 375, characters 32-36:
Sub-goal postcondition of goal _type_str'vc.
Prover result is: Valid (0.01s, 2949 steps).

File "/tmp/.pycsl_h2q1hoe1.mlw", line 394, characters 66-108:
Sub-goal variant decrease of goal _scan_node_for_subscript_calls__rd'vc.
Prover result is: Valid (0.01s, 8252 steps).

File "/tmp/.pycsl_h2q1hoe1.mlw", line 395, characters 24-66:
Sub-goal variant decrease of goal _scan_node_for_subscript_calls__rd'vc.
Prover result is: Valid (0.01s, 8524 steps).

File "/tmp/.pycsl_h2q1hoe1.mlw", line 391, characters 14-85:
Sub-goal postcondition of goal _scan_node_for_subscript_calls__rd'vc.
Prover result is: Valid (0.02s, 30846 steps).

File "/tmp/.pycsl_h2q1hoe1.mlw", line 435, characters 91-151:
Sub-goal variant decrease of goal _scan_node_for_subscript_calls__scan'vc.
Prover result is: Valid (0.03s, 33828 steps).

File "/tmp/.pycsl_h2q1hoe1.mlw", line 435, characters 91-151:
Sub-goal precondition of goal _scan_node_for_subscript_calls__scan'vc.
Prover result is: Valid (0.01s, 3153 steps).

File "/tmp/.pycsl_h2q1hoe1.mlw", line 437, characters 8-68:
Sub-goal variant decrease of goal _scan_node_for_subscript_calls__scan'vc.
Prover result is: Valid (0.02s, 33818 steps).

File "/tmp/.pycsl_h2q1hoe1.mlw", line 437, characters 8-68:
Sub-goal precondition of goal _scan_node_for_subscript_calls__scan'vc.
Prover result is: Valid (0.01s, 3108 steps).

File "/tmp/.pycsl_h2q1hoe1.mlw", line 438, characters 18-78:
Sub-goal variant decrease of goal _scan_node_for_subscript_calls__scan'vc.
Prover result is: Valid (0.02s, 35635 steps).

File "/tmp/.pycsl_h2q1hoe1.mlw", line 438, characters 18-78:
Sub-goal precondition of goal _scan_node_for_subscript_calls__scan'vc.
Prover result is: Valid (0.01s, 3121 steps).

File "/tmp/.pycsl_h2q1hoe1.mlw", line 430, characters 32-36:
Sub-goal postcondition of goal _scan_node_for_subscript_calls__scan'vc.
Prover result is: Valid (0.01s, 3112 steps).

File "/tmp/.pycsl_h2q1hoe1.mlw", line 445, characters 95-155:
Sub-goal variant decrease of goal _scan_node_for_subscript_calls__dfold'vc.
Prover result is: Valid (0.02s, 31879 steps).

File "/tmp/.pycsl_h2q1hoe1.mlw", line 445, characters 95-155:
Sub-goal precondition of goal _scan_node_for_subscript_calls__dfold'vc.
Prover result is: Valid (0.01s, 2975 steps).

File "/tmp/.pycsl_h2q1hoe1.mlw", line 445, characters 36-155:
Sub-goal variant decrease of goal _scan_node_for_subscript_calls__dfold'vc.
Prover result is: Valid (0.02s, 33859 steps).

File "/tmp/.pycsl_h2q1hoe1.mlw", line 445, characters 36-155:
Sub-goal precondition of goal _scan_node_for_subscript_calls__dfold'vc.
Prover result is: Valid (0.00s, 3138 steps).

File "/tmp/.pycsl_h2q1hoe1.mlw", line 442, characters 32-36:
Sub-goal postcondition of goal _scan_node_for_subscript_calls__dfold'vc.
Prover result is: Valid (0.01s, 2949 steps).

File "/tmp/.pycsl_h2q1hoe1.mlw", line 451, characters 74-134:
Sub-goal variant decrease of goal _scan_node_for_subscript_calls__lfold'vc.
Prover result is: Valid (0.02s, 30933 steps).

File "/tmp/.pycsl_h2q1hoe1.mlw", line 451, characters 74-134:
Sub-goal precondition of goal _scan_node_for_subscript_calls__lfold'vc.
Prover result is: Valid (0.01s, 2901 steps).

File "/tmp/.pycsl_h2q1hoe1.mlw", line 451, characters 18-134:
Sub-goal variant decrease of goal _scan_node_for_subscript_calls__lfold'vc.
Prover result is: Valid (0.02s, 34220 steps).

File "/tmp/.pycsl_h2q1hoe1.mlw", line 451, characters 18-134:
Sub-goal precondition of goal _scan_node_for_subscript_calls__lfold'vc.
Prover result is: Valid (0.01s, 3064 steps).

File "/tmp/.pycsl_h2q1hoe1.mlw", line 448, characters 32-36:
Sub-goal postcondition of goal _scan_node_for_subscript_calls__lfold'vc.
Prover result is: Valid (0.01s, 2949 steps).

File "/tmp/.pycsl_h2q1hoe1.mlw", line 455, characters 4-67:
Sub-goal precondition of goal _scan_node_for_subscript_calls'vc.
Prover result is: Valid (0.01s, 2949 steps).

File "/tmp/.pycsl_h2q1hoe1.mlw", line 454, characters 32-36:
Sub-goal postcondition of goal _scan_node_for_subscript_calls'vc.
Prover result is: Valid (0.01s, 3112 steps).

File "/tmp/.pycsl_h2q1hoe1.mlw", line 496, characters 48-73:
Sub-goal variant decrease of goal wf_dict_deep_shallow'vc.
Prover result is: Valid (0.01s, 8818 steps).

File "/tmp/.pycsl_h2q1hoe1.mlw", line 496, characters 48-73:
Sub-goal precondition of goal wf_dict_deep_shallow'vc.
Prover result is: Valid (0.02s, 33691 steps).

File "/tmp/.pycsl_h2q1hoe1.mlw", line 495, characters 42-51:
Sub-goal postcondition of goal wf_dict_deep_shallow'vc.
Prover result is: Valid (0.02s, 29441 steps).

File "/tmp/.pycsl_h2q1hoe1.mlw", line 499, characters 28-50:
Sub-goal precondition of goal wf_ir_deep_shallow'vc.
Prover result is: Valid (0.02s, 31142 steps).

File "/tmp/.pycsl_h2q1hoe1.mlw", line 498, characters 40-47:
Sub-goal postcondition of goal wf_ir_deep_shallow'vc.
Prover result is: Valid (0.05s, 84 steps).

File "/tmp/.pycsl_h2q1hoe1.mlw", line 507, characters 15-26:
Sub-goal postcondition of goal wf_val_str_stable'vc.
Prover result is: Valid (3.76s, 41375 steps).

File "/tmp/.pycsl_h2q1hoe1.mlw", line 507, characters 15-26:
Sub-goal postcondition of goal wf_val_str_stable'vc.
Prover result is: Timeout (30.00s, 14022897 steps).

File "/tmp/.pycsl_h2q1hoe1.mlw", line 507, characters 15-26:
Sub-goal postcondition of goal wf_val_str_stable'vc.
Prover result is: Valid (29.51s, 415094 steps).

File "/tmp/.pycsl_h2q1hoe1.mlw", line 507, characters 15-26:
Sub-goal postcondition of goal wf_val_str_stable'vc.
Prover result is: Valid (27.73s, 414739 steps).

File "/tmp/.pycsl_h2q1hoe1.mlw", line 507, characters 15-26:
Sub-goal postcondition of goal wf_val_str_stable'vc.
Prover result is: Valid (2.56s, 34912 steps).

File "/tmp/.pycsl_h2q1hoe1.mlw", line 507, characters 15-26:
Sub-goal postcondition of goal wf_val_str_stable'vc.
Prover result is: Valid (0.03s, 33165 steps).

File "/tmp/.pycsl_h2q1hoe1.mlw", line 536, characters 24-66:
Sub-goal variant decrease of goal _subst_type_in_ir'vc.
Prover result is: Valid (0.02s, 36357 steps).

File "/tmp/.pycsl_h2q1hoe1.mlw", line 536, characters 24-66:
Sub-goal precondition of goal _subst_type_in_ir'vc.
Prover result is: Valid (0.02s, 36021 steps).

File "/tmp/.pycsl_h2q1hoe1.mlw", line 537, characters 24-65:
Sub-goal variant decrease of goal _subst_type_in_ir'vc.
Prover result is: Valid (0.02s, 36385 steps).

File "/tmp/.pycsl_h2q1hoe1.mlw", line 537, characters 24-65:
Sub-goal precondition of goal _subst_type_in_ir'vc.
Prover result is: Valid (0.02s, 36042 steps).

File "/tmp/.pycsl_h2q1hoe1.mlw", line 533, characters 85-107:
Sub-goal postcondition of goal _subst_type_in_ir'vc.
Prover result is: Valid (0.03s, 34171 steps).

File "/tmp/.pycsl_h2q1hoe1.mlw", line 533, characters 120-139:
Sub-goal postcondition of goal _subst_type_in_ir'vc.
Prover result is: Valid (0.54s, 6114 steps).

File "/tmp/.pycsl_h2q1hoe1.mlw", line 533, characters 152-180:
Sub-goal postcondition of goal _subst_type_in_ir'vc.
Prover result is: Valid (0.52s, 5930 steps).

File "/tmp/.pycsl_h2q1hoe1.mlw", line 533, characters 193-286:
Sub-goal postcondition of goal _subst_type_in_ir'vc.
Prover result is: Valid (0.03s, 37189 steps).

File "/tmp/.pycsl_h2q1hoe1.mlw", line 548, characters 27-60:
Sub-goal variant decrease of goal _subst_type_in_ir__dict'vc.
Prover result is: Valid (0.02s, 42080 steps).

File "/tmp/.pycsl_h2q1hoe1.mlw", line 548, characters 27-60:
Sub-goal precondition of goal _subst_type_in_ir__dict'vc.
Prover result is: Valid (0.02s, 41140 steps).

File "/tmp/.pycsl_h2q1hoe1.mlw", line 548, characters 27-60:
Sub-goal precondition of goal _subst_type_in_ir__dict'vc.
Prover result is: Valid (0.02s, 41206 steps).

File "/tmp/.pycsl_h2q1hoe1.mlw", line 549, characters 17-50:
Sub-goal variant decrease of goal _subst_type_in_ir__dict'vc.
Prover result is: Valid (0.02s, 40599 steps).

File "/tmp/.pycsl_h2q1hoe1.mlw", line 549, characters 17-50:
Sub-goal precondition of goal _subst_type_in_ir__dict'vc.
Prover result is: Valid (0.02s, 39689 steps).

File "/tmp/.pycsl_h2q1hoe1.mlw", line 549, characters 17-50:
Sub-goal precondition of goal _subst_type_in_ir__dict'vc.
Prover result is: Valid (0.02s, 39771 steps).

File "/tmp/.pycsl_h2q1hoe1.mlw", line 551, characters 17-103:
Sub-goal assertion of goal _subst_type_in_ir__dict'vc.
Prover result is: Valid (0.03s, 53992 steps).

File "/tmp/.pycsl_h2q1hoe1.mlw", line 552, characters 8-32:
Sub-goal precondition of goal _subst_type_in_ir__dict'vc.
Prover result is: Valid (0.02s, 51494 steps).

File "/tmp/.pycsl_h2q1hoe1.mlw", line 552, characters 8-32:
Sub-goal precondition of goal _subst_type_in_ir__dict'vc.
Prover result is: Valid (0.01s, 4799 steps).

File "/tmp/.pycsl_h2q1hoe1.mlw", line 553, characters 17-30:
Sub-goal assertion of goal _subst_type_in_ir__dict'vc.
Prover result is: Valid (1.70s, 14661 steps).

File "/tmp/.pycsl_h2q1hoe1.mlw", line 554, characters 19-63:
Sub-goal variant decrease of goal _subst_type_in_ir__dict'vc.
Prover result is: Valid (0.02s, 52432 steps).

File "/tmp/.pycsl_h2q1hoe1.mlw", line 554, characters 19-63:
Sub-goal precondition of goal _subst_type_in_ir__dict'vc.
Prover result is: Valid (0.02s, 51488 steps).

File "/tmp/.pycsl_h2q1hoe1.mlw", line 540, characters 57-96:
Sub-goal postcondition of goal _subst_type_in_ir__dict'vc.
Prover result is: Timeout (30.00s, 288659531 steps).

File "/tmp/.pycsl_h2q1hoe1.mlw", line 560, characters 59-100:
Sub-goal variant decrease of goal _subst_type_in_ir__list'vc.
Prover result is: Valid (0.03s, 38634 steps).

File "/tmp/.pycsl_h2q1hoe1.mlw", line 560, characters 59-100:
Sub-goal precondition of goal _subst_type_in_ir__list'vc.
Prover result is: Valid (0.02s, 38191 steps).

File "/tmp/.pycsl_h2q1hoe1.mlw", line 560, characters 23-58:
Sub-goal variant decrease of goal _subst_type_in_ir__list'vc.
Prover result is: Valid (0.03s, 38912 steps).

File "/tmp/.pycsl_h2q1hoe1.mlw", line 560, characters 23-58:
Sub-goal precondition of goal _subst_type_in_ir__list'vc.
Prover result is: Valid (0.02s, 38244 steps).

File "/tmp/.pycsl_h2q1hoe1.mlw", line 560, characters 23-58:
Sub-goal precondition of goal _subst_type_in_ir__list'vc.
Prover result is: Valid (0.02s, 38326 steps).

File "/tmp/.pycsl_h2q1hoe1.mlw", line 557, characters 59-98:
Sub-goal postcondition of goal _subst_type_in_ir__list'vc.
Prover result is: Valid (0.02s, 34866 steps).

Warnings/Errors from Why3:
Warning, file "/tmp/.pycsl_h2q1hoe1.mlw", line 280, characters 40-47: unused variable ir_data
Warning, file "/tmp/.pycsl_h2q1hoe1.mlw", line 280, characters 55-63: unused variable generics
Warning, file "/tmp/.pycsl_h2q1hoe1.mlw", line 280, characters 71-85: unused variable instantiations
Warning, file "/tmp/.pycsl_h2q1hoe1.mlw", line 280, characters 93-106: unused variable validated_ast
Warning, file "/tmp/.pycsl_h2q1hoe1.mlw", line 284, characters 30-37: unused variable ir_data
Warning, file "/tmp/.pycsl_h2q1hoe1.mlw", line 286, characters 15-19: unused variable result
Warning, file "/tmp/.pycsl_h2q1hoe1.mlw", line 288, characters 31-38: unused variable ir_data
Warning, file "/tmp/.pycsl_h2q1hoe1.mlw", line 288, characters 46-54: unused variable generics
Warning, file "/tmp/.pycsl_h2q1hoe1.mlw", line 290, characters 15-19: unused variable result
Warning, file "/tmp/.pycsl_h2q1hoe1.mlw", line 292, characters 35-39: unused variable tree
Warning, file "/tmp/.pycsl_h2q1hoe1.mlw", line 292, characters 47-55: unused variable generics
Warning, file "/tmp/.pycsl_h2q1hoe1.mlw", line 294, characters 15-19: unused variable result
Warning, file "/tmp/.pycsl_h2q1hoe1.mlw", line 296, characters 29-36: unused variable ir_data
Warning, file "/tmp/.pycsl_h2q1hoe1.mlw", line 296, characters 44-52: unused variable generics
Warning, file "/tmp/.pycsl_h2q1hoe1.mlw", line 296, characters 60-74: unused variable instantiations
Warning, file "/tmp/.pycsl_h2q1hoe1.mlw", line 300, characters 30-34: unused variable node
Warning, file "/tmp/.pycsl_h2q1hoe1.mlw", line 300, characters 42-55: unused variable generic_names
Warning, file "/tmp/.pycsl_h2q1hoe1.mlw", line 302, characters 15-19: unused variable result
Warning, file "/tmp/.pycsl_h2q1hoe1.mlw", line 304, characters 29-33: unused variable body
Warning, file "/tmp/.pycsl_h2q1hoe1.mlw", line 304, characters 47-60: unused variable generic_names
Warning, file "/tmp/.pycsl_h2q1hoe1.mlw", line 306, characters 15-19: unused variable result
Warning, file "/tmp/.pycsl_h2q1hoe1.mlw", line 308, characters 21-33: unused variable generic_name
Warning, file "/tmp/.pycsl_h2q1hoe1.mlw", line 308, characters 44-57: unused variable concrete_type
Warning, file "/tmp/.pycsl_h2q1hoe1.mlw", line 310, characters 15-19: unused variable result
Warning, file "/tmp/.pycsl_h2q1hoe1.mlw", line 312, characters 33-41: unused variable type_str
Warning, file "/tmp/.pycsl_h2q1hoe1.mlw", line 312, characters 49-62: unused variable generic_names
Warning, file "/tmp/.pycsl_h2q1hoe1.mlw", line 314, characters 15-19: unused variable result
Warning, file "/tmp/.pycsl_h2q1hoe1.mlw", line 316, characters 30-37: unused variable ir_data
Warning, file "/tmp/.pycsl_h2q1hoe1.mlw", line 316, characters 45-53: unused variable generics
Warning, file "/tmp/.pycsl_h2q1hoe1.mlw", line 316, characters 61-75: unused variable instantiations
Warning, file "/tmp/.pycsl_h2q1hoe1.mlw", line 320, characters 31-39: unused variable type_str
Warning, file "/tmp/.pycsl_h2q1hoe1.mlw", line 320, characters 47-57: unused variable rename_map
Warning, file "/tmp/.pycsl_h2q1hoe1.mlw", line 322, characters 15-19: unused variable result
Warning, file "/tmp/.pycsl_h2q1hoe1.mlw", line 324, characters 28-35: unused variable ir_data
Warning, file "/tmp/.pycsl_h2q1hoe1.mlw", line 324, characters 43-53: unused variable rename_map
Warning, file "/tmp/.pycsl_h2q1hoe1.mlw", line 328, characters 27-34: unused variable ir_data
Warning, file "/tmp/.pycsl_h2q1hoe1.mlw", line 328, characters 42-52: unused variable rename_map
Warning, file "/tmp/.pycsl_h2q1hoe1.mlw", line 332, characters 40-44: unused variable stmt
Warning, file "/tmp/.pycsl_h2q1hoe1.mlw", line 332, characters 52-62: unused variable rename_map
Warning, file "/tmp/.pycsl_h2q1hoe1.mlw", line 334, characters 15-19: unused variable result
Warning, file "/tmp/.pycsl_h2q1hoe1.mlw", line 336, characters 34-38: unused variable node
Warning, file "/tmp/.pycsl_h2q1hoe1.mlw", line 336, characters 46-56: unused variable rename_map
Warning, file "/tmp/.pycsl_h2q1hoe1.mlw", line 338, characters 15-19: unused variable result
Warning, file "/tmp/.pycsl_h2q1hoe1.mlw", line 342, characters 15-19: unused variable result
Warning, file "/tmp/.pycsl_h2q1hoe1.mlw", line 375, characters 32-36: unused variable result
Warning, file "/tmp/.pycsl_h2q1hoe1.mlw", line 448, characters 32-36: unused variable result
Warning, file "/tmp/.pycsl_h2q1hoe1.mlw", line 442, characters 32-36: unused variable result
Warning, file "/tmp/.pycsl_h2q1hoe1.mlw", line 430, characters 32-36: unused variable result
Warning, file "/tmp/.pycsl_h2q1hoe1.mlw", line 454, characters 32-36: unused variable result
Warning, file "/tmp/.pycsl_h2q1hoe1.mlw", line 456, characters 24-28: unused variable decl
Warning, file "/tmp/.pycsl_h2q1hoe1.mlw", line 456, characters 36-40: unused variable tvar
Warning, file "/tmp/.pycsl_h2q1hoe1.mlw", line 456, characters 51-59: unused variable concrete
Warning, file "/tmp/.pycsl_h2q1hoe1.mlw", line 456, characters 70-78: unused variable new_name
Warning, file "/tmp/.pycsl_h2q1hoe1.mlw", line 458, characters 15-19: unused variable result
Warning, file "/tmp/.pycsl_h2q1hoe1.mlw", line 460, characters 28-32: unused variable func
Warning, file "/tmp/.pycsl_h2q1hoe1.mlw", line 460, characters 40-44: unused variable tvar
Warning, file "/tmp/.pycsl_h2q1hoe1.mlw", line 460, characters 55-63: unused variable concrete
Warning, file "/tmp/.pycsl_h2q1hoe1.mlw", line 460, characters 74-88: unused variable new_class_name
Warning, file "/tmp/.pycsl_h2q1hoe1.mlw", line 460, characters 99-112: unused variable new_self_type
Warning, file "/tmp/.pycsl_h2q1hoe1.mlw", line 462, characters 15-19: unused variable result
Warning, file "/tmp/.pycsl_h2q1hoe1.mlw", line 561, characters 30-37: unused variable ir_data
Warning, file "/tmp/.pycsl_h2q1hoe1.mlw", line 561, characters 45-58: unused variable validated_ast
Warning, file "/tmp/.pycsl_h2q1hoe1.mlw", line 280, characters 40-47: unused variable ir_data
Warning, file "/tmp/.pycsl_h2q1hoe1.mlw", line 280, characters 55-63: unused variable generics
Warning, file "/tmp/.pycsl_h2q1hoe1.mlw", line 280, characters 71-85: unused variable instantiations
Warning, file "/tmp/.pycsl_h2q1hoe1.mlw", line 280, characters 93-106: unused variable validated_ast
Warning, file "/tmp/.pycsl_h2q1hoe1.mlw", line 284, characters 30-37: unused variable ir_data
Warning, file "/tmp/.pycsl_h2q1hoe1.mlw", line 286, characters 15-19: unused variable result
Warning, file "/tmp/.pycsl_h2q1hoe1.mlw", line 288, characters 31-38: unused variable ir_data
Warning, file "/tmp/.pycsl_h2q1hoe1.mlw", line 288, characters 46-54: unused variable generics
Warning, file "/tmp/.pycsl_h2q1hoe1.mlw", line 290, characters 15-19: unused variable result
Warning, file "/tmp/.pycsl_h2q1hoe1.mlw", line 292, characters 35-39: unused variable tree
Warning, file "/tmp/.pycsl_h2q1hoe1.mlw", line 292, characters 47-55: unused variable generics
Warning, file "/tmp/.pycsl_h2q1hoe1.mlw", line 294, characters 15-19: unused variable result
Warning, file "/tmp/.pycsl_h2q1hoe1.mlw", line 296, characters 29-36: unused variable ir_data
Warning, file "/tmp/.pycsl_h2q1hoe1.mlw", line 296, characters 44-52: unused variable generics
Warning, file "/tmp/.pycsl_h2q1hoe1.mlw", line 296, characters 60-74: unused variable instantiations
Warning, file "/tmp/.pycsl_h2q1hoe1.mlw", line 300, characters 30-34: unused variable node
Warning, file "/tmp/.pycsl_h2q1hoe1.mlw", line 300, characters 42-55: unused variable generic_names
Warning, file "/tmp/.pycsl_h2q1hoe1.mlw", line 302, characters 15-19: unused variable result
Warning, file "/tmp/.pycsl_h2q1hoe1.mlw", line 304, characters 29-33: unused variable body
Warning, file "/tmp/.pycsl_h2q1hoe1.mlw", line 304, characters 47-60: unused variable generic_names
Warning, file "/tmp/.pycsl_h2q1hoe1.mlw", line 306, characters 15-19: unused variable result
Warning, file "/tmp/.pycsl_h2q1hoe1.mlw", line 308, characters 21-33: unused variable generic_name
Warning, file "/tmp/.pycsl_h2q1hoe1.mlw", line 308, characters 44-57: unused variable concrete_type
Warning, file "/tmp/.pycsl_h2q1hoe1.mlw", line 310, characters 15-19: unused variable result
Warning, file "/tmp/.pycsl_h2q1hoe1.mlw", line 312, characters 33-41: unused variable type_str
Warning, file "/tmp/.pycsl_h2q1hoe1.mlw", line 312, characters 49-62: unused variable generic_names
Warning, file "/tmp/.pycsl_h2q1hoe1.mlw", line 314, characters 15-19: unused variable result
Warning, file "/tmp/.pycsl_h2q1hoe1.mlw", line 316, characters 30-37: unused variable ir_data
Warning, file "/tmp/.pycsl_h2q1hoe1.mlw", line 316, characters 45-53: unused variable generics
Warning, file "/tmp/.pycsl_h2q1hoe1.mlw", line 316, characters 61-75: unused variable instantiations
Warning, file "/tmp/.pycsl_h2q1hoe1.mlw", line 320, characters 31-39: unused variable type_str
Warning, file "/tmp/.pycsl_h2q1hoe1.mlw", line 320, characters 47-57: unused variable rename_map
Warning, file "/tmp/.pycsl_h2q1hoe1.mlw", line 322, characters 15-19: unused variable result
Warning, file "/tmp/.pycsl_h2q1hoe1.mlw", line 324, characters 28-35: unused variable ir_data
Warning, file "/tmp/.pycsl_h2q1hoe1.mlw", line 324, characters 43-53: unused variable rename_map
Warning, file "/tmp/.pycsl_h2q1hoe1.mlw", line 328, characters 27-34: unused variable ir_data
Warning, file "/tmp/.pycsl_h2q1hoe1.mlw", line 328, characters 42-52: unused variable rename_map
Warning, file "/tmp/.pycsl_h2q1hoe1.mlw", line 332, characters 40-44: unused variable stmt
Warning, file "/tmp/.pycsl_h2q1hoe1.mlw", line 332, characters 52-62: unused variable rename_map
Warning, file "/tmp/.pycsl_h2q1hoe1.mlw", line 334, characters 15-19: unused variable result
Warning, file "/tmp/.pycsl_h2q1hoe1.mlw", line 336, characters 34-38: unused variable node
Warning, file "/tmp/.pycsl_h2q1hoe1.mlw", line 336, characters 46-56: unused variable rename_map
Warning, file "/tmp/.pycsl_h2q1hoe1.mlw", line 338, characters 15-19: unused variable result
Warning, file "/tmp/.pycsl_h2q1hoe1.mlw", line 342, characters 15-19: unused variable result
Warning, file "/tmp/.pycsl_h2q1hoe1.mlw", line 375, characters 32-36: unused variable result
Warning, file "/tmp/.pycsl_h2q1hoe1.mlw", line 448, characters 32-36: unused variable result
Warning, file "/tmp/.pycsl_h2q1hoe1.mlw", line 442, characters 32-36: unused variable result
Warning, file "/tmp/.pycsl_h2q1hoe1.mlw", line 430, characters 32-36: unused variable result
Warning, file "/tmp/.pycsl_h2q1hoe1.mlw", line 454, characters 32-36: unused variable result
Warning, file "/tmp/.pycsl_h2q1hoe1.mlw", line 456, characters 24-28: unused variable decl
Warning, file "/tmp/.pycsl_h2q1hoe1.mlw", line 456, characters 36-40: unused variable tvar
Warning, file "/tmp/.pycsl_h2q1hoe1.mlw", line 456, characters 51-59: unused variable concrete
Warning, file "/tmp/.pycsl_h2q1hoe1.mlw", line 456, characters 70-78: unused variable new_name
Warning, file "/tmp/.pycsl_h2q1hoe1.mlw", line 458, characters 15-19: unused variable result
Warning, file "/tmp/.pycsl_h2q1hoe1.mlw", line 460, characters 28-32: unused variable func
Warning, file "/tmp/.pycsl_h2q1hoe1.mlw", line 460, characters 40-44: unused variable tvar
Warning, file "/tmp/.pycsl_h2q1hoe1.mlw", line 460, characters 55-63: unused variable concrete
Warning, file "/tmp/.pycsl_h2q1hoe1.mlw", line 460, characters 74-88: unused variable new_class_name
Warning, file "/tmp/.pycsl_h2q1hoe1.mlw", line 460, characters 99-112: unused variable new_self_type
Warning, file "/tmp/.pycsl_h2q1hoe1.mlw", line 462, characters 15-19: unused variable result
Warning, file "/tmp/.pycsl_h2q1hoe1.mlw", line 561, characters 30-37: unused variable ir_data
Warning, file "/tmp/.pycsl_h2q1hoe1.mlw", line 561, characters 45-58: unused variable validated_ast

[-] 2 goal(s) remain unproven after all provers:
    Prover result is: Timeout (30.00s, 14022897 steps).
    Prover result is: Timeout (30.00s, 288659531 steps).

[-] Verification FAILED or INCOMPLETE. Check the solver output.
