[*] Parsing and Semantic Analysis for 'src/self-annotate/src/module6_whyml/statements.py'...
[*] Memory model: hoare
[*] Imported class from 'ir_schema': AssignStmt (record + 0 method stub(s) + 18 helper(s))
[*] Imported class from 'ir_schema': AugAssignStmt (record + 0 method stub(s) + 0 helper(s))
[*] Imported class from 'ir_schema': ArraySetStmt (record + 0 method stub(s) + 0 helper(s))
[*] Imported class from 'ir_schema': ArraySliceSetStmt (record + 0 method stub(s) + 0 helper(s))
[*] Imported class from 'ir_schema': GhostAssignStmt (record + 0 method stub(s) + 0 helper(s))
[*] Imported class from 'ir_schema': GhostArraySetStmt (record + 0 method stub(s) + 0 helper(s))
[*] Imported class from 'ir_schema': TupleUnpackStmt (record + 0 method stub(s) + 0 helper(s))
[*] Imported class from 'ir_schema': FieldAssignStmt (record + 0 method stub(s) + 0 helper(s))
[*] Imported class from 'ir_schema': FieldAugAssignStmt (record + 0 method stub(s) + 0 helper(s))
[*] Imported class from 'ir_schema': ExprStmt (record + 0 method stub(s) + 0 helper(s))
[*] Imported class from 'ir_schema': CriticalSectionStmt (record + 0 method stub(s) + 0 helper(s))
[*] Imported class from 'ir_schema': ReturnStmt (record + 0 method stub(s) + 0 helper(s))
[*] Imported class from 'ir_schema': IfStmt (record + 0 method stub(s) + 0 helper(s))
[*] Imported class from 'ir_schema': WhileStmt (record + 0 method stub(s) + 0 helper(s))
[*] Imported class from 'ir_schema': ForStmt (record + 0 method stub(s) + 0 helper(s))
[*] Imported class from 'ir_schema': TryStmt (record + 0 method stub(s) + 0 helper(s))
[*] Imported class from 'ir_schema': MatchStmt (record + 0 method stub(s) + 0 helper(s))
[*] Imported class from 'ir_schema': LabelStmt (record + 0 method stub(s) + 0 helper(s))
[*] Imported class from 'ir_schema': RaiseStmt (record + 0 method stub(s) + 0 helper(s))
[*] Imported class from 'ir_schema': ProofAssertStmt (record + 0 method stub(s) + 0 helper(s))
[*] Imported class from 'ir_schema': AssertStmt (record + 0 method stub(s) + 0 helper(s))
[*] Imported class from 'ir_schema': PassStmt (record + 0 method stub(s) + 0 helper(s))
[*] Imported class from 'ir_schema': BreakStmt (record + 0 method stub(s) + 0 helper(s))
[*] Imported class from 'ir_schema': ContinueStmt (record + 0 method stub(s) + 0 helper(s))
[*] Imported class from 'ir_schema': OpaqueStmt (record + 0 method stub(s) + 0 helper(s))
[*] Imported class from 'errors': PyCSLSemanticError (record + 0 method stub(s) + 2 helper(s))
[*] Imported from 'module6_whyml.identifiers': ['op_translate', 'whyml_ident', 'safe_mutex_name', 'safe_exc_name', 'stable_hash'] (trusted stubs)
[*] Imported from 'ir_schema': ['stmt_from_dict'] (trusted stubs)
[*] Running Proof Engine (provers: Alt-Ergo,2.6.2, → Z3,4.13.3,)...

--- Verification Results ---
File "/tmp/.pycsl_lewx2sxm.mlw", line 30, characters 7-14:
Sub-goal precondition of goal pycsl_div'vc.
Prover result is: Valid (0.01s, 1377 steps).

File "/tmp/.pycsl_lewx2sxm.mlw", line 30, characters 34-41:
Sub-goal precondition of goal pycsl_div'vc.
Prover result is: Valid (0.01s, 1568 steps).

File "/tmp/.pycsl_lewx2sxm.mlw", line 30, characters 51-58:
Sub-goal precondition of goal pycsl_div'vc.
Prover result is: Valid (0.01s, 1581 steps).

File "/tmp/.pycsl_lewx2sxm.mlw", line 29, characters 14-79:
Sub-goal postcondition of goal pycsl_div'vc.
Prover result is: Valid (0.03s, 19 steps).

File "/tmp/.pycsl_lewx2sxm.mlw", line 35, characters 7-14:
Sub-goal precondition of goal pycsl_mod'vc.
Prover result is: Valid (0.01s, 1377 steps).

File "/tmp/.pycsl_lewx2sxm.mlw", line 35, characters 34-41:
Sub-goal precondition of goal pycsl_mod'vc.
Prover result is: Valid (0.01s, 1568 steps).

File "/tmp/.pycsl_lewx2sxm.mlw", line 35, characters 51-58:
Sub-goal precondition of goal pycsl_mod'vc.
Prover result is: Valid (0.01s, 1581 steps).

File "/tmp/.pycsl_lewx2sxm.mlw", line 34, characters 14-79:
Sub-goal postcondition of goal pycsl_mod'vc.
Prover result is: Valid (0.01s, 17220 steps).

File "/home/fabrice.derepas@canonical.com/.opam/coq-4.14/share/why3/stdlib/set.mlw", line 538, characters 14-30:
Sub-goal postcondition of goal eq'refn'vc.
Prover result is: Valid (0.01s, 3165 steps).

File "/tmp/.pycsl_lewx2sxm.mlw", line 243, characters 15-19:
Sub-goal postcondition of goal statementemissionmixin___call_returns_string_collection'vc.
Prover result is: Valid (0.01s, 1641 steps).

File "/tmp/.pycsl_lewx2sxm.mlw", line 243, characters 15-19:
Sub-goal postcondition of goal statementemissionmixin___call_returns_string_collection'vc.
Prover result is: Valid (0.01s, 3308 steps).

File "/tmp/.pycsl_lewx2sxm.mlw", line 243, characters 15-19:
Sub-goal postcondition of goal statementemissionmixin___call_returns_string_collection'vc.
Prover result is: Valid (0.01s, 3360 steps).

File "/tmp/.pycsl_lewx2sxm.mlw", line 305, characters 15-19:
Sub-goal postcondition of goal statementemissionmixin___emit_new_ghost_ref'vc.
Prover result is: Valid (0.01s, 3730 steps).

File "/tmp/.pycsl_lewx2sxm.mlw", line 305, characters 15-19:
Sub-goal postcondition of goal statementemissionmixin___emit_new_ghost_ref'vc.
Prover result is: Valid (0.01s, 3702 steps).

File "/tmp/.pycsl_lewx2sxm.mlw", line 341, characters 15-19:
Sub-goal postcondition of goal statementemissionmixin___handle_array_slice_set_stmt'vc.
Prover result is: Valid (0.01s, 8400 steps).

File "/tmp/.pycsl_lewx2sxm.mlw", line 341, characters 15-19:
Sub-goal postcondition of goal statementemissionmixin___handle_array_slice_set_stmt'vc.
Prover result is: Valid (0.01s, 8313 steps).

File "/tmp/.pycsl_lewx2sxm.mlw", line 341, characters 15-19:
Sub-goal postcondition of goal statementemissionmixin___handle_array_slice_set_stmt'vc.
Prover result is: Valid (0.01s, 7997 steps).

File "/tmp/.pycsl_lewx2sxm.mlw", line 341, characters 15-19:
Sub-goal postcondition of goal statementemissionmixin___handle_array_slice_set_stmt'vc.
Prover result is: Valid (0.02s, 7910 steps).

File "/tmp/.pycsl_lewx2sxm.mlw", line 341, characters 15-19:
Sub-goal postcondition of goal statementemissionmixin___handle_array_slice_set_stmt'vc.
Prover result is: Valid (0.01s, 1777 steps).

File "/tmp/.pycsl_lewx2sxm.mlw", line 341, characters 15-19:
Sub-goal postcondition of goal statementemissionmixin___handle_array_slice_set_stmt'vc.
Prover result is: Valid (0.01s, 1774 steps).

File "/tmp/.pycsl_lewx2sxm.mlw", line 341, characters 15-19:
Sub-goal postcondition of goal statementemissionmixin___handle_array_slice_set_stmt'vc.
Prover result is: Valid (0.01s, 1768 steps).

File "/tmp/.pycsl_lewx2sxm.mlw", line 341, characters 15-19:
Sub-goal postcondition of goal statementemissionmixin___handle_array_slice_set_stmt'vc.
Prover result is: Valid (0.01s, 1765 steps).

File "/tmp/.pycsl_lewx2sxm.mlw", line 419, characters 20-34:
Sub-goal loop invariant init of goal statementemissionmixin___handle_critical_section_stmt'vc.
Prover result is: Valid (0.01s, 6019 steps).

File "/tmp/.pycsl_lewx2sxm.mlw", line 420, characters 18-60:
Sub-goal loop variant decrease of goal statementemissionmixin___handle_critical_section_stmt'vc.
Prover result is: Valid (0.04s, 100397 steps).

File "/tmp/.pycsl_lewx2sxm.mlw", line 419, characters 20-34:
Sub-goal loop invariant preservation of goal statementemissionmixin___handle_critical_section_stmt'vc.
Prover result is: Valid (0.04s, 100203 steps).

File "/tmp/.pycsl_lewx2sxm.mlw", line 466, characters 77-96:
Sub-goal array creation size of goal statementemissionmixin___handle_critical_section_stmt'vc.
Prover result is: Valid (0.01s, 8234 steps).

File "/tmp/.pycsl_lewx2sxm.mlw", line 389, characters 15-19:
Sub-goal postcondition of goal statementemissionmixin___handle_critical_section_stmt'vc.
Prover result is: Valid (0.01s, 9644 steps).

File "/tmp/.pycsl_lewx2sxm.mlw", line 389, characters 15-19:
Sub-goal postcondition of goal statementemissionmixin___handle_critical_section_stmt'vc.
Prover result is: Valid (0.02s, 9553 steps).

File "/tmp/.pycsl_lewx2sxm.mlw", line 389, characters 15-19:
Sub-goal postcondition of goal statementemissionmixin___handle_critical_section_stmt'vc.
Prover result is: Valid (0.01s, 8816 steps).

File "/tmp/.pycsl_lewx2sxm.mlw", line 389, characters 15-19:
Sub-goal postcondition of goal statementemissionmixin___handle_critical_section_stmt'vc.
Prover result is: Valid (0.01s, 8725 steps).

File "/tmp/.pycsl_lewx2sxm.mlw", line 389, characters 15-19:
Sub-goal postcondition of goal statementemissionmixin___handle_critical_section_stmt'vc.
Prover result is: Valid (0.01s, 5018 steps).

File "/tmp/.pycsl_lewx2sxm.mlw", line 389, characters 15-19:
Sub-goal postcondition of goal statementemissionmixin___handle_critical_section_stmt'vc.
Prover result is: Valid (0.01s, 5015 steps).

File "/tmp/.pycsl_lewx2sxm.mlw", line 389, characters 15-19:
Sub-goal postcondition of goal statementemissionmixin___handle_critical_section_stmt'vc.
Prover result is: Valid (0.01s, 4650 steps).

File "/tmp/.pycsl_lewx2sxm.mlw", line 389, characters 15-19:
Sub-goal postcondition of goal statementemissionmixin___handle_critical_section_stmt'vc.
Prover result is: Valid (0.01s, 4647 steps).

File "/tmp/.pycsl_lewx2sxm.mlw", line 466, characters 77-96:
Sub-goal array creation size of goal statementemissionmixin___handle_critical_section_stmt'vc.
Prover result is: Valid (0.02s, 8232 steps).

File "/tmp/.pycsl_lewx2sxm.mlw", line 389, characters 15-19:
Sub-goal postcondition of goal statementemissionmixin___handle_critical_section_stmt'vc.
Prover result is: Valid (0.02s, 9642 steps).

File "/tmp/.pycsl_lewx2sxm.mlw", line 389, characters 15-19:
Sub-goal postcondition of goal statementemissionmixin___handle_critical_section_stmt'vc.
Prover result is: Valid (0.02s, 9551 steps).

File "/tmp/.pycsl_lewx2sxm.mlw", line 389, characters 15-19:
Sub-goal postcondition of goal statementemissionmixin___handle_critical_section_stmt'vc.
Prover result is: Valid (0.01s, 8814 steps).

File "/tmp/.pycsl_lewx2sxm.mlw", line 389, characters 15-19:
Sub-goal postcondition of goal statementemissionmixin___handle_critical_section_stmt'vc.
Prover result is: Valid (0.01s, 8723 steps).

File "/tmp/.pycsl_lewx2sxm.mlw", line 389, characters 15-19:
Sub-goal postcondition of goal statementemissionmixin___handle_critical_section_stmt'vc.
Prover result is: Valid (0.01s, 5016 steps).

File "/tmp/.pycsl_lewx2sxm.mlw", line 389, characters 15-19:
Sub-goal postcondition of goal statementemissionmixin___handle_critical_section_stmt'vc.
Prover result is: Valid (0.01s, 5013 steps).

File "/tmp/.pycsl_lewx2sxm.mlw", line 389, characters 15-19:
Sub-goal postcondition of goal statementemissionmixin___handle_critical_section_stmt'vc.
Prover result is: Valid (0.01s, 4648 steps).

File "/tmp/.pycsl_lewx2sxm.mlw", line 389, characters 15-19:
Sub-goal postcondition of goal statementemissionmixin___handle_critical_section_stmt'vc.
Prover result is: Valid (0.02s, 4645 steps).

File "/tmp/.pycsl_lewx2sxm.mlw", line 466, characters 77-96:
Sub-goal array creation size of goal statementemissionmixin___handle_critical_section_stmt'vc.
Prover result is: Valid (0.01s, 4293 steps).

File "/tmp/.pycsl_lewx2sxm.mlw", line 389, characters 15-19:
Sub-goal postcondition of goal statementemissionmixin___handle_critical_section_stmt'vc.
Prover result is: Valid (0.01s, 4801 steps).

File "/tmp/.pycsl_lewx2sxm.mlw", line 389, characters 15-19:
Sub-goal postcondition of goal statementemissionmixin___handle_critical_section_stmt'vc.
Prover result is: Valid (0.01s, 4798 steps).

File "/tmp/.pycsl_lewx2sxm.mlw", line 389, characters 15-19:
Sub-goal postcondition of goal statementemissionmixin___handle_critical_section_stmt'vc.
Prover result is: Valid (0.01s, 4433 steps).

File "/tmp/.pycsl_lewx2sxm.mlw", line 389, characters 15-19:
Sub-goal postcondition of goal statementemissionmixin___handle_critical_section_stmt'vc.
Prover result is: Valid (0.01s, 4430 steps).

File "/tmp/.pycsl_lewx2sxm.mlw", line 389, characters 15-19:
Sub-goal postcondition of goal statementemissionmixin___handle_critical_section_stmt'vc.
Prover result is: Valid (0.01s, 4748 steps).

File "/tmp/.pycsl_lewx2sxm.mlw", line 389, characters 15-19:
Sub-goal postcondition of goal statementemissionmixin___handle_critical_section_stmt'vc.
Prover result is: Valid (0.01s, 4745 steps).

File "/tmp/.pycsl_lewx2sxm.mlw", line 389, characters 15-19:
Sub-goal postcondition of goal statementemissionmixin___handle_critical_section_stmt'vc.
Prover result is: Valid (0.01s, 4380 steps).

File "/tmp/.pycsl_lewx2sxm.mlw", line 389, characters 15-19:
Sub-goal postcondition of goal statementemissionmixin___handle_critical_section_stmt'vc.
Prover result is: Valid (0.01s, 4377 steps).

File "/tmp/.pycsl_lewx2sxm.mlw", line 466, characters 77-96:
Sub-goal array creation size of goal statementemissionmixin___handle_critical_section_stmt'vc.
Prover result is: Valid (0.02s, 8142 steps).

File "/tmp/.pycsl_lewx2sxm.mlw", line 389, characters 15-19:
Sub-goal postcondition of goal statementemissionmixin___handle_critical_section_stmt'vc.
Prover result is: Valid (0.01s, 9552 steps).

File "/tmp/.pycsl_lewx2sxm.mlw", line 389, characters 15-19:
Sub-goal postcondition of goal statementemissionmixin___handle_critical_section_stmt'vc.
Prover result is: Valid (0.02s, 9461 steps).

File "/tmp/.pycsl_lewx2sxm.mlw", line 389, characters 15-19:
Sub-goal postcondition of goal statementemissionmixin___handle_critical_section_stmt'vc.
Prover result is: Valid (0.01s, 8724 steps).

File "/tmp/.pycsl_lewx2sxm.mlw", line 389, characters 15-19:
Sub-goal postcondition of goal statementemissionmixin___handle_critical_section_stmt'vc.
Prover result is: Valid (0.02s, 8633 steps).

File "/tmp/.pycsl_lewx2sxm.mlw", line 389, characters 15-19:
Sub-goal postcondition of goal statementemissionmixin___handle_critical_section_stmt'vc.
Prover result is: Valid (0.01s, 4968 steps).

File "/tmp/.pycsl_lewx2sxm.mlw", line 389, characters 15-19:
Sub-goal postcondition of goal statementemissionmixin___handle_critical_section_stmt'vc.
Prover result is: Valid (0.01s, 4965 steps).

File "/tmp/.pycsl_lewx2sxm.mlw", line 389, characters 15-19:
Sub-goal postcondition of goal statementemissionmixin___handle_critical_section_stmt'vc.
Prover result is: Valid (0.01s, 4600 steps).

File "/tmp/.pycsl_lewx2sxm.mlw", line 389, characters 15-19:
Sub-goal postcondition of goal statementemissionmixin___handle_critical_section_stmt'vc.
Prover result is: Valid (0.01s, 4597 steps).

File "/tmp/.pycsl_lewx2sxm.mlw", line 466, characters 77-96:
Sub-goal array creation size of goal statementemissionmixin___handle_critical_section_stmt'vc.
Prover result is: Valid (0.02s, 8140 steps).

File "/tmp/.pycsl_lewx2sxm.mlw", line 389, characters 15-19:
Sub-goal postcondition of goal statementemissionmixin___handle_critical_section_stmt'vc.
Prover result is: Valid (0.01s, 9550 steps).

File "/tmp/.pycsl_lewx2sxm.mlw", line 389, characters 15-19:
Sub-goal postcondition of goal statementemissionmixin___handle_critical_section_stmt'vc.
Prover result is: Valid (0.02s, 9459 steps).

File "/tmp/.pycsl_lewx2sxm.mlw", line 389, characters 15-19:
Sub-goal postcondition of goal statementemissionmixin___handle_critical_section_stmt'vc.
Prover result is: Valid (0.01s, 8722 steps).

File "/tmp/.pycsl_lewx2sxm.mlw", line 389, characters 15-19:
Sub-goal postcondition of goal statementemissionmixin___handle_critical_section_stmt'vc.
Prover result is: Valid (0.01s, 8631 steps).

File "/tmp/.pycsl_lewx2sxm.mlw", line 389, characters 15-19:
Sub-goal postcondition of goal statementemissionmixin___handle_critical_section_stmt'vc.
Prover result is: Valid (0.01s, 4966 steps).

File "/tmp/.pycsl_lewx2sxm.mlw", line 389, characters 15-19:
Sub-goal postcondition of goal statementemissionmixin___handle_critical_section_stmt'vc.
Prover result is: Valid (0.01s, 4963 steps).

File "/tmp/.pycsl_lewx2sxm.mlw", line 389, characters 15-19:
Sub-goal postcondition of goal statementemissionmixin___handle_critical_section_stmt'vc.
Prover result is: Valid (0.01s, 4598 steps).

File "/tmp/.pycsl_lewx2sxm.mlw", line 389, characters 15-19:
Sub-goal postcondition of goal statementemissionmixin___handle_critical_section_stmt'vc.
Prover result is: Valid (0.01s, 4595 steps).

File "/tmp/.pycsl_lewx2sxm.mlw", line 466, characters 77-96:
Sub-goal array creation size of goal statementemissionmixin___handle_critical_section_stmt'vc.
Prover result is: Valid (0.01s, 4243 steps).

File "/tmp/.pycsl_lewx2sxm.mlw", line 389, characters 15-19:
Sub-goal postcondition of goal statementemissionmixin___handle_critical_section_stmt'vc.
Prover result is: Valid (0.01s, 4751 steps).

File "/tmp/.pycsl_lewx2sxm.mlw", line 389, characters 15-19:
Sub-goal postcondition of goal statementemissionmixin___handle_critical_section_stmt'vc.
Prover result is: Valid (0.01s, 4748 steps).

File "/tmp/.pycsl_lewx2sxm.mlw", line 389, characters 15-19:
Sub-goal postcondition of goal statementemissionmixin___handle_critical_section_stmt'vc.
Prover result is: Valid (0.01s, 4383 steps).

File "/tmp/.pycsl_lewx2sxm.mlw", line 389, characters 15-19:
Sub-goal postcondition of goal statementemissionmixin___handle_critical_section_stmt'vc.
Prover result is: Valid (0.01s, 4380 steps).

File "/tmp/.pycsl_lewx2sxm.mlw", line 389, characters 15-19:
Sub-goal postcondition of goal statementemissionmixin___handle_critical_section_stmt'vc.
Prover result is: Valid (0.02s, 4698 steps).

File "/tmp/.pycsl_lewx2sxm.mlw", line 389, characters 15-19:
Sub-goal postcondition of goal statementemissionmixin___handle_critical_section_stmt'vc.
Prover result is: Valid (0.01s, 4695 steps).

File "/tmp/.pycsl_lewx2sxm.mlw", line 389, characters 15-19:
Sub-goal postcondition of goal statementemissionmixin___handle_critical_section_stmt'vc.
Prover result is: Valid (0.01s, 4330 steps).

File "/tmp/.pycsl_lewx2sxm.mlw", line 389, characters 15-19:
Sub-goal postcondition of goal statementemissionmixin___handle_critical_section_stmt'vc.
Prover result is: Valid (0.01s, 4327 steps).

File "/tmp/.pycsl_lewx2sxm.mlw", line 466, characters 77-96:
Sub-goal array creation size of goal statementemissionmixin___handle_critical_section_stmt'vc.
Prover result is: Valid (0.01s, 8176 steps).

File "/tmp/.pycsl_lewx2sxm.mlw", line 389, characters 15-19:
Sub-goal postcondition of goal statementemissionmixin___handle_critical_section_stmt'vc.
Prover result is: Valid (0.02s, 9586 steps).

File "/tmp/.pycsl_lewx2sxm.mlw", line 389, characters 15-19:
Sub-goal postcondition of goal statementemissionmixin___handle_critical_section_stmt'vc.
Prover result is: Valid (0.02s, 9495 steps).

File "/tmp/.pycsl_lewx2sxm.mlw", line 389, characters 15-19:
Sub-goal postcondition of goal statementemissionmixin___handle_critical_section_stmt'vc.
Prover result is: Valid (0.01s, 8758 steps).

File "/tmp/.pycsl_lewx2sxm.mlw", line 389, characters 15-19:
Sub-goal postcondition of goal statementemissionmixin___handle_critical_section_stmt'vc.
Prover result is: Valid (0.01s, 8667 steps).

File "/tmp/.pycsl_lewx2sxm.mlw", line 389, characters 15-19:
Sub-goal postcondition of goal statementemissionmixin___handle_critical_section_stmt'vc.
Prover result is: Valid (0.01s, 4986 steps).

File "/tmp/.pycsl_lewx2sxm.mlw", line 389, characters 15-19:
Sub-goal postcondition of goal statementemissionmixin___handle_critical_section_stmt'vc.
Prover result is: Valid (0.01s, 4983 steps).

File "/tmp/.pycsl_lewx2sxm.mlw", line 389, characters 15-19:
Sub-goal postcondition of goal statementemissionmixin___handle_critical_section_stmt'vc.
Prover result is: Valid (0.01s, 4618 steps).

File "/tmp/.pycsl_lewx2sxm.mlw", line 389, characters 15-19:
Sub-goal postcondition of goal statementemissionmixin___handle_critical_section_stmt'vc.
Prover result is: Valid (0.01s, 4615 steps).

File "/tmp/.pycsl_lewx2sxm.mlw", line 466, characters 77-96:
Sub-goal array creation size of goal statementemissionmixin___handle_critical_section_stmt'vc.
Prover result is: Valid (0.01s, 8174 steps).

File "/tmp/.pycsl_lewx2sxm.mlw", line 389, characters 15-19:
Sub-goal postcondition of goal statementemissionmixin___handle_critical_section_stmt'vc.
Prover result is: Valid (0.01s, 9584 steps).

File "/tmp/.pycsl_lewx2sxm.mlw", line 389, characters 15-19:
Sub-goal postcondition of goal statementemissionmixin___handle_critical_section_stmt'vc.
Prover result is: Valid (0.01s, 9493 steps).

File "/tmp/.pycsl_lewx2sxm.mlw", line 389, characters 15-19:
Sub-goal postcondition of goal statementemissionmixin___handle_critical_section_stmt'vc.
Prover result is: Valid (0.02s, 8756 steps).

File "/tmp/.pycsl_lewx2sxm.mlw", line 389, characters 15-19:
Sub-goal postcondition of goal statementemissionmixin___handle_critical_section_stmt'vc.
Prover result is: Valid (0.01s, 8665 steps).

File "/tmp/.pycsl_lewx2sxm.mlw", line 389, characters 15-19:
Sub-goal postcondition of goal statementemissionmixin___handle_critical_section_stmt'vc.
Prover result is: Valid (0.01s, 4984 steps).

File "/tmp/.pycsl_lewx2sxm.mlw", line 389, characters 15-19:
Sub-goal postcondition of goal statementemissionmixin___handle_critical_section_stmt'vc.
Prover result is: Valid (0.01s, 4981 steps).

File "/tmp/.pycsl_lewx2sxm.mlw", line 389, characters 15-19:
Sub-goal postcondition of goal statementemissionmixin___handle_critical_section_stmt'vc.
Prover result is: Valid (0.01s, 4616 steps).

File "/tmp/.pycsl_lewx2sxm.mlw", line 389, characters 15-19:
Sub-goal postcondition of goal statementemissionmixin___handle_critical_section_stmt'vc.
Prover result is: Valid (0.01s, 4613 steps).

File "/tmp/.pycsl_lewx2sxm.mlw", line 466, characters 77-96:
Sub-goal array creation size of goal statementemissionmixin___handle_critical_section_stmt'vc.
Prover result is: Valid (0.01s, 4261 steps).

File "/tmp/.pycsl_lewx2sxm.mlw", line 389, characters 15-19:
Sub-goal postcondition of goal statementemissionmixin___handle_critical_section_stmt'vc.
Prover result is: Valid (0.01s, 4769 steps).

File "/tmp/.pycsl_lewx2sxm.mlw", line 389, characters 15-19:
Sub-goal postcondition of goal statementemissionmixin___handle_critical_section_stmt'vc.
Prover result is: Valid (0.01s, 4766 steps).

File "/tmp/.pycsl_lewx2sxm.mlw", line 389, characters 15-19:
Sub-goal postcondition of goal statementemissionmixin___handle_critical_section_stmt'vc.
Prover result is: Valid (0.02s, 4401 steps).

File "/tmp/.pycsl_lewx2sxm.mlw", line 389, characters 15-19:
Sub-goal postcondition of goal statementemissionmixin___handle_critical_section_stmt'vc.
Prover result is: Valid (0.01s, 4398 steps).

File "/tmp/.pycsl_lewx2sxm.mlw", line 389, characters 15-19:
Sub-goal postcondition of goal statementemissionmixin___handle_critical_section_stmt'vc.
Prover result is: Valid (0.01s, 4716 steps).

File "/tmp/.pycsl_lewx2sxm.mlw", line 389, characters 15-19:
Sub-goal postcondition of goal statementemissionmixin___handle_critical_section_stmt'vc.
Prover result is: Valid (0.01s, 4713 steps).

File "/tmp/.pycsl_lewx2sxm.mlw", line 389, characters 15-19:
Sub-goal postcondition of goal statementemissionmixin___handle_critical_section_stmt'vc.
Prover result is: Valid (0.01s, 4348 steps).

File "/tmp/.pycsl_lewx2sxm.mlw", line 389, characters 15-19:
Sub-goal postcondition of goal statementemissionmixin___handle_critical_section_stmt'vc.
Prover result is: Valid (0.01s, 4345 steps).

File "/tmp/.pycsl_lewx2sxm.mlw", line 466, characters 77-96:
Sub-goal array creation size of goal statementemissionmixin___handle_critical_section_stmt'vc.
Prover result is: Valid (0.01s, 8084 steps).

File "/tmp/.pycsl_lewx2sxm.mlw", line 389, characters 15-19:
Sub-goal postcondition of goal statementemissionmixin___handle_critical_section_stmt'vc.
Prover result is: Valid (0.01s, 9494 steps).

File "/tmp/.pycsl_lewx2sxm.mlw", line 389, characters 15-19:
Sub-goal postcondition of goal statementemissionmixin___handle_critical_section_stmt'vc.
Prover result is: Valid (0.02s, 9403 steps).

File "/tmp/.pycsl_lewx2sxm.mlw", line 389, characters 15-19:
Sub-goal postcondition of goal statementemissionmixin___handle_critical_section_stmt'vc.
Prover result is: Valid (0.01s, 8666 steps).

File "/tmp/.pycsl_lewx2sxm.mlw", line 389, characters 15-19:
Sub-goal postcondition of goal statementemissionmixin___handle_critical_section_stmt'vc.
Prover result is: Valid (0.02s, 8575 steps).

File "/tmp/.pycsl_lewx2sxm.mlw", line 389, characters 15-19:
Sub-goal postcondition of goal statementemissionmixin___handle_critical_section_stmt'vc.
Prover result is: Valid (0.01s, 4936 steps).

File "/tmp/.pycsl_lewx2sxm.mlw", line 389, characters 15-19:
Sub-goal postcondition of goal statementemissionmixin___handle_critical_section_stmt'vc.
Prover result is: Valid (0.01s, 4933 steps).

File "/tmp/.pycsl_lewx2sxm.mlw", line 389, characters 15-19:
Sub-goal postcondition of goal statementemissionmixin___handle_critical_section_stmt'vc.
Prover result is: Valid (0.01s, 4568 steps).

File "/tmp/.pycsl_lewx2sxm.mlw", line 389, characters 15-19:
Sub-goal postcondition of goal statementemissionmixin___handle_critical_section_stmt'vc.
Prover result is: Valid (0.01s, 4565 steps).

File "/tmp/.pycsl_lewx2sxm.mlw", line 466, characters 77-96:
Sub-goal array creation size of goal statementemissionmixin___handle_critical_section_stmt'vc.
Prover result is: Valid (0.01s, 8082 steps).

File "/tmp/.pycsl_lewx2sxm.mlw", line 389, characters 15-19:
Sub-goal postcondition of goal statementemissionmixin___handle_critical_section_stmt'vc.
Prover result is: Valid (0.01s, 9492 steps).

File "/tmp/.pycsl_lewx2sxm.mlw", line 389, characters 15-19:
Sub-goal postcondition of goal statementemissionmixin___handle_critical_section_stmt'vc.
Prover result is: Valid (0.01s, 9401 steps).

File "/tmp/.pycsl_lewx2sxm.mlw", line 389, characters 15-19:
Sub-goal postcondition of goal statementemissionmixin___handle_critical_section_stmt'vc.
Prover result is: Valid (0.01s, 8664 steps).

File "/tmp/.pycsl_lewx2sxm.mlw", line 389, characters 15-19:
Sub-goal postcondition of goal statementemissionmixin___handle_critical_section_stmt'vc.
Prover result is: Valid (0.01s, 8573 steps).

File "/tmp/.pycsl_lewx2sxm.mlw", line 389, characters 15-19:
Sub-goal postcondition of goal statementemissionmixin___handle_critical_section_stmt'vc.
Prover result is: Valid (0.01s, 4934 steps).

File "/tmp/.pycsl_lewx2sxm.mlw", line 389, characters 15-19:
Sub-goal postcondition of goal statementemissionmixin___handle_critical_section_stmt'vc.
Prover result is: Valid (0.01s, 4931 steps).

File "/tmp/.pycsl_lewx2sxm.mlw", line 389, characters 15-19:
Sub-goal postcondition of goal statementemissionmixin___handle_critical_section_stmt'vc.
Prover result is: Valid (0.01s, 4566 steps).

File "/tmp/.pycsl_lewx2sxm.mlw", line 389, characters 15-19:
Sub-goal postcondition of goal statementemissionmixin___handle_critical_section_stmt'vc.
Prover result is: Valid (0.01s, 4563 steps).

File "/tmp/.pycsl_lewx2sxm.mlw", line 466, characters 77-96:
Sub-goal array creation size of goal statementemissionmixin___handle_critical_section_stmt'vc.
Prover result is: Valid (0.01s, 4211 steps).

File "/tmp/.pycsl_lewx2sxm.mlw", line 389, characters 15-19:
Sub-goal postcondition of goal statementemissionmixin___handle_critical_section_stmt'vc.
Prover result is: Valid (0.01s, 4719 steps).

File "/tmp/.pycsl_lewx2sxm.mlw", line 389, characters 15-19:
Sub-goal postcondition of goal statementemissionmixin___handle_critical_section_stmt'vc.
Prover result is: Valid (0.01s, 4716 steps).

File "/tmp/.pycsl_lewx2sxm.mlw", line 389, characters 15-19:
Sub-goal postcondition of goal statementemissionmixin___handle_critical_section_stmt'vc.
Prover result is: Valid (0.01s, 4351 steps).

File "/tmp/.pycsl_lewx2sxm.mlw", line 389, characters 15-19:
Sub-goal postcondition of goal statementemissionmixin___handle_critical_section_stmt'vc.
Prover result is: Valid (0.01s, 4348 steps).

File "/tmp/.pycsl_lewx2sxm.mlw", line 389, characters 15-19:
Sub-goal postcondition of goal statementemissionmixin___handle_critical_section_stmt'vc.
Prover result is: Valid (0.01s, 4666 steps).

File "/tmp/.pycsl_lewx2sxm.mlw", line 389, characters 15-19:
Sub-goal postcondition of goal statementemissionmixin___handle_critical_section_stmt'vc.
Prover result is: Valid (0.01s, 4663 steps).

File "/tmp/.pycsl_lewx2sxm.mlw", line 389, characters 15-19:
Sub-goal postcondition of goal statementemissionmixin___handle_critical_section_stmt'vc.
Prover result is: Valid (0.02s, 4298 steps).

File "/tmp/.pycsl_lewx2sxm.mlw", line 389, characters 15-19:
Sub-goal postcondition of goal statementemissionmixin___handle_critical_section_stmt'vc.
Prover result is: Valid (0.01s, 4295 steps).

File "/tmp/.pycsl_lewx2sxm.mlw", line 466, characters 77-96:
Sub-goal array creation size of goal statementemissionmixin___handle_critical_section_stmt'vc.
Prover result is: Valid (0.01s, 7095 steps).

File "/tmp/.pycsl_lewx2sxm.mlw", line 389, characters 15-19:
Sub-goal postcondition of goal statementemissionmixin___handle_critical_section_stmt'vc.
Prover result is: Valid (0.01s, 8501 steps).

File "/tmp/.pycsl_lewx2sxm.mlw", line 389, characters 15-19:
Sub-goal postcondition of goal statementemissionmixin___handle_critical_section_stmt'vc.
Prover result is: Valid (0.02s, 8410 steps).

File "/tmp/.pycsl_lewx2sxm.mlw", line 389, characters 15-19:
Sub-goal postcondition of goal statementemissionmixin___handle_critical_section_stmt'vc.
Prover result is: Valid (0.01s, 7673 steps).

File "/tmp/.pycsl_lewx2sxm.mlw", line 389, characters 15-19:
Sub-goal postcondition of goal statementemissionmixin___handle_critical_section_stmt'vc.
Prover result is: Valid (0.01s, 7582 steps).

File "/tmp/.pycsl_lewx2sxm.mlw", line 389, characters 15-19:
Sub-goal postcondition of goal statementemissionmixin___handle_critical_section_stmt'vc.
Prover result is: Valid (0.01s, 4401 steps).

File "/tmp/.pycsl_lewx2sxm.mlw", line 389, characters 15-19:
Sub-goal postcondition of goal statementemissionmixin___handle_critical_section_stmt'vc.
Prover result is: Valid (0.01s, 4398 steps).

File "/tmp/.pycsl_lewx2sxm.mlw", line 389, characters 15-19:
Sub-goal postcondition of goal statementemissionmixin___handle_critical_section_stmt'vc.
Prover result is: Valid (0.02s, 4033 steps).

File "/tmp/.pycsl_lewx2sxm.mlw", line 389, characters 15-19:
Sub-goal postcondition of goal statementemissionmixin___handle_critical_section_stmt'vc.
Prover result is: Valid (0.01s, 4030 steps).

File "/tmp/.pycsl_lewx2sxm.mlw", line 466, characters 77-96:
Sub-goal array creation size of goal statementemissionmixin___handle_critical_section_stmt'vc.
Prover result is: Valid (0.02s, 7093 steps).

File "/tmp/.pycsl_lewx2sxm.mlw", line 389, characters 15-19:
Sub-goal postcondition of goal statementemissionmixin___handle_critical_section_stmt'vc.
Prover result is: Valid (0.01s, 8499 steps).

File "/tmp/.pycsl_lewx2sxm.mlw", line 389, characters 15-19:
Sub-goal postcondition of goal statementemissionmixin___handle_critical_section_stmt'vc.
Prover result is: Valid (0.02s, 8408 steps).

File "/tmp/.pycsl_lewx2sxm.mlw", line 389, characters 15-19:
Sub-goal postcondition of goal statementemissionmixin___handle_critical_section_stmt'vc.
Prover result is: Valid (0.01s, 7671 steps).

File "/tmp/.pycsl_lewx2sxm.mlw", line 389, characters 15-19:
Sub-goal postcondition of goal statementemissionmixin___handle_critical_section_stmt'vc.
Prover result is: Valid (0.01s, 7580 steps).

File "/tmp/.pycsl_lewx2sxm.mlw", line 389, characters 15-19:
Sub-goal postcondition of goal statementemissionmixin___handle_critical_section_stmt'vc.
Prover result is: Valid (0.01s, 4399 steps).

File "/tmp/.pycsl_lewx2sxm.mlw", line 389, characters 15-19:
Sub-goal postcondition of goal statementemissionmixin___handle_critical_section_stmt'vc.
Prover result is: Valid (0.01s, 4396 steps).

File "/tmp/.pycsl_lewx2sxm.mlw", line 389, characters 15-19:
Sub-goal postcondition of goal statementemissionmixin___handle_critical_section_stmt'vc.
Prover result is: Valid (0.01s, 4031 steps).

File "/tmp/.pycsl_lewx2sxm.mlw", line 389, characters 15-19:
Sub-goal postcondition of goal statementemissionmixin___handle_critical_section_stmt'vc.
Prover result is: Valid (0.01s, 4028 steps).

File "/tmp/.pycsl_lewx2sxm.mlw", line 466, characters 77-96:
Sub-goal array creation size of goal statementemissionmixin___handle_critical_section_stmt'vc.
Prover result is: Valid (0.01s, 3676 steps).

File "/tmp/.pycsl_lewx2sxm.mlw", line 389, characters 15-19:
Sub-goal postcondition of goal statementemissionmixin___handle_critical_section_stmt'vc.
Prover result is: Valid (0.01s, 4184 steps).

File "/tmp/.pycsl_lewx2sxm.mlw", line 389, characters 15-19:
Sub-goal postcondition of goal statementemissionmixin___handle_critical_section_stmt'vc.
Prover result is: Valid (0.01s, 4181 steps).

File "/tmp/.pycsl_lewx2sxm.mlw", line 389, characters 15-19:
Sub-goal postcondition of goal statementemissionmixin___handle_critical_section_stmt'vc.
Prover result is: Valid (0.01s, 3816 steps).

File "/tmp/.pycsl_lewx2sxm.mlw", line 389, characters 15-19:
Sub-goal postcondition of goal statementemissionmixin___handle_critical_section_stmt'vc.
Prover result is: Valid (0.01s, 3813 steps).

File "/tmp/.pycsl_lewx2sxm.mlw", line 389, characters 15-19:
Sub-goal postcondition of goal statementemissionmixin___handle_critical_section_stmt'vc.
Prover result is: Valid (0.01s, 4131 steps).

File "/tmp/.pycsl_lewx2sxm.mlw", line 389, characters 15-19:
Sub-goal postcondition of goal statementemissionmixin___handle_critical_section_stmt'vc.
Prover result is: Valid (0.01s, 4128 steps).

File "/tmp/.pycsl_lewx2sxm.mlw", line 389, characters 15-19:
Sub-goal postcondition of goal statementemissionmixin___handle_critical_section_stmt'vc.
Prover result is: Valid (0.01s, 3763 steps).

File "/tmp/.pycsl_lewx2sxm.mlw", line 389, characters 15-19:
Sub-goal postcondition of goal statementemissionmixin___handle_critical_section_stmt'vc.
Prover result is: Valid (0.01s, 3760 steps).

File "/tmp/.pycsl_lewx2sxm.mlw", line 466, characters 77-96:
Sub-goal array creation size of goal statementemissionmixin___handle_critical_section_stmt'vc.
Prover result is: Valid (0.02s, 7003 steps).

File "/tmp/.pycsl_lewx2sxm.mlw", line 389, characters 15-19:
Sub-goal postcondition of goal statementemissionmixin___handle_critical_section_stmt'vc.
Prover result is: Valid (0.02s, 8409 steps).

File "/tmp/.pycsl_lewx2sxm.mlw", line 389, characters 15-19:
Sub-goal postcondition of goal statementemissionmixin___handle_critical_section_stmt'vc.
Prover result is: Valid (0.01s, 8318 steps).

File "/tmp/.pycsl_lewx2sxm.mlw", line 389, characters 15-19:
Sub-goal postcondition of goal statementemissionmixin___handle_critical_section_stmt'vc.
Prover result is: Valid (0.01s, 7581 steps).

File "/tmp/.pycsl_lewx2sxm.mlw", line 389, characters 15-19:
Sub-goal postcondition of goal statementemissionmixin___handle_critical_section_stmt'vc.
Prover result is: Valid (0.01s, 7490 steps).

File "/tmp/.pycsl_lewx2sxm.mlw", line 389, characters 15-19:
Sub-goal postcondition of goal statementemissionmixin___handle_critical_section_stmt'vc.
Prover result is: Valid (0.01s, 4351 steps).

File "/tmp/.pycsl_lewx2sxm.mlw", line 389, characters 15-19:
Sub-goal postcondition of goal statementemissionmixin___handle_critical_section_stmt'vc.
Prover result is: Valid (0.01s, 4348 steps).

File "/tmp/.pycsl_lewx2sxm.mlw", line 389, characters 15-19:
Sub-goal postcondition of goal statementemissionmixin___handle_critical_section_stmt'vc.
Prover result is: Valid (0.01s, 3983 steps).

File "/tmp/.pycsl_lewx2sxm.mlw", line 389, characters 15-19:
Sub-goal postcondition of goal statementemissionmixin___handle_critical_section_stmt'vc.
Prover result is: Valid (0.01s, 3980 steps).

File "/tmp/.pycsl_lewx2sxm.mlw", line 466, characters 77-96:
Sub-goal array creation size of goal statementemissionmixin___handle_critical_section_stmt'vc.
Prover result is: Valid (0.01s, 7001 steps).

File "/tmp/.pycsl_lewx2sxm.mlw", line 389, characters 15-19:
Sub-goal postcondition of goal statementemissionmixin___handle_critical_section_stmt'vc.
Prover result is: Valid (0.02s, 8407 steps).

File "/tmp/.pycsl_lewx2sxm.mlw", line 389, characters 15-19:
Sub-goal postcondition of goal statementemissionmixin___handle_critical_section_stmt'vc.
Prover result is: Valid (0.02s, 8316 steps).

File "/tmp/.pycsl_lewx2sxm.mlw", line 389, characters 15-19:
Sub-goal postcondition of goal statementemissionmixin___handle_critical_section_stmt'vc.
Prover result is: Valid (0.01s, 7579 steps).

File "/tmp/.pycsl_lewx2sxm.mlw", line 389, characters 15-19:
Sub-goal postcondition of goal statementemissionmixin___handle_critical_section_stmt'vc.
Prover result is: Valid (0.01s, 7488 steps).

File "/tmp/.pycsl_lewx2sxm.mlw", line 389, characters 15-19:
Sub-goal postcondition of goal statementemissionmixin___handle_critical_section_stmt'vc.
Prover result is: Valid (0.01s, 4349 steps).

File "/tmp/.pycsl_lewx2sxm.mlw", line 389, characters 15-19:
Sub-goal postcondition of goal statementemissionmixin___handle_critical_section_stmt'vc.
Prover result is: Valid (0.01s, 4346 steps).

File "/tmp/.pycsl_lewx2sxm.mlw", line 389, characters 15-19:
Sub-goal postcondition of goal statementemissionmixin___handle_critical_section_stmt'vc.
Prover result is: Valid (0.01s, 3981 steps).

File "/tmp/.pycsl_lewx2sxm.mlw", line 389, characters 15-19:
Sub-goal postcondition of goal statementemissionmixin___handle_critical_section_stmt'vc.
Prover result is: Valid (0.01s, 3978 steps).

File "/tmp/.pycsl_lewx2sxm.mlw", line 466, characters 77-96:
Sub-goal array creation size of goal statementemissionmixin___handle_critical_section_stmt'vc.
Prover result is: Valid (0.01s, 3626 steps).

File "/tmp/.pycsl_lewx2sxm.mlw", line 389, characters 15-19:
Sub-goal postcondition of goal statementemissionmixin___handle_critical_section_stmt'vc.
Prover result is: Valid (0.01s, 4134 steps).

File "/tmp/.pycsl_lewx2sxm.mlw", line 389, characters 15-19:
Sub-goal postcondition of goal statementemissionmixin___handle_critical_section_stmt'vc.
Prover result is: Valid (0.01s, 4131 steps).

File "/tmp/.pycsl_lewx2sxm.mlw", line 389, characters 15-19:
Sub-goal postcondition of goal statementemissionmixin___handle_critical_section_stmt'vc.
Prover result is: Valid (0.01s, 3766 steps).

File "/tmp/.pycsl_lewx2sxm.mlw", line 389, characters 15-19:
Sub-goal postcondition of goal statementemissionmixin___handle_critical_section_stmt'vc.
Prover result is: Valid (0.01s, 3763 steps).

File "/tmp/.pycsl_lewx2sxm.mlw", line 389, characters 15-19:
Sub-goal postcondition of goal statementemissionmixin___handle_critical_section_stmt'vc.
Prover result is: Valid (0.01s, 4081 steps).

File "/tmp/.pycsl_lewx2sxm.mlw", line 389, characters 15-19:
Sub-goal postcondition of goal statementemissionmixin___handle_critical_section_stmt'vc.
Prover result is: Valid (0.01s, 4078 steps).

File "/tmp/.pycsl_lewx2sxm.mlw", line 389, characters 15-19:
Sub-goal postcondition of goal statementemissionmixin___handle_critical_section_stmt'vc.
Prover result is: Valid (0.01s, 3713 steps).

File "/tmp/.pycsl_lewx2sxm.mlw", line 389, characters 15-19:
Sub-goal postcondition of goal statementemissionmixin___handle_critical_section_stmt'vc.
Prover result is: Valid (0.01s, 3710 steps).

File "/tmp/.pycsl_lewx2sxm.mlw", line 466, characters 77-96:
Sub-goal array creation size of goal statementemissionmixin___handle_critical_section_stmt'vc.
Prover result is: Valid (0.01s, 7037 steps).

File "/tmp/.pycsl_lewx2sxm.mlw", line 389, characters 15-19:
Sub-goal postcondition of goal statementemissionmixin___handle_critical_section_stmt'vc.
Prover result is: Valid (0.02s, 8443 steps).

File "/tmp/.pycsl_lewx2sxm.mlw", line 389, characters 15-19:
Sub-goal postcondition of goal statementemissionmixin___handle_critical_section_stmt'vc.
Prover result is: Valid (0.01s, 8352 steps).

File "/tmp/.pycsl_lewx2sxm.mlw", line 389, characters 15-19:
Sub-goal postcondition of goal statementemissionmixin___handle_critical_section_stmt'vc.
Prover result is: Valid (0.01s, 7615 steps).

File "/tmp/.pycsl_lewx2sxm.mlw", line 389, characters 15-19:
Sub-goal postcondition of goal statementemissionmixin___handle_critical_section_stmt'vc.
Prover result is: Valid (0.01s, 7524 steps).

File "/tmp/.pycsl_lewx2sxm.mlw", line 389, characters 15-19:
Sub-goal postcondition of goal statementemissionmixin___handle_critical_section_stmt'vc.
Prover result is: Valid (0.01s, 4369 steps).

File "/tmp/.pycsl_lewx2sxm.mlw", line 389, characters 15-19:
Sub-goal postcondition of goal statementemissionmixin___handle_critical_section_stmt'vc.
Prover result is: Valid (0.01s, 4366 steps).

File "/tmp/.pycsl_lewx2sxm.mlw", line 389, characters 15-19:
Sub-goal postcondition of goal statementemissionmixin___handle_critical_section_stmt'vc.
Prover result is: Valid (0.01s, 4001 steps).

File "/tmp/.pycsl_lewx2sxm.mlw", line 389, characters 15-19:
Sub-goal postcondition of goal statementemissionmixin___handle_critical_section_stmt'vc.
Prover result is: Valid (0.01s, 3998 steps).

File "/tmp/.pycsl_lewx2sxm.mlw", line 466, characters 77-96:
Sub-goal array creation size of goal statementemissionmixin___handle_critical_section_stmt'vc.
Prover result is: Valid (0.01s, 7035 steps).

File "/tmp/.pycsl_lewx2sxm.mlw", line 389, characters 15-19:
Sub-goal postcondition of goal statementemissionmixin___handle_critical_section_stmt'vc.
Prover result is: Valid (0.02s, 8441 steps).

File "/tmp/.pycsl_lewx2sxm.mlw", line 389, characters 15-19:
Sub-goal postcondition of goal statementemissionmixin___handle_critical_section_stmt'vc.
Prover result is: Valid (0.02s, 8350 steps).

File "/tmp/.pycsl_lewx2sxm.mlw", line 389, characters 15-19:
Sub-goal postcondition of goal statementemissionmixin___handle_critical_section_stmt'vc.
Prover result is: Valid (0.01s, 7613 steps).

File "/tmp/.pycsl_lewx2sxm.mlw", line 389, characters 15-19:
Sub-goal postcondition of goal statementemissionmixin___handle_critical_section_stmt'vc.
Prover result is: Valid (0.01s, 7522 steps).

File "/tmp/.pycsl_lewx2sxm.mlw", line 389, characters 15-19:
Sub-goal postcondition of goal statementemissionmixin___handle_critical_section_stmt'vc.
Prover result is: Valid (0.01s, 4367 steps).

File "/tmp/.pycsl_lewx2sxm.mlw", line 389, characters 15-19:
Sub-goal postcondition of goal statementemissionmixin___handle_critical_section_stmt'vc.
Prover result is: Valid (0.01s, 4364 steps).

File "/tmp/.pycsl_lewx2sxm.mlw", line 389, characters 15-19:
Sub-goal postcondition of goal statementemissionmixin___handle_critical_section_stmt'vc.
Prover result is: Valid (0.01s, 3999 steps).

File "/tmp/.pycsl_lewx2sxm.mlw", line 389, characters 15-19:
Sub-goal postcondition of goal statementemissionmixin___handle_critical_section_stmt'vc.
Prover result is: Valid (0.01s, 3996 steps).

File "/tmp/.pycsl_lewx2sxm.mlw", line 466, characters 77-96:
Sub-goal array creation size of goal statementemissionmixin___handle_critical_section_stmt'vc.
Prover result is: Valid (0.01s, 3644 steps).

File "/tmp/.pycsl_lewx2sxm.mlw", line 389, characters 15-19:
Sub-goal postcondition of goal statementemissionmixin___handle_critical_section_stmt'vc.
Prover result is: Valid (0.01s, 4152 steps).

File "/tmp/.pycsl_lewx2sxm.mlw", line 389, characters 15-19:
Sub-goal postcondition of goal statementemissionmixin___handle_critical_section_stmt'vc.
Prover result is: Valid (0.01s, 4149 steps).

File "/tmp/.pycsl_lewx2sxm.mlw", line 389, characters 15-19:
Sub-goal postcondition of goal statementemissionmixin___handle_critical_section_stmt'vc.
Prover result is: Valid (0.01s, 3784 steps).

File "/tmp/.pycsl_lewx2sxm.mlw", line 389, characters 15-19:
Sub-goal postcondition of goal statementemissionmixin___handle_critical_section_stmt'vc.
Prover result is: Valid (0.01s, 3781 steps).

File "/tmp/.pycsl_lewx2sxm.mlw", line 389, characters 15-19:
Sub-goal postcondition of goal statementemissionmixin___handle_critical_section_stmt'vc.
Prover result is: Valid (0.01s, 4099 steps).

File "/tmp/.pycsl_lewx2sxm.mlw", line 389, characters 15-19:
Sub-goal postcondition of goal statementemissionmixin___handle_critical_section_stmt'vc.
Prover result is: Valid (0.01s, 4096 steps).

File "/tmp/.pycsl_lewx2sxm.mlw", line 389, characters 15-19:
Sub-goal postcondition of goal statementemissionmixin___handle_critical_section_stmt'vc.
Prover result is: Valid (0.01s, 3731 steps).

File "/tmp/.pycsl_lewx2sxm.mlw", line 389, characters 15-19:
Sub-goal postcondition of goal statementemissionmixin___handle_critical_section_stmt'vc.
Prover result is: Valid (0.01s, 3728 steps).

File "/tmp/.pycsl_lewx2sxm.mlw", line 466, characters 77-96:
Sub-goal array creation size of goal statementemissionmixin___handle_critical_section_stmt'vc.
Prover result is: Valid (0.01s, 6945 steps).

File "/tmp/.pycsl_lewx2sxm.mlw", line 389, characters 15-19:
Sub-goal postcondition of goal statementemissionmixin___handle_critical_section_stmt'vc.
Prover result is: Valid (0.01s, 8351 steps).

File "/tmp/.pycsl_lewx2sxm.mlw", line 389, characters 15-19:
Sub-goal postcondition of goal statementemissionmixin___handle_critical_section_stmt'vc.
Prover result is: Valid (0.01s, 8260 steps).

File "/tmp/.pycsl_lewx2sxm.mlw", line 389, characters 15-19:
Sub-goal postcondition of goal statementemissionmixin___handle_critical_section_stmt'vc.
Prover result is: Valid (0.02s, 7523 steps).

File "/tmp/.pycsl_lewx2sxm.mlw", line 389, characters 15-19:
Sub-goal postcondition of goal statementemissionmixin___handle_critical_section_stmt'vc.
Prover result is: Valid (0.02s, 7432 steps).

File "/tmp/.pycsl_lewx2sxm.mlw", line 389, characters 15-19:
Sub-goal postcondition of goal statementemissionmixin___handle_critical_section_stmt'vc.
Prover result is: Valid (0.01s, 4319 steps).

File "/tmp/.pycsl_lewx2sxm.mlw", line 389, characters 15-19:
Sub-goal postcondition of goal statementemissionmixin___handle_critical_section_stmt'vc.
Prover result is: Valid (0.01s, 4316 steps).

File "/tmp/.pycsl_lewx2sxm.mlw", line 389, characters 15-19:
Sub-goal postcondition of goal statementemissionmixin___handle_critical_section_stmt'vc.
Prover result is: Valid (0.01s, 3951 steps).

File "/tmp/.pycsl_lewx2sxm.mlw", line 389, characters 15-19:
Sub-goal postcondition of goal statementemissionmixin___handle_critical_section_stmt'vc.
Prover result is: Valid (0.01s, 3948 steps).

File "/tmp/.pycsl_lewx2sxm.mlw", line 466, characters 77-96:
Sub-goal array creation size of goal statementemissionmixin___handle_critical_section_stmt'vc.
Prover result is: Valid (0.02s, 6943 steps).

File "/tmp/.pycsl_lewx2sxm.mlw", line 389, characters 15-19:
Sub-goal postcondition of goal statementemissionmixin___handle_critical_section_stmt'vc.
Prover result is: Valid (0.01s, 8349 steps).

File "/tmp/.pycsl_lewx2sxm.mlw", line 389, characters 15-19:
Sub-goal postcondition of goal statementemissionmixin___handle_critical_section_stmt'vc.
Prover result is: Valid (0.01s, 8258 steps).

File "/tmp/.pycsl_lewx2sxm.mlw", line 389, characters 15-19:
Sub-goal postcondition of goal statementemissionmixin___handle_critical_section_stmt'vc.
Prover result is: Valid (0.01s, 7521 steps).

File "/tmp/.pycsl_lewx2sxm.mlw", line 389, characters 15-19:
Sub-goal postcondition of goal statementemissionmixin___handle_critical_section_stmt'vc.
Prover result is: Valid (0.02s, 7430 steps).

File "/tmp/.pycsl_lewx2sxm.mlw", line 389, characters 15-19:
Sub-goal postcondition of goal statementemissionmixin___handle_critical_section_stmt'vc.
Prover result is: Valid (0.01s, 4317 steps).

File "/tmp/.pycsl_lewx2sxm.mlw", line 389, characters 15-19:
Sub-goal postcondition of goal statementemissionmixin___handle_critical_section_stmt'vc.
Prover result is: Valid (0.01s, 4314 steps).

File "/tmp/.pycsl_lewx2sxm.mlw", line 389, characters 15-19:
Sub-goal postcondition of goal statementemissionmixin___handle_critical_section_stmt'vc.
Prover result is: Valid (0.01s, 3949 steps).

File "/tmp/.pycsl_lewx2sxm.mlw", line 389, characters 15-19:
Sub-goal postcondition of goal statementemissionmixin___handle_critical_section_stmt'vc.
Prover result is: Valid (0.01s, 3946 steps).

File "/tmp/.pycsl_lewx2sxm.mlw", line 466, characters 77-96:
Sub-goal array creation size of goal statementemissionmixin___handle_critical_section_stmt'vc.
Prover result is: Valid (0.01s, 3594 steps).

File "/tmp/.pycsl_lewx2sxm.mlw", line 389, characters 15-19:
Sub-goal postcondition of goal statementemissionmixin___handle_critical_section_stmt'vc.
Prover result is: Valid (0.01s, 4102 steps).

File "/tmp/.pycsl_lewx2sxm.mlw", line 389, characters 15-19:
Sub-goal postcondition of goal statementemissionmixin___handle_critical_section_stmt'vc.
Prover result is: Valid (0.01s, 4099 steps).

File "/tmp/.pycsl_lewx2sxm.mlw", line 389, characters 15-19:
Sub-goal postcondition of goal statementemissionmixin___handle_critical_section_stmt'vc.
Prover result is: Valid (0.01s, 3734 steps).

File "/tmp/.pycsl_lewx2sxm.mlw", line 389, characters 15-19:
Sub-goal postcondition of goal statementemissionmixin___handle_critical_section_stmt'vc.
Prover result is: Valid (0.01s, 3731 steps).

File "/tmp/.pycsl_lewx2sxm.mlw", line 389, characters 15-19:
Sub-goal postcondition of goal statementemissionmixin___handle_critical_section_stmt'vc.
Prover result is: Valid (0.01s, 4049 steps).

File "/tmp/.pycsl_lewx2sxm.mlw", line 389, characters 15-19:
Sub-goal postcondition of goal statementemissionmixin___handle_critical_section_stmt'vc.
Prover result is: Valid (0.01s, 4046 steps).

File "/tmp/.pycsl_lewx2sxm.mlw", line 389, characters 15-19:
Sub-goal postcondition of goal statementemissionmixin___handle_critical_section_stmt'vc.
Prover result is: Valid (0.01s, 3681 steps).

File "/tmp/.pycsl_lewx2sxm.mlw", line 389, characters 15-19:
Sub-goal postcondition of goal statementemissionmixin___handle_critical_section_stmt'vc.
Prover result is: Valid (0.01s, 3678 steps).

File "/tmp/.pycsl_lewx2sxm.mlw", line 466, characters 77-96:
Sub-goal array creation size of goal statementemissionmixin___handle_critical_section_stmt'vc.
Prover result is: Valid (0.01s, 3244 steps).

File "/tmp/.pycsl_lewx2sxm.mlw", line 389, characters 15-19:
Sub-goal postcondition of goal statementemissionmixin___handle_critical_section_stmt'vc.
Prover result is: Valid (0.01s, 3756 steps).

File "/tmp/.pycsl_lewx2sxm.mlw", line 389, characters 15-19:
Sub-goal postcondition of goal statementemissionmixin___handle_critical_section_stmt'vc.
Prover result is: Valid (0.01s, 3753 steps).

File "/tmp/.pycsl_lewx2sxm.mlw", line 389, characters 15-19:
Sub-goal postcondition of goal statementemissionmixin___handle_critical_section_stmt'vc.
Prover result is: Valid (0.01s, 3388 steps).

File "/tmp/.pycsl_lewx2sxm.mlw", line 389, characters 15-19:
Sub-goal postcondition of goal statementemissionmixin___handle_critical_section_stmt'vc.
Prover result is: Valid (0.02s, 3385 steps).

File "/tmp/.pycsl_lewx2sxm.mlw", line 389, characters 15-19:
Sub-goal postcondition of goal statementemissionmixin___handle_critical_section_stmt'vc.
Prover result is: Valid (0.01s, 3703 steps).

File "/tmp/.pycsl_lewx2sxm.mlw", line 389, characters 15-19:
Sub-goal postcondition of goal statementemissionmixin___handle_critical_section_stmt'vc.
Prover result is: Valid (0.01s, 3700 steps).

File "/tmp/.pycsl_lewx2sxm.mlw", line 389, characters 15-19:
Sub-goal postcondition of goal statementemissionmixin___handle_critical_section_stmt'vc.
Prover result is: Valid (0.01s, 3335 steps).

File "/tmp/.pycsl_lewx2sxm.mlw", line 389, characters 15-19:
Sub-goal postcondition of goal statementemissionmixin___handle_critical_section_stmt'vc.
Prover result is: Valid (0.01s, 3332 steps).

File "/tmp/.pycsl_lewx2sxm.mlw", line 466, characters 77-96:
Sub-goal array creation size of goal statementemissionmixin___handle_critical_section_stmt'vc.
Prover result is: Valid (0.01s, 3244 steps).

File "/tmp/.pycsl_lewx2sxm.mlw", line 389, characters 15-19:
Sub-goal postcondition of goal statementemissionmixin___handle_critical_section_stmt'vc.
Prover result is: Valid (0.01s, 3756 steps).

File "/tmp/.pycsl_lewx2sxm.mlw", line 389, characters 15-19:
Sub-goal postcondition of goal statementemissionmixin___handle_critical_section_stmt'vc.
Prover result is: Valid (0.01s, 3753 steps).

File "/tmp/.pycsl_lewx2sxm.mlw", line 389, characters 15-19:
Sub-goal postcondition of goal statementemissionmixin___handle_critical_section_stmt'vc.
Prover result is: Valid (0.01s, 3388 steps).

File "/tmp/.pycsl_lewx2sxm.mlw", line 389, characters 15-19:
Sub-goal postcondition of goal statementemissionmixin___handle_critical_section_stmt'vc.
Prover result is: Valid (0.01s, 3385 steps).

File "/tmp/.pycsl_lewx2sxm.mlw", line 389, characters 15-19:
Sub-goal postcondition of goal statementemissionmixin___handle_critical_section_stmt'vc.
Prover result is: Valid (0.01s, 3703 steps).

File "/tmp/.pycsl_lewx2sxm.mlw", line 389, characters 15-19:
Sub-goal postcondition of goal statementemissionmixin___handle_critical_section_stmt'vc.
Prover result is: Valid (0.01s, 3700 steps).

File "/tmp/.pycsl_lewx2sxm.mlw", line 389, characters 15-19:
Sub-goal postcondition of goal statementemissionmixin___handle_critical_section_stmt'vc.
Prover result is: Valid (0.01s, 3335 steps).

File "/tmp/.pycsl_lewx2sxm.mlw", line 389, characters 15-19:
Sub-goal postcondition of goal statementemissionmixin___handle_critical_section_stmt'vc.
Prover result is: Valid (0.01s, 3332 steps).

File "/tmp/.pycsl_lewx2sxm.mlw", line 466, characters 77-96:
Sub-goal array creation size of goal statementemissionmixin___handle_critical_section_stmt'vc.
Prover result is: Valid (0.01s, 3238 steps).

File "/tmp/.pycsl_lewx2sxm.mlw", line 389, characters 15-19:
Sub-goal postcondition of goal statementemissionmixin___handle_critical_section_stmt'vc.
Prover result is: Valid (0.01s, 3750 steps).

File "/tmp/.pycsl_lewx2sxm.mlw", line 389, characters 15-19:
Sub-goal postcondition of goal statementemissionmixin___handle_critical_section_stmt'vc.
Prover result is: Valid (0.01s, 3747 steps).

File "/tmp/.pycsl_lewx2sxm.mlw", line 389, characters 15-19:
Sub-goal postcondition of goal statementemissionmixin___handle_critical_section_stmt'vc.
Prover result is: Valid (0.01s, 3382 steps).

File "/tmp/.pycsl_lewx2sxm.mlw", line 389, characters 15-19:
Sub-goal postcondition of goal statementemissionmixin___handle_critical_section_stmt'vc.
Prover result is: Valid (0.01s, 3379 steps).

File "/tmp/.pycsl_lewx2sxm.mlw", line 389, characters 15-19:
Sub-goal postcondition of goal statementemissionmixin___handle_critical_section_stmt'vc.
Prover result is: Valid (0.01s, 3697 steps).

File "/tmp/.pycsl_lewx2sxm.mlw", line 389, characters 15-19:
Sub-goal postcondition of goal statementemissionmixin___handle_critical_section_stmt'vc.
Prover result is: Valid (0.01s, 3694 steps).

File "/tmp/.pycsl_lewx2sxm.mlw", line 389, characters 15-19:
Sub-goal postcondition of goal statementemissionmixin___handle_critical_section_stmt'vc.
Prover result is: Valid (0.01s, 3329 steps).

File "/tmp/.pycsl_lewx2sxm.mlw", line 389, characters 15-19:
Sub-goal postcondition of goal statementemissionmixin___handle_critical_section_stmt'vc.
Prover result is: Valid (0.01s, 3326 steps).

File "/tmp/.pycsl_lewx2sxm.mlw", line 466, characters 77-96:
Sub-goal array creation size of goal statementemissionmixin___handle_critical_section_stmt'vc.
Prover result is: Valid (0.01s, 3240 steps).

File "/tmp/.pycsl_lewx2sxm.mlw", line 389, characters 15-19:
Sub-goal postcondition of goal statementemissionmixin___handle_critical_section_stmt'vc.
Prover result is: Valid (0.01s, 3752 steps).

File "/tmp/.pycsl_lewx2sxm.mlw", line 389, characters 15-19:
Sub-goal postcondition of goal statementemissionmixin___handle_critical_section_stmt'vc.
Prover result is: Valid (0.01s, 3749 steps).

File "/tmp/.pycsl_lewx2sxm.mlw", line 389, characters 15-19:
Sub-goal postcondition of goal statementemissionmixin___handle_critical_section_stmt'vc.
Prover result is: Valid (0.01s, 3384 steps).

File "/tmp/.pycsl_lewx2sxm.mlw", line 389, characters 15-19:
Sub-goal postcondition of goal statementemissionmixin___handle_critical_section_stmt'vc.
Prover result is: Valid (0.01s, 3381 steps).

File "/tmp/.pycsl_lewx2sxm.mlw", line 389, characters 15-19:
Sub-goal postcondition of goal statementemissionmixin___handle_critical_section_stmt'vc.
Prover result is: Valid (0.01s, 3699 steps).

File "/tmp/.pycsl_lewx2sxm.mlw", line 389, characters 15-19:
Sub-goal postcondition of goal statementemissionmixin___handle_critical_section_stmt'vc.
Prover result is: Valid (0.01s, 3696 steps).

File "/tmp/.pycsl_lewx2sxm.mlw", line 389, characters 15-19:
Sub-goal postcondition of goal statementemissionmixin___handle_critical_section_stmt'vc.
Prover result is: Valid (0.01s, 3331 steps).

File "/tmp/.pycsl_lewx2sxm.mlw", line 389, characters 15-19:
Sub-goal postcondition of goal statementemissionmixin___handle_critical_section_stmt'vc.
Prover result is: Valid (0.01s, 3328 steps).

File "/tmp/.pycsl_lewx2sxm.mlw", line 466, characters 77-96:
Sub-goal array creation size of goal statementemissionmixin___handle_critical_section_stmt'vc.
Prover result is: Valid (0.01s, 3240 steps).

File "/tmp/.pycsl_lewx2sxm.mlw", line 389, characters 15-19:
Sub-goal postcondition of goal statementemissionmixin___handle_critical_section_stmt'vc.
Prover result is: Valid (0.01s, 3752 steps).

File "/tmp/.pycsl_lewx2sxm.mlw", line 389, characters 15-19:
Sub-goal postcondition of goal statementemissionmixin___handle_critical_section_stmt'vc.
Prover result is: Valid (0.01s, 3749 steps).

File "/tmp/.pycsl_lewx2sxm.mlw", line 389, characters 15-19:
Sub-goal postcondition of goal statementemissionmixin___handle_critical_section_stmt'vc.
Prover result is: Valid (0.01s, 3384 steps).

File "/tmp/.pycsl_lewx2sxm.mlw", line 389, characters 15-19:
Sub-goal postcondition of goal statementemissionmixin___handle_critical_section_stmt'vc.
Prover result is: Valid (0.01s, 3381 steps).

File "/tmp/.pycsl_lewx2sxm.mlw", line 389, characters 15-19:
Sub-goal postcondition of goal statementemissionmixin___handle_critical_section_stmt'vc.
Prover result is: Valid (0.01s, 3699 steps).

File "/tmp/.pycsl_lewx2sxm.mlw", line 389, characters 15-19:
Sub-goal postcondition of goal statementemissionmixin___handle_critical_section_stmt'vc.
Prover result is: Valid (0.01s, 3696 steps).

File "/tmp/.pycsl_lewx2sxm.mlw", line 389, characters 15-19:
Sub-goal postcondition of goal statementemissionmixin___handle_critical_section_stmt'vc.
Prover result is: Valid (0.01s, 3331 steps).

File "/tmp/.pycsl_lewx2sxm.mlw", line 389, characters 15-19:
Sub-goal postcondition of goal statementemissionmixin___handle_critical_section_stmt'vc.
Prover result is: Valid (0.02s, 3328 steps).

File "/tmp/.pycsl_lewx2sxm.mlw", line 466, characters 77-96:
Sub-goal array creation size of goal statementemissionmixin___handle_critical_section_stmt'vc.
Prover result is: Valid (0.01s, 3234 steps).

File "/tmp/.pycsl_lewx2sxm.mlw", line 389, characters 15-19:
Sub-goal postcondition of goal statementemissionmixin___handle_critical_section_stmt'vc.
Prover result is: Valid (0.01s, 3746 steps).

File "/tmp/.pycsl_lewx2sxm.mlw", line 389, characters 15-19:
Sub-goal postcondition of goal statementemissionmixin___handle_critical_section_stmt'vc.
Prover result is: Valid (0.01s, 3743 steps).

File "/tmp/.pycsl_lewx2sxm.mlw", line 389, characters 15-19:
Sub-goal postcondition of goal statementemissionmixin___handle_critical_section_stmt'vc.
Prover result is: Valid (0.01s, 3378 steps).

File "/tmp/.pycsl_lewx2sxm.mlw", line 389, characters 15-19:
Sub-goal postcondition of goal statementemissionmixin___handle_critical_section_stmt'vc.
Prover result is: Valid (0.01s, 3375 steps).

File "/tmp/.pycsl_lewx2sxm.mlw", line 389, characters 15-19:
Sub-goal postcondition of goal statementemissionmixin___handle_critical_section_stmt'vc.
Prover result is: Valid (0.01s, 3693 steps).

File "/tmp/.pycsl_lewx2sxm.mlw", line 389, characters 15-19:
Sub-goal postcondition of goal statementemissionmixin___handle_critical_section_stmt'vc.
Prover result is: Valid (0.01s, 3690 steps).

File "/tmp/.pycsl_lewx2sxm.mlw", line 389, characters 15-19:
Sub-goal postcondition of goal statementemissionmixin___handle_critical_section_stmt'vc.
Prover result is: Valid (0.01s, 3325 steps).

File "/tmp/.pycsl_lewx2sxm.mlw", line 389, characters 15-19:
Sub-goal postcondition of goal statementemissionmixin___handle_critical_section_stmt'vc.
Prover result is: Valid (0.01s, 3322 steps).

File "/tmp/.pycsl_lewx2sxm.mlw", line 466, characters 77-96:
Sub-goal array creation size of goal statementemissionmixin___handle_critical_section_stmt'vc.
Prover result is: Valid (0.02s, 3242 steps).

File "/tmp/.pycsl_lewx2sxm.mlw", line 389, characters 15-19:
Sub-goal postcondition of goal statementemissionmixin___handle_critical_section_stmt'vc.
Prover result is: Valid (0.02s, 3754 steps).

File "/tmp/.pycsl_lewx2sxm.mlw", line 389, characters 15-19:
Sub-goal postcondition of goal statementemissionmixin___handle_critical_section_stmt'vc.
Prover result is: Valid (0.01s, 3751 steps).

File "/tmp/.pycsl_lewx2sxm.mlw", line 389, characters 15-19:
Sub-goal postcondition of goal statementemissionmixin___handle_critical_section_stmt'vc.
Prover result is: Valid (0.01s, 3386 steps).

File "/tmp/.pycsl_lewx2sxm.mlw", line 389, characters 15-19:
Sub-goal postcondition of goal statementemissionmixin___handle_critical_section_stmt'vc.
Prover result is: Valid (0.01s, 3383 steps).

File "/tmp/.pycsl_lewx2sxm.mlw", line 389, characters 15-19:
Sub-goal postcondition of goal statementemissionmixin___handle_critical_section_stmt'vc.
Prover result is: Valid (0.01s, 3701 steps).

File "/tmp/.pycsl_lewx2sxm.mlw", line 389, characters 15-19:
Sub-goal postcondition of goal statementemissionmixin___handle_critical_section_stmt'vc.
Prover result is: Valid (0.01s, 3698 steps).

File "/tmp/.pycsl_lewx2sxm.mlw", line 389, characters 15-19:
Sub-goal postcondition of goal statementemissionmixin___handle_critical_section_stmt'vc.
Prover result is: Valid (0.01s, 3333 steps).

File "/tmp/.pycsl_lewx2sxm.mlw", line 389, characters 15-19:
Sub-goal postcondition of goal statementemissionmixin___handle_critical_section_stmt'vc.
Prover result is: Valid (0.01s, 3330 steps).

File "/tmp/.pycsl_lewx2sxm.mlw", line 466, characters 77-96:
Sub-goal array creation size of goal statementemissionmixin___handle_critical_section_stmt'vc.
Prover result is: Valid (0.01s, 3242 steps).

File "/tmp/.pycsl_lewx2sxm.mlw", line 389, characters 15-19:
Sub-goal postcondition of goal statementemissionmixin___handle_critical_section_stmt'vc.
Prover result is: Valid (0.01s, 3754 steps).

File "/tmp/.pycsl_lewx2sxm.mlw", line 389, characters 15-19:
Sub-goal postcondition of goal statementemissionmixin___handle_critical_section_stmt'vc.
Prover result is: Valid (0.01s, 3751 steps).

File "/tmp/.pycsl_lewx2sxm.mlw", line 389, characters 15-19:
Sub-goal postcondition of goal statementemissionmixin___handle_critical_section_stmt'vc.
Prover result is: Valid (0.01s, 3386 steps).

File "/tmp/.pycsl_lewx2sxm.mlw", line 389, characters 15-19:
Sub-goal postcondition of goal statementemissionmixin___handle_critical_section_stmt'vc.
Prover result is: Valid (0.01s, 3383 steps).

File "/tmp/.pycsl_lewx2sxm.mlw", line 389, characters 15-19:
Sub-goal postcondition of goal statementemissionmixin___handle_critical_section_stmt'vc.
Prover result is: Valid (0.01s, 3701 steps).

File "/tmp/.pycsl_lewx2sxm.mlw", line 389, characters 15-19:
Sub-goal postcondition of goal statementemissionmixin___handle_critical_section_stmt'vc.
Prover result is: Valid (0.01s, 3698 steps).

File "/tmp/.pycsl_lewx2sxm.mlw", line 389, characters 15-19:
Sub-goal postcondition of goal statementemissionmixin___handle_critical_section_stmt'vc.
Prover result is: Valid (0.01s, 3333 steps).

File "/tmp/.pycsl_lewx2sxm.mlw", line 389, characters 15-19:
Sub-goal postcondition of goal statementemissionmixin___handle_critical_section_stmt'vc.
Prover result is: Valid (0.01s, 3330 steps).

File "/tmp/.pycsl_lewx2sxm.mlw", line 466, characters 77-96:
Sub-goal array creation size of goal statementemissionmixin___handle_critical_section_stmt'vc.
Prover result is: Valid (0.01s, 3236 steps).

File "/tmp/.pycsl_lewx2sxm.mlw", line 389, characters 15-19:
Sub-goal postcondition of goal statementemissionmixin___handle_critical_section_stmt'vc.
Prover result is: Valid (0.01s, 3748 steps).

File "/tmp/.pycsl_lewx2sxm.mlw", line 389, characters 15-19:
Sub-goal postcondition of goal statementemissionmixin___handle_critical_section_stmt'vc.
Prover result is: Valid (0.01s, 3745 steps).

File "/tmp/.pycsl_lewx2sxm.mlw", line 389, characters 15-19:
Sub-goal postcondition of goal statementemissionmixin___handle_critical_section_stmt'vc.
Prover result is: Valid (0.01s, 3380 steps).

File "/tmp/.pycsl_lewx2sxm.mlw", line 389, characters 15-19:
Sub-goal postcondition of goal statementemissionmixin___handle_critical_section_stmt'vc.
Prover result is: Valid (0.01s, 3377 steps).

File "/tmp/.pycsl_lewx2sxm.mlw", line 389, characters 15-19:
Sub-goal postcondition of goal statementemissionmixin___handle_critical_section_stmt'vc.
Prover result is: Valid (0.01s, 3695 steps).

File "/tmp/.pycsl_lewx2sxm.mlw", line 389, characters 15-19:
Sub-goal postcondition of goal statementemissionmixin___handle_critical_section_stmt'vc.
Prover result is: Valid (0.01s, 3692 steps).

File "/tmp/.pycsl_lewx2sxm.mlw", line 389, characters 15-19:
Sub-goal postcondition of goal statementemissionmixin___handle_critical_section_stmt'vc.
Prover result is: Valid (0.01s, 3327 steps).

File "/tmp/.pycsl_lewx2sxm.mlw", line 389, characters 15-19:
Sub-goal postcondition of goal statementemissionmixin___handle_critical_section_stmt'vc.
Prover result is: Valid (0.01s, 3324 steps).

File "/tmp/.pycsl_lewx2sxm.mlw", line 466, characters 77-96:
Sub-goal array creation size of goal statementemissionmixin___handle_critical_section_stmt'vc.
Prover result is: Valid (0.01s, 3238 steps).

File "/tmp/.pycsl_lewx2sxm.mlw", line 389, characters 15-19:
Sub-goal postcondition of goal statementemissionmixin___handle_critical_section_stmt'vc.
Prover result is: Valid (0.01s, 3750 steps).

File "/tmp/.pycsl_lewx2sxm.mlw", line 389, characters 15-19:
Sub-goal postcondition of goal statementemissionmixin___handle_critical_section_stmt'vc.
Prover result is: Valid (0.01s, 3747 steps).

File "/tmp/.pycsl_lewx2sxm.mlw", line 389, characters 15-19:
Sub-goal postcondition of goal statementemissionmixin___handle_critical_section_stmt'vc.
Prover result is: Valid (0.01s, 3382 steps).

File "/tmp/.pycsl_lewx2sxm.mlw", line 389, characters 15-19:
Sub-goal postcondition of goal statementemissionmixin___handle_critical_section_stmt'vc.
Prover result is: Valid (0.01s, 3379 steps).

File "/tmp/.pycsl_lewx2sxm.mlw", line 389, characters 15-19:
Sub-goal postcondition of goal statementemissionmixin___handle_critical_section_stmt'vc.
Prover result is: Valid (0.01s, 3697 steps).

File "/tmp/.pycsl_lewx2sxm.mlw", line 389, characters 15-19:
Sub-goal postcondition of goal statementemissionmixin___handle_critical_section_stmt'vc.
Prover result is: Valid (0.01s, 3694 steps).

File "/tmp/.pycsl_lewx2sxm.mlw", line 389, characters 15-19:
Sub-goal postcondition of goal statementemissionmixin___handle_critical_section_stmt'vc.
Prover result is: Valid (0.01s, 3329 steps).

File "/tmp/.pycsl_lewx2sxm.mlw", line 389, characters 15-19:
Sub-goal postcondition of goal statementemissionmixin___handle_critical_section_stmt'vc.
Prover result is: Valid (0.01s, 3326 steps).

File "/tmp/.pycsl_lewx2sxm.mlw", line 466, characters 77-96:
Sub-goal array creation size of goal statementemissionmixin___handle_critical_section_stmt'vc.
Prover result is: Valid (0.01s, 3238 steps).

File "/tmp/.pycsl_lewx2sxm.mlw", line 389, characters 15-19:
Sub-goal postcondition of goal statementemissionmixin___handle_critical_section_stmt'vc.
Prover result is: Valid (0.01s, 3750 steps).

File "/tmp/.pycsl_lewx2sxm.mlw", line 389, characters 15-19:
Sub-goal postcondition of goal statementemissionmixin___handle_critical_section_stmt'vc.
Prover result is: Valid (0.01s, 3747 steps).

File "/tmp/.pycsl_lewx2sxm.mlw", line 389, characters 15-19:
Sub-goal postcondition of goal statementemissionmixin___handle_critical_section_stmt'vc.
Prover result is: Valid (0.01s, 3382 steps).

File "/tmp/.pycsl_lewx2sxm.mlw", line 389, characters 15-19:
Sub-goal postcondition of goal statementemissionmixin___handle_critical_section_stmt'vc.
Prover result is: Valid (0.01s, 3379 steps).

File "/tmp/.pycsl_lewx2sxm.mlw", line 389, characters 15-19:
Sub-goal postcondition of goal statementemissionmixin___handle_critical_section_stmt'vc.
Prover result is: Valid (0.01s, 3697 steps).

File "/tmp/.pycsl_lewx2sxm.mlw", line 389, characters 15-19:
Sub-goal postcondition of goal statementemissionmixin___handle_critical_section_stmt'vc.
Prover result is: Valid (0.01s, 3694 steps).

File "/tmp/.pycsl_lewx2sxm.mlw", line 389, characters 15-19:
Sub-goal postcondition of goal statementemissionmixin___handle_critical_section_stmt'vc.
Prover result is: Valid (0.01s, 3329 steps).

File "/tmp/.pycsl_lewx2sxm.mlw", line 389, characters 15-19:
Sub-goal postcondition of goal statementemissionmixin___handle_critical_section_stmt'vc.
Prover result is: Valid (0.01s, 3326 steps).

File "/tmp/.pycsl_lewx2sxm.mlw", line 466, characters 77-96:
Sub-goal array creation size of goal statementemissionmixin___handle_critical_section_stmt'vc.
Prover result is: Valid (0.01s, 3232 steps).

File "/tmp/.pycsl_lewx2sxm.mlw", line 389, characters 15-19:
Sub-goal postcondition of goal statementemissionmixin___handle_critical_section_stmt'vc.
Prover result is: Valid (0.01s, 3744 steps).

File "/tmp/.pycsl_lewx2sxm.mlw", line 389, characters 15-19:
Sub-goal postcondition of goal statementemissionmixin___handle_critical_section_stmt'vc.
Prover result is: Valid (0.01s, 3741 steps).

File "/tmp/.pycsl_lewx2sxm.mlw", line 389, characters 15-19:
Sub-goal postcondition of goal statementemissionmixin___handle_critical_section_stmt'vc.
Prover result is: Valid (0.01s, 3376 steps).

File "/tmp/.pycsl_lewx2sxm.mlw", line 389, characters 15-19:
Sub-goal postcondition of goal statementemissionmixin___handle_critical_section_stmt'vc.
Prover result is: Valid (0.01s, 3373 steps).

File "/tmp/.pycsl_lewx2sxm.mlw", line 389, characters 15-19:
Sub-goal postcondition of goal statementemissionmixin___handle_critical_section_stmt'vc.
Prover result is: Valid (0.01s, 3691 steps).

File "/tmp/.pycsl_lewx2sxm.mlw", line 389, characters 15-19:
Sub-goal postcondition of goal statementemissionmixin___handle_critical_section_stmt'vc.
Prover result is: Valid (0.01s, 3688 steps).

File "/tmp/.pycsl_lewx2sxm.mlw", line 389, characters 15-19:
Sub-goal postcondition of goal statementemissionmixin___handle_critical_section_stmt'vc.
Prover result is: Valid (0.01s, 3323 steps).

File "/tmp/.pycsl_lewx2sxm.mlw", line 389, characters 15-19:
Sub-goal postcondition of goal statementemissionmixin___handle_critical_section_stmt'vc.
Prover result is: Valid (0.01s, 3320 steps).

File "/tmp/.pycsl_lewx2sxm.mlw", line 484, characters 15-19:
Sub-goal postcondition of goal statementemissionmixin___handle_fieldassign_stmt'vc.
Prover result is: Valid (0.01s, 5205 steps).

File "/tmp/.pycsl_lewx2sxm.mlw", line 484, characters 15-19:
Sub-goal postcondition of goal statementemissionmixin___handle_fieldassign_stmt'vc.
Prover result is: Valid (0.01s, 5112 steps).

File "/tmp/.pycsl_lewx2sxm.mlw", line 526, characters 25-41:
Sub-goal array creation size of goal statementemissionmixin___handle_fieldassign_stmt'vc.
Prover result is: Valid (0.01s, 4759 steps).

File "/tmp/.pycsl_lewx2sxm.mlw", line 484, characters 15-19:
Sub-goal postcondition of goal statementemissionmixin___handle_fieldassign_stmt'vc.
Prover result is: Valid (0.01s, 5688 steps).

File "/tmp/.pycsl_lewx2sxm.mlw", line 484, characters 15-19:
Sub-goal postcondition of goal statementemissionmixin___handle_fieldassign_stmt'vc.
Prover result is: Valid (0.01s, 5595 steps).

File "/tmp/.pycsl_lewx2sxm.mlw", line 484, characters 15-19:
Sub-goal postcondition of goal statementemissionmixin___handle_fieldassign_stmt'vc.
Prover result is: Valid (0.01s, 5700 steps).

File "/tmp/.pycsl_lewx2sxm.mlw", line 484, characters 15-19:
Sub-goal postcondition of goal statementemissionmixin___handle_fieldassign_stmt'vc.
Prover result is: Valid (0.01s, 5607 steps).

File "/tmp/.pycsl_lewx2sxm.mlw", line 484, characters 15-19:
Sub-goal postcondition of goal statementemissionmixin___handle_fieldassign_stmt'vc.
Prover result is: Valid (0.01s, 5404 steps).

File "/tmp/.pycsl_lewx2sxm.mlw", line 484, characters 15-19:
Sub-goal postcondition of goal statementemissionmixin___handle_fieldassign_stmt'vc.
Prover result is: Valid (0.01s, 5311 steps).

File "/tmp/.pycsl_lewx2sxm.mlw", line 484, characters 15-19:
Sub-goal postcondition of goal statementemissionmixin___handle_fieldassign_stmt'vc.
Prover result is: Valid (0.01s, 5318 steps).

File "/tmp/.pycsl_lewx2sxm.mlw", line 484, characters 15-19:
Sub-goal postcondition of goal statementemissionmixin___handle_fieldassign_stmt'vc.
Prover result is: Valid (0.01s, 5225 steps).

File "/tmp/.pycsl_lewx2sxm.mlw", line 484, characters 15-19:
Sub-goal postcondition of goal statementemissionmixin___handle_fieldassign_stmt'vc.
Prover result is: Valid (0.01s, 6016 steps).

File "/tmp/.pycsl_lewx2sxm.mlw", line 484, characters 15-19:
Sub-goal postcondition of goal statementemissionmixin___handle_fieldassign_stmt'vc.
Prover result is: Valid (0.01s, 5925 steps).

File "/tmp/.pycsl_lewx2sxm.mlw", line 484, characters 15-19:
Sub-goal postcondition of goal statementemissionmixin___handle_fieldassign_stmt'vc.
Prover result is: Valid (0.01s, 5496 steps).

File "/tmp/.pycsl_lewx2sxm.mlw", line 484, characters 15-19:
Sub-goal postcondition of goal statementemissionmixin___handle_fieldassign_stmt'vc.
Prover result is: Valid (0.01s, 5403 steps).

File "/tmp/.pycsl_lewx2sxm.mlw", line 484, characters 15-19:
Sub-goal postcondition of goal statementemissionmixin___handle_fieldassign_stmt'vc.
Prover result is: Valid (0.01s, 5214 steps).

File "/tmp/.pycsl_lewx2sxm.mlw", line 484, characters 15-19:
Sub-goal postcondition of goal statementemissionmixin___handle_fieldassign_stmt'vc.
Prover result is: Valid (0.01s, 5121 steps).

File "/tmp/.pycsl_lewx2sxm.mlw", line 526, characters 25-41:
Sub-goal array creation size of goal statementemissionmixin___handle_fieldassign_stmt'vc.
Prover result is: Valid (0.01s, 4768 steps).

File "/tmp/.pycsl_lewx2sxm.mlw", line 484, characters 15-19:
Sub-goal postcondition of goal statementemissionmixin___handle_fieldassign_stmt'vc.
Prover result is: Valid (0.01s, 5697 steps).

File "/tmp/.pycsl_lewx2sxm.mlw", line 484, characters 15-19:
Sub-goal postcondition of goal statementemissionmixin___handle_fieldassign_stmt'vc.
Prover result is: Valid (0.02s, 5604 steps).

File "/tmp/.pycsl_lewx2sxm.mlw", line 484, characters 15-19:
Sub-goal postcondition of goal statementemissionmixin___handle_fieldassign_stmt'vc.
Prover result is: Valid (0.01s, 5709 steps).

File "/tmp/.pycsl_lewx2sxm.mlw", line 484, characters 15-19:
Sub-goal postcondition of goal statementemissionmixin___handle_fieldassign_stmt'vc.
Prover result is: Valid (0.01s, 5616 steps).

File "/tmp/.pycsl_lewx2sxm.mlw", line 484, characters 15-19:
Sub-goal postcondition of goal statementemissionmixin___handle_fieldassign_stmt'vc.
Prover result is: Valid (0.01s, 5413 steps).

File "/tmp/.pycsl_lewx2sxm.mlw", line 484, characters 15-19:
Sub-goal postcondition of goal statementemissionmixin___handle_fieldassign_stmt'vc.
Prover result is: Valid (0.01s, 5320 steps).

File "/tmp/.pycsl_lewx2sxm.mlw", line 484, characters 15-19:
Sub-goal postcondition of goal statementemissionmixin___handle_fieldassign_stmt'vc.
Prover result is: Valid (0.01s, 5327 steps).

File "/tmp/.pycsl_lewx2sxm.mlw", line 484, characters 15-19:
Sub-goal postcondition of goal statementemissionmixin___handle_fieldassign_stmt'vc.
Prover result is: Valid (0.01s, 5234 steps).

File "/tmp/.pycsl_lewx2sxm.mlw", line 484, characters 15-19:
Sub-goal postcondition of goal statementemissionmixin___handle_fieldassign_stmt'vc.
Prover result is: Valid (0.01s, 6025 steps).

File "/tmp/.pycsl_lewx2sxm.mlw", line 484, characters 15-19:
Sub-goal postcondition of goal statementemissionmixin___handle_fieldassign_stmt'vc.
Prover result is: Valid (0.02s, 5934 steps).

File "/tmp/.pycsl_lewx2sxm.mlw", line 484, characters 15-19:
Sub-goal postcondition of goal statementemissionmixin___handle_fieldassign_stmt'vc.
Prover result is: Valid (0.01s, 5505 steps).

File "/tmp/.pycsl_lewx2sxm.mlw", line 484, characters 15-19:
Sub-goal postcondition of goal statementemissionmixin___handle_fieldassign_stmt'vc.
Prover result is: Valid (0.01s, 5412 steps).

File "/tmp/.pycsl_lewx2sxm.mlw", line 484, characters 15-19:
Sub-goal postcondition of goal statementemissionmixin___handle_fieldassign_stmt'vc.
Prover result is: Valid (0.01s, 5218 steps).

File "/tmp/.pycsl_lewx2sxm.mlw", line 484, characters 15-19:
Sub-goal postcondition of goal statementemissionmixin___handle_fieldassign_stmt'vc.
Prover result is: Valid (0.01s, 5125 steps).

File "/tmp/.pycsl_lewx2sxm.mlw", line 526, characters 25-41:
Sub-goal array creation size of goal statementemissionmixin___handle_fieldassign_stmt'vc.
Prover result is: Valid (0.01s, 4772 steps).

File "/tmp/.pycsl_lewx2sxm.mlw", line 484, characters 15-19:
Sub-goal postcondition of goal statementemissionmixin___handle_fieldassign_stmt'vc.
Prover result is: Valid (0.01s, 5701 steps).

File "/tmp/.pycsl_lewx2sxm.mlw", line 484, characters 15-19:
Sub-goal postcondition of goal statementemissionmixin___handle_fieldassign_stmt'vc.
Prover result is: Valid (0.01s, 5608 steps).

File "/tmp/.pycsl_lewx2sxm.mlw", line 484, characters 15-19:
Sub-goal postcondition of goal statementemissionmixin___handle_fieldassign_stmt'vc.
Prover result is: Valid (0.01s, 5713 steps).

File "/tmp/.pycsl_lewx2sxm.mlw", line 484, characters 15-19:
Sub-goal postcondition of goal statementemissionmixin___handle_fieldassign_stmt'vc.
Prover result is: Valid (0.01s, 5620 steps).

File "/tmp/.pycsl_lewx2sxm.mlw", line 484, characters 15-19:
Sub-goal postcondition of goal statementemissionmixin___handle_fieldassign_stmt'vc.
Prover result is: Valid (0.01s, 5417 steps).

File "/tmp/.pycsl_lewx2sxm.mlw", line 484, characters 15-19:
Sub-goal postcondition of goal statementemissionmixin___handle_fieldassign_stmt'vc.
Prover result is: Valid (0.01s, 5324 steps).

File "/tmp/.pycsl_lewx2sxm.mlw", line 484, characters 15-19:
Sub-goal postcondition of goal statementemissionmixin___handle_fieldassign_stmt'vc.
Prover result is: Valid (0.01s, 5331 steps).

File "/tmp/.pycsl_lewx2sxm.mlw", line 484, characters 15-19:
Sub-goal postcondition of goal statementemissionmixin___handle_fieldassign_stmt'vc.
Prover result is: Valid (0.01s, 5238 steps).

File "/tmp/.pycsl_lewx2sxm.mlw", line 484, characters 15-19:
Sub-goal postcondition of goal statementemissionmixin___handle_fieldassign_stmt'vc.
Prover result is: Valid (0.01s, 6029 steps).

File "/tmp/.pycsl_lewx2sxm.mlw", line 484, characters 15-19:
Sub-goal postcondition of goal statementemissionmixin___handle_fieldassign_stmt'vc.
Prover result is: Valid (0.01s, 5938 steps).

File "/tmp/.pycsl_lewx2sxm.mlw", line 484, characters 15-19:
Sub-goal postcondition of goal statementemissionmixin___handle_fieldassign_stmt'vc.
Prover result is: Valid (0.01s, 5509 steps).

File "/tmp/.pycsl_lewx2sxm.mlw", line 484, characters 15-19:
Sub-goal postcondition of goal statementemissionmixin___handle_fieldassign_stmt'vc.
Prover result is: Valid (0.01s, 5416 steps).

File "/tmp/.pycsl_lewx2sxm.mlw", line 484, characters 15-19:
Sub-goal postcondition of goal statementemissionmixin___handle_fieldassign_stmt'vc.
Prover result is: Valid (0.01s, 5108 steps).

File "/tmp/.pycsl_lewx2sxm.mlw", line 484, characters 15-19:
Sub-goal postcondition of goal statementemissionmixin___handle_fieldassign_stmt'vc.
Prover result is: Valid (0.01s, 5015 steps).

File "/tmp/.pycsl_lewx2sxm.mlw", line 526, characters 25-41:
Sub-goal array creation size of goal statementemissionmixin___handle_fieldassign_stmt'vc.
Prover result is: Valid (0.01s, 4662 steps).

File "/tmp/.pycsl_lewx2sxm.mlw", line 484, characters 15-19:
Sub-goal postcondition of goal statementemissionmixin___handle_fieldassign_stmt'vc.
Prover result is: Valid (0.01s, 5591 steps).

File "/tmp/.pycsl_lewx2sxm.mlw", line 484, characters 15-19:
Sub-goal postcondition of goal statementemissionmixin___handle_fieldassign_stmt'vc.
Prover result is: Valid (0.02s, 5498 steps).

File "/tmp/.pycsl_lewx2sxm.mlw", line 484, characters 15-19:
Sub-goal postcondition of goal statementemissionmixin___handle_fieldassign_stmt'vc.
Prover result is: Valid (0.01s, 5603 steps).

File "/tmp/.pycsl_lewx2sxm.mlw", line 484, characters 15-19:
Sub-goal postcondition of goal statementemissionmixin___handle_fieldassign_stmt'vc.
Prover result is: Valid (0.02s, 5510 steps).

File "/tmp/.pycsl_lewx2sxm.mlw", line 484, characters 15-19:
Sub-goal postcondition of goal statementemissionmixin___handle_fieldassign_stmt'vc.
Prover result is: Valid (0.01s, 5307 steps).

File "/tmp/.pycsl_lewx2sxm.mlw", line 484, characters 15-19:
Sub-goal postcondition of goal statementemissionmixin___handle_fieldassign_stmt'vc.
Prover result is: Valid (0.01s, 5214 steps).

File "/tmp/.pycsl_lewx2sxm.mlw", line 484, characters 15-19:
Sub-goal postcondition of goal statementemissionmixin___handle_fieldassign_stmt'vc.
Prover result is: Valid (0.01s, 5221 steps).

File "/tmp/.pycsl_lewx2sxm.mlw", line 484, characters 15-19:
Sub-goal postcondition of goal statementemissionmixin___handle_fieldassign_stmt'vc.
Prover result is: Valid (0.01s, 5128 steps).

File "/tmp/.pycsl_lewx2sxm.mlw", line 484, characters 15-19:
Sub-goal postcondition of goal statementemissionmixin___handle_fieldassign_stmt'vc.
Prover result is: Valid (0.01s, 5919 steps).

File "/tmp/.pycsl_lewx2sxm.mlw", line 484, characters 15-19:
Sub-goal postcondition of goal statementemissionmixin___handle_fieldassign_stmt'vc.
Prover result is: Valid (0.01s, 5828 steps).

File "/tmp/.pycsl_lewx2sxm.mlw", line 484, characters 15-19:
Sub-goal postcondition of goal statementemissionmixin___handle_fieldassign_stmt'vc.
Prover result is: Valid (0.01s, 5399 steps).

File "/tmp/.pycsl_lewx2sxm.mlw", line 484, characters 15-19:
Sub-goal postcondition of goal statementemissionmixin___handle_fieldassign_stmt'vc.
Prover result is: Valid (0.01s, 5306 steps).

File "/tmp/.pycsl_lewx2sxm.mlw", line 484, characters 15-19:
Sub-goal postcondition of goal statementemissionmixin___handle_fieldassign_stmt'vc.
Prover result is: Valid (0.01s, 5117 steps).

File "/tmp/.pycsl_lewx2sxm.mlw", line 484, characters 15-19:
Sub-goal postcondition of goal statementemissionmixin___handle_fieldassign_stmt'vc.
Prover result is: Valid (0.01s, 5024 steps).

File "/tmp/.pycsl_lewx2sxm.mlw", line 526, characters 25-41:
Sub-goal array creation size of goal statementemissionmixin___handle_fieldassign_stmt'vc.
Prover result is: Valid (0.00s, 4671 steps).

File "/tmp/.pycsl_lewx2sxm.mlw", line 484, characters 15-19:
Sub-goal postcondition of goal statementemissionmixin___handle_fieldassign_stmt'vc.
Prover result is: Valid (0.01s, 5600 steps).

File "/tmp/.pycsl_lewx2sxm.mlw", line 484, characters 15-19:
Sub-goal postcondition of goal statementemissionmixin___handle_fieldassign_stmt'vc.
Prover result is: Valid (0.01s, 5507 steps).

File "/tmp/.pycsl_lewx2sxm.mlw", line 484, characters 15-19:
Sub-goal postcondition of goal statementemissionmixin___handle_fieldassign_stmt'vc.
Prover result is: Valid (0.01s, 5612 steps).

File "/tmp/.pycsl_lewx2sxm.mlw", line 484, characters 15-19:
Sub-goal postcondition of goal statementemissionmixin___handle_fieldassign_stmt'vc.
Prover result is: Valid (0.01s, 5519 steps).

File "/tmp/.pycsl_lewx2sxm.mlw", line 484, characters 15-19:
Sub-goal postcondition of goal statementemissionmixin___handle_fieldassign_stmt'vc.
Prover result is: Valid (0.01s, 5316 steps).

File "/tmp/.pycsl_lewx2sxm.mlw", line 484, characters 15-19:
Sub-goal postcondition of goal statementemissionmixin___handle_fieldassign_stmt'vc.
Prover result is: Valid (0.01s, 5223 steps).

File "/tmp/.pycsl_lewx2sxm.mlw", line 484, characters 15-19:
Sub-goal postcondition of goal statementemissionmixin___handle_fieldassign_stmt'vc.
Prover result is: Valid (0.01s, 5230 steps).

File "/tmp/.pycsl_lewx2sxm.mlw", line 484, characters 15-19:
Sub-goal postcondition of goal statementemissionmixin___handle_fieldassign_stmt'vc.
Prover result is: Valid (0.01s, 5137 steps).

File "/tmp/.pycsl_lewx2sxm.mlw", line 484, characters 15-19:
Sub-goal postcondition of goal statementemissionmixin___handle_fieldassign_stmt'vc.
Prover result is: Valid (0.02s, 5928 steps).

File "/tmp/.pycsl_lewx2sxm.mlw", line 484, characters 15-19:
Sub-goal postcondition of goal statementemissionmixin___handle_fieldassign_stmt'vc.
Prover result is: Valid (0.01s, 5837 steps).

File "/tmp/.pycsl_lewx2sxm.mlw", line 484, characters 15-19:
Sub-goal postcondition of goal statementemissionmixin___handle_fieldassign_stmt'vc.
Prover result is: Valid (0.01s, 5408 steps).

File "/tmp/.pycsl_lewx2sxm.mlw", line 484, characters 15-19:
Sub-goal postcondition of goal statementemissionmixin___handle_fieldassign_stmt'vc.
Prover result is: Valid (0.01s, 5315 steps).

File "/tmp/.pycsl_lewx2sxm.mlw", line 484, characters 15-19:
Sub-goal postcondition of goal statementemissionmixin___handle_fieldassign_stmt'vc.
Prover result is: Valid (0.02s, 5121 steps).

File "/tmp/.pycsl_lewx2sxm.mlw", line 484, characters 15-19:
Sub-goal postcondition of goal statementemissionmixin___handle_fieldassign_stmt'vc.
Prover result is: Valid (0.01s, 5028 steps).

File "/tmp/.pycsl_lewx2sxm.mlw", line 526, characters 25-41:
Sub-goal array creation size of goal statementemissionmixin___handle_fieldassign_stmt'vc.
Prover result is: Valid (0.01s, 4675 steps).

File "/tmp/.pycsl_lewx2sxm.mlw", line 484, characters 15-19:
Sub-goal postcondition of goal statementemissionmixin___handle_fieldassign_stmt'vc.
Prover result is: Valid (0.01s, 5604 steps).

File "/tmp/.pycsl_lewx2sxm.mlw", line 484, characters 15-19:
Sub-goal postcondition of goal statementemissionmixin___handle_fieldassign_stmt'vc.
Prover result is: Valid (0.01s, 5511 steps).

File "/tmp/.pycsl_lewx2sxm.mlw", line 484, characters 15-19:
Sub-goal postcondition of goal statementemissionmixin___handle_fieldassign_stmt'vc.
Prover result is: Valid (0.01s, 5616 steps).

File "/tmp/.pycsl_lewx2sxm.mlw", line 484, characters 15-19:
Sub-goal postcondition of goal statementemissionmixin___handle_fieldassign_stmt'vc.
Prover result is: Valid (0.01s, 5523 steps).

File "/tmp/.pycsl_lewx2sxm.mlw", line 484, characters 15-19:
Sub-goal postcondition of goal statementemissionmixin___handle_fieldassign_stmt'vc.
Prover result is: Valid (0.01s, 5320 steps).

File "/tmp/.pycsl_lewx2sxm.mlw", line 484, characters 15-19:
Sub-goal postcondition of goal statementemissionmixin___handle_fieldassign_stmt'vc.
Prover result is: Valid (0.02s, 5227 steps).

File "/tmp/.pycsl_lewx2sxm.mlw", line 484, characters 15-19:
Sub-goal postcondition of goal statementemissionmixin___handle_fieldassign_stmt'vc.
Prover result is: Valid (0.01s, 5234 steps).

File "/tmp/.pycsl_lewx2sxm.mlw", line 484, characters 15-19:
Sub-goal postcondition of goal statementemissionmixin___handle_fieldassign_stmt'vc.
Prover result is: Valid (0.01s, 5141 steps).

File "/tmp/.pycsl_lewx2sxm.mlw", line 484, characters 15-19:
Sub-goal postcondition of goal statementemissionmixin___handle_fieldassign_stmt'vc.
Prover result is: Valid (0.01s, 5932 steps).

File "/tmp/.pycsl_lewx2sxm.mlw", line 484, characters 15-19:
Sub-goal postcondition of goal statementemissionmixin___handle_fieldassign_stmt'vc.
Prover result is: Valid (0.02s, 5841 steps).

File "/tmp/.pycsl_lewx2sxm.mlw", line 484, characters 15-19:
Sub-goal postcondition of goal statementemissionmixin___handle_fieldassign_stmt'vc.
Prover result is: Valid (0.01s, 5412 steps).

File "/tmp/.pycsl_lewx2sxm.mlw", line 484, characters 15-19:
Sub-goal postcondition of goal statementemissionmixin___handle_fieldassign_stmt'vc.
Prover result is: Valid (0.02s, 5319 steps).

File "/tmp/.pycsl_lewx2sxm.mlw", line 552, characters 15-19:
Sub-goal postcondition of goal statementemissionmixin___handle_fieldaugassign_stmt'vc.
Prover result is: Valid (0.01s, 5227 steps).

File "/tmp/.pycsl_lewx2sxm.mlw", line 552, characters 15-19:
Sub-goal postcondition of goal statementemissionmixin___handle_fieldaugassign_stmt'vc.
Prover result is: Valid (0.01s, 5134 steps).

File "/tmp/.pycsl_lewx2sxm.mlw", line 552, characters 15-19:
Sub-goal postcondition of goal statementemissionmixin___handle_fieldaugassign_stmt'vc.
Prover result is: Valid (0.01s, 6543 steps).

File "/tmp/.pycsl_lewx2sxm.mlw", line 552, characters 15-19:
Sub-goal postcondition of goal statementemissionmixin___handle_fieldaugassign_stmt'vc.
Prover result is: Valid (0.01s, 6452 steps).

File "/tmp/.pycsl_lewx2sxm.mlw", line 552, characters 15-19:
Sub-goal postcondition of goal statementemissionmixin___handle_fieldaugassign_stmt'vc.
Prover result is: Valid (0.01s, 6318 steps).

File "/tmp/.pycsl_lewx2sxm.mlw", line 552, characters 15-19:
Sub-goal postcondition of goal statementemissionmixin___handle_fieldaugassign_stmt'vc.
Prover result is: Valid (0.01s, 6225 steps).

File "/tmp/.pycsl_lewx2sxm.mlw", line 596, characters 15-19:
Sub-goal postcondition of goal statementemissionmixin___handle_ghost_array_set_stmt'vc.
Prover result is: Valid (0.01s, 3692 steps).

File "/tmp/.pycsl_lewx2sxm.mlw", line 596, characters 15-19:
Sub-goal postcondition of goal statementemissionmixin___handle_ghost_array_set_stmt'vc.
Prover result is: Valid (0.01s, 3599 steps).

File "/tmp/.pycsl_lewx2sxm.mlw", line 621, characters 15-19:
Sub-goal postcondition of goal statementemissionmixin___handle_seq_assign'vc.
Prover result is: Valid (0.01s, 4409 steps).

File "/tmp/.pycsl_lewx2sxm.mlw", line 621, characters 15-19:
Sub-goal postcondition of goal statementemissionmixin___handle_seq_assign'vc.
Prover result is: Valid (0.01s, 4381 steps).

File "/tmp/.pycsl_lewx2sxm.mlw", line 621, characters 15-19:
Sub-goal postcondition of goal statementemissionmixin___handle_seq_assign'vc.
Prover result is: Valid (0.01s, 4301 steps).

File "/tmp/.pycsl_lewx2sxm.mlw", line 621, characters 15-19:
Sub-goal postcondition of goal statementemissionmixin___handle_seq_assign'vc.
Prover result is: Valid (0.01s, 4208 steps).

File "/tmp/.pycsl_lewx2sxm.mlw", line 662, characters 15-19:
Sub-goal postcondition of goal statementemissionmixin___materialize_bridge'vc.
Prover result is: Valid (0.00s, 3165 steps).

File "/tmp/.pycsl_lewx2sxm.mlw", line 669, characters 15-19:
Sub-goal postcondition of goal statementemissionmixin___materialize_str_bridge'vc.
Prover result is: Valid (0.01s, 3165 steps).

File "/tmp/.pycsl_lewx2sxm.mlw", line 714, characters 15-19:
Sub-goal postcondition of goal statementemissionmixin___wrap_body_with_return_catch'vc.
Prover result is: Valid (0.01s, 3332 steps).

File "/tmp/.pycsl_lewx2sxm.mlw", line 714, characters 15-19:
Sub-goal postcondition of goal statementemissionmixin___wrap_body_with_return_catch'vc.
Prover result is: Valid (0.01s, 3695 steps).

File "/tmp/.pycsl_lewx2sxm.mlw", line 714, characters 15-19:
Sub-goal postcondition of goal statementemissionmixin___wrap_body_with_return_catch'vc.
Prover result is: Valid (0.01s, 3358 steps).

File "/tmp/.pycsl_lewx2sxm.mlw", line 714, characters 15-19:
Sub-goal postcondition of goal statementemissionmixin___wrap_body_with_return_catch'vc.
Prover result is: Valid (0.01s, 3367 steps).

File "/tmp/.pycsl_lewx2sxm.mlw", line 714, characters 15-19:
Sub-goal postcondition of goal statementemissionmixin___wrap_body_with_return_catch'vc.
Prover result is: Valid (0.01s, 3376 steps).

File "/tmp/.pycsl_lewx2sxm.mlw", line 714, characters 15-19:
Sub-goal postcondition of goal statementemissionmixin___wrap_body_with_return_catch'vc.
Prover result is: Valid (0.01s, 3380 steps).

Warnings/Errors from Why3:
