[*] Parsing and Semantic Analysis for 'src/self-annotate/src/module6_whyml/functions.py'...
[*] Memory model: hoare
[*] Imported from 'module6_whyml.identifiers': ['whyml_ident'] (trusted stubs)
[level] L1 ✓  L2 ✓  L3-tc ✗
[!] Emitted WhyML does NOT type-check (L3-tc failed) — NOT a success:
Warning, file "src/self-annotate/src/module6_whyml/functions.mlw", line 297, characters 26-28: unused variable x0
Warning, file "src/self-annotate/src/module6_whyml/functions.mlw", line 335, characters 42-44: unused variable m0
Warning, file "src/self-annotate/src/module6_whyml/functions.mlw", line 335, characters 59-61: unused variable p0
Warning, file "src/self-annotate/src/module6_whyml/functions.mlw", line 362, characters 20-23: unused variable sep
Warning, file "src/self-annotate/src/module6_whyml/functions.mlw", line 362, characters 34-36: unused variable xs
Warning, file "src/self-annotate/src/module6_whyml/functions.mlw", line 366, characters 27-30: unused variable sep
Warning, file "src/self-annotate/src/module6_whyml/functions.mlw", line 366, characters 41-42: unused variable i
Warning, file "src/self-annotate/src/module6_whyml/functions.mlw", line 368, characters 20-21: unused variable s
Warning, file "src/self-annotate/src/module6_whyml/functions.mlw", line 368, characters 32-35: unused variable sep
Warning, file "src/self-annotate/src/module6_whyml/functions.mlw", line 438, characters 32-36: unused variable result
Warning, file "src/self-annotate/src/module6_whyml/functions.mlw", line 433, characters 32-36: unused variable result
Warning, file "src/self-annotate/src/module6_whyml/functions.mlw", line 416, characters 32-36: unused variable result
Warning, file "src/self-annotate/src/module6_whyml/functions.mlw", line 465, characters 32-36: unused variable result
Warning, file "src/self-annotate/src/module6_whyml/functions.mlw", line 490, characters 66-70: unused variable self
Warning, file "src/self-annotate/src/module6_whyml/functions.mlw", line 491, characters 32-36: unused variable result
Warning, file "src/self-annotate/src/module6_whyml/functions.mlw", line 496, characters 32-36: unused variable result
Warning, file "src/self-annotate/src/module6_whyml/functions.mlw", line 606, characters 32-36: unused variable result
Warning, file "src/self-annotate/src/module6_whyml/functions.mlw", line 601, characters 32-36: unused variable result
Warning, file "src/self-annotate/src/module6_whyml/functions.mlw", line 565, characters 32-36: unused variable result
Warning, file "src/self-annotate/src/module6_whyml/functions.mlw", line 636, characters 32-36: unused variable result
Warning, file "src/self-annotate/src/module6_whyml/functions.mlw", line 631, characters 32-36: unused variable result
Warning, file "src/self-annotate/src/module6_whyml/functions.mlw", line 614, characters 32-36: unused variable result
Warning, file "src/self-annotate/src/module6_whyml/functions.mlw", line 677, characters 32-36: unused variable result
Warning, file "src/self-annotate/src/module6_whyml/functions.mlw", line 704, characters 74-78: unused variable self
Warning, file "src/self-annotate/src/module6_whyml/functions.mlw", line 705, characters 32-36: unused variable result
Warning, file "src/self-annotate/src/module6_whyml/functions.mlw", line 710, characters 32-36: unused variable result
Warning, file "src/self-annotate/src/module6_whyml/functions.mlw", line 792, characters 32-36: unused variable result
Warning, file "src/self-annotate/src/module6_whyml/functions.mlw", line 787, characters 32-36: unused variable result
Warning, file "src/self-annotate/src/module6_whyml/functions.mlw", line 758, characters 32-36: unused variable result
Warning, file "src/self-annotate/src/module6_whyml/functions.mlw", line 826, characters 32-36: unused variable result
Warning, file "src/self-annotate/src/module6_whyml/functions.mlw", line 852, characters 73-77: unused variable self
Warning, file "src/self-annotate/src/module6_whyml/functions.mlw", line 853, characters 32-36: unused variable result
Warning, file "src/self-annotate/src/module6_whyml/functions.mlw", line 858, characters 32-36: unused variable result
Warning, file "src/self-annotate/src/module6_whyml/functions.mlw", line 920, characters 32-36: unused variable result
Warning, file "src/self-annotate/src/module6_whyml/functions.mlw", line 915, characters 32-36: unused variable result
Warning, file "src/self-annotate/src/module6_whyml/functions.mlw", line 892, characters 32-36: unused variable result
Warning, file "src/self-annotate/src/module6_whyml/functions.mlw", line 954, characters 32-36: unused variable result
Warning, file "src/self-annotate/src/module6_whyml/functions.mlw", line 980, characters 75-79: unused variable self
Warning, file "src/self-annotate/src/module6_whyml/functions.mlw", line 981, characters 32-36: unused variable result
Warning, file "src/self-annotate/src/module6_whyml/functions.mlw", line 1033, characters 32-36: unused variable result
Warning, file "src/self-annotate/src/module6_whyml/functions.mlw", line 1028, characters 32-36: unused variable result
Warning, file "src/self-annotate/src/module6_whyml/functions.mlw", line 1008, characters 32-36: unused variable result
Warning, file "src/self-annotate/src/module6_whyml/functions.mlw", line 1060, characters 32-36: unused variable result
Warning, file "src/self-annotate/src/module6_whyml/functions.mlw", line 1085, characters 69-73: unused variable self
Warning, file "src/self-annotate/src/module6_whyml/functions.mlw", line 1086, characters 32-36: unused variable result
Warning, file "src/self-annotate/src/module6_whyml/functions.mlw", line 1091, characters 32-36: unused variable result
Warning, file "src/self-annotate/src/module6_whyml/functions.mlw", line 1144, characters 32-36: unused variable result
Warning, file "src/self-annotate/src/module6_whyml/functions.mlw", line 1139, characters 32-36: unused variable result
Warning, file "src/self-annotate/src/module6_whyml/functions.mlw", line 1117, characters 32-36: unused variable result
Warning, file "src/self-annotate/src/module6_whyml/functions.mlw", line 1178, characters 32-36: unused variable result
Warning, file "src/self-annotate/src/module6_whyml/functions.mlw", line 1204, characters 69-73: unused variable self
Warning, file "src/self-annotate/src/module6_whyml/functions.mlw", line 1205, characters 32-36: unused variable result
Warning, file "src/self-annotate/src/module6_whyml/functions.mlw", line 1221, characters 32-36: unused variable result
Warning, file "src/self-annotate/src/module6_whyml/functions.mlw", line 1244, characters 60-64: unused variable self
Warning, file "src/self-annotate/src/module6_whyml/functions.mlw", line 1245, characters 32-36: unused variable result
Warning, file "src/self-annotate/src/module6_whyml/functions.mlw", line 1304, characters 70-74: unused variable self
Warning, file "src/self-annotate/src/module6_whyml/functions.mlw", line 1305, characters 32-36: unused variable result
Warning, file "src/self-annotate/src/module6_whyml/functions.mlw", line 1346, characters 32-36: unused variable result
Warning, file "src/self-annotate/src/module6_whyml/functions.mlw", line 1341, characters 32-36: unused variable result
Warning, file "src/self-annotate/src/module6_whyml/functions.mlw", line 1324, characters 32-36: unused variable result
Warning, file "src/self-annotate/src/module6_whyml/functions.mlw", line 1373, characters 32-36: unused variable result
Warning, file "src/self-annotate/src/module6_whyml/functions.mlw", line 1398, characters 63-67: unused variable self
Warning, file "src/self-annotate/src/module6_whyml/functions.mlw", line 1399, characters 32-36: unused variable result
Warning, file "src/self-annotate/src/module6_whyml/functions.mlw", line 1404, characters 32-36: unused variable result
Warning, file "src/self-annotate/src/module6_whyml/functions.mlw", line 1491, characters 32-36: unused variable result
Warning, file "src/self-annotate/src/module6_whyml/functions.mlw", line 1486, characters 32-36: unused variable result
Warning, file "src/self-annotate/src/module6_whyml/functions.mlw", line 1452, characters 32-36: unused variable result
Warning, file "src/self-annotate/src/module6_whyml/functions.mlw", line 1532, characters 32-36: unused variable result
Warning, file "src/self-annotate/src/module6_whyml/functions.mlw", line 1559, characters 69-73: unused variable self
Warning, file "src/self-annotate/src/module6_whyml/functions.mlw", line 1560, characters 32-36: unused variable result
Warning, file "src/self-annotate/src/module6_whyml/functions.mlw", line 1601, characters 32-36: unused variable result
Warning, file "src/self-annotate/src/module6_whyml/functions.mlw", line 1593, characters 32-36: unused variable result
Warning, file "src/self-annotate/src/module6_whyml/functions.mlw", line 1586, characters 32-36: unused variable result
Warning, file "src/self-annotate/src/module6_whyml/functions.mlw", line 1649, characters 32-36: unused variable result
Warning, file "src/self-annotate/src/module6_whyml/functions.mlw", line 1679, characters 32-36: unused variable result
Warning, file "src/self-annotate/src/module6_whyml/functions.mlw", line 1687, characters 32-36: unused variable result
Warning, file "src/self-annotate/src/module6_whyml/functions.mlw", line 1698, characters 32-36: unused variable result
Warning, file "src/self-annotate/src/module6_whyml/functions.mlw", line 1707, characters 60-64: unused variable self
Warning, file "src/self-annotate/src/module6_whyml/functions.mlw", line 1708, characters 32-36: unused variable result
Warning, file "src/self-annotate/src/module6_whyml/functions.mlw", line 1756, characters 32-36: unused variable result
Warning, file "src/self-annotate/src/module6_whyml/functions.mlw", line 1804, characters 55-59: unused variable self
Warning, file "src/self-annotate/src/module6_whyml/functions.mlw", line 1805, characters 32-36: unused variable result
Warning, file "src/self-annotate/src/module6_whyml/functions.mlw", line 1823, characters 8-11: unused variable arg
Warning, file "src/self-annotate/src/module6_whyml/functions.mlw", line 1815, characters 8-23: unused variable param_parts_len
Warning, file "src/self-annotate/src/module6_whyml/functions.mlw", line 1813, characters 15-19: unused variable result
Warning, file "src/self-annotate/src/module6_whyml/functions.mlw", line 1856, characters 53-57: unused variable self
Warning, file "src/self-annotate/src/module6_whyml/functions.mlw", line 1858, characters 15-19: unused variable result
Warning, file "src/self-annotate/src/module6_whyml/functions.mlw", line 1896, characters 32-36: unused variable result
Warning, file "src/self-annotate/src/module6_whyml/functions.mlw", line 1968, characters 32-36: unused variable result
Warning, file "src/self-annotate/src/module6_whyml/functions.mlw", line 1974, characters 32-36: unused variable result
Warning, file "src/self-annotate/src/module6_whyml/functions.mlw", line 1985, characters 53-57: unused variable self
Warning, file "src/self-annotate/src/module6_whyml/functions.mlw", line 1986, characters 32-36: unused variable result
Warning, file "src/self-annotate/src/module6_whyml/functions.mlw", line 1990, characters 15-19: unused variable result
Warning, file "src/self-annotate/src/module6_whyml/functions.mlw", line 2118, characters 32-36: unused variable result
Warning, file "src/self-annotate/src/module6_whyml/functions.mlw", line 2124, characters 32-36: unused variable result
Warning, file "src/self-annotate/src/module6_whyml/functions.mlw", line 2153, characters 32-36: unused variable result
Warning, file "src/self-annotate/src/module6_whyml/functions.mlw", line 2140, characters 32-36: unused variable result
Warning, file "src/self-annotate/src/module6_whyml/functions.mlw", line 2137, characters 32-36: unused variable result
Warning, file "src/self-annotate/src/module6_whyml/functions.mlw", line 2155, characters 50-54: unused variable self
Warning, file "src/self-annotate/src/module6_whyml/functions.mlw", line 2156, characters 32-36: unused variable result
Warning, file "src/self-annotate/src/module6_whyml/functions.mlw", line 2163, characters 46-50: unused variable self
Warning, file "src/self-annotate/src/module6_whyml/functions.mlw", line 2163, characters 76-85: unused variable contracts
Warning, file "src/self-annotate/src/module6_whyml/functions.mlw", line 2163, characters 93-102: unused variable spec_refs
Warning, file "src/self-annotate/src/module6_whyml/functions.mlw", line 2163, characters 110-123: unused variable func_variants
Warning, file "src/self-annotate/src/module6_whyml/functions.mlw", line 2163, characters 137-150: unused variable func_diverges
Warning, file "src/self-annotate/src/module6_whyml/functions.mlw", line 2163, characters 158-173: unused variable func_exceptions
Warning, file "src/self-annotate/src/module6_whyml/functions.mlw", line 2163, characters 181-197: unused variable func_is_noreturn
Warning, file "src/self-annotate/src/module6_whyml/functions.mlw", line 2165, characters 15-19: unused variable result
Warning, file "src/self-annotate/src/module6_whyml/functions.mlw", line 2167, characters 45-49: unused variable self
Warning, file "src/self-annotate/src/module6_whyml/functions.mlw", line 2167, characters 75-79: unused variable func
Warning, file "src/self-annotate/src/module6_whyml/functions.mlw", line 2167, characters 87-95: unused variable scc_info
Warning, file "src/self-annotate/src/module6_whyml/functions.mlw", line 2169, characters 15-19: unused variable result
Warning, file "src/self-annotate/src/module6_whyml/functions.mlw", line 2171, characters 49-53: unused variable self
Warning, file "src/self-annotate/src/module6_whyml/functions.mlw", line 2171, characters 79-83: unused variable name
Warning, file "src/self-annotate/src/module6_whyml/functions.mlw", line 2171, characters 94-102: unused variable args_str
Warning, file "src/self-annotate/src/module6_whyml/functions.mlw", line 2171, characters 113-124: unused variable return_type
Warning, file "src/self-annotate/src/module6_whyml/functions.mlw", line 2171, characters 135-139: unused variable defc
Warning, file "src/self-annotate/src/module6_whyml/functions.mlw", line 2171, characters 147-152: unused variable iface
Warning, file "src/self-annotate/src/module6_whyml/functions.mlw", line 2171, characters 160-169: unused variable spec_refs
Warning, file "src/self-annotate/src/module6_whyml/functions.mlw", line 2173, characters 15-19: unused variable result
Warning, file "src/self-annotate/src/module6_whyml/functions.mlw", line 2175, characters 52-56: unused variable self
Warning, file "src/self-annotate/src/module6_whyml/functions.mlw", line 2175, characters 82-91: unused variable functions
Warning, file "src/self-annotate/src/module6_whyml/functions.mlw", line 2177, characters 15-19: unused variable result
Warning, file "src/self-annotate/src/module6_whyml/functions.mlw", line 2179, characters 49-53: unused variable self
Warning, file "src/self-annotate/src/module6_whyml/functions.mlw", line 2179, characters 79-83: unused variable name
Warning, file "src/self-annotate/src/module6_whyml/functions.mlw", line 2179, characters 94-106: unused variable symbol_table
Warning, file "src/self-annotate/src/module6_whyml/functions.mlw", line 2181, characters 15-19: unused variable result
Warning, file "src/self-annotate/src/module6_whyml/functions.mlw", line 2204, characters 32-36: unused variable result
Warning, file "src/self-annotate/src/module6_whyml/functions.mlw", line 2189, characters 32-36: unused variable result
Warning, file "src/self-annotate/src/module6_whyml/functions.mlw", line 2250, characters 32-36: unused variable result
Warning, file "src/self-annotate/src/module6_whyml/functions.mlw", line 2244, characters 32-36: unused variable result
Warning, file "src/self-annotate/src/module6_whyml/functions.mlw", line 2234, characters 32-36: unused variable result
Warning, file "src/self-annotate/src/module6_whyml/functions.mlw", line 2253, characters 48-52: unused variable self
Warning, file "src/self-annotate/src/module6_whyml/functions.mlw", line 2254, characters 32-36: unused variable result
File "src/self-annotate/src/module6_whyml/functions.mlw", line 2269, characters 40-41:
This expression has type int, but is expected to have type string
