[*] Parsing and Semantic Analysis for 'src/self-annotate/src/frontend/Module3_Weaver.py'...
[*] Memory model: hoare
[*] Imported class from 'frontend.Module2_Parser': Requires (record + 0 method stub(s) + 81 helper(s))
[*] Imported class from 'frontend.Module2_Parser': Ensures (record + 0 method stub(s) + 0 helper(s))
[*] Imported class from 'frontend.Module2_Parser': Assigns (record + 0 method stub(s) + 0 helper(s))
[*] Imported class from 'frontend.Module2_Parser': LoopInvariant (record + 0 method stub(s) + 0 helper(s))
[*] Imported class from 'frontend.Module2_Parser': LoopVariant (record + 0 method stub(s) + 0 helper(s))
[*] Imported class from 'frontend.Module2_Parser': ClassInvariant (record + 0 method stub(s) + 0 helper(s))
[*] Imported class from 'frontend.Module2_Parser': CSLLabel (record + 0 method stub(s) + 0 helper(s))
[*] Imported class from 'frontend.Module2_Parser': FunctionVariant (record + 0 method stub(s) + 0 helper(s))
[*] Imported class from 'frontend.Module2_Parser': Diverges (record + 0 method stub(s) + 0 helper(s))
[*] Imported class from 'frontend.Module2_Parser': NoInline (record + 0 method stub(s) + 0 helper(s))
[*] Imported class from 'frontend.Module2_Parser': SiblingConcrete (record + 0 method stub(s) + 0 helper(s))
[*] Imported class from 'frontend.Module2_Parser': VerifyModule (record + 0 method stub(s) + 0 helper(s))
[*] Imported class from 'frontend.Module2_Parser': PropagateFrame (record + 0 method stub(s) + 0 helper(s))
[*] Imported class from 'frontend.Module2_Parser': FreshGlobals (record + 0 method stub(s) + 0 helper(s))
[*] Imported class from 'frontend.Module2_Parser': Trusted (record + 0 method stub(s) + 0 helper(s))
[*] Imported class from 'frontend.Module2_Parser': Abstract (record + 0 method stub(s) + 0 helper(s))
[*] Imported class from 'frontend.Module2_Parser': Lemma (record + 0 method stub(s) + 0 helper(s))
[*] Imported class from 'frontend.Module2_Parser': Uses (record + 0 method stub(s) + 0 helper(s))
[*] Imported class from 'frontend.Module2_Parser': InterfaceClause (record + 0 method stub(s) + 0 helper(s))
[*] Imported class from 'frontend.Module2_Parser': Reveal (record + 0 method stub(s) + 0 helper(s))
[*] Imported class from 'frontend.Module2_Parser': GhostAssignDecl (record + 0 method stub(s) + 0 helper(s))
[*] Imported class from 'frontend.Module2_Parser': GhostArraySetDecl (record + 0 method stub(s) + 0 helper(s))
[*] Imported class from 'frontend.Module2_Parser': RaisesDecl (record + 0 method stub(s) + 0 helper(s))
[*] Imported class from 'frontend.Module2_Parser': NoExceptionDecl (record + 0 method stub(s) + 0 helper(s))
[*] Imported class from 'frontend.Module2_Parser': AllowFinalizerDecl (record + 0 method stub(s) + 0 helper(s))
[*] Imported class from 'frontend.Module2_Parser': AllowIterationMutationDecl (record + 0 method stub(s) + 0 helper(s))
[*] Imported class from 'frontend.Module2_Parser': BoundedIntDecl (record + 0 method stub(s) + 0 helper(s))
[*] Imported class from 'frontend.Module2_Parser': ProofDecl (record + 0 method stub(s) + 0 helper(s))
[*] Imported class from 'frontend.Module2_Parser': SharedDecl (record + 0 method stub(s) + 0 helper(s))
[*] Imported class from 'frontend.Module2_Parser': DatatypeDecl (record + 0 method stub(s) + 0 helper(s))
[*] Imported class from 'frontend.Module2_Parser': InductiveDecl (record + 0 method stub(s) + 0 helper(s))
[*] Imported class from 'frontend.Module2_Parser': ThreadEntry (record + 0 method stub(s) + 0 helper(s))
[*] Imported class from 'frontend.Module2_Parser': Acquires (record + 0 method stub(s) + 0 helper(s))
[*] Imported class from 'frontend.Module2_Parser': Releases (record + 0 method stub(s) + 0 helper(s))
[*] Imported class from 'frontend.Module2_Parser': CriticalSection (record + 0 method stub(s) + 0 helper(s))
[*] Imported class from 'frontend.Module2_Parser': MutexInvariant (record + 0 method stub(s) + 0 helper(s))
[*] Imported class from 'frontend.Module2_Parser': LockOrder (record + 0 method stub(s) + 0 helper(s))
[*] Imported class from 'frontend.Module2_Parser': BinOp (record + 0 method stub(s) + 0 helper(s))
[*] Imported class from 'frontend.Module2_Parser': Number (record + 0 method stub(s) + 0 helper(s))
[*] Imported class from 'frontend.Module2_Parser': Act (record + 0 method stub(s) + 0 helper(s))
[*] Imported class from 'frontend.Module2_Parser': ForExpand (record + 0 method stub(s) + 0 helper(s))
[*] Imported class from 'frontend.Module2_Parser': Given (record + 0 method stub(s) + 0 helper(s))
[*] Imported class from 'frontend.Module2_Parser': Complete (record + 0 method stub(s) + 0 helper(s))
[*] Imported class from 'frontend.Module2_Parser': Disjoint (record + 0 method stub(s) + 0 helper(s))
[*] Imported class from 'frontend.Module2_Parser': Old (record + 0 method stub(s) + 0 helper(s))
[*] Imported class from 'frontend.Module2_Parser': UnaryOp (record + 0 method stub(s) + 0 helper(s))
[*] Imported class from 'frontend.Module2_Parser': CSLBool (record + 0 method stub(s) + 0 helper(s))
[*] Imported class from 'frontend.Module2_Parser': CheckPoint (record + 0 method stub(s) + 0 helper(s))
[*] Imported class from 'frontend.Module2_Parser': HappyProperty (record + 0 method stub(s) + 0 helper(s))
[*] Imported class from 'frontend.Module2_Parser': Preserves (record + 0 method stub(s) + 0 helper(s))
[*] Imported class from 'frontend.Module2_Parser': Footprint (record + 0 method stub(s) + 0 helper(s))
[*] Imported class from 'frontend.Module2_Parser': Var (record + 0 method stub(s) + 0 helper(s))
[*] Imported class from 'frontend.Module2_Parser': Forall (record + 0 method stub(s) + 0 helper(s))
[*] Imported class from 'frontend.Module2_Parser': FieldSubscript (record + 0 method stub(s) + 0 helper(s))
[*] Imported class from 'frontend.Module2_Parser': MixinDecl (record + 0 method stub(s) + 0 helper(s))
[*] Imported class from 'frontend.Module2_Parser': ProvidesDecl (record + 0 method stub(s) + 0 helper(s))
[*] Imported class from 'frontend.Module2_Parser': SharedStateDecl (record + 0 method stub(s) + 0 helper(s))
[*] Imported class from 'frontend.Module2_Parser': TouchesFieldDecl (record + 0 method stub(s) + 0 helper(s))
[*] Imported class from 'frontend.Module2_Parser': MethodDependencyDecl (record + 0 method stub(s) + 0 helper(s))
[*] Imported class from 'frontend.Module2_Parser': ComposeFromDecl (record + 0 method stub(s) + 0 helper(s))
[*] Imported class from 'frontend.Module2_Parser': ConformsToDecl (record + 0 method stub(s) + 0 helper(s))
[*] Imported class from 'errors': PyCSLSemanticError (record + 0 method stub(s) + 2 helper(s))
[*] Imported class from 'frontend.Module1_Ingestor': PyCSLContract (record + 0 method stub(s) + 14 helper(s))
[level] L1 ✓  L2 ✓  L3-tc ✓
[+] Verification SUCCESS (--no-proof: WhyML generated AND type-checks [L3-tc ✓]; proof skipped).
