[*] Parsing and Semantic Analysis for 'src/self-annotate/src/frontend/pure_ast.py'...
[*] Memory model: hoare
[*] Import 'typing.List': external module, no local source found — skipping (add \trusted stub if verification of callers needs its contract)
[*] Import 'typing.Tuple': external module, no local source found — skipping (add \trusted stub if verification of callers needs its contract)
[*] Import 'inspect.cleandoc': external module, no local source found — skipping
[level] L1 ✓  L2 ✓  L3-tc ✗
[!] Emitted WhyML does NOT type-check (L3-tc failed) — NOT a success:
Warning, file "src/self-annotate/src/frontend/pure_ast.mlw", line 578, characters 21-22: unused variable s
Warning, file "src/self-annotate/src/frontend/pure_ast.mlw", line 604, characters 20-22: unused variable x0
Warning, file "src/self-annotate/src/frontend/pure_ast.mlw", line 610, characters 26-28: unused variable x0
Warning, file "src/self-annotate/src/frontend/pure_ast.mlw", line 645, characters 20-23: unused variable sep
Warning, file "src/self-annotate/src/frontend/pure_ast.mlw", line 645, characters 34-36: unused variable xs
Warning, file "src/self-annotate/src/frontend/pure_ast.mlw", line 667, characters 15-19: unused variable result
Warning, file "src/self-annotate/src/frontend/pure_ast.mlw", line 671, characters 20-29: unused variable namespace
Warning, file "src/self-annotate/src/frontend/pure_ast.mlw", line 679, characters 27-32: unused variable value
Warning, file "src/self-annotate/src/frontend/pure_ast.mlw", line 683, characters 23-27: unused variable body
Warning, file "src/self-annotate/src/frontend/pure_ast.mlw", line 683, characters 35-43: unused variable is_bytes
Warning, file "src/self-annotate/src/frontend/pure_ast.mlw", line 687, characters 30-34: unused variable text
Warning, file "src/self-annotate/src/frontend/pure_ast.mlw", line 687, characters 45-51: unused variable is_raw
Warning, file "src/self-annotate/src/frontend/pure_ast.mlw", line 689, characters 15-19: unused variable result
Warning, file "src/self-annotate/src/frontend/pure_ast.mlw", line 691, characters 22-25: unused variable tok
Warning, file "src/self-annotate/src/frontend/pure_ast.mlw", line 693, characters 15-19: unused variable result
Warning, file "src/self-annotate/src/frontend/pure_ast.mlw", line 699, characters 8-10: unused variable ch
Warning, file "src/self-annotate/src/frontend/pure_ast.mlw", line 697, characters 15-19: unused variable result
Warning, file "src/self-annotate/src/frontend/pure_ast.mlw", line 719, characters 15-19: unused variable result
Warning, file "src/self-annotate/src/frontend/pure_ast.mlw", line 723, characters 12-18: unused variable source
Warning, file "src/self-annotate/src/frontend/pure_ast.mlw", line 727, characters 28-34: unused variable values
Warning, file "src/self-annotate/src/frontend/pure_ast.mlw", line 727, characters 52-62: unused variable drop_empty
Warning, file "src/self-annotate/src/frontend/pure_ast.mlw", line 729, characters 15-19: unused variable result
Warning, file "src/self-annotate/src/frontend/pure_ast.mlw", line 733, characters 15-19: unused variable result
Warning, file "src/self-annotate/src/frontend/pure_ast.mlw", line 747, characters 8-9: unused variable c
Warning, file "src/self-annotate/src/frontend/pure_ast.mlw", line 745, characters 15-19: unused variable result
Warning, file "src/self-annotate/src/frontend/pure_ast.mlw", line 763, characters 21-22: unused variable s
Warning, file "src/self-annotate/src/frontend/pure_ast.mlw", line 765, characters 15-19: unused variable result
Warning, file "src/self-annotate/src/frontend/pure_ast.mlw", line 769, characters 15-97: unused variable result
Warning, file "src/self-annotate/src/frontend/pure_ast.mlw", line 821, characters 15-38: unused variable result
Warning, file "src/self-annotate/src/frontend/pure_ast.mlw", line 831, characters 15-38: unused variable result
Warning, file "src/self-annotate/src/frontend/pure_ast.mlw", line 841, characters 15-38: unused variable result
Warning, file "src/self-annotate/src/frontend/pure_ast.mlw", line 852, characters 15-38: unused variable result
Warning, file "src/self-annotate/src/frontend/pure_ast.mlw", line 878, characters 15-19: unused variable result
Warning, file "src/self-annotate/src/frontend/pure_ast.mlw", line 885, characters 16-20: unused variable node
Warning, file "src/self-annotate/src/frontend/pure_ast.mlw", line 885, characters 32-35: unused variable ctx
Warning, file "src/self-annotate/src/frontend/pure_ast.mlw", line 887, characters 15-19: unused variable result
Warning, file "src/self-annotate/src/frontend/pure_ast.mlw", line 891, characters 15-19: unused variable result
Warning, file "src/self-annotate/src/frontend/pure_ast.mlw", line 898, characters 15-19: unused variable result
Warning, file "src/self-annotate/src/frontend/pure_ast.mlw", line 903, characters 23-27: unused variable self
Warning, file "src/self-annotate/src/frontend/pure_ast.mlw", line 903, characters 39-44: unused variable start
Warning, file "src/self-annotate/src/frontend/pure_ast.mlw", line 903, characters 64-70: unused variable py_end
Warning, file "src/self-annotate/src/frontend/pure_ast.mlw", line 905, characters 15-19: unused variable result
Warning, file "src/self-annotate/src/frontend/pure_ast.mlw", line 2263, characters 15-19: unused variable result
Warning, file "src/self-annotate/src/frontend/pure_ast.mlw", line 2244, characters 15-19: unused variable result
Warning, file "src/self-annotate/src/frontend/pure_ast.mlw", line 2216, characters 15-19: unused variable result
Warning, file "src/self-annotate/src/frontend/pure_ast.mlw", line 2198, characters 15-39: unused variable result
Warning, file "src/self-annotate/src/frontend/pure_ast.mlw", line 2187, characters 15-19: unused variable result
Warning, file "src/self-annotate/src/frontend/pure_ast.mlw", line 2117, characters 15-19: unused variable result
Warning, file "src/self-annotate/src/frontend/pure_ast.mlw", line 2108, characters 16-22: unused variable py_end
Warning, file "src/self-annotate/src/frontend/pure_ast.mlw", line 2091, characters 16-22: unused variable py_end
Warning, file "src/self-annotate/src/frontend/pure_ast.mlw", line 2085, characters 16-22: unused variable py_end
Warning, file "src/self-annotate/src/frontend/pure_ast.mlw", line 2057, characters 16-22: unused variable py_end
Warning, file "src/self-annotate/src/frontend/pure_ast.mlw", line 2045, characters 10-16: unused variable py_end
Warning, file "src/self-annotate/src/frontend/pure_ast.mlw", line 2042, characters 8-14: unused variable py_end
Warning, file "src/self-annotate/src/frontend/pure_ast.mlw", line 2036, characters 8-16: unused variable elts_len
Warning, file "src/self-annotate/src/frontend/pure_ast.mlw", line 2035, characters 8-16: unused variable keys_len
Warning, file "src/self-annotate/src/frontend/pure_ast.mlw", line 2034, characters 8-18: unused variable values_len
Warning, file "src/self-annotate/src/frontend/pure_ast.mlw", line 2027, characters 15-19: unused variable result
Warning, file "src/self-annotate/src/frontend/pure_ast.mlw", line 2023, characters 8-14: unused variable py_end
Warning, file "src/self-annotate/src/frontend/pure_ast.mlw", line 1996, characters 8-14: unused variable py_end
Warning, file "src/self-annotate/src/frontend/pure_ast.mlw", line 1993, characters 8-16: unused variable keys_len
Warning, file "src/self-annotate/src/frontend/pure_ast.mlw", line 1992, characters 8-18: unused variable values_len
Warning, file "src/self-annotate/src/frontend/pure_ast.mlw", line 1985, characters 44-45: unused variable t
Warning, file "src/self-annotate/src/frontend/pure_ast.mlw", line 1985, characters 54-63: unused variable first_key
Warning, file "src/self-annotate/src/frontend/pure_ast.mlw", line 1987, characters 15-19: unused variable result
Warning, file "src/self-annotate/src/frontend/pure_ast.mlw", line 1958, characters 15-19: unused variable result
Warning, file "src/self-annotate/src/frontend/pure_ast.mlw", line 1938, characters 15-19: unused variable result
Warning, file "src/self-annotate/src/frontend/pure_ast.mlw", line 1873, characters 8-16: unused variable args_len
Warning, file "src/self-annotate/src/frontend/pure_ast.mlw", line 1872, characters 8-20: unused variable defaults_len
Warning, file "src/self-annotate/src/frontend/pure_ast.mlw", line 1871, characters 8-23: unused variable kw_defaults_len
Warning, file "src/self-annotate/src/frontend/pure_ast.mlw", line 1870, characters 8-18: unused variable kwonly_len
Warning, file "src/self-annotate/src/frontend/pure_ast.mlw", line 1865, characters 15-19: unused variable result
Warning, file "src/self-annotate/src/frontend/pure_ast.mlw", line 1843, characters 8-18: unused variable values_len
Warning, file "src/self-annotate/src/frontend/pure_ast.mlw", line 1836, characters 15-19: unused variable result
Warning, file "src/self-annotate/src/frontend/pure_ast.mlw", line 1814, characters 8-18: unused variable values_len
Warning, file "src/self-annotate/src/frontend/pure_ast.mlw", line 1807, characters 15-19: unused variable result
Warning, file "src/self-annotate/src/frontend/pure_ast.mlw", line 1788, characters 15-19: unused variable result
Warning, file "src/self-annotate/src/frontend/pure_ast.mlw", line 1737, characters 8-23: unused variable comparators_len
Warning, file "src/self-annotate/src/frontend/pure_ast.mlw", line 1736, characters 8-15: unused variable ops_len
Warning, file "src/self-annotate/src/frontend/pure_ast.mlw", line 1729, characters 15-19: unused variable result
Warning, file "src/self-annotate/src/frontend/pure_ast.mlw", line 1720, characters 15-19: unused variable result
Warning, file "src/self-annotate/src/frontend/pure_ast.mlw", line 1685, characters 8-16: unused variable gens_len
Warning, file "src/self-annotate/src/frontend/pure_ast.mlw", line 1684, characters 8-15: unused variable ifs_len
Warning, file "src/self-annotate/src/frontend/pure_ast.mlw", line 1679, characters 15-19: unused variable result
Warning, file "src/self-annotate/src/frontend/pure_ast.mlw", line 1646, characters 8-16: unused variable elts_len
Warning, file "src/self-annotate/src/frontend/pure_ast.mlw", line 1641, characters 15-19: unused variable result
Warning, file "src/self-annotate/src/frontend/pure_ast.mlw", line 1629, characters 8-14: unused variable py_val
Warning, file "src/self-annotate/src/frontend/pure_ast.mlw", line 1623, characters 15-19: unused variable result
Warning, file "src/self-annotate/src/frontend/pure_ast.mlw", line 1609, characters 15-19: unused variable result
Warning, file "src/self-annotate/src/frontend/pure_ast.mlw", line 1597, characters 8-14: unused variable py_val
Warning, file "src/self-annotate/src/frontend/pure_ast.mlw", line 1590, characters 15-19: unused variable result
Warning, file "src/self-annotate/src/frontend/pure_ast.mlw", line 1567, characters 15-19: unused variable result
Warning, file "src/self-annotate/src/frontend/pure_ast.mlw", line 1560, characters 12-18: unused variable py_end
Warning, file "src/self-annotate/src/frontend/pure_ast.mlw", line 1543, characters 12-18: unused variable py_end
Warning, file "src/self-annotate/src/frontend/pure_ast.mlw", line 1537, characters 10-16: unused variable py_end
Warning, file "src/self-annotate/src/frontend/pure_ast.mlw", line 1534, characters 8-14: unused variable py_end
Warning, file "src/self-annotate/src/frontend/pure_ast.mlw", line 1531, characters 8-16: unused variable elts_len
Warning, file "src/self-annotate/src/frontend/pure_ast.mlw", line 1524, characters 15-19: unused variable result
Warning, file "src/self-annotate/src/frontend/pure_ast.mlw", line 1514, characters 18-24: unused variable py_end
Warning, file "src/self-annotate/src/frontend/pure_ast.mlw", line 1511, characters 18-24: unused variable py_end
Warning, file "src/self-annotate/src/frontend/pure_ast.mlw", line 1492, characters 16-22: unused variable py_end
Warning, file "src/self-annotate/src/frontend/pure_ast.mlw", line 1486, characters 14-20: unused variable py_end
Warning, file "src/self-annotate/src/frontend/pure_ast.mlw", line 1468, characters 12-18: unused variable py_end
Warning, file "src/self-annotate/src/frontend/pure_ast.mlw", line 1463, characters 10-16: unused variable py_end
Warning, file "src/self-annotate/src/frontend/pure_ast.mlw", line 1460, characters 8-14: unused variable py_end
Warning, file "src/self-annotate/src/frontend/pure_ast.mlw", line 1455, characters 8-16: unused variable elts_len
Warning, file "src/self-annotate/src/frontend/pure_ast.mlw", line 1448, characters 15-19: unused variable result
Warning, file "src/self-annotate/src/frontend/pure_ast.mlw", line 1432, characters 8-14: unused variable py_val
Warning, file "src/self-annotate/src/frontend/pure_ast.mlw", line 1425, characters 15-19: unused variable result
Warning, file "src/self-annotate/src/frontend/pure_ast.mlw", line 1398, characters 8-16: unused variable elts_len
Warning, file "src/self-annotate/src/frontend/pure_ast.mlw", line 1392, characters 15-19: unused variable result
Warning, file "src/self-annotate/src/frontend/pure_ast.mlw", line 1342, characters 12-18: unused variable py_val
Warning, file "src/self-annotate/src/frontend/pure_ast.mlw", line 1317, characters 8-14: unused variable py_val
Warning, file "src/self-annotate/src/frontend/pure_ast.mlw", line 1315, characters 8-17: unused variable parts_len
Warning, file "src/self-annotate/src/frontend/pure_ast.mlw", line 1314, characters 8-18: unused variable values_len
Warning, file "src/self-annotate/src/frontend/pure_ast.mlw", line 1307, characters 15-19: unused variable result
Warning, file "src/self-annotate/src/frontend/pure_ast.mlw", line 1302, characters 8-14: unused variable py_end
Warning, file "src/self-annotate/src/frontend/pure_ast.mlw", line 1277, characters 8-14: unused variable py_end
Warning, file "src/self-annotate/src/frontend/pure_ast.mlw", line 1271, characters 8-18: unused variable values_len
Warning, file "src/self-annotate/src/frontend/pure_ast.mlw", line 1265, characters 15-19: unused variable result
Warning, file "src/self-annotate/src/frontend/pure_ast.mlw", line 1246, characters 8-14: unused variable py_end
Warning, file "src/self-annotate/src/frontend/pure_ast.mlw", line 1221, characters 8-14: unused variable py_end
Warning, file "src/self-annotate/src/frontend/pure_ast.mlw", line 1214, characters 8-15: unused variable out_len
Warning, file "src/self-annotate/src/frontend/pure_ast.mlw", line 1209, characters 15-19: unused variable result
Warning, file "src/self-annotate/src/frontend/pure_ast.mlw", line 1166, characters 8-18: unused variable values_len
Warning, file "src/self-annotate/src/frontend/pure_ast.mlw", line 1161, characters 15-19: unused variable result
Warning, file "src/self-annotate/src/frontend/pure_ast.mlw", line 1134, characters 8-16: unused variable elts_len
Warning, file "src/self-annotate/src/frontend/pure_ast.mlw", line 1128, characters 15-19: unused variable result
Warning, file "src/self-annotate/src/frontend/pure_ast.mlw", line 1111, characters 16-22: unused variable py_end
Warning, file "src/self-annotate/src/frontend/pure_ast.mlw", line 1100, characters 14-20: unused variable py_end
Warning, file "src/self-annotate/src/frontend/pure_ast.mlw", line 1087, characters 12-18: unused variable py_end
Warning, file "src/self-annotate/src/frontend/pure_ast.mlw", line 1071, characters 8-14: unused variable py_end
Warning, file "src/self-annotate/src/frontend/pure_ast.mlw", line 1061, characters 15-19: unused variable result
Warning, file "src/self-annotate/src/frontend/pure_ast.mlw", line 1005, characters 8-16: unused variable args_len
Warning, file "src/self-annotate/src/frontend/pure_ast.mlw", line 1004, characters 8-20: unused variable keywords_len
Warning, file "src/self-annotate/src/frontend/pure_ast.mlw", line 999, characters 15-19: unused variable result
Warning, file "src/self-annotate/src/frontend/pure_ast.mlw", line 964, characters 8-16: unused variable elts_len
Warning, file "src/self-annotate/src/frontend/pure_ast.mlw", line 958, characters 15-19: unused variable result
Warning, file "src/self-annotate/src/frontend/pure_ast.mlw", line 927, characters 15-19: unused variable result
Warning, file "src/self-annotate/src/frontend/pure_ast.mlw", line 909, characters 15-19: unused variable result
Warning, file "src/self-annotate/src/frontend/pure_ast.mlw", line 2307, characters 15-39: unused variable result
Warning, file "src/self-annotate/src/frontend/pure_ast.mlw", line 2323, characters 8-17: unused variable parts_len
Warning, file "src/self-annotate/src/frontend/pure_ast.mlw", line 2320, characters 15-39: unused variable result
Warning, file "src/self-annotate/src/frontend/pure_ast.mlw", line 2347, characters 15-19: unused variable result
Warning, file "src/self-annotate/src/frontend/pure_ast.mlw", line 2375, characters 15-19: unused variable result
Warning, file "src/self-annotate/src/frontend/pure_ast.mlw", line 2399, characters 8-16: unused variable elts_len
Warning, file "src/self-annotate/src/frontend/pure_ast.mlw", line 2395, characters 15-19: unused variable result
Warning, file "src/self-annotate/src/frontend/pure_ast.mlw", line 2423, characters 8-19: unused variable targets_len
Warning, file "src/self-annotate/src/frontend/pure_ast.mlw", line 2418, characters 15-19: unused variable result
Warning, file "src/self-annotate/src/frontend/pure_ast.mlw", line 2451, characters 8-16: unused variable elts_len
Warning, file "src/self-annotate/src/frontend/pure_ast.mlw", line 2445, characters 15-19: unused variable result
Warning, file "src/self-annotate/src/frontend/pure_ast.mlw", line 2483, characters 15-19: unused variable result
Warning, file "src/self-annotate/src/frontend/pure_ast.mlw", line 2504, characters 8-15: unused variable raw_len
Warning, file "src/self-annotate/src/frontend/pure_ast.mlw", line 2503, characters 8-19: unused variable targets_len
Warning, file "src/self-annotate/src/frontend/pure_ast.mlw", line 2497, characters 15-19: unused variable result
Warning, file "src/self-annotate/src/frontend/pure_ast.mlw", line 2576, characters 8-17: unused variable names_len
Warning, file "src/self-annotate/src/frontend/pure_ast.mlw", line 2572, characters 15-19: unused variable result
Warning, file "src/self-annotate/src/frontend/pure_ast.mlw", line 2592, characters 15-39: unused variable result
Warning, file "src/self-annotate/src/frontend/pure_ast.mlw", line 2613, characters 8-17: unused variable names_len
Warning, file "src/self-annotate/src/frontend/pure_ast.mlw", line 2609, characters 15-19: unused variable result
Warning, file "src/self-annotate/src/frontend/pure_ast.mlw", line 2636, characters 8-17: unused variable parts_len
Warning, file "src/self-annotate/src/frontend/pure_ast.mlw", line 2632, characters 15-19: unused variable result
Warning, file "src/self-annotate/src/frontend/pure_ast.mlw", line 2693, characters 8-17: unused variable names_len
Warning, file "src/self-annotate/src/frontend/pure_ast.mlw", line 2689, characters 15-19: unused variable result
Warning, file "src/self-annotate/src/frontend/pure_ast.mlw", line 2707, characters 21-25: unused variable self
Warning, file "src/self-annotate/src/frontend/pure_ast.mlw", line 2707, characters 37-41: unused variable name
Warning, file "src/self-annotate/src/frontend/pure_ast.mlw", line 2707, characters 52-61: unused variable start_tok
Warning, file "src/self-annotate/src/frontend/pure_ast.mlw", line 2709, characters 15-19: unused variable result
Warning, file "src/self-annotate/src/frontend/pure_ast.mlw", line 2713, characters 15-19: unused variable result
Warning, file "src/self-annotate/src/frontend/pure_ast.mlw", line 2735, characters 15-19: unused variable result
Warning, file "src/self-annotate/src/frontend/pure_ast.mlw", line 2753, characters 15-19: unused variable result
Warning, file "src/self-annotate/src/frontend/pure_ast.mlw", line 2823, characters 8-17: unused variable stmts_len
Warning, file "src/self-annotate/src/frontend/pure_ast.mlw", line 2818, characters 15-19: unused variable result
Warning, file "src/self-annotate/src/frontend/pure_ast.mlw", line 2845, characters 15-19: unused variable result
Warning, file "src/self-annotate/src/frontend/pure_ast.mlw", line 2885, characters 15-19: unused variable result
Warning, file "src/self-annotate/src/frontend/pure_ast.mlw", line 2912, characters 15-19: unused variable result
Warning, file "src/self-annotate/src/frontend/pure_ast.mlw", line 2925, characters 8-16: unused variable elts_len
Warning, file "src/self-annotate/src/frontend/pure_ast.mlw", line 2921, characters 15-19: unused variable result
Warning, file "src/self-annotate/src/frontend/pure_ast.mlw", line 2963, characters 8-18: unused variable params_len
Warning, file "src/self-annotate/src/frontend/pure_ast.mlw", line 2959, characters 15-19: unused variable result
Warning, file "src/self-annotate/src/frontend/pure_ast.mlw", line 3007, characters 15-19: unused variable result
Warning, file "src/self-annotate/src/frontend/pure_ast.mlw", line 3036, characters 8-16: unused variable args_len
Warning, file "src/self-annotate/src/frontend/pure_ast.mlw", line 3035, characters 8-20: unused variable defaults_len
Warning, file "src/self-annotate/src/frontend/pure_ast.mlw", line 3034, characters 8-23: unused variable kw_defaults_len
Warning, file "src/self-annotate/src/frontend/pure_ast.mlw", line 3033, characters 8-18: unused variable kwonly_len
Warning, file "src/self-annotate/src/frontend/pure_ast.mlw", line 3028, characters 15-19: unused variable result
Warning, file "src/self-annotate/src/frontend/pure_ast.mlw", line 3102, characters 15-19: unused variable result
Warning, file "src/self-annotate/src/frontend/pure_ast.mlw", line 3121, characters 15-19: unused variable result
Warning, file "src/self-annotate/src/frontend/pure_ast.mlw", line 3168, characters 15-19: unused variable result
Warning, file "src/self-annotate/src/frontend/pure_ast.mlw", line 3182, characters 8-16: unused variable elts_len
Warning, file "src/self-annotate/src/frontend/pure_ast.mlw", line 3177, characters 15-19: unused variable result
Warning, file "src/self-annotate/src/frontend/pure_ast.mlw", line 3215, characters 8-14: unused variable py_val
Warning, file "src/self-annotate/src/frontend/pure_ast.mlw", line 3210, characters 15-19: unused variable result
Warning, file "src/self-annotate/src/frontend/pure_ast.mlw", line 3407, characters 15-19: unused variable result
Warning, file "src/self-annotate/src/frontend/pure_ast.mlw", line 3385, characters 8-16: unused variable pats_len
Warning, file "src/self-annotate/src/frontend/pure_ast.mlw", line 3379, characters 15-19: unused variable result
Warning, file "src/self-annotate/src/frontend/pure_ast.mlw", line 3348, characters 20-26: unused variable py_end
Warning, file "src/self-annotate/src/frontend/pure_ast.mlw", line 3303, characters 8-14: unused variable py_end
Warning, file "src/self-annotate/src/frontend/pure_ast.mlw", line 3298, characters 8-20: unused variable patterns_len
Warning, file "src/self-annotate/src/frontend/pure_ast.mlw", line 3292, characters 15-19: unused variable result
Warning, file "src/self-annotate/src/frontend/pure_ast.mlw", line 3283, characters 8-14: unused variable py_end
Warning, file "src/self-annotate/src/frontend/pure_ast.mlw", line 3250, characters 8-14: unused variable py_end
Warning, file "src/self-annotate/src/frontend/pure_ast.mlw", line 3245, characters 8-16: unused variable elts_len
Warning, file "src/self-annotate/src/frontend/pure_ast.mlw", line 3237, characters 87-88: unused variable t
Warning, file "src/self-annotate/src/frontend/pure_ast.mlw", line 3239, characters 15-19: unused variable result
Warning, file "src/self-annotate/src/frontend/pure_ast.mlw", line 3431, characters 15-19: unused variable result
Warning, file "src/self-annotate/src/frontend/pure_ast.mlw", line 3919, characters 15-19: unused variable result
Warning, file "src/self-annotate/src/frontend/pure_ast.mlw", line 3877, characters 15-19: unused variable result
Warning, file "src/self-annotate/src/frontend/pure_ast.mlw", line 3817, characters 15-19: unused variable result
Warning, file "src/self-annotate/src/frontend/pure_ast.mlw", line 3793, characters 15-19: unused variable result
Warning, file "src/self-annotate/src/frontend/pure_ast.mlw", line 3773, characters 15-19: unused variable result
Warning, file "src/self-annotate/src/frontend/pure_ast.mlw", line 3742, characters 15-19: unused variable result
Warning, file "src/self-annotate/src/frontend/pure_ast.mlw", line 3708, characters 8-17: unused variable items_len
Warning, file "src/self-annotate/src/frontend/pure_ast.mlw", line 3703, characters 15-19: unused variable result
Warning, file "src/self-annotate/src/frontend/pure_ast.mlw", line 3672, characters 15-19: unused variable result
Warning, file "src/self-annotate/src/frontend/pure_ast.mlw", line 3639, characters 8-22: unused variable decorators_len
Warning, file "src/self-annotate/src/frontend/pure_ast.mlw", line 3633, characters 15-19: unused variable result
Warning, file "src/self-annotate/src/frontend/pure_ast.mlw", line 3617, characters 15-19: unused variable result
Warning, file "src/self-annotate/src/frontend/pure_ast.mlw", line 3590, characters 15-19: unused variable result
Warning, file "src/self-annotate/src/frontend/pure_ast.mlw", line 3547, characters 8-17: unused variable cases_len
Warning, file "src/self-annotate/src/frontend/pure_ast.mlw", line 3542, characters 15-19: unused variable result
Warning, file "src/self-annotate/src/frontend/pure_ast.mlw", line 3521, characters 15-19: unused variable result
Warning, file "src/self-annotate/src/frontend/pure_ast.mlw", line 3473, characters 8-20: unused variable handlers_len
Warning, file "src/self-annotate/src/frontend/pure_ast.mlw", line 3468, characters 15-19: unused variable result
Warning, file "src/self-annotate/src/frontend/pure_ast.mlw", line 3452, characters 15-19: unused variable result
Warning, file "src/self-annotate/src/frontend/pure_ast.mlw", line 3950, characters 21-25: unused variable self
Warning, file "src/self-annotate/src/frontend/pure_ast.mlw", line 3950, characters 37-41: unused variable node
Warning, file "src/self-annotate/src/frontend/pure_ast.mlw", line 3950, characters 49-58: unused variable start_tok
Warning, file "src/self-annotate/src/frontend/pure_ast.mlw", line 3950, characters 66-73: unused variable end_tok
Warning, file "src/self-annotate/src/frontend/pure_ast.mlw", line 3954, characters 27-31: unused variable self
Warning, file "src/self-annotate/src/frontend/pure_ast.mlw", line 3954, characters 43-47: unused variable node
Warning, file "src/self-annotate/src/frontend/pure_ast.mlw", line 3954, characters 55-64: unused variable start_tok
Warning, file "src/self-annotate/src/frontend/pure_ast.mlw", line 3958, characters 25-29: unused variable self
Warning, file "src/self-annotate/src/frontend/pure_ast.mlw", line 3960, characters 15-19: unused variable result
Warning, file "src/self-annotate/src/frontend/pure_ast.mlw", line 3969, characters 25-29: unused variable self
Warning, file "src/self-annotate/src/frontend/pure_ast.mlw", line 3969, characters 41-44: unused variable obj
Warning, file "src/self-annotate/src/frontend/pure_ast.mlw", line 3969, characters 52-55: unused variable cur
Warning, file "src/self-annotate/src/frontend/pure_ast.mlw", line 3973, characters 22-26: unused variable self
Warning, file "src/self-annotate/src/frontend/pure_ast.mlw", line 3973, characters 38-41: unused variable msg
Warning, file "src/self-annotate/src/frontend/pure_ast.mlw", line 3980, characters 15-19: unused variable result
Warning, file "src/self-annotate/src/frontend/pure_ast.mlw", line 3990, characters 15-19: unused variable result
Warning, file "src/self-annotate/src/frontend/pure_ast.mlw", line 4013, characters 28-32: unused variable self
Warning, file "src/self-annotate/src/frontend/pure_ast.mlw", line 4013, characters 44-48: unused variable what
Warning, file "src/self-annotate/src/frontend/pure_ast.mlw", line 4018, characters 25-29: unused variable self
Warning, file "src/self-annotate/src/frontend/pure_ast.mlw", line 4022, characters 18-23: unused variable limit
Warning, file "src/self-annotate/src/frontend/pure_ast.mlw", line 4030, characters 8-17: unused variable lines_len
Warning, file "src/self-annotate/src/frontend/pure_ast.mlw", line 4028, characters 15-19: unused variable result
Warning, file "src/self-annotate/src/frontend/pure_ast.mlw", line 4058, characters 30-34: unused variable self
Warning, file "src/self-annotate/src/frontend/pure_ast.mlw", line 4073, characters 36-40: unused variable self
Warning, file "src/self-annotate/src/frontend/pure_ast.mlw", line 4079, characters 42-46: unused variable self
Warning, file "src/self-annotate/src/frontend/pure_ast.mlw", line 4085, characters 37-41: unused variable self
Warning, file "src/self-annotate/src/frontend/pure_ast.mlw", line 4091, characters 35-39: unused variable self
Warning, file "src/self-annotate/src/frontend/pure_ast.mlw", line 4091, characters 53-57: unused variable node
Warning, file "src/self-annotate/src/frontend/pure_ast.mlw", line 4091, characters 65-76: unused variable fill_suffix
Warning, file "src/self-annotate/src/frontend/pure_ast.mlw", line 4095, characters 38-42: unused variable self
Warning, file "src/self-annotate/src/frontend/pure_ast.mlw", line 4095, characters 56-62: unused variable string
Warning, file "src/self-annotate/src/frontend/pure_ast.mlw", line 4099, characters 38-42: unused variable self
Warning, file "src/self-annotate/src/frontend/pure_ast.mlw", line 4099, characters 56-67: unused variable type_params
Warning, file "src/self-annotate/src/frontend/pure_ast.mlw", line 4103, characters 50-54: unused variable self
Warning, file "src/self-annotate/src/frontend/pure_ast.mlw", line 4140, characters 53-57: unused variable self
Warning, file "src/self-annotate/src/frontend/pure_ast.mlw", line 4140, characters 71-75: unused variable node
Warning, file "src/self-annotate/src/frontend/pure_ast.mlw", line 4144, characters 39-43: unused variable self
Warning, file "src/self-annotate/src/frontend/pure_ast.mlw", line 4144, characters 57-61: unused variable node
Warning, file "src/self-annotate/src/frontend/pure_ast.mlw", line 4161, characters 27-31: unused variable self
Warning, file "src/self-annotate/src/frontend/pure_ast.mlw", line 4161, characters 45-51: unused variable buffer
Warning, file "src/self-annotate/src/frontend/pure_ast.mlw", line 4165, characters 26-30: unused variable self
Warning, file "src/self-annotate/src/frontend/pure_ast.mlw", line 4173, characters 29-33: unused variable self
Warning, file "src/self-annotate/src/frontend/pure_ast.mlw", line 4173, characters 47-52: unused variable start
Warning, file "src/self-annotate/src/frontend/pure_ast.mlw", line 4173, characters 60-66: unused variable py_end
Warning, file "src/self-annotate/src/frontend/pure_ast.mlw", line 4173, characters 74-83: unused variable condition
Warning, file "src/self-annotate/src/frontend/pure_ast.mlw", line 4177, characters 31-35: unused variable self
Warning, file "src/self-annotate/src/frontend/pure_ast.mlw", line 4177, characters 49-53: unused variable node
Warning, file "src/self-annotate/src/frontend/pure_ast.mlw", line 4181, characters 23-27: unused variable self
Warning, file "src/self-annotate/src/frontend/pure_ast.mlw", line 4181, characters 41-45: unused variable text
Warning, file "src/self-annotate/src/frontend/pure_ast.mlw", line 4185, characters 33-37: unused variable self
Warning, file "src/self-annotate/src/frontend/pure_ast.mlw", line 4187, characters 15-19: unused variable result
Warning, file "src/self-annotate/src/frontend/pure_ast.mlw", line 4191, characters 36-40: unused variable self
Warning, file "src/self-annotate/src/frontend/pure_ast.mlw", line 4193, characters 15-19: unused variable result
Warning, file "src/self-annotate/src/frontend/pure_ast.mlw", line 4214, characters 35-39: unused variable self
Warning, file "src/self-annotate/src/frontend/pure_ast.mlw", line 4214, characters 53-57: unused variable node
Warning, file "src/self-annotate/src/frontend/pure_ast.mlw", line 4218, characters 29-33: unused variable self
Warning, file "src/self-annotate/src/frontend/pure_ast.mlw", line 4218, characters 47-52: unused variable inter
Warning, file "src/self-annotate/src/frontend/pure_ast.mlw", line 4218, characters 60-61: unused variable f
Warning, file "src/self-annotate/src/frontend/pure_ast.mlw", line 4218, characters 69-72: unused variable seq
Warning, file "src/self-annotate/src/frontend/pure_ast.mlw", line 4222, characters 37-41: unused variable self
Warning, file "src/self-annotate/src/frontend/pure_ast.mlw", line 4226, characters 29-33: unused variable self
Warning, file "src/self-annotate/src/frontend/pure_ast.mlw", line 4226, characters 47-56: unused variable traverser
Warning, file "src/self-annotate/src/frontend/pure_ast.mlw", line 4226, characters 64-69: unused variable items
File "src/self-annotate/src/frontend/pure_ast.mlw", line 4242, characters 44-96:
This expression has type bool, but is expected to have type int
