=== 2026-05-31T20:29:16.980203+00:00Z  Module: colorsys ===
  Baseline: L1=0 L2=6 L3=0 L4=0 L5=0
  Targets: 6 functions to promote
  CPython source: 0 functions with docstrings
  ── Promoting: hsv_to_rgb ──
    spliced 4 line(s) at colorsys.py:34-35
    wrote 2 reference test(s)
  ── Promoting: rgb_to_hsv ──
    spliced 4 line(s) at colorsys.py:28-29
    wrote 2 reference test(s)
  ── Promoting: hls_to_rgb ──
    spliced 4 line(s) at colorsys.py:22-23
    wrote 2 reference test(s)
  ── Promoting: rgb_to_hls ──
    spliced 4 line(s) at colorsys.py:16-17
    wrote 2 reference test(s)
  ── Promoting: yiq_to_rgb ──
    spliced 4 line(s) at colorsys.py:10-11
    wrote 2 reference test(s)
  ── Promoting: rgb_to_yiq ──
    spliced 4 line(s) at colorsys.py:4-5
    wrote 2 reference test(s)
  ── Gate: compile ── PASS
  ── Gate: stdlib-coverage --module colorsys ──
      baseline: L1=0 L2=6 L3=0 L4=0 L5=0
      final:    L1=0 L2=0 L3=0 L4=0 L5=6   (Δ L4+ = +6)
      VERDICT: PASS
  ── Gate: self-annotate-verify ── PASS (26/26)
  Outcome: COMMIT-READY
